Archive member included because of file (symbol)

/home/aselsan/Desktop/IMX7/toolchain/gcc-arm-none-eabi-4_9-2015q3/bin/../lib/gcc/arm-none-eabi/4.9.3/../../../../arm-none-eabi/lib/armv7e-m/fpu/libc_nano.a(lib_a-assert.o)
                              CMakeFiles/sema4_demo.dir/home/aselsan/Desktop/GPT_BACKUP/freertos-colibri-imx7/platform/drivers/src/ccm_analog_imx7d.c.obj (__assert_func)
/home/aselsan/Desktop/IMX7/toolchain/gcc-arm-none-eabi-4_9-2015q3/bin/../lib/gcc/arm-none-eabi/4.9.3/../../../../arm-none-eabi/lib/armv7e-m/fpu/libc_nano.a(lib_a-exit.o)
                              /home/aselsan/Desktop/IMX7/toolchain/gcc-arm-none-eabi-4_9-2015q3/bin/../lib/gcc/arm-none-eabi/4.9.3/../../../../arm-none-eabi/lib/armv7e-m/fpu/crt0.o (exit)
/home/aselsan/Desktop/IMX7/toolchain/gcc-arm-none-eabi-4_9-2015q3/bin/../lib/gcc/arm-none-eabi/4.9.3/../../../../arm-none-eabi/lib/armv7e-m/fpu/libc_nano.a(lib_a-fprintf.o)
                              /home/aselsan/Desktop/IMX7/toolchain/gcc-arm-none-eabi-4_9-2015q3/bin/../lib/gcc/arm-none-eabi/4.9.3/../../../../arm-none-eabi/lib/armv7e-m/fpu/libc_nano.a(lib_a-assert.o) (fiprintf)
/home/aselsan/Desktop/IMX7/toolchain/gcc-arm-none-eabi-4_9-2015q3/bin/../lib/gcc/arm-none-eabi/4.9.3/../../../../arm-none-eabi/lib/armv7e-m/fpu/libc_nano.a(lib_a-impure.o)
                              /home/aselsan/Desktop/IMX7/toolchain/gcc-arm-none-eabi-4_9-2015q3/bin/../lib/gcc/arm-none-eabi/4.9.3/../../../../arm-none-eabi/lib/armv7e-m/fpu/libc_nano.a(lib_a-exit.o) (_global_impure_ptr)
/home/aselsan/Desktop/IMX7/toolchain/gcc-arm-none-eabi-4_9-2015q3/bin/../lib/gcc/arm-none-eabi/4.9.3/../../../../arm-none-eabi/lib/armv7e-m/fpu/libc_nano.a(lib_a-init.o)
                              /home/aselsan/Desktop/IMX7/toolchain/gcc-arm-none-eabi-4_9-2015q3/bin/../lib/gcc/arm-none-eabi/4.9.3/../../../../arm-none-eabi/lib/armv7e-m/fpu/crt0.o (__libc_init_array)
/home/aselsan/Desktop/IMX7/toolchain/gcc-arm-none-eabi-4_9-2015q3/bin/../lib/gcc/arm-none-eabi/4.9.3/../../../../arm-none-eabi/lib/armv7e-m/fpu/libc_nano.a(lib_a-memcpy.o)
                              CMakeFiles/sema4_demo.dir/home/aselsan/Desktop/GPT_BACKUP/freertos-colibri-imx7/rtos/FreeRTOS/Source/queue.c.obj (memcpy)
/home/aselsan/Desktop/IMX7/toolchain/gcc-arm-none-eabi-4_9-2015q3/bin/../lib/gcc/arm-none-eabi/4.9.3/../../../../arm-none-eabi/lib/armv7e-m/fpu/libc_nano.a(lib_a-memset.o)
                              /home/aselsan/Desktop/IMX7/toolchain/gcc-arm-none-eabi-4_9-2015q3/bin/../lib/gcc/arm-none-eabi/4.9.3/../../../../arm-none-eabi/lib/armv7e-m/fpu/crt0.o (memset)
/home/aselsan/Desktop/IMX7/toolchain/gcc-arm-none-eabi-4_9-2015q3/bin/../lib/gcc/arm-none-eabi/4.9.3/../../../../arm-none-eabi/lib/armv7e-m/fpu/libc_nano.a(lib_a-nano-vfprintf.o)
                              /home/aselsan/Desktop/IMX7/toolchain/gcc-arm-none-eabi-4_9-2015q3/bin/../lib/gcc/arm-none-eabi/4.9.3/../../../../arm-none-eabi/lib/armv7e-m/fpu/libc_nano.a(lib_a-fprintf.o) (_vfprintf_r)
/home/aselsan/Desktop/IMX7/toolchain/gcc-arm-none-eabi-4_9-2015q3/bin/../lib/gcc/arm-none-eabi/4.9.3/../../../../arm-none-eabi/lib/armv7e-m/fpu/libc_nano.a(lib_a-nano-vfprintf_i.o)
                              /home/aselsan/Desktop/IMX7/toolchain/gcc-arm-none-eabi-4_9-2015q3/bin/../lib/gcc/arm-none-eabi/4.9.3/../../../../arm-none-eabi/lib/armv7e-m/fpu/libc_nano.a(lib_a-nano-vfprintf.o) (_printf_i)
/home/aselsan/Desktop/IMX7/toolchain/gcc-arm-none-eabi-4_9-2015q3/bin/../lib/gcc/arm-none-eabi/4.9.3/../../../../arm-none-eabi/lib/armv7e-m/fpu/libc_nano.a(lib_a-strlen.o)
                              CMakeFiles/sema4_demo.dir/home/aselsan/Desktop/GPT_BACKUP/freertos-colibri-imx7/platform/utilities/src/print_scan.c.obj (strlen)
/home/aselsan/Desktop/IMX7/toolchain/gcc-arm-none-eabi-4_9-2015q3/bin/../lib/gcc/arm-none-eabi/4.9.3/../../../../arm-none-eabi/lib/armv7e-m/fpu/libc_nano.a(lib_a-wbuf.o)
                              /home/aselsan/Desktop/IMX7/toolchain/gcc-arm-none-eabi-4_9-2015q3/bin/../lib/gcc/arm-none-eabi/4.9.3/../../../../arm-none-eabi/lib/armv7e-m/fpu/libc_nano.a(lib_a-nano-vfprintf.o) (__swbuf_r)
/home/aselsan/Desktop/IMX7/toolchain/gcc-arm-none-eabi-4_9-2015q3/bin/../lib/gcc/arm-none-eabi/4.9.3/../../../../arm-none-eabi/lib/armv7e-m/fpu/libc_nano.a(lib_a-wsetup.o)
                              /home/aselsan/Desktop/IMX7/toolchain/gcc-arm-none-eabi-4_9-2015q3/bin/../lib/gcc/arm-none-eabi/4.9.3/../../../../arm-none-eabi/lib/armv7e-m/fpu/libc_nano.a(lib_a-nano-vfprintf.o) (__swsetup_r)
/home/aselsan/Desktop/IMX7/toolchain/gcc-arm-none-eabi-4_9-2015q3/bin/../lib/gcc/arm-none-eabi/4.9.3/../../../../arm-none-eabi/lib/armv7e-m/fpu/libc_nano.a(lib_a-abort.o)
                              /home/aselsan/Desktop/IMX7/toolchain/gcc-arm-none-eabi-4_9-2015q3/bin/../lib/gcc/arm-none-eabi/4.9.3/../../../../arm-none-eabi/lib/armv7e-m/fpu/libc_nano.a(lib_a-assert.o) (abort)
[...]
Memory Configuration

Name             Origin             Length             Attributes
m_interrupts     0x00000000         0x00000240         xr
m_text           0x1fff8000         0x00008000         xr
m_data           0x20000000         0x00008000         rw
*default*        0x00000000         0xffffffff

Linker script and memory map

LOAD /home/aselsan/Desktop/IMX7/toolchain/gcc-arm-none-eabi-4_9-2015q3/bin/../lib/gcc/arm-none-eabi/4.9.3/armv7e-m/fpu/crti.o
LOAD /home/aselsan/Desktop/IMX7/toolchain/gcc-arm-none-eabi-4_9-2015q3/bin/../lib/gcc/arm-none-eabi/4.9.3/armv7e-m/fpu/crtbegin.o
LOAD /home/aselsan/Desktop/IMX7/toolchain/gcc-arm-none-eabi-4_9-2015q3/bin/../lib/gcc/arm-none-eabi/4.9.3/../../../../arm-none-eabi/lib/armv7e-m/fpu/crt0.o
                0x00000400                __stack_size__ = 0x400
                0x00000200                __heap_size__ = 0x200
LOAD CMakeFiles/sema4_demo.dir/home/aselsan/Desktop/GPT_BACKUP/freertos-colibri-imx7/platform/devices/MCIMX7D/startup/gcc/startup_MCIMX7D_M4.S.obj
LOAD CMakeFiles/sema4_demo.dir/home/aselsan/Desktop/GPT_BACKUP/freertos-colibri-imx7/platform/devices/MCIMX7D/startup/system_MCIMX7D_M4.c.obj
LOAD CMakeFiles/sema4_demo.dir/home/aselsan/Desktop/GPT_BACKUP/freertos-colibri-imx7/platform/drivers/src/ccm_analog_imx7d.c.obj
LOAD CMakeFiles/sema4_demo.dir/home/aselsan/Desktop/GPT_BACKUP/freertos-colibri-imx7/platform/drivers/src/ccm_imx7d.c.obj
LOAD CMakeFiles/sema4_demo.dir/home/aselsan/Desktop/GPT_BACKUP/freertos-colibri-imx7/platform/drivers/src/rdc.c.obj
LOAD CMakeFiles/sema4_demo.dir/home/aselsan/Desktop/GPT_BACKUP/freertos-colibri-imx7/platform/drivers/src/sema4.c.obj
LOAD CMakeFiles/sema4_demo.dir/home/aselsan/Desktop/GPT_BACKUP/freertos-colibri-imx7/platform/drivers/src/uart_imx.c.obj
LOAD CMakeFiles/sema4_demo.dir/home/aselsan/Desktop/GPT_BACKUP/freertos-colibri-imx7/platform/drivers/src/wdog_imx.c.obj
LOAD CMakeFiles/sema4_demo.dir/home/aselsan/Desktop/GPT_BACKUP/freertos-colibri-imx7/platform/utilities/src/debug_console_imx.c.obj
LOAD CMakeFiles/sema4_demo.dir/home/aselsan/Desktop/GPT_BACKUP/freertos-colibri-imx7/platform/utilities/src/print_scan.c.obj
LOAD CMakeFiles/sema4_demo.dir/home/aselsan/Desktop/GPT_BACKUP/freertos-colibri-imx7/rtos/FreeRTOS/Source/croutine.c.obj
LOAD CMakeFiles/sema4_demo.dir/home/aselsan/Desktop/GPT_BACKUP/freertos-colibri-imx7/rtos/FreeRTOS/Source/event_groups.c.obj
LOAD CMakeFiles/sema4_demo.dir/home/aselsan/Desktop/GPT_BACKUP/freertos-colibri-imx7/rtos/FreeRTOS/Source/list.c.obj
LOAD CMakeFiles/sema4_demo.dir/home/aselsan/Desktop/GPT_BACKUP/freertos-colibri-imx7/rtos/FreeRTOS/Source/portable/GCC/ARM_CM4F/port.c.obj
LOAD CMakeFiles/sema4_demo.dir/home/aselsan/Desktop/GPT_BACKUP/freertos-colibri-imx7/rtos/FreeRTOS/Source/portable/MemMang/heap_2.c.obj
LOAD CMakeFiles/sema4_demo.dir/home/aselsan/Desktop/GPT_BACKUP/freertos-colibri-imx7/rtos/FreeRTOS/Source/queue.c.obj
LOAD CMakeFiles/sema4_demo.dir/home/aselsan/Desktop/GPT_BACKUP/freertos-colibri-imx7/rtos/FreeRTOS/Source/tasks.c.obj
LOAD CMakeFiles/sema4_demo.dir/home/aselsan/Desktop/GPT_BACKUP/freertos-colibri-imx7/rtos/FreeRTOS/Source/timers.c.obj
LOAD CMakeFiles/sema4_demo.dir/home/aselsan/Desktop/GPT_BACKUP/freertos-colibri-imx7/examples/imx7_colibri_m4/board.c.obj
LOAD CMakeFiles/sema4_demo.dir/home/aselsan/Desktop/GPT_BACKUP/freertos-colibri-imx7/examples/imx7_colibri_m4/clock_freq.c.obj
LOAD CMakeFiles/sema4_demo.dir/home/aselsan/Desktop/GPT_BACKUP/freertos-colibri-imx7/examples/imx7_colibri_m4/pin_mux.c.obj
LOAD CMakeFiles/sema4_demo.dir/home/aselsan/Desktop/GPT_BACKUP/freertos-colibri-imx7/examples/imx7_colibri_m4/demo_apps/sema4_demo/hardware_init.c.obj
LOAD CMakeFiles/sema4_demo.dir/home/aselsan/Desktop/GPT_BACKUP/freertos-colibri-imx7/examples/imx7_colibri_m4/demo_apps/sema4_demo/main.c.obj
LOAD CMakeFiles/sema4_demo.dir/home/aselsan/Desktop/GPT_BACKUP/freertos-colibri-imx7/examples/imx7_colibri_m4/demo_apps/sema4_demo/sema4_mutex.c.obj
START GROUP
LOAD /home/aselsan/Desktop/IMX7/toolchain/gcc-arm-none-eabi-4_9-2015q3/bin/../lib/gcc/arm-none-eabi/4.9.3/../../../../arm-none-eabi/lib/armv7e-m/fpu/libm.a
LOAD /home/aselsan/Desktop/IMX7/toolchain/gcc-arm-none-eabi-4_9-2015q3/bin/../lib/gcc/arm-none-eabi/4.9.3/../../../../arm-none-eabi/lib/armv7e-m/fpu/libc_nano.a
LOAD /home/aselsan/Desktop/IMX7/toolchain/gcc-arm-none-eabi-4_9-2015q3/bin/../lib/gcc/arm-none-eabi/4.9.3/armv7e-m/fpu/libgcc.a
LOAD /home/aselsan/Desktop/IMX7/toolchain/gcc-arm-none-eabi-4_9-2015q3/bin/../lib/gcc/arm-none-eabi/4.9.3/../../../../arm-none-eabi/lib/armv7e-m/fpu/libnosys.a
END GROUP
START GROUP
LOAD /home/aselsan/Desktop/IMX7/toolchain/gcc-arm-none-eabi-4_9-2015q3/bin/../lib/gcc/arm-none-eabi/4.9.3/armv7e-m/fpu/libgcc.a
LOAD /home/aselsan/Desktop/IMX7/toolchain/gcc-arm-none-eabi-4_9-2015q3/bin/../lib/gcc/arm-none-eabi/4.9.3/../../../../arm-none-eabi/lib/armv7e-m/fpu/libg_nano.a
LOAD /home/aselsan/Desktop/IMX7/toolchain/gcc-arm-none-eabi-4_9-2015q3/bin/../lib/gcc/arm-none-eabi/4.9.3/../../../../arm-none-eabi/lib/armv7e-m/fpu/libc_nano.a
END GROUP
START GROUP
LOAD /home/aselsan/Desktop/IMX7/toolchain/gcc-arm-none-eabi-4_9-2015q3/bin/../lib/gcc/arm-none-eabi/4.9.3/armv7e-m/fpu/libgcc.a
LOAD /home/aselsan/Desktop/IMX7/toolchain/gcc-arm-none-eabi-4_9-2015q3/bin/../lib/gcc/arm-none-eabi/4.9.3/../../../../arm-none-eabi/lib/armv7e-m/fpu/libc_nano.a
LOAD /home/aselsan/Desktop/IMX7/toolchain/gcc-arm-none-eabi-4_9-2015q3/bin/../lib/gcc/arm-none-eabi/4.9.3/../../../../arm-none-eabi/lib/armv7e-m/fpu/libnosys.a
END GROUP
START GROUP
LOAD /home/aselsan/Desktop/IMX7/toolchain/gcc-arm-none-eabi-4_9-2015q3/bin/../lib/gcc/arm-none-eabi/4.9.3/armv7e-m/fpu/libgcc.a
LOAD /home/aselsan/Desktop/IMX7/toolchain/gcc-arm-none-eabi-4_9-2015q3/bin/../lib/gcc/arm-none-eabi/4.9.3/../../../../arm-none-eabi/lib/armv7e-m/fpu/libc_nano.a
LOAD /home/aselsan/Desktop/IMX7/toolchain/gcc-arm-none-eabi-4_9-2015q3/bin/../lib/gcc/arm-none-eabi/4.9.3/../../../../arm-none-eabi/lib/armv7e-m/fpu/libnosys.a
END GROUP
LOAD /home/aselsan/Desktop/IMX7/toolchain/gcc-arm-none-eabi-4_9-2015q3/bin/../lib/gcc/arm-none-eabi/4.9.3/armv7e-m/fpu/crtend.o
LOAD /home/aselsan/Desktop/IMX7/toolchain/gcc-arm-none-eabi-4_9-2015q3/bin/../lib/gcc/arm-none-eabi/4.9.3/armv7e-m/fpu/crtn.o
                0x1fff8000                TCML_code = 0x1fff8000
                0x20000000                TCMU_system = 0x20000000
                0x00000000                OCRAM_S_code = 0x0
                0x00180000                OCRAM_S_system = 0x180000
                0x00900000                OCRAM_code = 0x900000
                0x20200000                OCRAM_system = 0x20200000
                0x00920000                OCRAM_EPDC_code = 0x920000
                0x20220000                OCRAM_EPDC_system = 0x20220000
                0x10000000                DDR_code = 0x10000000
                0x80000000                DDR_system = 0x80000000
                0x00000400                HEAP_SIZE = DEFINED (__heap_size__)?__heap_size__:0x400
                0x00000400                STACK_SIZE = DEFINED (__stack_size__)?__stack_size__:0x400
                0x00000000                __FLASH_START = ORIGIN (m_interrupts)
                0x20000000                __FLASH_END = (ORIGIN (m_text) + 0x8000)

.interrupts     0x00000000      0x240
                0x00000000                __VECTOR_TABLE = .
                0x00000000                . = ALIGN (0x4)
 *(.isr_vector)
 .isr_vector    0x00000000      0x240 CMakeFiles/sema4_demo.dir/home/aselsan/Desktop/GPT_BACKUP/freertos-colibri-imx7/platform/devices/MCIMX7D/startup/gcc/startup_MCIMX7D_M4.S.obj
                0x00000000                __isr_vector
                0x00000240                . = ALIGN (0x4)

.text           0x1fff8000     0x3890
                0x1fff8000                . = ALIGN (0x4)
 *(.text)
 .text          0x1fff8000       0x5c /home/aselsan/Desktop/IMX7/toolchain/gcc-arm-none-eabi-4_9-2015q3/bin/../lib/gcc/arm-none-eabi/4.9.3/armv7e-m/fpu/crtbegin.o
 .text          0x1fff805c       0x74 /home/aselsan/Desktop/IMX7/toolchain/gcc-arm-none-eabi-4_9-2015q3/bin/../lib/gcc/arm-none-eabi/4.9.3/../../../../arm-none-eabi/lib/armv7e-m/fpu/crt0.o
                0x1fff805c                _mainCRTStartup
                0x1fff805c                _start
 .text          0x1fff80d0       0x24 CMakeFiles/sema4_demo.dir/home/aselsan/Desktop/GPT_BACKUP/freertos-colibri-imx7/platform/devices/MCIMX7D/startup/gcc/startup_MCIMX7D_M4.S.obj
                0x1fff80d0                Reset_Handler
                0x1fff80f0                ENET2_MAC0_TRANS1_Handler
                0x1fff80f0                SAI3_Handler
                0x1fff80f0                DebugMon_Handler
                0x1fff80f0                USB_OH3_OTG2_1_Handler
                0x1fff80f0                GPIO3_INT31_16_Handler
                0x1fff80f0                eCSPI4_Handler
                0x1fff80f0                SIM2_Handler
                0x1fff80f0                FLEXCAN1_Handler
                0x1fff80f0                UART3_Handler
                0x1fff80f0                UART2_Handler
                0x1fff80f0                GPIO1_INT3_Handler
                0x1fff80f0                HardFault_Handler
                0x1fff80f0                SNVS_SECURITY_Handler
                0x1fff80f0                GPIO6_INT31_16_Handler
                0x1fff80f0                SRC_Handler
                0x1fff80f0                GPT2_Handler
                0x1fff80f0                CCM2_Handler
                0x1fff80f0                I2C1_Handler
                0x1fff80f0                CPU_CTI_Handler
                0x1fff80f0                NMI_Handler
                0x1fff80f0                SAI1_Handler
                0x1fff80f0                ENET2_MAC0_IRQ_Handler
                0x1fff80f0                KPP_Handler
                0x1fff80f0                USB_OTG1_Handler
                0x1fff80f0                MIPI_CSI_Handler
                0x1fff80f0                WDOG4_Handler
                0x1fff80f0                Reserved9_Handler
                0x1fff80f0                QSPI_Handler
                0x1fff80f0                CAAM_QUEUE_Handler
                0x1fff80f0                GPIO2_INT15_0_Handler
                0x1fff80f0                PCIE_CTRL4_Handler
                0x1fff80f0                uSDHC2_Handler
                0x1fff80f0                GPIO1_INT6_Handler
                0x1fff80f0                PCIE_CTRL_REQUEST_Handler
                0x1fff80f0                SCTR1_Handler
                0x1fff80f0                RDC_Handler
                0x1fff80f0                EPDC_Handler
                0x1fff80f0                CCM1_Handler
                0x1fff80f0                UsageFault_Handler
                0x1fff80f0                ADC1_Handler
                0x1fff80f0                GPIO1_INT0_Handler
                0x1fff80f0                Analog_brown_out_Handler
                0x1fff80f0                PXP2_Handler
                0x1fff80f0                SEMA4_HS_A7_Handler
                0x1fff80f0                RTIC_Handler
                0x1fff80f0                DefaultISR
                0x1fff80f0                GPIO6_INT15_0_Handler
                0x1fff80f0                SCTR2_Handler
                0x1fff80f0                WDOG3_Handler
                0x1fff80f0                USB_OH2_OTG_Handler
                0x1fff80f0                SAI2_Handler
                0x1fff80f0                GPIO3_INT15_0_Handler
                0x1fff80f0                FTM2_Handler
                0x1fff80f0                eCSPI1_Handler
                0x1fff80f0                GPC_Handler
                0x1fff80f0                GPIO1_INT15_0_Handler
                0x1fff80f0                UART1_Handler
                0x1fff80f0                ENET1_MAC0_TRANS2_Handler
                0x1fff80f0                eCSPI3_Handler
                0x1fff80f0                BCH_Handler
                0x1fff80f0                CAAM_ERROR_Handler
                0x1fff80f0                Analog_TempSensor_Handler
                0x1fff80f0                PXP1_Handler
                0x1fff80f0                SNVS_Handler
                0x1fff80f0                GPT4_Handler
                0x1fff80f0                GPIO5_INT15_0_Handler
                0x1fff80f0                ENET2_MAC0_TRANS2_Handler
                0x1fff80f0                GPMI_Handler
                0x1fff80f0                I2C4_Handler
                0x1fff80f0                CCM_SRC_GPC_Handler
                0x1fff80f0                CPU_Handler
                0x1fff80f0                UART4_Handler
                0x1fff80f0                GPIO1_INT1_Handler
                0x1fff80f0                uSDHC3_Handler
                0x1fff80f0                EIM_Handler
                0x1fff80f0                PWM1_Handler
                0x1fff80f0                ENET2_1588_TIMER_IRQ_Handler
                0x1fff80f0                UART6_Handler
                0x1fff80f0                GPIO1_INT4_Handler
                0x1fff80f0                GPIO1_INT31_16_Handler
                0x1fff80f0                APBHDMA_Handler
                0x1fff80f0                uSDHC1_Handler
                0x1fff80f0                DBGMON_Handler
                0x1fff80f0                UART7_Handler
                0x1fff80f0                SDMA_Handler
                0x1fff80f0                GPT1_Handler
                0x1fff80f0                PWM3_Handler
                0x1fff80f0                PCIE_CTRL2_Handler
                0x1fff80f0                MemManage_Handler
                0x1fff80f0                GPIO5_INT31_16_Handler
                0x1fff80f0                TZASC1_Handler
                0x1fff80f0                I2C2_Handler
                0x1fff80f0                DAP_Handler
                0x1fff80f0                GPIO4_INT15_0_Handler
                0x1fff80f0                CSI_Handler
                0x1fff80f0                eCSPI2_Handler
                0x1fff80f0                ENET1_1588_TIMER_Handler
                0x1fff80f0                WDOG2_Handler
                0x1fff80f0                FLEXCAN2_Handler
                0x1fff80f0                PCIE_CTRL1_Handler
                0x1fff80f0                PCIE_CTRL3_Handler
                0x1fff80f0                GPT3_Handler
                0x1fff80f0                GPIO1_INT5_Handler
                0x1fff80f0                CAAM_WRAPPER2_Handler
                0x1fff80f0                SNVS_CONSOLIDATED_Handler
                0x1fff80f0                CAAM_WRAPPER1_Handler
                0x1fff80f0                GPIO4_INT31_16_Handler
                0x1fff80f0                GPIO1_INT2_Handler
                0x1fff80f0                LCDIF_Handler
                0x1fff80f0                UART5_Handler
                0x1fff80f0                PERFMON1_Handler
                0x1fff80f0                GPIO1_INT7_Handler
                0x1fff80f0                I2C3_Handler
                0x1fff80f0                CSU_Handler
                0x1fff80f0                MIPI_DSI_Handler
                0x1fff80f0                PWM2_Handler
                0x1fff80f0                GPR_Handler
                0x1fff80f0                SIM1_Handler
                0x1fff80f0                USB_OTG2_Handler
                0x1fff80f0                ENET1_MAC0_TRANS1_Handler
                0x1fff80f0                BusFault_Handler
                0x1fff80f0                MU_M4_Handler
                0x1fff80f0                USB_OH3_OTG2_2_Handler
                0x1fff80f0                ENET1_MAC0_Handler
                0x1fff80f0                PERFMON2_Handler
                0x1fff80f0                GPIO7_INT31_16_Handler
                0x1fff80f0                PWM4_Handler
                0x1fff80f0                GPIO2_INT31_16_Handler
                0x1fff80f0                FTM1_Handler
                0x1fff80f0                GPIO7_INT15_0_Handler
                0x1fff80f0                WDOG1_Handler
                0x1fff80f0                MU_A7_Handler
                0x1fff80f0                ADC2_Handler
                0x1fff80f0                TPR_Handler
 *(.text*)
 .text.SystemInit
                0x1fff80f4       0xe0 CMakeFiles/sema4_demo.dir/home/aselsan/Desktop/GPT_BACKUP/freertos-colibri-imx7/platform/devices/MCIMX7D/startup/system_MCIMX7D_M4.c.obj
                0x1fff80f4                SystemInit
 .text.CCM_ANALOG_GetSysPllFreq
                0x1fff81d4       0x34 CMakeFiles/sema4_demo.dir/home/aselsan/Desktop/GPT_BACKUP/freertos-colibri-imx7/platform/drivers/src/ccm_analog_imx7d.c.obj
                0x1fff81d4                CCM_ANALOG_GetSysPllFreq
 .text.CCM_GetRootDivider
                0x1fff8208       0x34 CMakeFiles/sema4_demo.dir/home/aselsan/Desktop/GPT_BACKUP/freertos-colibri-imx7/platform/drivers/src/ccm_imx7d.c.obj
                0x1fff8208                CCM_GetRootDivider
 .text.CCM_UpdateRoot
                0x1fff823c       0x58 CMakeFiles/sema4_demo.dir/home/aselsan/Desktop/GPT_BACKUP/freertos-colibri-imx7/platform/drivers/src/ccm_imx7d.c.obj
                0x1fff823c                CCM_UpdateRoot
 .text.SEMA4_TryLock
                0x1fff8294       0x30 CMakeFiles/sema4_demo.dir/home/aselsan/Desktop/GPT_BACKUP/freertos-colibri-imx7/platform/drivers/src/sema4.c.obj
                0x1fff8294                SEMA4_TryLock
 .text.SEMA4_Unlock
                0x1fff82c4       0x24 CMakeFiles/sema4_demo.dir/home/aselsan/Desktop/GPT_BACKUP/freertos-colibri-imx7/platform/drivers/src/sema4.c.obj
                0x1fff82c4                SEMA4_Unlock
 .text.SEMA4_GetLockProcessor
                0x1fff82e8       0x30 CMakeFiles/sema4_demo.dir/home/aselsan/Desktop/GPT_BACKUP/freertos-colibri-imx7/platform/drivers/src/sema4.c.obj
                0x1fff82e8                SEMA4_GetLockProcessor
 .text.SEMA4_ResetGate
                0x1fff8318       0x50 CMakeFiles/sema4_demo.dir/home/aselsan/Desktop/GPT_BACKUP/freertos-colibri-imx7/platform/drivers/src/sema4.c.obj
                0x1fff8318                SEMA4_ResetGate
 .text.SEMA4_ResetNotification
                0x1fff8368       0x50 CMakeFiles/sema4_demo.dir/home/aselsan/Desktop/GPT_BACKUP/freertos-colibri-imx7/platform/drivers/src/sema4.c.obj
                0x1fff8368                SEMA4_ResetNotification
 .text.SEMA4_SetIntCmd
                0x1fff83b8       0x20 CMakeFiles/sema4_demo.dir/home/aselsan/Desktop/GPT_BACKUP/freertos-colibri-imx7/platform/drivers/src/sema4.c.obj
                0x1fff83b8                SEMA4_SetIntCmd
 .text.UART_Deinit
                0x1fff83d8       0x60 CMakeFiles/sema4_demo.dir/home/aselsan/Desktop/GPT_BACKUP/freertos-colibri-imx7/platform/drivers/src/uart_imx.c.obj
                0x1fff83d8                UART_Deinit
 .text.UART_SetBaudRate
                0x1fff8438       0xec CMakeFiles/sema4_demo.dir/home/aselsan/Desktop/GPT_BACKUP/freertos-colibri-imx7/platform/drivers/src/uart_imx.c.obj
                0x1fff8438                UART_SetBaudRate
 .text.UART_Init
                0x1fff8524       0x64 CMakeFiles/sema4_demo.dir/home/aselsan/Desktop/GPT_BACKUP/freertos-colibri-imx7/platform/drivers/src/uart_imx.c.obj
                0x1fff8524                UART_Init
 .text.UART_GetStatusFlag
                0x1fff8588       0x10 CMakeFiles/sema4_demo.dir/home/aselsan/Desktop/GPT_BACKUP/freertos-colibri-imx7/platform/drivers/src/uart_imx.c.obj
                0x1fff8588                UART_GetStatusFlag
 .text.UART_SetModemMode
                0x1fff8598       0x44 CMakeFiles/sema4_demo.dir/home/aselsan/Desktop/GPT_BACKUP/freertos-colibri-imx7/platform/drivers/src/uart_imx.c.obj
                0x1fff8598                UART_SetModemMode
 .text.debug_putc
                0x1fff85dc       0x2c CMakeFiles/sema4_demo.dir/home/aselsan/Desktop/GPT_BACKUP/freertos-colibri-imx7/platform/utilities/src/debug_console_imx.c.obj
 .text.UART_ReceiveDataPolling
                0x1fff8608       0x28 CMakeFiles/sema4_demo.dir/home/aselsan/Desktop/GPT_BACKUP/freertos-colibri-imx7/platform/utilities/src/debug_console_imx.c.obj
 .text.UART_SendDataPolling
                0x1fff8630       0x38 CMakeFiles/sema4_demo.dir/home/aselsan/Desktop/GPT_BACKUP/freertos-colibri-imx7/platform/utilities/src/debug_console_imx.c.obj
 .text.DbgConsole_Init
                0x1fff8668       0x5c CMakeFiles/sema4_demo.dir/home/aselsan/Desktop/GPT_BACKUP/freertos-colibri-imx7/platform/utilities/src/debug_console_imx.c.obj
                0x1fff8668                DbgConsole_Init
 .text._write   0x1fff86c4       0x38 CMakeFiles/sema4_demo.dir/home/aselsan/Desktop/GPT_BACKUP/freertos-colibri-imx7/platform/utilities/src/debug_console_imx.c.obj
                0x1fff86c4                _write
 .text._read    0x1fff86fc       0x28 CMakeFiles/sema4_demo.dir/home/aselsan/Desktop/GPT_BACKUP/freertos-colibri-imx7/platform/utilities/src/debug_console_imx.c.obj
                0x1fff86fc                _read
 .text.debug_printf
                0x1fff8724       0x38 CMakeFiles/sema4_demo.dir/home/aselsan/Desktop/GPT_BACKUP/freertos-colibri-imx7/platform/utilities/src/debug_console_imx.c.obj
                0x1fff8724                debug_printf
 .text.debug_putchar
                0x1fff875c       0x1c CMakeFiles/sema4_demo.dir/home/aselsan/Desktop/GPT_BACKUP/freertos-colibri-imx7/platform/utilities/src/debug_console_imx.c.obj
                0x1fff875c                debug_putchar
 .text.debug_getchar
                0x1fff8778       0x2c CMakeFiles/sema4_demo.dir/home/aselsan/Desktop/GPT_BACKUP/freertos-colibri-imx7/platform/utilities/src/debug_console_imx.c.obj
                0x1fff8778                debug_getchar
 .text.mknumstr
                0x1fff87a4       0x7c CMakeFiles/sema4_demo.dir/home/aselsan/Desktop/GPT_BACKUP/freertos-colibri-imx7/platform/utilities/src/print_scan.c.obj
 .text.fput_pad
                0x1fff8820       0x28 CMakeFiles/sema4_demo.dir/home/aselsan/Desktop/GPT_BACKUP/freertos-colibri-imx7/platform/utilities/src/print_scan.c.obj
 .text._doprint
                0x1fff8848      0x524 CMakeFiles/sema4_demo.dir/home/aselsan/Desktop/GPT_BACKUP/freertos-colibri-imx7/platform/utilities/src/print_scan.c.obj
                0x1fff8848                _doprint
 .text.vListInitialise
                0x1fff8d6c       0x18 CMakeFiles/sema4_demo.dir/home/aselsan/Desktop/GPT_BACKUP/freertos-colibri-imx7/rtos/FreeRTOS/Source/list.c.obj
                0x1fff8d6c                vListInitialise
 .text.vListInitialiseItem
                0x1fff8d84        0x8 CMakeFiles/sema4_demo.dir/home/aselsan/Desktop/GPT_BACKUP/freertos-colibri-imx7/rtos/FreeRTOS/Source/list.c.obj
                0x1fff8d84                vListInitialiseItem
 .text.vListInsertEnd
                0x1fff8d8c       0x18 CMakeFiles/sema4_demo.dir/home/aselsan/Desktop/GPT_BACKUP/freertos-colibri-imx7/rtos/FreeRTOS/Source/list.c.obj
                0x1fff8d8c                vListInsertEnd
 .text.vListInsert
                0x1fff8da4       0x34 CMakeFiles/sema4_demo.dir/home/aselsan/Desktop/GPT_BACKUP/freertos-colibri-imx7/rtos/FreeRTOS/Source/list.c.obj
                0x1fff8da4                vListInsert
 .text.uxListRemove
                0x1fff8dd8       0x24 CMakeFiles/sema4_demo.dir/home/aselsan/Desktop/GPT_BACKUP/freertos-colibri-imx7/rtos/FreeRTOS/Source/list.c.obj
                0x1fff8dd8                uxListRemove
 .text.prvTaskExitError
                0x1fff8dfc       0x34 CMakeFiles/sema4_demo.dir/home/aselsan/Desktop/GPT_BACKUP/freertos-colibri-imx7/rtos/FreeRTOS/Source/portable/GCC/ARM_CM4F/port.c.obj
 .text.prvPortStartFirstTask
                0x1fff8e30       0x20 CMakeFiles/sema4_demo.dir/home/aselsan/Desktop/GPT_BACKUP/freertos-colibri-imx7/rtos/FreeRTOS/Source/portable/GCC/ARM_CM4F/port.c.obj
 .text.vPortEnableVFP
                0x1fff8e50       0x14 CMakeFiles/sema4_demo.dir/home/aselsan/Desktop/GPT_BACKUP/freertos-colibri-imx7/rtos/FreeRTOS/Source/portable/GCC/ARM_CM4F/port.c.obj
 .text.pxPortInitialiseStack
                0x1fff8e64       0x28 CMakeFiles/sema4_demo.dir/home/aselsan/Desktop/GPT_BACKUP/freertos-colibri-imx7/rtos/FreeRTOS/Source/portable/GCC/ARM_CM4F/port.c.obj
                0x1fff8e64                pxPortInitialiseStack
 .text.SVC_Handler
                0x1fff8e8c       0x20 CMakeFiles/sema4_demo.dir/home/aselsan/Desktop/GPT_BACKUP/freertos-colibri-imx7/rtos/FreeRTOS/Source/portable/GCC/ARM_CM4F/port.c.obj
                0x1fff8e8c                SVC_Handler
 .text.vPortEnterCritical
                0x1fff8eac       0x44 CMakeFiles/sema4_demo.dir/home/aselsan/Desktop/GPT_BACKUP/freertos-colibri-imx7/rtos/FreeRTOS/Source/portable/GCC/ARM_CM4F/port.c.obj
                0x1fff8eac                vPortEnterCritical
 .text.vPortExitCritical
                0x1fff8ef0       0x2c CMakeFiles/sema4_demo.dir/home/aselsan/Desktop/GPT_BACKUP/freertos-colibri-imx7/rtos/FreeRTOS/Source/portable/GCC/ARM_CM4F/port.c.obj
                0x1fff8ef0                vPortExitCritical
 .text.PendSV_Handler
                0x1fff8f1c       0x60 CMakeFiles/sema4_demo.dir/home/aselsan/Desktop/GPT_BACKUP/freertos-colibri-imx7/rtos/FreeRTOS/Source/portable/GCC/ARM_CM4F/port.c.obj
                0x1fff8f1c                PendSV_Handler
 .text.SysTick_Handler
                0x1fff8f7c       0x30 CMakeFiles/sema4_demo.dir/home/aselsan/Desktop/GPT_BACKUP/freertos-colibri-imx7/rtos/FreeRTOS/Source/portable/GCC/ARM_CM4F/port.c.obj
                0x1fff8f7c                SysTick_Handler
 .text.vPortSetupTimerInterrupt
                0x1fff8fac       0x18 CMakeFiles/sema4_demo.dir/home/aselsan/Desktop/GPT_BACKUP/freertos-colibri-imx7/rtos/FreeRTOS/Source/portable/GCC/ARM_CM4F/port.c.obj
                0x1fff8fac                vPortSetupTimerInterrupt
 .text.xPortStartScheduler
                0x1fff8fc4       0xec CMakeFiles/sema4_demo.dir/home/aselsan/Desktop/GPT_BACKUP/freertos-colibri-imx7/rtos/FreeRTOS/Source/portable/GCC/ARM_CM4F/port.c.obj
                0x1fff8fc4                xPortStartScheduler
 .text.vPortValidateInterruptPriority
                0x1fff90b0       0x5c CMakeFiles/sema4_demo.dir/home/aselsan/Desktop/GPT_BACKUP/freertos-colibri-imx7/rtos/FreeRTOS/Source/portable/GCC/ARM_CM4F/port.c.obj
                0x1fff90b0                vPortValidateInterruptPriority
 .text.prvHeapInit
                0x1fff910c       0x2c CMakeFiles/sema4_demo.dir/home/aselsan/Desktop/GPT_BACKUP/freertos-colibri-imx7/rtos/FreeRTOS/Source/portable/MemMang/heap_2.c.obj
 .text.pvPortMalloc
                0x1fff9138       0xa4 CMakeFiles/sema4_demo.dir/home/aselsan/Desktop/GPT_BACKUP/freertos-colibri-imx7/rtos/FreeRTOS/Source/portable/MemMang/heap_2.c.obj
                0x1fff9138                pvPortMalloc
 .text.vPortFree
                0x1fff91dc       0x44 CMakeFiles/sema4_demo.dir/home/aselsan/Desktop/GPT_BACKUP/freertos-colibri-imx7/rtos/FreeRTOS/Source/portable/MemMang/heap_2.c.obj
                0x1fff91dc                vPortFree
 .text.prvIsQueueEmpty
                0x1fff9220       0x1c CMakeFiles/sema4_demo.dir/home/aselsan/Desktop/GPT_BACKUP/freertos-colibri-imx7/rtos/FreeRTOS/Source/queue.c.obj
 .text.prvCopyDataFromQueue
                0x1fff923c       0x24 CMakeFiles/sema4_demo.dir/home/aselsan/Desktop/GPT_BACKUP/freertos-colibri-imx7/rtos/FreeRTOS/Source/queue.c.obj
 .text.prvUnlockQueue
                0x1fff9260       0x64 CMakeFiles/sema4_demo.dir/home/aselsan/Desktop/GPT_BACKUP/freertos-colibri-imx7/rtos/FreeRTOS/Source/queue.c.obj
 .text.xQueueGenericReset
                0x1fff92c4       0x80 CMakeFiles/sema4_demo.dir/home/aselsan/Desktop/GPT_BACKUP/freertos-colibri-imx7/rtos/FreeRTOS/Source/queue.c.obj
                0x1fff92c4                xQueueGenericReset
 .text.xQueueGenericCreate
                0x1fff9344       0x64 CMakeFiles/sema4_demo.dir/home/aselsan/Desktop/GPT_BACKUP/freertos-colibri-imx7/rtos/FreeRTOS/Source/queue.c.obj
                0x1fff9344                xQueueGenericCreate
 .text.xQueueCreateCountingSemaphore
                0x1fff93a8       0x54 CMakeFiles/sema4_demo.dir/home/aselsan/Desktop/GPT_BACKUP/freertos-colibri-imx7/rtos/FreeRTOS/Source/queue.c.obj
                0x1fff93a8                xQueueCreateCountingSemaphore
 .text.xQueueGiveFromISR
                0x1fff93fc       0xb8 CMakeFiles/sema4_demo.dir/home/aselsan/Desktop/GPT_BACKUP/freertos-colibri-imx7/rtos/FreeRTOS/Source/queue.c.obj
                0x1fff93fc                xQueueGiveFromISR
 .text.xQueueGenericReceive
                0x1fff94b4      0x144 CMakeFiles/sema4_demo.dir/home/aselsan/Desktop/GPT_BACKUP/freertos-colibri-imx7/rtos/FreeRTOS/Source/queue.c.obj
                0x1fff94b4                xQueueGenericReceive
 .text.prvIdleTask
                0x1fff95f8        0x4 CMakeFiles/sema4_demo.dir/home/aselsan/Desktop/GPT_BACKUP/freertos-colibri-imx7/rtos/FreeRTOS/Source/tasks.c.obj
 .text.prvResetNextTaskUnblockTime
                0x1fff95fc       0x34 CMakeFiles/sema4_demo.dir/home/aselsan/Desktop/GPT_BACKUP/freertos-colibri-imx7/rtos/FreeRTOS/Source/tasks.c.obj
 .text.prvAllocateTCBAndStack
                0x1fff9630       0x2c CMakeFiles/sema4_demo.dir/home/aselsan/Desktop/GPT_BACKUP/freertos-colibri-imx7/rtos/FreeRTOS/Source/tasks.c.obj
 .text.prvInitialiseTCBVariables
                0x1fff965c       0x4c CMakeFiles/sema4_demo.dir/home/aselsan/Desktop/GPT_BACKUP/freertos-colibri-imx7/rtos/FreeRTOS/Source/tasks.c.obj
 .text.prvInitialiseTaskLists
                0x1fff96a8       0x5c CMakeFiles/sema4_demo.dir/home/aselsan/Desktop/GPT_BACKUP/freertos-colibri-imx7/rtos/FreeRTOS/Source/tasks.c.obj
 .text.prvAddCurrentTaskToDelayedList
                0x1fff9704       0x54 CMakeFiles/sema4_demo.dir/home/aselsan/Desktop/GPT_BACKUP/freertos-colibri-imx7/rtos/FreeRTOS/Source/tasks.c.obj
 .text.xTaskGenericCreate
                0x1fff9758      0x130 CMakeFiles/sema4_demo.dir/home/aselsan/Desktop/GPT_BACKUP/freertos-colibri-imx7/rtos/FreeRTOS/Source/tasks.c.obj
                0x1fff9758                xTaskGenericCreate
 .text.vTaskStartScheduler
                0x1fff9888       0x74 CMakeFiles/sema4_demo.dir/home/aselsan/Desktop/GPT_BACKUP/freertos-colibri-imx7/rtos/FreeRTOS/Source/tasks.c.obj
                0x1fff9888                vTaskStartScheduler
 .text.vTaskSuspendAll
                0x1fff98fc       0x10 CMakeFiles/sema4_demo.dir/home/aselsan/Desktop/GPT_BACKUP/freertos-colibri-imx7/rtos/FreeRTOS/Source/tasks.c.obj
                0x1fff98fc                vTaskSuspendAll
 .text.xTaskIncrementTick
                0x1fff990c      0x128 CMakeFiles/sema4_demo.dir/home/aselsan/Desktop/GPT_BACKUP/freertos-colibri-imx7/rtos/FreeRTOS/Source/tasks.c.obj
                0x1fff990c                xTaskIncrementTick
 .text.xTaskResumeAll
                0x1fff9a34       0xf8 CMakeFiles/sema4_demo.dir/home/aselsan/Desktop/GPT_BACKUP/freertos-colibri-imx7/rtos/FreeRTOS/Source/tasks.c.obj
                0x1fff9a34                xTaskResumeAll
 .text.vTaskDelay
                0x1fff9b2c       0x80 CMakeFiles/sema4_demo.dir/home/aselsan/Desktop/GPT_BACKUP/freertos-colibri-imx7/rtos/FreeRTOS/Source/tasks.c.obj
                0x1fff9b2c                vTaskDelay
 .text.vTaskSwitchContext
                0x1fff9bac       0x98 CMakeFiles/sema4_demo.dir/home/aselsan/Desktop/GPT_BACKUP/freertos-colibri-imx7/rtos/FreeRTOS/Source/tasks.c.obj
                0x1fff9bac                vTaskSwitchContext
 .text.vTaskPlaceOnEventList
                0x1fff9c44       0x70 CMakeFiles/sema4_demo.dir/home/aselsan/Desktop/GPT_BACKUP/freertos-colibri-imx7/rtos/FreeRTOS/Source/tasks.c.obj
                0x1fff9c44                vTaskPlaceOnEventList
 .text.xTaskRemoveFromEventList
                0x1fff9cb4       0x8c CMakeFiles/sema4_demo.dir/home/aselsan/Desktop/GPT_BACKUP/freertos-colibri-imx7/rtos/FreeRTOS/Source/tasks.c.obj
                0x1fff9cb4                xTaskRemoveFromEventList
 .text.vTaskSetTimeOutState
                0x1fff9d40       0x2c CMakeFiles/sema4_demo.dir/home/aselsan/Desktop/GPT_BACKUP/freertos-colibri-imx7/rtos/FreeRTOS/Source/tasks.c.obj
                0x1fff9d40                vTaskSetTimeOutState
 .text.xTaskCheckForTimeOut
                0x1fff9d6c       0x80 CMakeFiles/sema4_demo.dir/home/aselsan/Desktop/GPT_BACKUP/freertos-colibri-imx7/rtos/FreeRTOS/Source/tasks.c.obj
                0x1fff9d6c                xTaskCheckForTimeOut
 .text.vTaskMissedYield
                0x1fff9dec        0xc CMakeFiles/sema4_demo.dir/home/aselsan/Desktop/GPT_BACKUP/freertos-colibri-imx7/rtos/FreeRTOS/Source/tasks.c.obj
                0x1fff9dec                vTaskMissedYield
 .text.BOARD_ClockInit
                0x1fff9df8       0x98 CMakeFiles/sema4_demo.dir/home/aselsan/Desktop/GPT_BACKUP/freertos-colibri-imx7/examples/imx7_colibri_m4/board.c.obj
                0x1fff9df8                BOARD_ClockInit
 .text.dbg_uart_init
                0x1fff9e90       0x64 CMakeFiles/sema4_demo.dir/home/aselsan/Desktop/GPT_BACKUP/freertos-colibri-imx7/examples/imx7_colibri_m4/board.c.obj
                0x1fff9e90                dbg_uart_init
 .text.BOARD_RdcInit
                0x1fff9ef4       0x10 CMakeFiles/sema4_demo.dir/home/aselsan/Desktop/GPT_BACKUP/freertos-colibri-imx7/examples/imx7_colibri_m4/board.c.obj
                0x1fff9ef4                BOARD_RdcInit
 .text.get_uart_clock_freq
                0x1fff9f04       0xd4 CMakeFiles/sema4_demo.dir/home/aselsan/Desktop/GPT_BACKUP/freertos-colibri-imx7/examples/imx7_colibri_m4/clock_freq.c.obj
                0x1fff9f04                get_uart_clock_freq
 .text.configure_uart_pins
                0x1fff9fd8       0x7c CMakeFiles/sema4_demo.dir/home/aselsan/Desktop/GPT_BACKUP/freertos-colibri-imx7/examples/imx7_colibri_m4/pin_mux.c.obj
                0x1fff9fd8                configure_uart_pins
 .text.hardware_init
                0x1fffa054       0x2c CMakeFiles/sema4_demo.dir/home/aselsan/Desktop/GPT_BACKUP/freertos-colibri-imx7/examples/imx7_colibri_m4/demo_apps/sema4_demo/hardware_init.c.obj
                0x1fffa054                hardware_init
 .text.Sema4Test
                0x1fffa080       0x1c CMakeFiles/sema4_demo.dir/home/aselsan/Desktop/GPT_BACKUP/freertos-colibri-imx7/examples/imx7_colibri_m4/demo_apps/sema4_demo/main.c.obj
 .text.Sema4Task
                0x1fffa09c       0x5c CMakeFiles/sema4_demo.dir/home/aselsan/Desktop/GPT_BACKUP/freertos-colibri-imx7/examples/imx7_colibri_m4/demo_apps/sema4_demo/main.c.obj
                0x1fffa09c                Sema4Task
 .text.main     0x1fffa0f8       0x34 CMakeFiles/sema4_demo.dir/home/aselsan/Desktop/GPT_BACKUP/freertos-colibri-imx7/examples/imx7_colibri_m4/demo_apps/sema4_demo/main.c.obj
                0x1fffa0f8                main
 .text.SEMA4_Mutex_Init
                0x1fffa12c       0x9c CMakeFiles/sema4_demo.dir/home/aselsan/Desktop/GPT_BACKUP/freertos-colibri-imx7/examples/imx7_colibri_m4/demo_apps/sema4_demo/sema4_mutex.c.obj
                0x1fffa12c                SEMA4_Mutex_Init
 .text.SEMA4_Mutex_Lock
                0x1fffa1c8       0xb8 CMakeFiles/sema4_demo.dir/home/aselsan/Desktop/GPT_BACKUP/freertos-colibri-imx7/examples/imx7_colibri_m4/demo_apps/sema4_demo/sema4_mutex.c.obj
                0x1fffa1c8                SEMA4_Mutex_Lock
 .text.SEMA4_Mutex_Unlock
                0x1fffa280       0x24 CMakeFiles/sema4_demo.dir/home/aselsan/Desktop/GPT_BACKUP/freertos-colibri-imx7/examples/imx7_colibri_m4/demo_apps/sema4_demo/sema4_mutex.c.obj
                0x1fffa280                SEMA4_Mutex_Unlock
 .text.SEMA4_HS_M4_Handler
                0x1fffa2a4       0x70 CMakeFiles/sema4_demo.dir/home/aselsan/Desktop/GPT_BACKUP/freertos-colibri-imx7/examples/imx7_colibri_m4/demo_apps/sema4_demo/sema4_mutex.c.obj
                0x1fffa2a4                SEMA4_HS_M4_Handler
 .text.__assert_func
                0x1fffa314       0x38 /home/aselsan/Desktop/IMX7/toolchain/gcc-arm-none-eabi-4_9-2015q3/bin/../lib/gcc/arm-none-eabi/4.9.3/../../../../arm-none-eabi/lib/armv7e-m/fpu/libc_nano.a(lib_a-assert.o)
                0x1fffa314                __assert_func
 .text.exit     0x1fffa34c       0x28 /home/aselsan/Desktop/IMX7/toolchain/gcc-arm-none-eabi-4_9-2015q3/bin/../lib/gcc/arm-none-eabi/4.9.3/../../../../arm-none-eabi/lib/armv7e-m/fpu/libc_nano.a(lib_a-exit.o)
                0x1fffa34c                exit
 .text.fprintf  0x1fffa374       0x24 /home/aselsan/Desktop/IMX7/toolchain/gcc-arm-none-eabi-4_9-2015q3/bin/../lib/gcc/arm-none-eabi/4.9.3/../../../../arm-none-eabi/lib/armv7e-m/fpu/libc_nano.a(lib_a-fprintf.o)
                0x1fffa374                fprintf
                0x1fffa374                fiprintf
 .text.__libc_init_array
                0x1fffa398       0x4c /home/aselsan/Desktop/IMX7/toolchain/gcc-arm-none-eabi-4_9-2015q3/bin/../lib/gcc/arm-none-eabi/4.9.3/../../../../arm-none-eabi/lib/armv7e-m/fpu/libc_nano.a(lib_a-init.o)
                0x1fffa398                __libc_init_array
 .text.memcpy   0x1fffa3e4       0x16 /home/aselsan/Desktop/IMX7/toolchain/gcc-arm-none-eabi-4_9-2015q3/bin/../lib/gcc/arm-none-eabi/4.9.3/../../../../arm-none-eabi/lib/armv7e-m/fpu/libc_nano.a(lib_a-memcpy.o)
                0x1fffa3e4                memcpy
 .text.memset   0x1fffa3fa       0x10 /home/aselsan/Desktop/IMX7/toolchain/gcc-arm-none-eabi-4_9-2015q3/bin/../lib/gcc/arm-none-eabi/4.9.3/../../../../arm-none-eabi/lib/armv7e-m/fpu/libc_nano.a(lib_a-memset.o)
                0x1fffa3fa                memset
 .text.__sfputc_r
                0x1fffa40a       0x2c /home/aselsan/Desktop/IMX7/toolchain/gcc-arm-none-eabi-4_9-2015q3/bin/../lib/gcc/arm-none-eabi/4.9.3/../../../../arm-none-eabi/lib/armv7e-m/fpu/libc_nano.a(lib_a-nano-vfprintf.o)
 .text.__sfputs_r
                0x1fffa436       0x24 /home/aselsan/Desktop/IMX7/toolchain/gcc-arm-none-eabi-4_9-2015q3/bin/../lib/gcc/arm-none-eabi/4.9.3/../../../../arm-none-eabi/lib/armv7e-m/fpu/libc_nano.a(lib_a-nano-vfprintf.o)
                0x1fffa436                __sfputs_r
 *fill*         0x1fffa45a        0x2 
 .text._vfprintf_r
                0x1fffa45c      0x210 /home/aselsan/Desktop/IMX7/toolchain/gcc-arm-none-eabi-4_9-2015q3/bin/../lib/gcc/arm-none-eabi/4.9.3/../../../../arm-none-eabi/lib/armv7e-m/fpu/libc_nano.a(lib_a-nano-vfprintf.o)
                0x1fffa45c                _vfiprintf_r
                0x1fffa45c                _vfprintf_r
 .text._printf_common
                0x1fffa66c       0xea /home/aselsan/Desktop/IMX7/toolchain/gcc-arm-none-eabi-4_9-2015q3/bin/../lib/gcc/arm-none-eabi/4.9.3/../../../../arm-none-eabi/lib/armv7e-m/fpu/libc_nano.a(lib_a-nano-vfprintf_i.o)
                0x1fffa66c                _printf_common
 *fill*         0x1fffa756        0x2 
 .text._printf_i
                0x1fffa758      0x240 /home/aselsan/Desktop/IMX7/toolchain/gcc-arm-none-eabi-4_9-2015q3/bin/../lib/gcc/arm-none-eabi/4.9.3/../../../../arm-none-eabi/lib/armv7e-m/fpu/libc_nano.a(lib_a-nano-vfprintf_i.o)
                0x1fffa758                _printf_i
 .text.strlen   0x1fffa998       0x10 /home/aselsan/Desktop/IMX7/toolchain/gcc-arm-none-eabi-4_9-2015q3/bin/../lib/gcc/arm-none-eabi/4.9.3/../../../../arm-none-eabi/lib/armv7e-m/fpu/libc_nano.a(lib_a-strlen.o)
                0x1fffa998                strlen
 .text.__swbuf_r
                0x1fffa9a8       0xa8 /home/aselsan/Desktop/IMX7/toolchain/gcc-arm-none-eabi-4_9-2015q3/bin/../lib/gcc/arm-none-eabi/4.9.3/../../../../arm-none-eabi/lib/armv7e-m/fpu/libc_nano.a(lib_a-wbuf.o)
                0x1fffa9a8                __swbuf_r
 .text.__swsetup_r
                0x1fffaa50       0xd8 /home/aselsan/Desktop/IMX7/toolchain/gcc-arm-none-eabi-4_9-2015q3/bin/../lib/gcc/arm-none-eabi/4.9.3/../../../../arm-none-eabi/lib/armv7e-m/fpu/libc_nano.a(lib_a-wsetup.o)
                0x1fffaa50                __swsetup_r
 .text.abort    0x1fffab28        0xe /home/aselsan/Desktop/IMX7/toolchain/gcc-arm-none-eabi-4_9-2015q3/bin/../lib/gcc/arm-none-eabi/4.9.3/../../../../arm-none-eabi/lib/armv7e-m/fpu/libc_nano.a(lib_a-abort.o)
                0x1fffab28                abort
 .text.__sflush_r
                0x1fffab36      0x108 /home/aselsan/Desktop/IMX7/toolchain/gcc-arm-none-eabi-4_9-2015q3/bin/../lib/gcc/arm-none-eabi/4.9.3/../../../../arm-none-eabi/lib/armv7e-m/fpu/libc_nano.a(lib_a-fflush.o)
                0x1fffab36                __sflush_r
 *fill*         0x1fffac3e        0x2 
 .text._fflush_r
                0x1fffac40       0x54 /home/aselsan/Desktop/IMX7/toolchain/gcc-arm-none-eabi-4_9-2015q3/bin/../lib/gcc/arm-none-eabi/4.9.3/../../../../arm-none-eabi/lib/armv7e-m/fpu/libc_nano.a(lib_a-fflush.o)
                0x1fffac40                _fflush_r
 .text._cleanup_r
                0x1fffac94        0xc /home/aselsan/Desktop/IMX7/toolchain/gcc-arm-none-eabi-4_9-2015q3/bin/../lib/gcc/arm-none-eabi/4.9.3/../../../../arm-none-eabi/lib/armv7e-m/fpu/libc_nano.a(lib_a-findfp.o)
                0x1fffac94                _cleanup_r
 .text.std.isra.0
                0x1fffaca0       0x48 /home/aselsan/Desktop/IMX7/toolchain/gcc-arm-none-eabi-4_9-2015q3/bin/../lib/gcc/arm-none-eabi/4.9.3/../../../../arm-none-eabi/lib/armv7e-m/fpu/libc_nano.a(lib_a-findfp.o)
 .text.__sfmoreglue
                0x1ffface8       0x2c /home/aselsan/Desktop/IMX7/toolchain/gcc-arm-none-eabi-4_9-2015q3/bin/../lib/gcc/arm-none-eabi/4.9.3/../../../../arm-none-eabi/lib/armv7e-m/fpu/libc_nano.a(lib_a-findfp.o)
                0x1ffface8                __sfmoreglue
 .text.__sinit  0x1fffad14       0x60 /home/aselsan/Desktop/IMX7/toolchain/gcc-arm-none-eabi-4_9-2015q3/bin/../lib/gcc/arm-none-eabi/4.9.3/../../../../arm-none-eabi/lib/armv7e-m/fpu/libc_nano.a(lib_a-findfp.o)
                0x1fffad14                __sinit
 .text.__sfp    0x1fffad74       0x74 /home/aselsan/Desktop/IMX7/toolchain/gcc-arm-none-eabi-4_9-2015q3/bin/../lib/gcc/arm-none-eabi/4.9.3/../../../../arm-none-eabi/lib/armv7e-m/fpu/libc_nano.a(lib_a-findfp.o)
                0x1fffad74                __sfp
 .text._fwalk_reent
                0x1fffade8       0x3c /home/aselsan/Desktop/IMX7/toolchain/gcc-arm-none-eabi-4_9-2015q3/bin/../lib/gcc/arm-none-eabi/4.9.3/../../../../arm-none-eabi/lib/armv7e-m/fpu/libc_nano.a(lib_a-fwalk.o)
                0x1fffade8                _fwalk_reent
 .text.__smakebuf_r
                0x1fffae24       0x9c /home/aselsan/Desktop/IMX7/toolchain/gcc-arm-none-eabi-4_9-2015q3/bin/../lib/gcc/arm-none-eabi/4.9.3/../../../../arm-none-eabi/lib/armv7e-m/fpu/libc_nano.a(lib_a-makebuf.o)
                0x1fffae24                __smakebuf_r
 .text.memchr   0x1fffaec0       0x1e /home/aselsan/Desktop/IMX7/toolchain/gcc-arm-none-eabi-4_9-2015q3/bin/../lib/gcc/arm-none-eabi/4.9.3/../../../../arm-none-eabi/lib/armv7e-m/fpu/libc_nano.a(lib_a-memchr.o)
                0x1fffaec0                memchr
 *fill*         0x1fffaede        0x2 
 .text._free_r  0x1fffaee0       0x88 /home/aselsan/Desktop/IMX7/toolchain/gcc-arm-none-eabi-4_9-2015q3/bin/../lib/gcc/arm-none-eabi/4.9.3/../../../../arm-none-eabi/lib/armv7e-m/fpu/libc_nano.a(lib_a-nano-freer.o)
                0x1fffaee0                _free_r
 .text._malloc_r
                0x1fffaf68       0xac /home/aselsan/Desktop/IMX7/toolchain/gcc-arm-none-eabi-4_9-2015q3/bin/../lib/gcc/arm-none-eabi/4.9.3/../../../../arm-none-eabi/lib/armv7e-m/fpu/libc_nano.a(lib_a-nano-mallocr.o)
                0x1fffaf68                _malloc_r
 .text._sbrk_r  0x1fffb014       0x20 /home/aselsan/Desktop/IMX7/toolchain/gcc-arm-none-eabi-4_9-2015q3/bin/../lib/gcc/arm-none-eabi/4.9.3/../../../../arm-none-eabi/lib/armv7e-m/fpu/libc_nano.a(lib_a-sbrkr.o)
                0x1fffb014                _sbrk_r
 .text._raise_r
                0x1fffb034       0x50 /home/aselsan/Desktop/IMX7/toolchain/gcc-arm-none-eabi-4_9-2015q3/bin/../lib/gcc/arm-none-eabi/4.9.3/../../../../arm-none-eabi/lib/armv7e-m/fpu/libc_nano.a(lib_a-signal.o)
                0x1fffb034                _raise_r
 .text.raise    0x1fffb084       0x10 /home/aselsan/Desktop/IMX7/toolchain/gcc-arm-none-eabi-4_9-2015q3/bin/../lib/gcc/arm-none-eabi/4.9.3/../../../../arm-none-eabi/lib/armv7e-m/fpu/libc_nano.a(lib_a-signal.o)
                0x1fffb084                raise
 .text._kill_r  0x1fffb094       0x24 /home/aselsan/Desktop/IMX7/toolchain/gcc-arm-none-eabi-4_9-2015q3/bin/../lib/gcc/arm-none-eabi/4.9.3/../../../../arm-none-eabi/lib/armv7e-m/fpu/libc_nano.a(lib_a-signalr.o)
                0x1fffb094                _kill_r
 .text._getpid_r
                0x1fffb0b8        0x4 /home/aselsan/Desktop/IMX7/toolchain/gcc-arm-none-eabi-4_9-2015q3/bin/../lib/gcc/arm-none-eabi/4.9.3/../../../../arm-none-eabi/lib/armv7e-m/fpu/libc_nano.a(lib_a-signalr.o)
                0x1fffb0b8                _getpid_r
 .text.__sread  0x1fffb0bc       0x22 /home/aselsan/Desktop/IMX7/toolchain/gcc-arm-none-eabi-4_9-2015q3/bin/../lib/gcc/arm-none-eabi/4.9.3/../../../../arm-none-eabi/lib/armv7e-m/fpu/libc_nano.a(lib_a-stdio.o)
                0x1fffb0bc                __sread
 .text.__swrite
                0x1fffb0de       0x38 /home/aselsan/Desktop/IMX7/toolchain/gcc-arm-none-eabi-4_9-2015q3/bin/../lib/gcc/arm-none-eabi/4.9.3/../../../../arm-none-eabi/lib/armv7e-m/fpu/libc_nano.a(lib_a-stdio.o)
                0x1fffb0de                __swrite
 .text.__sseek  0x1fffb116       0x24 /home/aselsan/Desktop/IMX7/toolchain/gcc-arm-none-eabi-4_9-2015q3/bin/../lib/gcc/arm-none-eabi/4.9.3/../../../../arm-none-eabi/lib/armv7e-m/fpu/libc_nano.a(lib_a-stdio.o)
                0x1fffb116                __sseek
 .text.__sclose
                0x1fffb13a        0x8 /home/aselsan/Desktop/IMX7/toolchain/gcc-arm-none-eabi-4_9-2015q3/bin/../lib/gcc/arm-none-eabi/4.9.3/../../../../arm-none-eabi/lib/armv7e-m/fpu/libc_nano.a(lib_a-stdio.o)
                0x1fffb13a                __sclose
 *fill*         0x1fffb142        0x2 
 .text._write_r
                0x1fffb144       0x24 /home/aselsan/Desktop/IMX7/toolchain/gcc-arm-none-eabi-4_9-2015q3/bin/../lib/gcc/arm-none-eabi/4.9.3/../../../../arm-none-eabi/lib/armv7e-m/fpu/libc_nano.a(lib_a-writer.o)
                0x1fffb144                _write_r
 .text._close_r
                0x1fffb168       0x20 /home/aselsan/Desktop/IMX7/toolchain/gcc-arm-none-eabi-4_9-2015q3/bin/../lib/gcc/arm-none-eabi/4.9.3/../../../../arm-none-eabi/lib/armv7e-m/fpu/libc_nano.a(lib_a-closer.o)
                0x1fffb168                _close_r
 .text._fstat_r
                0x1fffb188       0x24 /home/aselsan/Desktop/IMX7/toolchain/gcc-arm-none-eabi-4_9-2015q3/bin/../lib/gcc/arm-none-eabi/4.9.3/../../../../arm-none-eabi/lib/armv7e-m/fpu/libc_nano.a(lib_a-fstatr.o)
                0x1fffb188                _fstat_r
 .text._isatty_r
                0x1fffb1ac       0x20 /home/aselsan/Desktop/IMX7/toolchain/gcc-arm-none-eabi-4_9-2015q3/bin/../lib/gcc/arm-none-eabi/4.9.3/../../../../arm-none-eabi/lib/armv7e-m/fpu/libc_nano.a(lib_a-isattyr.o)
                0x1fffb1ac                _isatty_r
 .text._lseek_r
                0x1fffb1cc       0x24 /home/aselsan/Desktop/IMX7/toolchain/gcc-arm-none-eabi-4_9-2015q3/bin/../lib/gcc/arm-none-eabi/4.9.3/../../../../arm-none-eabi/lib/armv7e-m/fpu/libc_nano.a(lib_a-lseekr.o)
                0x1fffb1cc                _lseek_r
 .text._read_r  0x1fffb1f0       0x24 /home/aselsan/Desktop/IMX7/toolchain/gcc-arm-none-eabi-4_9-2015q3/bin/../lib/gcc/arm-none-eabi/4.9.3/../../../../arm-none-eabi/lib/armv7e-m/fpu/libc_nano.a(lib_a-readr.o)
                0x1fffb1f0                _read_r
 .text._close   0x1fffb214       0x10 /home/aselsan/Desktop/IMX7/toolchain/gcc-arm-none-eabi-4_9-2015q3/bin/../lib/gcc/arm-none-eabi/4.9.3/../../../../arm-none-eabi/lib/armv7e-m/fpu/libnosys.a(close.o)
                0x1fffb214                _close
 .text._fstat   0x1fffb224       0x10 /home/aselsan/Desktop/IMX7/toolchain/gcc-arm-none-eabi-4_9-2015q3/bin/../lib/gcc/arm-none-eabi/4.9.3/../../../../arm-none-eabi/lib/armv7e-m/fpu/libnosys.a(fstat.o)
                0x1fffb224                _fstat
 .text._getpid  0x1fffb234       0x10 /home/aselsan/Desktop/IMX7/toolchain/gcc-arm-none-eabi-4_9-2015q3/bin/../lib/gcc/arm-none-eabi/4.9.3/../../../../arm-none-eabi/lib/armv7e-m/fpu/libnosys.a(getpid.o)
                0x1fffb234                _getpid
 .text._isatty  0x1fffb244       0x10 /home/aselsan/Desktop/IMX7/toolchain/gcc-arm-none-eabi-4_9-2015q3/bin/../lib/gcc/arm-none-eabi/4.9.3/../../../../arm-none-eabi/lib/armv7e-m/fpu/libnosys.a(isatty.o)
                0x1fffb244                _isatty
 .text._kill    0x1fffb254       0x10 /home/aselsan/Desktop/IMX7/toolchain/gcc-arm-none-eabi-4_9-2015q3/bin/../lib/gcc/arm-none-eabi/4.9.3/../../../../arm-none-eabi/lib/armv7e-m/fpu/libnosys.a(kill.o)
                0x1fffb254                _kill
 .text._lseek   0x1fffb264       0x10 /home/aselsan/Desktop/IMX7/toolchain/gcc-arm-none-eabi-4_9-2015q3/bin/../lib/gcc/arm-none-eabi/4.9.3/../../../../arm-none-eabi/lib/armv7e-m/fpu/libnosys.a(lseek.o)
                0x1fffb264                _lseek
 .text._sbrk    0x1fffb274       0x1c /home/aselsan/Desktop/IMX7/toolchain/gcc-arm-none-eabi-4_9-2015q3/bin/../lib/gcc/arm-none-eabi/4.9.3/../../../../arm-none-eabi/lib/armv7e-m/fpu/libnosys.a(sbrk.o)
                0x1fffb274                _sbrk
 .text._exit    0x1fffb290        0x4 /home/aselsan/Desktop/IMX7/toolchain/gcc-arm-none-eabi-4_9-2015q3/bin/../lib/gcc/arm-none-eabi/4.9.3/../../../../arm-none-eabi/lib/armv7e-m/fpu/libnosys.a(_exit.o)
                0x1fffb290                _exit
 *(.rodata)
 *(.rodata*)
 .rodata.str1.4
                0x1fffb294       0x78 CMakeFiles/sema4_demo.dir/home/aselsan/Desktop/GPT_BACKUP/freertos-colibri-imx7/platform/drivers/src/ccm_imx7d.c.obj
 .rodata.__func__.8026
                0x1fffb30c       0x13 CMakeFiles/sema4_demo.dir/home/aselsan/Desktop/GPT_BACKUP/freertos-colibri-imx7/platform/drivers/src/ccm_imx7d.c.obj
 *fill*         0x1fffb31f        0x1 
 .rodata.__func__.8034
                0x1fffb320        0xf CMakeFiles/sema4_demo.dir/home/aselsan/Desktop/GPT_BACKUP/freertos-colibri-imx7/platform/drivers/src/ccm_imx7d.c.obj
 *fill*         0x1fffb32f        0x1 
 .rodata.__func__.7826
                0x1fffb330        0xe CMakeFiles/sema4_demo.dir/home/aselsan/Desktop/GPT_BACKUP/freertos-colibri-imx7/platform/drivers/src/sema4.c.obj
 *fill*         0x1fffb33e        0x2 
 .rodata.__func__.7864
                0x1fffb340       0x18 CMakeFiles/sema4_demo.dir/home/aselsan/Desktop/GPT_BACKUP/freertos-colibri-imx7/platform/drivers/src/sema4.c.obj
 .rodata.__func__.7843
                0x1fffb358        0xd CMakeFiles/sema4_demo.dir/home/aselsan/Desktop/GPT_BACKUP/freertos-colibri-imx7/platform/drivers/src/sema4.c.obj
 *fill*         0x1fffb365        0x3 
 .rodata.str1.4
                0x1fffb368       0x9b CMakeFiles/sema4_demo.dir/home/aselsan/Desktop/GPT_BACKUP/freertos-colibri-imx7/platform/drivers/src/sema4.c.obj
 *fill*         0x1fffb403        0x1 
 .rodata.__func__.7850
                0x1fffb404       0x17 CMakeFiles/sema4_demo.dir/home/aselsan/Desktop/GPT_BACKUP/freertos-colibri-imx7/platform/drivers/src/sema4.c.obj
 *fill*         0x1fffb41b        0x1 
 .rodata.__func__.7855
                0x1fffb41c       0x10 CMakeFiles/sema4_demo.dir/home/aselsan/Desktop/GPT_BACKUP/freertos-colibri-imx7/platform/drivers/src/sema4.c.obj
 .rodata.str1.4
                0x1fffb42c      0x146 CMakeFiles/sema4_demo.dir/home/aselsan/Desktop/GPT_BACKUP/freertos-colibri-imx7/platform/drivers/src/uart_imx.c.obj
 *fill*         0x1fffb572        0x2 
 .rodata.__func__.8008
                0x1fffb574        0xa CMakeFiles/sema4_demo.dir/home/aselsan/Desktop/GPT_BACKUP/freertos-colibri-imx7/platform/drivers/src/uart_imx.c.obj
 *fill*         0x1fffb57e        0x2 
 .rodata.__func__.8095
                0x1fffb580       0x12 CMakeFiles/sema4_demo.dir/home/aselsan/Desktop/GPT_BACKUP/freertos-colibri-imx7/platform/drivers/src/uart_imx.c.obj
 *fill*         0x1fffb592        0x2 
 .rodata.str1.4
                0x1fffb594        0x5 CMakeFiles/sema4_demo.dir/home/aselsan/Desktop/GPT_BACKUP/freertos-colibri-imx7/rtos/FreeRTOS/Source/tasks.c.obj
 *fill*         0x1fffb599        0x3 
 .rodata.str1.4
                0x1fffb59c      0x107 CMakeFiles/sema4_demo.dir/home/aselsan/Desktop/GPT_BACKUP/freertos-colibri-imx7/examples/imx7_colibri_m4/demo_apps/sema4_demo/main.c.obj
 *fill*         0x1fffb6a3        0x1 
 .rodata.__func__.8772
                0x1fffb6a4       0x11 CMakeFiles/sema4_demo.dir/home/aselsan/Desktop/GPT_BACKUP/freertos-colibri-imx7/examples/imx7_colibri_m4/demo_apps/sema4_demo/sema4_mutex.c.obj
 *fill*         0x1fffb6b5        0x3 
 .rodata.__func__.8777
                0x1fffb6b8       0x11 CMakeFiles/sema4_demo.dir/home/aselsan/Desktop/GPT_BACKUP/freertos-colibri-imx7/examples/imx7_colibri_m4/demo_apps/sema4_demo/sema4_mutex.c.obj
 *fill*         0x1fffb6c9        0x3 
 .rodata.str1.4
                0x1fffb6cc       0xd4 CMakeFiles/sema4_demo.dir/home/aselsan/Desktop/GPT_BACKUP/freertos-colibri-imx7/examples/imx7_colibri_m4/demo_apps/sema4_demo/sema4_mutex.c.obj
 .rodata.str1.1
                0x1fffb7a0       0x3c /home/aselsan/Desktop/IMX7/toolchain/gcc-arm-none-eabi-4_9-2015q3/bin/../lib/gcc/arm-none-eabi/4.9.3/../../../../arm-none-eabi/lib/armv7e-m/fpu/libc_nano.a(lib_a-assert.o)
                                 0x3d (size before relaxing)
 .rodata.str1.1
                0x1fffb7dc        0x2 /home/aselsan/Desktop/IMX7/toolchain/gcc-arm-none-eabi-4_9-2015q3/bin/../lib/gcc/arm-none-eabi/4.9.3/../../../../arm-none-eabi/lib/armv7e-m/fpu/libc_nano.a(lib_a-impure.o)
 *fill*         0x1fffb7de        0x2 
 .rodata._global_impure_ptr
                0x1fffb7e0        0x4 /home/aselsan/Desktop/IMX7/toolchain/gcc-arm-none-eabi-4_9-2015q3/bin/../lib/gcc/arm-none-eabi/4.9.3/../../../../arm-none-eabi/lib/armv7e-m/fpu/libc_nano.a(lib_a-impure.o)
                0x1fffb7e0                _global_impure_ptr
 .rodata.str1.1
                0x1fffb7e4       0x11 /home/aselsan/Desktop/IMX7/toolchain/gcc-arm-none-eabi-4_9-2015q3/bin/../lib/gcc/arm-none-eabi/4.9.3/../../../../arm-none-eabi/lib/armv7e-m/fpu/libc_nano.a(lib_a-nano-vfprintf.o)
 .rodata.str1.1
                0x1fffb7f5       0x22 /home/aselsan/Desktop/IMX7/toolchain/gcc-arm-none-eabi-4_9-2015q3/bin/../lib/gcc/arm-none-eabi/4.9.3/../../../../arm-none-eabi/lib/armv7e-m/fpu/libc_nano.a(lib_a-nano-vfprintf_i.o)
 *fill*         0x1fffb817        0x1 
 .rodata.__sf_fake_stdin
                0x1fffb818       0x20 /home/aselsan/Desktop/IMX7/toolchain/gcc-arm-none-eabi-4_9-2015q3/bin/../lib/gcc/arm-none-eabi/4.9.3/../../../../arm-none-eabi/lib/armv7e-m/fpu/libc_nano.a(lib_a-findfp.o)
                0x1fffb818                __sf_fake_stdin
 .rodata.__sf_fake_stdout
                0x1fffb838       0x20 /home/aselsan/Desktop/IMX7/toolchain/gcc-arm-none-eabi-4_9-2015q3/bin/../lib/gcc/arm-none-eabi/4.9.3/../../../../arm-none-eabi/lib/armv7e-m/fpu/libc_nano.a(lib_a-findfp.o)
                0x1fffb838                __sf_fake_stdout
 .rodata.__sf_fake_stderr
                0x1fffb858       0x20 /home/aselsan/Desktop/IMX7/toolchain/gcc-arm-none-eabi-4_9-2015q3/bin/../lib/gcc/arm-none-eabi/4.9.3/../../../../arm-none-eabi/lib/armv7e-m/fpu/libc_nano.a(lib_a-findfp.o)
                0x1fffb858                __sf_fake_stderr
 *(.glue_7)
 .glue_7        0x00000000        0x0 linker stubs
 *(.glue_7t)
 .glue_7t       0x00000000        0x0 linker stubs
 *(.eh_frame)
 .eh_frame      0x1fffb878        0x0 /home/aselsan/Desktop/IMX7/toolchain/gcc-arm-none-eabi-4_9-2015q3/bin/../lib/gcc/arm-none-eabi/4.9.3/armv7e-m/fpu/crtbegin.o
 *(.init)
 .init          0x1fffb878        0x4 /home/aselsan/Desktop/IMX7/toolchain/gcc-arm-none-eabi-4_9-2015q3/bin/../lib/gcc/arm-none-eabi/4.9.3/armv7e-m/fpu/crti.o
                0x1fffb878                _init
 .init          0x1fffb87c        0x8 /home/aselsan/Desktop/IMX7/toolchain/gcc-arm-none-eabi-4_9-2015q3/bin/../lib/gcc/arm-none-eabi/4.9.3/armv7e-m/fpu/crtn.o
 *(.fini)
 .fini          0x1fffb884        0x4 /home/aselsan/Desktop/IMX7/toolchain/gcc-arm-none-eabi-4_9-2015q3/bin/../lib/gcc/arm-none-eabi/4.9.3/armv7e-m/fpu/crti.o
                0x1fffb884                _fini
 .fini          0x1fffb888        0x8 /home/aselsan/Desktop/IMX7/toolchain/gcc-arm-none-eabi-4_9-2015q3/bin/../lib/gcc/arm-none-eabi/4.9.3/armv7e-m/fpu/crtn.o
                0x1fffb890                . = ALIGN (0x4)

.vfp11_veneer   0x1fffb890        0x0
 .vfp11_veneer  0x00000000        0x0 linker stubs

.v4_bx          0x1fffb890        0x0
 .v4_bx         0x00000000        0x0 linker stubs

.iplt           0x1fffb890        0x0
 .iplt          0x00000000        0x0 /home/aselsan/Desktop/IMX7/toolchain/gcc-arm-none-eabi-4_9-2015q3/bin/../lib/gcc/arm-none-eabi/4.9.3/armv7e-m/fpu/crtbegin.o

.ARM.extab
 *(.ARM.extab* .gnu.linkonce.armextab.*)

.ARM            0x1fffb890        0x8
                0x1fffb890                __exidx_start = .
 *(.ARM.exidx*)
 .ARM.exidx     0x1fffb890        0x8 /home/aselsan/Desktop/IMX7/toolchain/gcc-arm-none-eabi-4_9-2015q3/bin/../lib/gcc/arm-none-eabi/4.9.3/../../../../arm-none-eabi/lib/armv7e-m/fpu/crt0.o
                0x1fffb898                __exidx_end = .

.rel.dyn        0x1fffb898        0x0
 .rel.iplt      0x00000000        0x0 /home/aselsan/Desktop/IMX7/toolchain/gcc-arm-none-eabi-4_9-2015q3/bin/../lib/gcc/arm-none-eabi/4.9.3/armv7e-m/fpu/crtbegin.o

.ctors          0x1fffb898        0x0
                0x1fffb898                __CTOR_LIST__ = .
 *crtbegin.o(.ctors)
 *crtbegin?.o(.ctors)
 *(EXCLUDE_FILE(*crtend.o *crtend?.o) .ctors)
 *(SORT(.ctors.*))
 *(.ctors)
                0x1fffb898                __CTOR_END__ = .

.dtors          0x1fffb898        0x0
                0x1fffb898                __DTOR_LIST__ = .
 *crtbegin.o(.dtors)
 *crtbegin?.o(.dtors)
 *(EXCLUDE_FILE(*crtend.o *crtend?.o) .dtors)
 *(SORT(.dtors.*))
 *(.dtors)
                0x1fffb898                __DTOR_END__ = .

.preinit_array  0x1fffb898        0x0
                0x1fffb898                PROVIDE (__preinit_array_start, .)
 *(.preinit_array*)
                0x1fffb898                PROVIDE (__preinit_array_end, .)

.init_array     0x1fffb898        0x4
                0x1fffb898                PROVIDE (__init_array_start, .)
 *(SORT(.init_array.*))
 *(.init_array*)
 .init_array    0x1fffb898        0x4 /home/aselsan/Desktop/IMX7/toolchain/gcc-arm-none-eabi-4_9-2015q3/bin/../lib/gcc/arm-none-eabi/4.9.3/armv7e-m/fpu/crtbegin.o
                0x1fffb89c                PROVIDE (__init_array_end, .)

.fini_array     0x1fffb89c        0x4
                0x1fffb89c                PROVIDE (__fini_array_start, .)
 *(SORT(.fini_array.*))
 *(.fini_array*)
 .fini_array    0x1fffb89c        0x4 /home/aselsan/Desktop/IMX7/toolchain/gcc-arm-none-eabi-4_9-2015q3/bin/../lib/gcc/arm-none-eabi/4.9.3/armv7e-m/fpu/crtbegin.o
                0x1fffb8a0                PROVIDE (__fini_array_end, .)

.data           0x20000000       0x70
                0x20000000                . = ALIGN (0x4)
 *(.data)
 *(.data*)
 .data.uxCriticalNesting
                0x20000000        0x4 CMakeFiles/sema4_demo.dir/home/aselsan/Desktop/GPT_BACKUP/freertos-colibri-imx7/rtos/FreeRTOS/Source/portable/GCC/ARM_CM4F/port.c.obj
 .data.xFreeBytesRemaining
                0x20000004        0x4 CMakeFiles/sema4_demo.dir/home/aselsan/Desktop/GPT_BACKUP/freertos-colibri-imx7/rtos/FreeRTOS/Source/portable/MemMang/heap_2.c.obj
 .data.impure_data
                0x20000008       0x60 /home/aselsan/Desktop/IMX7/toolchain/gcc-arm-none-eabi-4_9-2015q3/bin/../lib/gcc/arm-none-eabi/4.9.3/../../../../arm-none-eabi/lib/armv7e-m/fpu/libc_nano.a(lib_a-impure.o)
 .data._impure_ptr
                0x20000068        0x4 /home/aselsan/Desktop/IMX7/toolchain/gcc-arm-none-eabi-4_9-2015q3/bin/../lib/gcc/arm-none-eabi/4.9.3/../../../../arm-none-eabi/lib/armv7e-m/fpu/libc_nano.a(lib_a-impure.o)
                0x20000068                _impure_ptr
 *(.jcr*)
 .jcr           0x2000006c        0x0 /home/aselsan/Desktop/IMX7/toolchain/gcc-arm-none-eabi-4_9-2015q3/bin/../lib/gcc/arm-none-eabi/4.9.3/armv7e-m/fpu/crtbegin.o
 .jcr           0x2000006c        0x4 /home/aselsan/Desktop/IMX7/toolchain/gcc-arm-none-eabi-4_9-2015q3/bin/../lib/gcc/arm-none-eabi/4.9.3/armv7e-m/fpu/crtend.o
                0x20000070                . = ALIGN (0x4)

.igot.plt       0x20000070        0x0
 .igot.plt      0x00000000        0x0 /home/aselsan/Desktop/IMX7/toolchain/gcc-arm-none-eabi-4_9-2015q3/bin/../lib/gcc/arm-none-eabi/4.9.3/armv7e-m/fpu/crtbegin.o

.bss            0x20000070     0x51c8
                0x20000070                . = ALIGN (0x4)
                0x20000070                __START_BSS = .
                0x20000070                __bss_start__ = .
 *(.bss)
 .bss           0x20000070       0x1c /home/aselsan/Desktop/IMX7/toolchain/gcc-arm-none-eabi-4_9-2015q3/bin/../lib/gcc/arm-none-eabi/4.9.3/armv7e-m/fpu/crtbegin.o
 *(.bss*)
 .bss.s_debugConsole
                0x2000008c       0x10 CMakeFiles/sema4_demo.dir/home/aselsan/Desktop/GPT_BACKUP/freertos-colibri-imx7/platform/utilities/src/debug_console_imx.c.obj
 .bss.ucMaxSysCallPriority
                0x2000009c        0x1 CMakeFiles/sema4_demo.dir/home/aselsan/Desktop/GPT_BACKUP/freertos-colibri-imx7/rtos/FreeRTOS/Source/portable/GCC/ARM_CM4F/port.c.obj
 *fill*         0x2000009d        0x3 
 .bss.ulMaxPRIGROUPValue
                0x200000a0        0x4 CMakeFiles/sema4_demo.dir/home/aselsan/Desktop/GPT_BACKUP/freertos-colibri-imx7/rtos/FreeRTOS/Source/portable/GCC/ARM_CM4F/port.c.obj
 .bss.xHeapHasBeenInitialised.4537
                0x200000a4        0x4 CMakeFiles/sema4_demo.dir/home/aselsan/Desktop/GPT_BACKUP/freertos-colibri-imx7/rtos/FreeRTOS/Source/portable/MemMang/heap_2.c.obj
 .bss.xStart    0x200000a8        0x8 CMakeFiles/sema4_demo.dir/home/aselsan/Desktop/GPT_BACKUP/freertos-colibri-imx7/rtos/FreeRTOS/Source/portable/MemMang/heap_2.c.obj
 .bss.ucHeap    0x200000b0     0x5000 CMakeFiles/sema4_demo.dir/home/aselsan/Desktop/GPT_BACKUP/freertos-colibri-imx7/rtos/FreeRTOS/Source/portable/MemMang/heap_2.c.obj
 .bss.xEnd      0x200050b0        0x8 CMakeFiles/sema4_demo.dir/home/aselsan/Desktop/GPT_BACKUP/freertos-colibri-imx7/rtos/FreeRTOS/Source/portable/MemMang/heap_2.c.obj
 .bss.pxDelayedTaskList
                0x200050b8        0x4 CMakeFiles/sema4_demo.dir/home/aselsan/Desktop/GPT_BACKUP/freertos-colibri-imx7/rtos/FreeRTOS/Source/tasks.c.obj
 .bss.xSchedulerRunning
                0x200050bc        0x4 CMakeFiles/sema4_demo.dir/home/aselsan/Desktop/GPT_BACKUP/freertos-colibri-imx7/rtos/FreeRTOS/Source/tasks.c.obj
 .bss.xNumOfOverflows
                0x200050c0        0x4 CMakeFiles/sema4_demo.dir/home/aselsan/Desktop/GPT_BACKUP/freertos-colibri-imx7/rtos/FreeRTOS/Source/tasks.c.obj
 .bss.pxOverflowDelayedTaskList
                0x200050c4        0x4 CMakeFiles/sema4_demo.dir/home/aselsan/Desktop/GPT_BACKUP/freertos-colibri-imx7/rtos/FreeRTOS/Source/tasks.c.obj
 .bss.uxPendedTicks
                0x200050c8        0x4 CMakeFiles/sema4_demo.dir/home/aselsan/Desktop/GPT_BACKUP/freertos-colibri-imx7/rtos/FreeRTOS/Source/tasks.c.obj
 .bss.pxReadyTasksLists
                0x200050cc       0x64 CMakeFiles/sema4_demo.dir/home/aselsan/Desktop/GPT_BACKUP/freertos-colibri-imx7/rtos/FreeRTOS/Source/tasks.c.obj
 .bss.uxSchedulerSuspended
                0x20005130        0x4 CMakeFiles/sema4_demo.dir/home/aselsan/Desktop/GPT_BACKUP/freertos-colibri-imx7/rtos/FreeRTOS/Source/tasks.c.obj
 .bss.uxCurrentNumberOfTasks
                0x20005134        0x4 CMakeFiles/sema4_demo.dir/home/aselsan/Desktop/GPT_BACKUP/freertos-colibri-imx7/rtos/FreeRTOS/Source/tasks.c.obj
 .bss.pxCurrentTCB
                0x20005138        0x4 CMakeFiles/sema4_demo.dir/home/aselsan/Desktop/GPT_BACKUP/freertos-colibri-imx7/rtos/FreeRTOS/Source/tasks.c.obj
                0x20005138                pxCurrentTCB
 .bss.xPendingReadyList
                0x2000513c       0x14 CMakeFiles/sema4_demo.dir/home/aselsan/Desktop/GPT_BACKUP/freertos-colibri-imx7/rtos/FreeRTOS/Source/tasks.c.obj
 .bss.xTickCount
                0x20005150        0x4 CMakeFiles/sema4_demo.dir/home/aselsan/Desktop/GPT_BACKUP/freertos-colibri-imx7/rtos/FreeRTOS/Source/tasks.c.obj
 .bss.xNextTaskUnblockTime
                0x20005154        0x4 CMakeFiles/sema4_demo.dir/home/aselsan/Desktop/GPT_BACKUP/freertos-colibri-imx7/rtos/FreeRTOS/Source/tasks.c.obj
 .bss.uxTaskNumber
                0x20005158        0x4 CMakeFiles/sema4_demo.dir/home/aselsan/Desktop/GPT_BACKUP/freertos-colibri-imx7/rtos/FreeRTOS/Source/tasks.c.obj
 .bss.xDelayedTaskList1
                0x2000515c       0x14 CMakeFiles/sema4_demo.dir/home/aselsan/Desktop/GPT_BACKUP/freertos-colibri-imx7/rtos/FreeRTOS/Source/tasks.c.obj
 .bss.xDelayedTaskList2
                0x20005170       0x14 CMakeFiles/sema4_demo.dir/home/aselsan/Desktop/GPT_BACKUP/freertos-colibri-imx7/rtos/FreeRTOS/Source/tasks.c.obj
 .bss.xSuspendedTaskList
                0x20005184       0x14 CMakeFiles/sema4_demo.dir/home/aselsan/Desktop/GPT_BACKUP/freertos-colibri-imx7/rtos/FreeRTOS/Source/tasks.c.obj
 .bss.uxTopReadyPriority
                0x20005198        0x4 CMakeFiles/sema4_demo.dir/home/aselsan/Desktop/GPT_BACKUP/freertos-colibri-imx7/rtos/FreeRTOS/Source/tasks.c.obj
 .bss.xYieldPending
                0x2000519c        0x4 CMakeFiles/sema4_demo.dir/home/aselsan/Desktop/GPT_BACKUP/freertos-colibri-imx7/rtos/FreeRTOS/Source/tasks.c.obj
 .bss.mehmet    0x200051a0        0x4 CMakeFiles/sema4_demo.dir/home/aselsan/Desktop/GPT_BACKUP/freertos-colibri-imx7/examples/imx7_colibri_m4/demo_apps/sema4_demo/sema4_mutex.c.obj
 .bss.recursiveDepth
                0x200051a4       0x40 CMakeFiles/sema4_demo.dir/home/aselsan/Desktop/GPT_BACKUP/freertos-colibri-imx7/examples/imx7_colibri_m4/demo_apps/sema4_demo/sema4_mutex.c.obj
 .bss.nvicInit  0x200051e4        0x1 CMakeFiles/sema4_demo.dir/home/aselsan/Desktop/GPT_BACKUP/freertos-colibri-imx7/examples/imx7_colibri_m4/demo_apps/sema4_demo/sema4_mutex.c.obj
 *fill*         0x200051e5        0x3 
 .bss.xSemaphore
                0x200051e8       0x40 CMakeFiles/sema4_demo.dir/home/aselsan/Desktop/GPT_BACKUP/freertos-colibri-imx7/examples/imx7_colibri_m4/demo_apps/sema4_demo/sema4_mutex.c.obj
 .bss.__malloc_sbrk_start
                0x20005228        0x4 /home/aselsan/Desktop/IMX7/toolchain/gcc-arm-none-eabi-4_9-2015q3/bin/../lib/gcc/arm-none-eabi/4.9.3/../../../../arm-none-eabi/lib/armv7e-m/fpu/libc_nano.a(lib_a-nano-mallocr.o)
                0x20005228                __malloc_sbrk_start
 .bss.__malloc_free_list
                0x2000522c        0x4 /home/aselsan/Desktop/IMX7/toolchain/gcc-arm-none-eabi-4_9-2015q3/bin/../lib/gcc/arm-none-eabi/4.9.3/../../../../arm-none-eabi/lib/armv7e-m/fpu/libc_nano.a(lib_a-nano-mallocr.o)
                0x2000522c                __malloc_free_list
 .bss.heap_end.4079
                0x20005230        0x4 /home/aselsan/Desktop/IMX7/toolchain/gcc-arm-none-eabi-4_9-2015q3/bin/../lib/gcc/arm-none-eabi/4.9.3/../../../../arm-none-eabi/lib/armv7e-m/fpu/libnosys.a(sbrk.o)
 *(COMMON)
 COMMON         0x20005234        0x4 /home/aselsan/Desktop/IMX7/toolchain/gcc-arm-none-eabi-4_9-2015q3/bin/../lib/gcc/arm-none-eabi/4.9.3/../../../../arm-none-eabi/lib/armv7e-m/fpu/libc_nano.a(lib_a-reent.o)
                0x20005234                errno
                0x20005238                . = ALIGN (0x4)
                0x20005238                __bss_end__ = .
                0x20005238                __END_BSS = .

.heap           0x20005238      0x200
                0x20005238                . = ALIGN (0x8)
                0x20005238                __end__ = .
                0x20005238                PROVIDE (end, .)
                0x20005238                __HeapBase = .
                0x20005438                . = (. + HEAP_SIZE)
 *fill*         0x20005238      0x200 
                0x20005438                __HeapLimit = .

.stack          0x20005438      0x400
                0x20005438                . = ALIGN (0x8)
                0x20005838                . = (. + STACK_SIZE)
 *fill*         0x20005438      0x400 
                0x20008000                __StackTop = (ORIGIN (m_data) + 0x8000)
                0x20007c00                __StackLimit = (__StackTop - STACK_SIZE)
                0x20008000                PROVIDE (__stack, __StackTop)

.ARM.attributes
                0x00000000       0x30
 *(.ARM.attributes)
 .ARM.attributes
                0x00000000       0x22 /home/aselsan/Desktop/IMX7/toolchain/gcc-arm-none-eabi-4_9-2015q3/bin/../lib/gcc/arm-none-eabi/4.9.3/armv7e-m/fpu/crti.o
 .ARM.attributes
                0x00000022       0x34 /home/aselsan/Desktop/IMX7/toolchain/gcc-arm-none-eabi-4_9-2015q3/bin/../lib/gcc/arm-none-eabi/4.9.3/armv7e-m/fpu/crtbegin.o
 .ARM.attributes
                0x00000056       0x20 /home/aselsan/Desktop/IMX7/toolchain/gcc-arm-none-eabi-4_9-2015q3/bin/../lib/gcc/arm-none-eabi/4.9.3/../../../../arm-none-eabi/lib/armv7e-m/fpu/crt0.o
 .ARM.attributes
                0x00000076       0x1f CMakeFiles/sema4_demo.dir/home/aselsan/Desktop/GPT_BACKUP/freertos-colibri-imx7/platform/devices/MCIMX7D/startup/gcc/startup_MCIMX7D_M4.S.obj
 .ARM.attributes
                0x00000095       0x39 CMakeFiles/sema4_demo.dir/home/aselsan/Desktop/GPT_BACKUP/freertos-colibri-imx7/platform/devices/MCIMX7D/startup/system_MCIMX7D_M4.c.obj
 .ARM.attributes
                0x000000ce       0x39 CMakeFiles/sema4_demo.dir/home/aselsan/Desktop/GPT_BACKUP/freertos-colibri-imx7/platform/drivers/src/ccm_analog_imx7d.c.obj
 .ARM.attributes
                0x00000107       0x39 CMakeFiles/sema4_demo.dir/home/aselsan/Desktop/GPT_BACKUP/freertos-colibri-imx7/platform/drivers/src/ccm_imx7d.c.obj
 .ARM.attributes
                0x00000140       0x39 CMakeFiles/sema4_demo.dir/home/aselsan/Desktop/GPT_BACKUP/freertos-colibri-imx7/platform/drivers/src/sema4.c.obj
 .ARM.attributes
                0x00000179       0x39 CMakeFiles/sema4_demo.dir/home/aselsan/Desktop/GPT_BACKUP/freertos-colibri-imx7/platform/drivers/src/uart_imx.c.obj
 .ARM.attributes
                0x000001b2       0x39 CMakeFiles/sema4_demo.dir/home/aselsan/Desktop/GPT_BACKUP/freertos-colibri-imx7/platform/utilities/src/debug_console_imx.c.obj
 .ARM.attributes
                0x000001eb       0x39 CMakeFiles/sema4_demo.dir/home/aselsan/Desktop/GPT_BACKUP/freertos-colibri-imx7/platform/utilities/src/print_scan.c.obj
 .ARM.attributes
                0x00000224       0x39 CMakeFiles/sema4_demo.dir/home/aselsan/Desktop/GPT_BACKUP/freertos-colibri-imx7/rtos/FreeRTOS/Source/list.c.obj
 .ARM.attributes
                0x0000025d       0x39 CMakeFiles/sema4_demo.dir/home/aselsan/Desktop/GPT_BACKUP/freertos-colibri-imx7/rtos/FreeRTOS/Source/portable/GCC/ARM_CM4F/port.c.obj
 .ARM.attributes
                0x00000296       0x39 CMakeFiles/sema4_demo.dir/home/aselsan/Desktop/GPT_BACKUP/freertos-colibri-imx7/rtos/FreeRTOS/Source/portable/MemMang/heap_2.c.obj
 .ARM.attributes
                0x000002cf       0x39 CMakeFiles/sema4_demo.dir/home/aselsan/Desktop/GPT_BACKUP/freertos-colibri-imx7/rtos/FreeRTOS/Source/queue.c.obj
 .ARM.attributes
                0x00000308       0x39 CMakeFiles/sema4_demo.dir/home/aselsan/Desktop/GPT_BACKUP/freertos-colibri-imx7/rtos/FreeRTOS/Source/tasks.c.obj
 .ARM.attributes
                0x00000341       0x39 CMakeFiles/sema4_demo.dir/home/aselsan/Desktop/GPT_BACKUP/freertos-colibri-imx7/examples/imx7_colibri_m4/board.c.obj
 .ARM.attributes
                0x0000037a       0x39 CMakeFiles/sema4_demo.dir/home/aselsan/Desktop/GPT_BACKUP/freertos-colibri-imx7/examples/imx7_colibri_m4/clock_freq.c.obj
 .ARM.attributes
                0x000003b3       0x39 CMakeFiles/sema4_demo.dir/home/aselsan/Desktop/GPT_BACKUP/freertos-colibri-imx7/examples/imx7_colibri_m4/pin_mux.c.obj
 .ARM.attributes
                0x000003ec       0x39 CMakeFiles/sema4_demo.dir/home/aselsan/Desktop/GPT_BACKUP/freertos-colibri-imx7/examples/imx7_colibri_m4/demo_apps/sema4_demo/hardware_init.c.obj
 .ARM.attributes
                0x00000425       0x39 CMakeFiles/sema4_demo.dir/home/aselsan/Desktop/GPT_BACKUP/freertos-colibri-imx7/examples/imx7_colibri_m4/demo_apps/sema4_demo/main.c.obj
 .ARM.attributes
                0x0000045e       0x39 CMakeFiles/sema4_demo.dir/home/aselsan/Desktop/GPT_BACKUP/freertos-colibri-imx7/examples/imx7_colibri_m4/demo_apps/sema4_demo/sema4_mutex.c.obj
 .ARM.attributes
                0x00000497       0x34 /home/aselsan/Desktop/IMX7/toolchain/gcc-arm-none-eabi-4_9-2015q3/bin/../lib/gcc/arm-none-eabi/4.9.3/../../../../arm-none-eabi/lib/armv7e-m/fpu/libc_nano.a(lib_a-assert.o)
 .ARM.attributes
                0x000004cb       0x34 /home/aselsan/Desktop/IMX7/toolchain/gcc-arm-none-eabi-4_9-2015q3/bin/../lib/gcc/arm-none-eabi/4.9.3/../../../../arm-none-eabi/lib/armv7e-m/fpu/libc_nano.a(lib_a-exit.o)
 .ARM.attributes
                0x000004ff       0x34 /home/aselsan/Desktop/IMX7/toolchain/gcc-arm-none-eabi-4_9-2015q3/bin/../lib/gcc/arm-none-eabi/4.9.3/../../../../arm-none-eabi/lib/armv7e-m/fpu/libc_nano.a(lib_a-fprintf.o)
 .ARM.attributes
                0x00000533       0x34 /home/aselsan/Desktop/IMX7/toolchain/gcc-arm-none-eabi-4_9-2015q3/bin/../lib/gcc/arm-none-eabi/4.9.3/../../../../arm-none-eabi/lib/armv7e-m/fpu/libc_nano.a(lib_a-impure.o)
 .ARM.attributes
                0x00000567       0x34 /home/aselsan/Desktop/IMX7/toolchain/gcc-arm-none-eabi-4_9-2015q3/bin/../lib/gcc/arm-none-eabi/4.9.3/../../../../arm-none-eabi/lib/armv7e-m/fpu/libc_nano.a(lib_a-init.o)
 .ARM.attributes
                0x0000059b       0x34 /home/aselsan/Desktop/IMX7/toolchain/gcc-arm-none-eabi-4_9-2015q3/bin/../lib/gcc/arm-none-eabi/4.9.3/../../../../arm-none-eabi/lib/armv7e-m/fpu/libc_nano.a(lib_a-memcpy.o)
 .ARM.attributes
                0x000005cf       0x34 /home/aselsan/Desktop/IMX7/toolchain/gcc-arm-none-eabi-4_9-2015q3/bin/../lib/gcc/arm-none-eabi/4.9.3/../../../../arm-none-eabi/lib/armv7e-m/fpu/libc_nano.a(lib_a-memset.o)
 .ARM.attributes
                0x00000603       0x34 /home/aselsan/Desktop/IMX7/toolchain/gcc-arm-none-eabi-4_9-2015q3/bin/../lib/gcc/arm-none-eabi/4.9.3/../../../../arm-none-eabi/lib/armv7e-m/fpu/libc_nano.a(lib_a-nano-vfprintf.o)
 .ARM.attributes
                0x00000637       0x34 /home/aselsan/Desktop/IMX7/toolchain/gcc-arm-none-eabi-4_9-2015q3/bin/../lib/gcc/arm-none-eabi/4.9.3/../../../../arm-none-eabi/lib/armv7e-m/fpu/libc_nano.a(lib_a-nano-vfprintf_i.o)
 .ARM.attributes
                0x0000066b       0x34 /home/aselsan/Desktop/IMX7/toolchain/gcc-arm-none-eabi-4_9-2015q3/bin/../lib/gcc/arm-none-eabi/4.9.3/../../../../arm-none-eabi/lib/armv7e-m/fpu/libc_nano.a(lib_a-strlen.o)
 .ARM.attributes
                0x0000069f       0x34 /home/aselsan/Desktop/IMX7/toolchain/gcc-arm-none-eabi-4_9-2015q3/bin/../lib/gcc/arm-none-eabi/4.9.3/../../../../arm-none-eabi/lib/armv7e-m/fpu/libc_nano.a(lib_a-wbuf.o)
 .ARM.attributes
                0x000006d3       0x34 /home/aselsan/Desktop/IMX7/toolchain/gcc-arm-none-eabi-4_9-2015q3/bin/../lib/gcc/arm-none-eabi/4.9.3/../../../../arm-none-eabi/lib/armv7e-m/fpu/libc_nano.a(lib_a-wsetup.o)
 .ARM.attributes
                0x00000707       0x34 /home/aselsan/Desktop/IMX7/toolchain/gcc-arm-none-eabi-4_9-2015q3/bin/../lib/gcc/arm-none-eabi/4.9.3/../../../../arm-none-eabi/lib/armv7e-m/fpu/libc_nano.a(lib_a-abort.o)
 .ARM.attributes
                0x0000073b       0x34 /home/aselsan/Desktop/IMX7/toolchain/gcc-arm-none-eabi-4_9-2015q3/bin/../lib/gcc/arm-none-eabi/4.9.3/../../../../arm-none-eabi/lib/armv7e-m/fpu/libc_nano.a(lib_a-fflush.o)
 .ARM.attributes
                0x0000076f       0x34 /home/aselsan/Desktop/IMX7/toolchain/gcc-arm-none-eabi-4_9-2015q3/bin/../lib/gcc/arm-none-eabi/4.9.3/../../../../arm-none-eabi/lib/armv7e-m/fpu/libc_nano.a(lib_a-findfp.o)
 .ARM.attributes
                0x000007a3       0x34 /home/aselsan/Desktop/IMX7/toolchain/gcc-arm-none-eabi-4_9-2015q3/bin/../lib/gcc/arm-none-eabi/4.9.3/../../../../arm-none-eabi/lib/armv7e-m/fpu/libc_nano.a(lib_a-fwalk.o)
 .ARM.attributes
                0x000007d7       0x34 /home/aselsan/Desktop/IMX7/toolchain/gcc-arm-none-eabi-4_9-2015q3/bin/../lib/gcc/arm-none-eabi/4.9.3/../../../../arm-none-eabi/lib/armv7e-m/fpu/libc_nano.a(lib_a-makebuf.o)
 .ARM.attributes
                0x0000080b       0x34 /home/aselsan/Desktop/IMX7/toolchain/gcc-arm-none-eabi-4_9-2015q3/bin/../lib/gcc/arm-none-eabi/4.9.3/../../../../arm-none-eabi/lib/armv7e-m/fpu/libc_nano.a(lib_a-memchr.o)
 .ARM.attributes
                0x0000083f       0x34 /home/aselsan/Desktop/IMX7/toolchain/gcc-arm-none-eabi-4_9-2015q3/bin/../lib/gcc/arm-none-eabi/4.9.3/../../../../arm-none-eabi/lib/armv7e-m/fpu/libc_nano.a(lib_a-nano-freer.o)
 .ARM.attributes
                0x00000873       0x34 /home/aselsan/Desktop/IMX7/toolchain/gcc-arm-none-eabi-4_9-2015q3/bin/../lib/gcc/arm-none-eabi/4.9.3/../../../../arm-none-eabi/lib/armv7e-m/fpu/libc_nano.a(lib_a-nano-mallocr.o)
 .ARM.attributes
                0x000008a7       0x34 /home/aselsan/Desktop/IMX7/toolchain/gcc-arm-none-eabi-4_9-2015q3/bin/../lib/gcc/arm-none-eabi/4.9.3/../../../../arm-none-eabi/lib/armv7e-m/fpu/libc_nano.a(lib_a-sbrkr.o)
 .ARM.attributes
                0x000008db       0x34 /home/aselsan/Desktop/IMX7/toolchain/gcc-arm-none-eabi-4_9-2015q3/bin/../lib/gcc/arm-none-eabi/4.9.3/../../../../arm-none-eabi/lib/armv7e-m/fpu/libc_nano.a(lib_a-signal.o)
 .ARM.attributes
                0x0000090f       0x34 /home/aselsan/Desktop/IMX7/toolchain/gcc-arm-none-eabi-4_9-2015q3/bin/../lib/gcc/arm-none-eabi/4.9.3/../../../../arm-none-eabi/lib/armv7e-m/fpu/libc_nano.a(lib_a-signalr.o)
 .ARM.attributes
                0x00000943       0x34 /home/aselsan/Desktop/IMX7/toolchain/gcc-arm-none-eabi-4_9-2015q3/bin/../lib/gcc/arm-none-eabi/4.9.3/../../../../arm-none-eabi/lib/armv7e-m/fpu/libc_nano.a(lib_a-stdio.o)
 .ARM.attributes
                0x00000977       0x34 /home/aselsan/Desktop/IMX7/toolchain/gcc-arm-none-eabi-4_9-2015q3/bin/../lib/gcc/arm-none-eabi/4.9.3/../../../../arm-none-eabi/lib/armv7e-m/fpu/libc_nano.a(lib_a-writer.o)
 .ARM.attributes
                0x000009ab       0x34 /home/aselsan/Desktop/IMX7/toolchain/gcc-arm-none-eabi-4_9-2015q3/bin/../lib/gcc/arm-none-eabi/4.9.3/../../../../arm-none-eabi/lib/armv7e-m/fpu/libc_nano.a(lib_a-closer.o)
 .ARM.attributes
                0x000009df       0x34 /home/aselsan/Desktop/IMX7/toolchain/gcc-arm-none-eabi-4_9-2015q3/bin/../lib/gcc/arm-none-eabi/4.9.3/../../../../arm-none-eabi/lib/armv7e-m/fpu/libc_nano.a(lib_a-fstatr.o)
 .ARM.attributes
                0x00000a13       0x34 /home/aselsan/Desktop/IMX7/toolchain/gcc-arm-none-eabi-4_9-2015q3/bin/../lib/gcc/arm-none-eabi/4.9.3/../../../../arm-none-eabi/lib/armv7e-m/fpu/libc_nano.a(lib_a-isattyr.o)
 .ARM.attributes
                0x00000a47       0x34 /home/aselsan/Desktop/IMX7/toolchain/gcc-arm-none-eabi-4_9-2015q3/bin/../lib/gcc/arm-none-eabi/4.9.3/../../../../arm-none-eabi/lib/armv7e-m/fpu/libc_nano.a(lib_a-lseekr.o)
 .ARM.attributes
                0x00000a7b       0x34 /home/aselsan/Desktop/IMX7/toolchain/gcc-arm-none-eabi-4_9-2015q3/bin/../lib/gcc/arm-none-eabi/4.9.3/../../../../arm-none-eabi/lib/armv7e-m/fpu/libc_nano.a(lib_a-readr.o)
 .ARM.attributes
                0x00000aaf       0x34 /home/aselsan/Desktop/IMX7/toolchain/gcc-arm-none-eabi-4_9-2015q3/bin/../lib/gcc/arm-none-eabi/4.9.3/../../../../arm-none-eabi/lib/armv7e-m/fpu/libc_nano.a(lib_a-reent.o)
 .ARM.attributes
                0x00000ae3       0x34 /home/aselsan/Desktop/IMX7/toolchain/gcc-arm-none-eabi-4_9-2015q3/bin/../lib/gcc/arm-none-eabi/4.9.3/../../../../arm-none-eabi/lib/armv7e-m/fpu/libnosys.a(close.o)
 .ARM.attributes
                0x00000b17       0x34 /home/aselsan/Desktop/IMX7/toolchain/gcc-arm-none-eabi-4_9-2015q3/bin/../lib/gcc/arm-none-eabi/4.9.3/../../../../arm-none-eabi/lib/armv7e-m/fpu/libnosys.a(fstat.o)
 .ARM.attributes
                0x00000b4b       0x34 /home/aselsan/Desktop/IMX7/toolchain/gcc-arm-none-eabi-4_9-2015q3/bin/../lib/gcc/arm-none-eabi/4.9.3/../../../../arm-none-eabi/lib/armv7e-m/fpu/libnosys.a(getpid.o)
 .ARM.attributes
                0x00000b7f       0x34 /home/aselsan/Desktop/IMX7/toolchain/gcc-arm-none-eabi-4_9-2015q3/bin/../lib/gcc/arm-none-eabi/4.9.3/../../../../arm-none-eabi/lib/armv7e-m/fpu/libnosys.a(isatty.o)
 .ARM.attributes
                0x00000bb3       0x34 /home/aselsan/Desktop/IMX7/toolchain/gcc-arm-none-eabi-4_9-2015q3/bin/../lib/gcc/arm-none-eabi/4.9.3/../../../../arm-none-eabi/lib/armv7e-m/fpu/libnosys.a(kill.o)
 .ARM.attributes
                0x00000be7       0x34 /home/aselsan/Desktop/IMX7/toolchain/gcc-arm-none-eabi-4_9-2015q3/bin/../lib/gcc/arm-none-eabi/4.9.3/../../../../arm-none-eabi/lib/armv7e-m/fpu/libnosys.a(lseek.o)
 .ARM.attributes
                0x00000c1b       0x34 /home/aselsan/Desktop/IMX7/toolchain/gcc-arm-none-eabi-4_9-2015q3/bin/../lib/gcc/arm-none-eabi/4.9.3/../../../../arm-none-eabi/lib/armv7e-m/fpu/libnosys.a(sbrk.o)
 .ARM.attributes
                0x00000c4f       0x34 /home/aselsan/Desktop/IMX7/toolchain/gcc-arm-none-eabi-4_9-2015q3/bin/../lib/gcc/arm-none-eabi/4.9.3/../../../../arm-none-eabi/lib/armv7e-m/fpu/libnosys.a(_exit.o)
 .ARM.attributes
                0x00000c83       0x34 /home/aselsan/Desktop/IMX7/toolchain/gcc-arm-none-eabi-4_9-2015q3/bin/../lib/gcc/arm-none-eabi/4.9.3/armv7e-m/fpu/crtend.o
 .ARM.attributes
                0x00000cb7       0x22 /home/aselsan/Desktop/IMX7/toolchain/gcc-arm-none-eabi-4_9-2015q3/bin/../lib/gcc/arm-none-eabi/4.9.3/armv7e-m/fpu/crtn.o
                0x00000001                ASSERT ((__StackLimit >= __HeapLimit), region m_data overflowed with stack and heap)
OUTPUT(sema4_demo.elf elf32-littlearm)

.debug_line     0x00000000     0x5418
 .debug_line    0x00000000       0xb0 CMakeFiles/sema4_demo.dir/home/aselsan/Desktop/GPT_BACKUP/freertos-colibri-imx7/platform/devices/MCIMX7D/startup/gcc/startup_MCIMX7D_M4.S.obj
 .debug_line    0x000000b0      0x32b CMakeFiles/sema4_demo.dir/home/aselsan/Desktop/GPT_BACKUP/freertos-colibri-imx7/platform/devices/MCIMX7D/startup/system_MCIMX7D_M4.c.obj
 .debug_line    0x000003db      0x48c CMakeFiles/sema4_demo.dir/home/aselsan/Desktop/GPT_BACKUP/freertos-colibri-imx7/platform/drivers/src/ccm_analog_imx7d.c.obj
 .debug_line    0x00000867      0x305 CMakeFiles/sema4_demo.dir/home/aselsan/Desktop/GPT_BACKUP/freertos-colibri-imx7/platform/drivers/src/ccm_imx7d.c.obj
 .debug_line    0x00000b6c      0x438 CMakeFiles/sema4_demo.dir/home/aselsan/Desktop/GPT_BACKUP/freertos-colibri-imx7/platform/drivers/src/sema4.c.obj
 .debug_line    0x00000fa4      0x5b4 CMakeFiles/sema4_demo.dir/home/aselsan/Desktop/GPT_BACKUP/freertos-colibri-imx7/platform/drivers/src/uart_imx.c.obj
 .debug_line    0x00001558      0x50e CMakeFiles/sema4_demo.dir/home/aselsan/Desktop/GPT_BACKUP/freertos-colibri-imx7/platform/utilities/src/debug_console_imx.c.obj
 .debug_line    0x00001a66      0x489 CMakeFiles/sema4_demo.dir/home/aselsan/Desktop/GPT_BACKUP/freertos-colibri-imx7/platform/utilities/src/print_scan.c.obj
 .debug_line    0x00001eef      0x2bd CMakeFiles/sema4_demo.dir/home/aselsan/Desktop/GPT_BACKUP/freertos-colibri-imx7/rtos/FreeRTOS/Source/list.c.obj
 .debug_line    0x000021ac      0x42b CMakeFiles/sema4_demo.dir/home/aselsan/Desktop/GPT_BACKUP/freertos-colibri-imx7/rtos/FreeRTOS/Source/portable/GCC/ARM_CM4F/port.c.obj
 .debug_line    0x000025d7      0x307 CMakeFiles/sema4_demo.dir/home/aselsan/Desktop/GPT_BACKUP/freertos-colibri-imx7/rtos/FreeRTOS/Source/portable/MemMang/heap_2.c.obj
 .debug_line    0x000028de      0x86b CMakeFiles/sema4_demo.dir/home/aselsan/Desktop/GPT_BACKUP/freertos-colibri-imx7/rtos/FreeRTOS/Source/queue.c.obj
 .debug_line    0x00003149      0x98a CMakeFiles/sema4_demo.dir/home/aselsan/Desktop/GPT_BACKUP/freertos-colibri-imx7/rtos/FreeRTOS/Source/tasks.c.obj
 .debug_line    0x00003ad3      0x3de CMakeFiles/sema4_demo.dir/home/aselsan/Desktop/GPT_BACKUP/freertos-colibri-imx7/examples/imx7_colibri_m4/board.c.obj
 .debug_line    0x00003eb1      0x435 CMakeFiles/sema4_demo.dir/home/aselsan/Desktop/GPT_BACKUP/freertos-colibri-imx7/examples/imx7_colibri_m4/clock_freq.c.obj
 .debug_line    0x000042e6      0x2c0 CMakeFiles/sema4_demo.dir/home/aselsan/Desktop/GPT_BACKUP/freertos-colibri-imx7/examples/imx7_colibri_m4/pin_mux.c.obj
 .debug_line    0x000045a6      0x3b1 CMakeFiles/sema4_demo.dir/home/aselsan/Desktop/GPT_BACKUP/freertos-colibri-imx7/examples/imx7_colibri_m4/demo_apps/sema4_demo/hardware_init.c.obj
 .debug_line    0x00004957      0x498 CMakeFiles/sema4_demo.dir/home/aselsan/Desktop/GPT_BACKUP/freertos-colibri-imx7/examples/imx7_colibri_m4/demo_apps/sema4_demo/main.c.obj
 .debug_line    0x00004def      0x629 CMakeFiles/sema4_demo.dir/home/aselsan/Desktop/GPT_BACKUP/freertos-colibri-imx7/examples/imx7_colibri_m4/demo_apps/sema4_demo/sema4_mutex.c.obj

.debug_info     0x00000000     0xe80a
 .debug_info    0x00000000      0x10b CMakeFiles/sema4_demo.dir/home/aselsan/Desktop/GPT_BACKUP/freertos-colibri-imx7/platform/devices/MCIMX7D/startup/gcc/startup_MCIMX7D_M4.S.obj
 .debug_info    0x0000010b      0xa1b CMakeFiles/sema4_demo.dir/home/aselsan/Desktop/GPT_BACKUP/freertos-colibri-imx7/platform/devices/MCIMX7D/startup/system_MCIMX7D_M4.c.obj
 .debug_info    0x00000b26      0x7f7 CMakeFiles/sema4_demo.dir/home/aselsan/Desktop/GPT_BACKUP/freertos-colibri-imx7/platform/drivers/src/ccm_analog_imx7d.c.obj
 .debug_info    0x0000131d      0x5cc CMakeFiles/sema4_demo.dir/home/aselsan/Desktop/GPT_BACKUP/freertos-colibri-imx7/platform/drivers/src/ccm_imx7d.c.obj
 .debug_info    0x000018e9      0x809 CMakeFiles/sema4_demo.dir/home/aselsan/Desktop/GPT_BACKUP/freertos-colibri-imx7/platform/drivers/src/sema4.c.obj
 .debug_info    0x000020f2      0xae6 CMakeFiles/sema4_demo.dir/home/aselsan/Desktop/GPT_BACKUP/freertos-colibri-imx7/platform/drivers/src/uart_imx.c.obj
 .debug_info    0x00002bd8      0xae8 CMakeFiles/sema4_demo.dir/home/aselsan/Desktop/GPT_BACKUP/freertos-colibri-imx7/platform/utilities/src/debug_console_imx.c.obj
 .debug_info    0x000036c0      0xa85 CMakeFiles/sema4_demo.dir/home/aselsan/Desktop/GPT_BACKUP/freertos-colibri-imx7/platform/utilities/src/print_scan.c.obj
 .debug_info    0x00004145      0x28b CMakeFiles/sema4_demo.dir/home/aselsan/Desktop/GPT_BACKUP/freertos-colibri-imx7/rtos/FreeRTOS/Source/list.c.obj
 .debug_info    0x000043d0      0x528 CMakeFiles/sema4_demo.dir/home/aselsan/Desktop/GPT_BACKUP/freertos-colibri-imx7/rtos/FreeRTOS/Source/portable/GCC/ARM_CM4F/port.c.obj
 .debug_info    0x000048f8      0x305 CMakeFiles/sema4_demo.dir/home/aselsan/Desktop/GPT_BACKUP/freertos-colibri-imx7/rtos/FreeRTOS/Source/portable/MemMang/heap_2.c.obj
 .debug_info    0x00004bfd     0x154c CMakeFiles/sema4_demo.dir/home/aselsan/Desktop/GPT_BACKUP/freertos-colibri-imx7/rtos/FreeRTOS/Source/queue.c.obj
 .debug_info    0x00006149     0x1be9 CMakeFiles/sema4_demo.dir/home/aselsan/Desktop/GPT_BACKUP/freertos-colibri-imx7/rtos/FreeRTOS/Source/tasks.c.obj
 .debug_info    0x00007d32     0x1546 CMakeFiles/sema4_demo.dir/home/aselsan/Desktop/GPT_BACKUP/freertos-colibri-imx7/examples/imx7_colibri_m4/board.c.obj
 .debug_info    0x00009278     0x151f CMakeFiles/sema4_demo.dir/home/aselsan/Desktop/GPT_BACKUP/freertos-colibri-imx7/examples/imx7_colibri_m4/clock_freq.c.obj
 .debug_info    0x0000a797     0x1ef2 CMakeFiles/sema4_demo.dir/home/aselsan/Desktop/GPT_BACKUP/freertos-colibri-imx7/examples/imx7_colibri_m4/pin_mux.c.obj
 .debug_info    0x0000c689      0xb06 CMakeFiles/sema4_demo.dir/home/aselsan/Desktop/GPT_BACKUP/freertos-colibri-imx7/examples/imx7_colibri_m4/demo_apps/sema4_demo/hardware_init.c.obj
 .debug_info    0x0000d18f      0x413 CMakeFiles/sema4_demo.dir/home/aselsan/Desktop/GPT_BACKUP/freertos-colibri-imx7/examples/imx7_colibri_m4/demo_apps/sema4_demo/main.c.obj
 .debug_info    0x0000d5a2     0x1268 CMakeFiles/sema4_demo.dir/home/aselsan/Desktop/GPT_BACKUP/freertos-colibri-imx7/examples/imx7_colibri_m4/demo_apps/sema4_demo/sema4_mutex.c.obj

.debug_abbrev   0x00000000     0x22f6
 .debug_abbrev  0x00000000       0x14 CMakeFiles/sema4_demo.dir/home/aselsan/Desktop/GPT_BACKUP/freertos-colibri-imx7/platform/devices/MCIMX7D/startup/gcc/startup_MCIMX7D_M4.S.obj
 .debug_abbrev  0x00000014      0x140 CMakeFiles/sema4_demo.dir/home/aselsan/Desktop/GPT_BACKUP/freertos-colibri-imx7/platform/devices/MCIMX7D/startup/system_MCIMX7D_M4.c.obj
 .debug_abbrev  0x00000154      0x1d2 CMakeFiles/sema4_demo.dir/home/aselsan/Desktop/GPT_BACKUP/freertos-colibri-imx7/platform/drivers/src/ccm_analog_imx7d.c.obj
 .debug_abbrev  0x00000326      0x14f CMakeFiles/sema4_demo.dir/home/aselsan/Desktop/GPT_BACKUP/freertos-colibri-imx7/platform/drivers/src/ccm_imx7d.c.obj
 .debug_abbrev  0x00000475      0x198 CMakeFiles/sema4_demo.dir/home/aselsan/Desktop/GPT_BACKUP/freertos-colibri-imx7/platform/drivers/src/sema4.c.obj
 .debug_abbrev  0x0000060d      0x1f9 CMakeFiles/sema4_demo.dir/home/aselsan/Desktop/GPT_BACKUP/freertos-colibri-imx7/platform/drivers/src/uart_imx.c.obj
 .debug_abbrev  0x00000806      0x338 CMakeFiles/sema4_demo.dir/home/aselsan/Desktop/GPT_BACKUP/freertos-colibri-imx7/platform/utilities/src/debug_console_imx.c.obj
 .debug_abbrev  0x00000b3e      0x22e CMakeFiles/sema4_demo.dir/home/aselsan/Desktop/GPT_BACKUP/freertos-colibri-imx7/platform/utilities/src/print_scan.c.obj
 .debug_abbrev  0x00000d6c       0xda CMakeFiles/sema4_demo.dir/home/aselsan/Desktop/GPT_BACKUP/freertos-colibri-imx7/rtos/FreeRTOS/Source/list.c.obj
 .debug_abbrev  0x00000e46      0x20d CMakeFiles/sema4_demo.dir/home/aselsan/Desktop/GPT_BACKUP/freertos-colibri-imx7/rtos/FreeRTOS/Source/portable/GCC/ARM_CM4F/port.c.obj
 .debug_abbrev  0x00001053      0x1ae CMakeFiles/sema4_demo.dir/home/aselsan/Desktop/GPT_BACKUP/freertos-colibri-imx7/rtos/FreeRTOS/Source/portable/MemMang/heap_2.c.obj
 .debug_abbrev  0x00001201      0x2ca CMakeFiles/sema4_demo.dir/home/aselsan/Desktop/GPT_BACKUP/freertos-colibri-imx7/rtos/FreeRTOS/Source/queue.c.obj
 .debug_abbrev  0x000014cb      0x2ff CMakeFiles/sema4_demo.dir/home/aselsan/Desktop/GPT_BACKUP/freertos-colibri-imx7/rtos/FreeRTOS/Source/tasks.c.obj
 .debug_abbrev  0x000017ca      0x24e CMakeFiles/sema4_demo.dir/home/aselsan/Desktop/GPT_BACKUP/freertos-colibri-imx7/examples/imx7_colibri_m4/board.c.obj
 .debug_abbrev  0x00001a18      0x1f8 CMakeFiles/sema4_demo.dir/home/aselsan/Desktop/GPT_BACKUP/freertos-colibri-imx7/examples/imx7_colibri_m4/clock_freq.c.obj
 .debug_abbrev  0x00001c10      0x104 CMakeFiles/sema4_demo.dir/home/aselsan/Desktop/GPT_BACKUP/freertos-colibri-imx7/examples/imx7_colibri_m4/pin_mux.c.obj
 .debug_abbrev  0x00001d14      0x1a9 CMakeFiles/sema4_demo.dir/home/aselsan/Desktop/GPT_BACKUP/freertos-colibri-imx7/examples/imx7_colibri_m4/demo_apps/sema4_demo/hardware_init.c.obj
 .debug_abbrev  0x00001ebd      0x1b5 CMakeFiles/sema4_demo.dir/home/aselsan/Desktop/GPT_BACKUP/freertos-colibri-imx7/examples/imx7_colibri_m4/demo_apps/sema4_demo/main.c.obj
 .debug_abbrev  0x00002072      0x284 CMakeFiles/sema4_demo.dir/home/aselsan/Desktop/GPT_BACKUP/freertos-colibri-imx7/examples/imx7_colibri_m4/demo_apps/sema4_demo/sema4_mutex.c.obj

.debug_aranges  0x00000000      0x6f0
 .debug_aranges
                0x00000000       0x20 CMakeFiles/sema4_demo.dir/home/aselsan/Desktop/GPT_BACKUP/freertos-colibri-imx7/platform/devices/MCIMX7D/startup/gcc/startup_MCIMX7D_M4.S.obj
 .debug_aranges
                0x00000020       0x28 CMakeFiles/sema4_demo.dir/home/aselsan/Desktop/GPT_BACKUP/freertos-colibri-imx7/platform/devices/MCIMX7D/startup/system_MCIMX7D_M4.c.obj
 .debug_aranges
                0x00000048       0x50 CMakeFiles/sema4_demo.dir/home/aselsan/Desktop/GPT_BACKUP/freertos-colibri-imx7/platform/drivers/src/ccm_analog_imx7d.c.obj
 .debug_aranges
                0x00000098       0x30 CMakeFiles/sema4_demo.dir/home/aselsan/Desktop/GPT_BACKUP/freertos-colibri-imx7/platform/drivers/src/ccm_imx7d.c.obj
 .debug_aranges
                0x000000c8       0x60 CMakeFiles/sema4_demo.dir/home/aselsan/Desktop/GPT_BACKUP/freertos-colibri-imx7/platform/drivers/src/sema4.c.obj
 .debug_aranges
                0x00000128       0xe8 CMakeFiles/sema4_demo.dir/home/aselsan/Desktop/GPT_BACKUP/freertos-colibri-imx7/platform/drivers/src/uart_imx.c.obj
 .debug_aranges
                0x00000210       0x70 CMakeFiles/sema4_demo.dir/home/aselsan/Desktop/GPT_BACKUP/freertos-colibri-imx7/platform/utilities/src/debug_console_imx.c.obj
 .debug_aranges
                0x00000280       0x48 CMakeFiles/sema4_demo.dir/home/aselsan/Desktop/GPT_BACKUP/freertos-colibri-imx7/platform/utilities/src/print_scan.c.obj
 .debug_aranges
                0x000002c8       0x40 CMakeFiles/sema4_demo.dir/home/aselsan/Desktop/GPT_BACKUP/freertos-colibri-imx7/rtos/FreeRTOS/Source/list.c.obj
 .debug_aranges
                0x00000308       0x80 CMakeFiles/sema4_demo.dir/home/aselsan/Desktop/GPT_BACKUP/freertos-colibri-imx7/rtos/FreeRTOS/Source/portable/GCC/ARM_CM4F/port.c.obj
 .debug_aranges
                0x00000388       0x40 CMakeFiles/sema4_demo.dir/home/aselsan/Desktop/GPT_BACKUP/freertos-colibri-imx7/rtos/FreeRTOS/Source/portable/MemMang/heap_2.c.obj
 .debug_aranges
                0x000003c8       0xc8 CMakeFiles/sema4_demo.dir/home/aselsan/Desktop/GPT_BACKUP/freertos-colibri-imx7/rtos/FreeRTOS/Source/queue.c.obj
 .debug_aranges
                0x00000490      0x130 CMakeFiles/sema4_demo.dir/home/aselsan/Desktop/GPT_BACKUP/freertos-colibri-imx7/rtos/FreeRTOS/Source/tasks.c.obj
 .debug_aranges
                0x000005c0       0x30 CMakeFiles/sema4_demo.dir/home/aselsan/Desktop/GPT_BACKUP/freertos-colibri-imx7/examples/imx7_colibri_m4/board.c.obj
 .debug_aranges
                0x000005f0       0x40 CMakeFiles/sema4_demo.dir/home/aselsan/Desktop/GPT_BACKUP/freertos-colibri-imx7/examples/imx7_colibri_m4/clock_freq.c.obj
 .debug_aranges
                0x00000630       0x38 CMakeFiles/sema4_demo.dir/home/aselsan/Desktop/GPT_BACKUP/freertos-colibri-imx7/examples/imx7_colibri_m4/pin_mux.c.obj
 .debug_aranges
                0x00000668       0x20 CMakeFiles/sema4_demo.dir/home/aselsan/Desktop/GPT_BACKUP/freertos-colibri-imx7/examples/imx7_colibri_m4/demo_apps/sema4_demo/hardware_init.c.obj
 .debug_aranges
                0x00000688       0x30 CMakeFiles/sema4_demo.dir/home/aselsan/Desktop/GPT_BACKUP/freertos-colibri-imx7/examples/imx7_colibri_m4/demo_apps/sema4_demo/main.c.obj
 .debug_aranges