Archive member included because of file (symbol)

/home/aselsan/Desktop/IMX7/toolchain/gcc-arm-none-eabi-4_9-2015q3/bin/../lib/gcc/arm-none-eabi/4.9.3/../../../../arm-none-eabi/lib/armv7e-m/fpu/libc_nano.a(lib_a-assert.o)
                              CMakeFiles/i2c_polling_sensor_imx7d.dir/home/aselsan/Desktop/GPT_BACKUP/freertos-colibri-imx7/platform/drivers/src/ccm_analog_imx7d.c.obj (__assert_func)
/home/aselsan/Desktop/IMX7/toolchain/gcc-arm-none-eabi-4_9-2015q3/bin/../lib/gcc/arm-none-eabi/4.9.3/../../../../arm-none-eabi/lib/armv7e-m/fpu/libc_nano.a(lib_a-exit.o)
                              /home/aselsan/Desktop/IMX7/toolchain/gcc-arm-none-eabi-4_9-2015q3/bin/../lib/gcc/arm-none-eabi/4.9.3/../../../../arm-none-eabi/lib/armv7e-m/fpu/crt0.o (exit)
/home/aselsan/Desktop/IMX7/toolchain/gcc-arm-none-eabi-4_9-2015q3/bin/../lib/gcc/arm-none-eabi/4.9.3/../../../../arm-none-eabi/lib/armv7e-m/fpu/libc_nano.a(lib_a-fprintf.o)
                              /home/aselsan/Desktop/IMX7/toolchain/gcc-arm-none-eabi-4_9-2015q3/bin/../lib/gcc/arm-none-eabi/4.9.3/../../../../arm-none-eabi/lib/armv7e-m/fpu/libc_nano.a(lib_a-assert.o) (fiprintf)
/home/aselsan/Desktop/IMX7/toolchain/gcc-arm-none-eabi-4_9-2015q3/bin/../lib/gcc/arm-none-eabi/4.9.3/../../../../arm-none-eabi/lib/armv7e-m/fpu/libc_nano.a(lib_a-impure.o)
                              /home/aselsan/Desktop/IMX7/toolchain/gcc-arm-none-eabi-4_9-2015q3/bin/../lib/gcc/arm-none-eabi/4.9.3/../../../../arm-none-eabi/lib/armv7e-m/fpu/libc_nano.a(lib_a-exit.o) (_global_impure_ptr)
/home/aselsan/Desktop/IMX7/toolchain/gcc-arm-none-eabi-4_9-2015q3/bin/../lib/gcc/arm-none-eabi/4.9.3/../../../../arm-none-eabi/lib/armv7e-m/fpu/libc_nano.a(lib_a-init.o)
                              /home/aselsan/Desktop/IMX7/toolchain/gcc-arm-none-eabi-4_9-2015q3/bin/../lib/gcc/arm-none-eabi/4.9.3/../../../../arm-none-eabi/lib/armv7e-m/fpu/crt0.o (__libc_init_array)
/home/aselsan/Desktop/IMX7/toolchain/gcc-arm-none-eabi-4_9-2015q3/bin/../lib/gcc/arm-none-eabi/4.9.3/../../../../arm-none-eabi/lib/armv7e-m/fpu/libc_nano.a(lib_a-memset.o)
                              /home/aselsan/Desktop/IMX7/toolchain/gcc-arm-none-eabi-4_9-2015q3/bin/../lib/gcc/arm-none-eabi/4.9.3/../../../../arm-none-eabi/lib/armv7e-m/fpu/crt0.o (memset)
/home/aselsan/Desktop/IMX7/toolchain/gcc-arm-none-eabi-4_9-2015q3/bin/../lib/gcc/arm-none-eabi/4.9.3/../../../../arm-none-eabi/lib/armv7e-m/fpu/libc_nano.a(lib_a-nano-vfprintf.o)
                              /home/aselsan/Desktop/IMX7/toolchain/gcc-arm-none-eabi-4_9-2015q3/bin/../lib/gcc/arm-none-eabi/4.9.3/../../../../arm-none-eabi/lib/armv7e-m/fpu/libc_nano.a(lib_a-fprintf.o) (_vfprintf_r)
/home/aselsan/Desktop/IMX7/toolchain/gcc-arm-none-eabi-4_9-2015q3/bin/../lib/gcc/arm-none-eabi/4.9.3/../../../../arm-none-eabi/lib/armv7e-m/fpu/libc_nano.a(lib_a-nano-vfprintf_i.o)
                              /home/aselsan/Desktop/IMX7/toolchain/gcc-arm-none-eabi-4_9-2015q3/bin/../lib/gcc/arm-none-eabi/4.9.3/../../../../arm-none-eabi/lib/armv7e-m/fpu/libc_nano.a(lib_a-nano-vfprintf.o) (_printf_i)
/home/aselsan/Desktop/IMX7/toolchain/gcc-arm-none-eabi-4_9-2015q3/bin/../lib/gcc/arm-none-eabi/4.9.3/../../../../arm-none-eabi/lib/armv7e-m/fpu/libc_nano.a(lib_a-strlen.o)
                              CMakeFiles/i2c_polling_sensor_imx7d.dir/home/aselsan/Desktop/GPT_BACKUP/freertos-colibri-imx7/platform/utilities/src/print_scan.c.obj (strlen)
/home/aselsan/Desktop/IMX7/toolchain/gcc-arm-none-eabi-4_9-2015q3/bin/../lib/gcc/arm-none-eabi/4.9.3/../../../../arm-none-eabi/lib/armv7e-m/fpu/libc_nano.a(lib_a-wbuf.o)
                              /home/aselsan/Desktop/IMX7/toolchain/gcc-arm-none-eabi-4_9-2015q3/bin/../lib/gcc/arm-none-eabi/4.9.3/../../../../arm-none-eabi/lib/armv7e-m/fpu/libc_nano.a(lib_a-nano-vfprintf.o) (__swbuf_r)
/home/aselsan/Desktop/IMX7/toolchain/gcc-arm-none-eabi-4_9-2015q3/bin/../lib/gcc/arm-none-eabi/4.9.3/../../../../arm-none-eabi/lib/armv7e-m/fpu/libc_nano.a(lib_a-wsetup.o)
                              /home/aselsan/Desktop/IMX7/toolchain/gcc-arm-none-eabi-4_9-2015q3/bin/../lib/gcc/arm-none-eabi/4.9.3/../../../../arm-none-eabi/lib/armv7e-m/fpu/libc_nano.a(lib_a-nano-vfprintf.o) (__swsetup_r)
/home/aselsan/Desktop/IMX7/toolchain/gcc-arm-none-eabi-4_9-2015q3/bin/../lib/gcc/arm-none-eabi/4.9.3/../../../../arm-none-eabi/lib/armv7e-m/fpu/libc_nano.a(lib_a-abort.o)
                              /home/aselsan/Desktop/IMX7/toolchain/gcc-arm-none-eabi-4_9-2015q3/bin/../lib/gcc/arm-none-eabi/4.9.3/../../../../arm-none-eabi/lib/armv7e-m/fpu/libc_nano.a(lib_a-assert.o) (abort)
/home/aselsan/Desktop/IMX7/toolchain/gcc-arm-none-eabi-4_9-2015q3/bin/../lib/gcc/arm-none-eabi/4.9.3/../../../../arm-none-eabi/lib/armv7e-m/fpu/libc_nano.a(lib_a-fflush.o)
                              /home/aselsan/Desktop/IMX7/toolchain/gcc-arm-none-eabi-4_9-2015q3/bin/../lib/gcc/arm-none-eabi/4.9.3/../../../../arm-none-eabi/lib/armv7e-m/fpu/libc_nano.a(lib_a-wbuf.o) (_fflush_r)
[...]
Memory Configuration

Name             Origin             Length             Attributes
m_interrupts     0x00000000         0x00000240         xr
m_text           0x1fff8000         0x00008000         xr
m_data           0x20000000         0x00008000         rw
*default*        0x00000000         0xffffffff

Linker script and memory map

LOAD /home/aselsan/Desktop/IMX7/toolchain/gcc-arm-none-eabi-4_9-2015q3/bin/../lib/gcc/arm-none-eabi/4.9.3/armv7e-m/fpu/crti.o
LOAD /home/aselsan/Desktop/IMX7/toolchain/gcc-arm-none-eabi-4_9-2015q3/bin/../lib/gcc/arm-none-eabi/4.9.3/armv7e-m/fpu/crtbegin.o
LOAD /home/aselsan/Desktop/IMX7/toolchain/gcc-arm-none-eabi-4_9-2015q3/bin/../lib/gcc/arm-none-eabi/4.9.3/../../../../arm-none-eabi/lib/armv7e-m/fpu/crt0.o
                0x00000400                __stack_size__ = 0x400
                0x00000200                __heap_size__ = 0x200
LOAD CMakeFiles/i2c_polling_sensor_imx7d.dir/home/aselsan/Desktop/GPT_BACKUP/freertos-colibri-imx7/platform/devices/MCIMX7D/startup/gcc/startup_MCIMX7D_M4.S.obj
LOAD CMakeFiles/i2c_polling_sensor_imx7d.dir/home/aselsan/Desktop/GPT_BACKUP/freertos-colibri-imx7/platform/devices/MCIMX7D/startup/system_MCIMX7D_M4.c.obj
LOAD CMakeFiles/i2c_polling_sensor_imx7d.dir/home/aselsan/Desktop/GPT_BACKUP/freertos-colibri-imx7/platform/drivers/src/ccm_analog_imx7d.c.obj
LOAD CMakeFiles/i2c_polling_sensor_imx7d.dir/home/aselsan/Desktop/GPT_BACKUP/freertos-colibri-imx7/platform/drivers/src/ccm_imx7d.c.obj
LOAD CMakeFiles/i2c_polling_sensor_imx7d.dir/home/aselsan/Desktop/GPT_BACKUP/freertos-colibri-imx7/platform/drivers/src/gpt.c.obj
LOAD CMakeFiles/i2c_polling_sensor_imx7d.dir/home/aselsan/Desktop/GPT_BACKUP/freertos-colibri-imx7/platform/drivers/src/i2c_imx.c.obj
LOAD CMakeFiles/i2c_polling_sensor_imx7d.dir/home/aselsan/Desktop/GPT_BACKUP/freertos-colibri-imx7/platform/drivers/src/rdc.c.obj
LOAD CMakeFiles/i2c_polling_sensor_imx7d.dir/home/aselsan/Desktop/GPT_BACKUP/freertos-colibri-imx7/platform/drivers/src/uart_imx.c.obj
LOAD CMakeFiles/i2c_polling_sensor_imx7d.dir/home/aselsan/Desktop/GPT_BACKUP/freertos-colibri-imx7/platform/utilities/src/debug_console_imx.c.obj
LOAD CMakeFiles/i2c_polling_sensor_imx7d.dir/home/aselsan/Desktop/GPT_BACKUP/freertos-colibri-imx7/platform/utilities/src/print_scan.c.obj
LOAD CMakeFiles/i2c_polling_sensor_imx7d.dir/home/aselsan/Desktop/GPT_BACKUP/freertos-colibri-imx7/platform/drivers/src/gpio_imx.c.obj
LOAD CMakeFiles/i2c_polling_sensor_imx7d.dir/home/aselsan/Desktop/GPT_BACKUP/freertos-colibri-imx7/examples/imx7_colibri_m4/gpio_pins.c.obj
LOAD CMakeFiles/i2c_polling_sensor_imx7d.dir/home/aselsan/Desktop/GPT_BACKUP/freertos-colibri-imx7/examples/imx7_colibri_m4/board.c.obj
LOAD CMakeFiles/i2c_polling_sensor_imx7d.dir/home/aselsan/Desktop/GPT_BACKUP/freertos-colibri-imx7/examples/imx7_colibri_m4/clock_freq.c.obj
LOAD CMakeFiles/i2c_polling_sensor_imx7d.dir/home/aselsan/Desktop/GPT_BACKUP/freertos-colibri-imx7/examples/imx7_colibri_m4/pin_mux.c.obj
LOAD CMakeFiles/i2c_polling_sensor_imx7d.dir/home/aselsan/Desktop/GPT_BACKUP/freertos-colibri-imx7/examples/imx7_colibri_m4/driver_examples/i2c_imx/i2c_polling_sensor_imx7d/hardware_init.c.obj
LOAD CMakeFiles/i2c_polling_sensor_imx7d.dir/home/aselsan/Desktop/GPT_BACKUP/freertos-colibri-imx7/examples/imx7_colibri_m4/driver_examples/i2c_imx/i2c_polling_sensor_imx7d/main.c.obj
START GROUP
LOAD /home/aselsan/Desktop/IMX7/toolchain/gcc-arm-none-eabi-4_9-2015q3/bin/../lib/gcc/arm-none-eabi/4.9.3/../../../../arm-none-eabi/lib/armv7e-m/fpu/libm.a
LOAD /home/aselsan/Desktop/IMX7/toolchain/gcc-arm-none-eabi-4_9-2015q3/bin/../lib/gcc/arm-none-eabi/4.9.3/../../../../arm-none-eabi/lib/armv7e-m/fpu/libc_nano.a
LOAD /home/aselsan/Desktop/IMX7/toolchain/gcc-arm-none-eabi-4_9-2015q3/bin/../lib/gcc/arm-none-eabi/4.9.3/armv7e-m/fpu/libgcc.a
LOAD /home/aselsan/Desktop/IMX7/toolchain/gcc-arm-none-eabi-4_9-2015q3/bin/../lib/gcc/arm-none-eabi/4.9.3/../../../../arm-none-eabi/lib/armv7e-m/fpu/libnosys.a
END GROUP
START GROUP
LOAD /home/aselsan/Desktop/IMX7/toolchain/gcc-arm-none-eabi-4_9-2015q3/bin/../lib/gcc/arm-none-eabi/4.9.3/armv7e-m/fpu/libgcc.a
LOAD /home/aselsan/Desktop/IMX7/toolchain/gcc-arm-none-eabi-4_9-2015q3/bin/../lib/gcc/arm-none-eabi/4.9.3/../../../../arm-none-eabi/lib/armv7e-m/fpu/libg_nano.a
LOAD /home/aselsan/Desktop/IMX7/toolchain/gcc-arm-none-eabi-4_9-2015q3/bin/../lib/gcc/arm-none-eabi/4.9.3/../../../../arm-none-eabi/lib/armv7e-m/fpu/libc_nano.a
END GROUP
START GROUP
LOAD /home/aselsan/Desktop/IMX7/toolchain/gcc-arm-none-eabi-4_9-2015q3/bin/../lib/gcc/arm-none-eabi/4.9.3/armv7e-m/fpu/libgcc.a
LOAD /home/aselsan/Desktop/IMX7/toolchain/gcc-arm-none-eabi-4_9-2015q3/bin/../lib/gcc/arm-none-eabi/4.9.3/../../../../arm-none-eabi/lib/armv7e-m/fpu/libc_nano.a
LOAD /home/aselsan/Desktop/IMX7/toolchain/gcc-arm-none-eabi-4_9-2015q3/bin/../lib/gcc/arm-none-eabi/4.9.3/../../../../arm-none-eabi/lib/armv7e-m/fpu/libnosys.a
END GROUP
START GROUP
LOAD /home/aselsan/Desktop/IMX7/toolchain/gcc-arm-none-eabi-4_9-2015q3/bin/../lib/gcc/arm-none-eabi/4.9.3/armv7e-m/fpu/libgcc.a
LOAD /home/aselsan/Desktop/IMX7/toolchain/gcc-arm-none-eabi-4_9-2015q3/bin/../lib/gcc/arm-none-eabi/4.9.3/../../../../arm-none-eabi/lib/armv7e-m/fpu/libc_nano.a
LOAD /home/aselsan/Desktop/IMX7/toolchain/gcc-arm-none-eabi-4_9-2015q3/bin/../lib/gcc/arm-none-eabi/4.9.3/../../../../arm-none-eabi/lib/armv7e-m/fpu/libnosys.a
END GROUP
LOAD /home/aselsan/Desktop/IMX7/toolchain/gcc-arm-none-eabi-4_9-2015q3/bin/../lib/gcc/arm-none-eabi/4.9.3/armv7e-m/fpu/crtend.o
LOAD /home/aselsan/Desktop/IMX7/toolchain/gcc-arm-none-eabi-4_9-2015q3/bin/../lib/gcc/arm-none-eabi/4.9.3/armv7e-m/fpu/crtn.o
                0x1fff8000                TCML_code = 0x1fff8000
                0x20000000                TCMU_system = 0x20000000
                0x00000000                OCRAM_S_code = 0x0
                0x00180000                OCRAM_S_system = 0x180000
                0x00900000                OCRAM_code = 0x900000
                0x20200000                OCRAM_system = 0x20200000
                0x00920000                OCRAM_EPDC_code = 0x920000
                0x20220000                OCRAM_EPDC_system = 0x20220000
                0x10000000                DDR_code = 0x10000000
                0x80000000                DDR_system = 0x80000000
                0x00000400                HEAP_SIZE = DEFINED (__heap_size__)?__heap_size__:0x400
                0x00000400                STACK_SIZE = DEFINED (__stack_size__)?__stack_size__:0x400
                0x00000000                __FLASH_START = ORIGIN (m_interrupts)
                0x20000000                __FLASH_END = (ORIGIN (m_text) + 0x8000)

.interrupts     0x00000000      0x240
                0x00000000                __VECTOR_TABLE = .
                0x00000000                . = ALIGN (0x4)
 *(.isr_vector)
 .isr_vector    0x00000000      0x240 CMakeFiles/i2c_polling_sensor_imx7d.dir/home/aselsan/Desktop/GPT_BACKUP/freertos-colibri-imx7/platform/devices/MCIMX7D/startup/gcc/startup_MCIMX7D_M4.S.obj
                0x00000000                __isr_vector
                0x00000240                . = ALIGN (0x4)

.text           0x1fff8000     0x3468
                0x1fff8000                . = ALIGN (0x4)
 *(.text)
 .text          0x1fff8000       0x5c /home/aselsan/Desktop/IMX7/toolchain/gcc-arm-none-eabi-4_9-2015q3/bin/../lib/gcc/arm-none-eabi/4.9.3/armv7e-m/fpu/crtbegin.o
 .text          0x1fff805c       0x74 /home/aselsan/Desktop/IMX7/toolchain/gcc-arm-none-eabi-4_9-2015q3/bin/../lib/gcc/arm-none-eabi/4.9.3/../../../../arm-none-eabi/lib/armv7e-m/fpu/crt0.o
                0x1fff805c                _mainCRTStartup
                0x1fff805c                _start
 .text          0x1fff80d0       0x24 CMakeFiles/i2c_polling_sensor_imx7d.dir/home/aselsan/Desktop/GPT_BACKUP/freertos-colibri-imx7/platform/devices/MCIMX7D/startup/gcc/startup_MCIMX7D_M4.S.obj
                0x1fff80d0                Reset_Handler
                0x1fff80f0                ENET2_MAC0_TRANS1_Handler
                0x1fff80f0                SAI3_Handler
                0x1fff80f0                DebugMon_Handler
                0x1fff80f0                USB_OH3_OTG2_1_Handler
                0x1fff80f0                GPIO3_INT31_16_Handler
                0x1fff80f0                eCSPI4_Handler
                0x1fff80f0                SIM2_Handler
                0x1fff80f0                FLEXCAN1_Handler
                0x1fff80f0                UART3_Handler
                0x1fff80f0                UART2_Handler
                0x1fff80f0                GPIO1_INT3_Handler
                0x1fff80f0                HardFault_Handler
                0x1fff80f0                SNVS_SECURITY_Handler
                0x1fff80f0                SEMA4_HS_M4_Handler
                0x1fff80f0                SysTick_Handler
                0x1fff80f0                GPIO6_INT31_16_Handler
                0x1fff80f0                SRC_Handler
                0x1fff80f0                GPT2_Handler
                0x1fff80f0                CCM2_Handler
                0x1fff80f0                I2C1_Handler
                0x1fff80f0                CPU_CTI_Handler
                0x1fff80f0                PendSV_Handler
                0x1fff80f0                NMI_Handler
                0x1fff80f0                SAI1_Handler
                0x1fff80f0                ENET2_MAC0_IRQ_Handler
                0x1fff80f0                KPP_Handler
                0x1fff80f0                USB_OTG1_Handler
                0x1fff80f0                MIPI_CSI_Handler
                0x1fff80f0                WDOG4_Handler
                0x1fff80f0                Reserved9_Handler
                0x1fff80f0                QSPI_Handler
                0x1fff80f0                CAAM_QUEUE_Handler
                0x1fff80f0                GPIO2_INT15_0_Handler
                0x1fff80f0                PCIE_CTRL4_Handler
                0x1fff80f0                uSDHC2_Handler
                0x1fff80f0                GPIO1_INT6_Handler
                0x1fff80f0                PCIE_CTRL_REQUEST_Handler
                0x1fff80f0                SCTR1_Handler
                0x1fff80f0                RDC_Handler
                0x1fff80f0                EPDC_Handler
                0x1fff80f0                CCM1_Handler
                0x1fff80f0                UsageFault_Handler
                0x1fff80f0                ADC1_Handler
                0x1fff80f0                GPIO1_INT0_Handler
                0x1fff80f0                Analog_brown_out_Handler
                0x1fff80f0                PXP2_Handler
                0x1fff80f0                SEMA4_HS_A7_Handler
                0x1fff80f0                RTIC_Handler
                0x1fff80f0                DefaultISR
                0x1fff80f0                GPIO6_INT15_0_Handler
                0x1fff80f0                SCTR2_Handler
                0x1fff80f0                WDOG3_Handler
                0x1fff80f0                USB_OH2_OTG_Handler
                0x1fff80f0                SAI2_Handler
                0x1fff80f0                GPIO3_INT15_0_Handler
                0x1fff80f0                FTM2_Handler
                0x1fff80f0                eCSPI1_Handler
                0x1fff80f0                GPC_Handler
                0x1fff80f0                GPIO1_INT15_0_Handler
                0x1fff80f0                UART1_Handler
                0x1fff80f0                ENET1_MAC0_TRANS2_Handler
                0x1fff80f0                eCSPI3_Handler
                0x1fff80f0                BCH_Handler
                0x1fff80f0                CAAM_ERROR_Handler
                0x1fff80f0                Analog_TempSensor_Handler
                0x1fff80f0                PXP1_Handler
                0x1fff80f0                SNVS_Handler
                0x1fff80f0                GPT4_Handler
                0x1fff80f0                GPIO5_INT15_0_Handler
                0x1fff80f0                ENET2_MAC0_TRANS2_Handler
                0x1fff80f0                GPMI_Handler
                0x1fff80f0                I2C4_Handler
                0x1fff80f0                CCM_SRC_GPC_Handler
                0x1fff80f0                CPU_Handler
                0x1fff80f0                UART4_Handler
                0x1fff80f0                GPIO1_INT1_Handler
                0x1fff80f0                uSDHC3_Handler
                0x1fff80f0                EIM_Handler
                0x1fff80f0                PWM1_Handler
                0x1fff80f0                ENET2_1588_TIMER_IRQ_Handler
                0x1fff80f0                UART6_Handler
                0x1fff80f0                GPIO1_INT4_Handler
                0x1fff80f0                GPIO1_INT31_16_Handler
                0x1fff80f0                APBHDMA_Handler
                0x1fff80f0                uSDHC1_Handler
                0x1fff80f0                DBGMON_Handler
                0x1fff80f0                UART7_Handler
                0x1fff80f0                SDMA_Handler
                0x1fff80f0                GPT1_Handler
                0x1fff80f0                PWM3_Handler
                0x1fff80f0                PCIE_CTRL2_Handler
                0x1fff80f0                MemManage_Handler
                0x1fff80f0                GPIO5_INT31_16_Handler
                0x1fff80f0                TZASC1_Handler
                0x1fff80f0                I2C2_Handler
                0x1fff80f0                SVC_Handler
                0x1fff80f0                DAP_Handler
                0x1fff80f0                GPIO4_INT15_0_Handler
                0x1fff80f0                CSI_Handler
                0x1fff80f0                eCSPI2_Handler
                0x1fff80f0                ENET1_1588_TIMER_Handler
                0x1fff80f0                WDOG2_Handler
                0x1fff80f0                FLEXCAN2_Handler
                0x1fff80f0                PCIE_CTRL1_Handler
                0x1fff80f0                PCIE_CTRL3_Handler
                0x1fff80f0                GPT3_Handler
                0x1fff80f0                GPIO1_INT5_Handler
                0x1fff80f0                CAAM_WRAPPER2_Handler
                0x1fff80f0                SNVS_CONSOLIDATED_Handler
                0x1fff80f0                CAAM_WRAPPER1_Handler
                0x1fff80f0                GPIO4_INT31_16_Handler
                0x1fff80f0                GPIO1_INT2_Handler
                0x1fff80f0                LCDIF_Handler
                0x1fff80f0                UART5_Handler
                0x1fff80f0                PERFMON1_Handler
                0x1fff80f0                GPIO1_INT7_Handler
                0x1fff80f0                I2C3_Handler
                0x1fff80f0                CSU_Handler
                0x1fff80f0                MIPI_DSI_Handler
                0x1fff80f0                PWM2_Handler
                0x1fff80f0                GPR_Handler
                0x1fff80f0                SIM1_Handler
                0x1fff80f0                USB_OTG2_Handler
                0x1fff80f0                ENET1_MAC0_TRANS1_Handler
                0x1fff80f0                BusFault_Handler
                0x1fff80f0                MU_M4_Handler
                0x1fff80f0                USB_OH3_OTG2_2_Handler
                0x1fff80f0                ENET1_MAC0_Handler
                0x1fff80f0                PERFMON2_Handler
                0x1fff80f0                GPIO7_INT31_16_Handler
                0x1fff80f0                PWM4_Handler
                0x1fff80f0                GPIO2_INT31_16_Handler
                0x1fff80f0                FTM1_Handler
                0x1fff80f0                GPIO7_INT15_0_Handler
                0x1fff80f0                WDOG1_Handler
                0x1fff80f0                MU_A7_Handler
                0x1fff80f0                ADC2_Handler
                0x1fff80f0                TPR_Handler
 *(.text*)
 .text.SystemInit
                0x1fff80f4       0xe0 CMakeFiles/i2c_polling_sensor_imx7d.dir/home/aselsan/Desktop/GPT_BACKUP/freertos-colibri-imx7/platform/devices/MCIMX7D/startup/system_MCIMX7D_M4.c.obj
                0x1fff80f4                SystemInit
 .text.CCM_ANALOG_GetSysPllFreq
                0x1fff81d4       0x34 CMakeFiles/i2c_polling_sensor_imx7d.dir/home/aselsan/Desktop/GPT_BACKUP/freertos-colibri-imx7/platform/drivers/src/ccm_analog_imx7d.c.obj
                0x1fff81d4                CCM_ANALOG_GetSysPllFreq
 .text.CCM_GetRootDivider
                0x1fff8208       0x34 CMakeFiles/i2c_polling_sensor_imx7d.dir/home/aselsan/Desktop/GPT_BACKUP/freertos-colibri-imx7/platform/drivers/src/ccm_imx7d.c.obj
                0x1fff8208                CCM_GetRootDivider
 .text.CCM_UpdateRoot
                0x1fff823c       0x58 CMakeFiles/i2c_polling_sensor_imx7d.dir/home/aselsan/Desktop/GPT_BACKUP/freertos-colibri-imx7/platform/drivers/src/ccm_imx7d.c.obj
                0x1fff823c                CCM_UpdateRoot
 .text.I2C_Deinit
                0x1fff8294       0x18 CMakeFiles/i2c_polling_sensor_imx7d.dir/home/aselsan/Desktop/GPT_BACKUP/freertos-colibri-imx7/platform/drivers/src/i2c_imx.c.obj
                0x1fff8294                I2C_Deinit
 .text.I2C_SetBaudRate
                0x1fff82ac       0x5c CMakeFiles/i2c_polling_sensor_imx7d.dir/home/aselsan/Desktop/GPT_BACKUP/freertos-colibri-imx7/platform/drivers/src/i2c_imx.c.obj
                0x1fff82ac                I2C_SetBaudRate
 .text.I2C_Init
                0x1fff8308       0x6c CMakeFiles/i2c_polling_sensor_imx7d.dir/home/aselsan/Desktop/GPT_BACKUP/freertos-colibri-imx7/platform/drivers/src/i2c_imx.c.obj
                0x1fff8308                I2C_Init
 .text.I2C_SetAckBit
                0x1fff8374       0x1c CMakeFiles/i2c_polling_sensor_imx7d.dir/home/aselsan/Desktop/GPT_BACKUP/freertos-colibri-imx7/platform/drivers/src/i2c_imx.c.obj
                0x1fff8374                I2C_SetAckBit
 .text.UART_Deinit
                0x1fff8390       0x60 CMakeFiles/i2c_polling_sensor_imx7d.dir/home/aselsan/Desktop/GPT_BACKUP/freertos-colibri-imx7/platform/drivers/src/uart_imx.c.obj
                0x1fff8390                UART_Deinit
 .text.UART_SetBaudRate
                0x1fff83f0       0xec CMakeFiles/i2c_polling_sensor_imx7d.dir/home/aselsan/Desktop/GPT_BACKUP/freertos-colibri-imx7/platform/drivers/src/uart_imx.c.obj
                0x1fff83f0                UART_SetBaudRate
 .text.UART_Init
                0x1fff84dc       0x64 CMakeFiles/i2c_polling_sensor_imx7d.dir/home/aselsan/Desktop/GPT_BACKUP/freertos-colibri-imx7/platform/drivers/src/uart_imx.c.obj
                0x1fff84dc                UART_Init
 .text.UART_GetStatusFlag
                0x1fff8540       0x10 CMakeFiles/i2c_polling_sensor_imx7d.dir/home/aselsan/Desktop/GPT_BACKUP/freertos-colibri-imx7/platform/drivers/src/uart_imx.c.obj
                0x1fff8540                UART_GetStatusFlag
 .text.UART_SetModemMode
                0x1fff8550       0x44 CMakeFiles/i2c_polling_sensor_imx7d.dir/home/aselsan/Desktop/GPT_BACKUP/freertos-colibri-imx7/platform/drivers/src/uart_imx.c.obj
                0x1fff8550                UART_SetModemMode
 .text.debug_putc
                0x1fff8594       0x2c CMakeFiles/i2c_polling_sensor_imx7d.dir/home/aselsan/Desktop/GPT_BACKUP/freertos-colibri-imx7/platform/utilities/src/debug_console_imx.c.obj
 .text.UART_ReceiveDataPolling
                0x1fff85c0       0x28 CMakeFiles/i2c_polling_sensor_imx7d.dir/home/aselsan/Desktop/GPT_BACKUP/freertos-colibri-imx7/platform/utilities/src/debug_console_imx.c.obj
 .text.UART_SendDataPolling
                0x1fff85e8       0x38 CMakeFiles/i2c_polling_sensor_imx7d.dir/home/aselsan/Desktop/GPT_BACKUP/freertos-colibri-imx7/platform/utilities/src/debug_console_imx.c.obj
 .text.DbgConsole_Init
                0x1fff8620       0x5c CMakeFiles/i2c_polling_sensor_imx7d.dir/home/aselsan/Desktop/GPT_BACKUP/freertos-colibri-imx7/platform/utilities/src/debug_console_imx.c.obj
                0x1fff8620                DbgConsole_Init
 .text._write   0x1fff867c       0x38 CMakeFiles/i2c_polling_sensor_imx7d.dir/home/aselsan/Desktop/GPT_BACKUP/freertos-colibri-imx7/platform/utilities/src/debug_console_imx.c.obj
                0x1fff867c                _write
 .text._read    0x1fff86b4       0x28 CMakeFiles/i2c_polling_sensor_imx7d.dir/home/aselsan/Desktop/GPT_BACKUP/freertos-colibri-imx7/platform/utilities/src/debug_console_imx.c.obj
                0x1fff86b4                _read
 .text.debug_printf
                0x1fff86dc       0x38 CMakeFiles/i2c_polling_sensor_imx7d.dir/home/aselsan/Desktop/GPT_BACKUP/freertos-colibri-imx7/platform/utilities/src/debug_console_imx.c.obj
                0x1fff86dc                debug_printf
 .text.mknumstr
                0x1fff8714       0x7c CMakeFiles/i2c_polling_sensor_imx7d.dir/home/aselsan/Desktop/GPT_BACKUP/freertos-colibri-imx7/platform/utilities/src/print_scan.c.obj
 .text.fput_pad
                0x1fff8790       0x28 CMakeFiles/i2c_polling_sensor_imx7d.dir/home/aselsan/Desktop/GPT_BACKUP/freertos-colibri-imx7/platform/utilities/src/print_scan.c.obj
 .text._doprint
                0x1fff87b8      0x524 CMakeFiles/i2c_polling_sensor_imx7d.dir/home/aselsan/Desktop/GPT_BACKUP/freertos-colibri-imx7/platform/utilities/src/print_scan.c.obj
                0x1fff87b8                _doprint
 .text.GPIO_Init
                0x1fff8cdc       0x94 CMakeFiles/i2c_polling_sensor_imx7d.dir/home/aselsan/Desktop/GPT_BACKUP/freertos-colibri-imx7/platform/drivers/src/gpio_imx.c.obj
                0x1fff8cdc                GPIO_Init
 .text.GPIO_WritePinOutput
                0x1fff8d70       0x3c CMakeFiles/i2c_polling_sensor_imx7d.dir/home/aselsan/Desktop/GPT_BACKUP/freertos-colibri-imx7/platform/drivers/src/gpio_imx.c.obj
                0x1fff8d70                GPIO_WritePinOutput
 .text.BOARD_ClockInit
                0x1fff8dac       0x98 CMakeFiles/i2c_polling_sensor_imx7d.dir/home/aselsan/Desktop/GPT_BACKUP/freertos-colibri-imx7/examples/imx7_colibri_m4/board.c.obj
                0x1fff8dac                BOARD_ClockInit
 .text.dbg_uart_init
                0x1fff8e44       0x64 CMakeFiles/i2c_polling_sensor_imx7d.dir/home/aselsan/Desktop/GPT_BACKUP/freertos-colibri-imx7/examples/imx7_colibri_m4/board.c.obj
                0x1fff8e44                dbg_uart_init
 .text.BOARD_RdcInit
                0x1fff8ea8       0x10 CMakeFiles/i2c_polling_sensor_imx7d.dir/home/aselsan/Desktop/GPT_BACKUP/freertos-colibri-imx7/examples/imx7_colibri_m4/board.c.obj
                0x1fff8ea8                BOARD_RdcInit
 .text.get_i2c_clock_freq
                0x1fff8eb8       0xc8 CMakeFiles/i2c_polling_sensor_imx7d.dir/home/aselsan/Desktop/GPT_BACKUP/freertos-colibri-imx7/examples/imx7_colibri_m4/clock_freq.c.obj
                0x1fff8eb8                get_i2c_clock_freq
 .text.get_uart_clock_freq
                0x1fff8f80       0xd4 CMakeFiles/i2c_polling_sensor_imx7d.dir/home/aselsan/Desktop/GPT_BACKUP/freertos-colibri-imx7/examples/imx7_colibri_m4/clock_freq.c.obj
                0x1fff8f80                get_uart_clock_freq
 .text.configure_i2c_pins
                0x1fff9054      0x134 CMakeFiles/i2c_polling_sensor_imx7d.dir/home/aselsan/Desktop/GPT_BACKUP/freertos-colibri-imx7/examples/imx7_colibri_m4/pin_mux.c.obj
                0x1fff9054                configure_i2c_pins
 .text.configure_uart_pins
                0x1fff9188       0x7c CMakeFiles/i2c_polling_sensor_imx7d.dir/home/aselsan/Desktop/GPT_BACKUP/freertos-colibri-imx7/examples/imx7_colibri_m4/pin_mux.c.obj
                0x1fff9188                configure_uart_pins
 .text.hardware_init
                0x1fff9204       0x78 CMakeFiles/i2c_polling_sensor_imx7d.dir/home/aselsan/Desktop/GPT_BACKUP/freertos-colibri-imx7/examples/imx7_colibri_m4/driver_examples/i2c_imx/i2c_polling_sensor_imx7d/hardware_init.c.obj
                0x1fff9204                hardware_init
 .text.I2C_MasterSendDataPolling
                0x1fff927c       0x94 CMakeFiles/i2c_polling_sensor_imx7d.dir/home/aselsan/Desktop/GPT_BACKUP/freertos-colibri-imx7/examples/imx7_colibri_m4/driver_examples/i2c_imx/i2c_polling_sensor_imx7d/main.c.obj
 .text.I2C_MasterReceiveDataPolling
                0x1fff9310      0x168 CMakeFiles/i2c_polling_sensor_imx7d.dir/home/aselsan/Desktop/GPT_BACKUP/freertos-colibri-imx7/examples/imx7_colibri_m4/driver_examples/i2c_imx/i2c_polling_sensor_imx7d/main.c.obj
 .text.read_buttons
                0x1fff9478       0x78 CMakeFiles/i2c_polling_sensor_imx7d.dir/home/aselsan/Desktop/GPT_BACKUP/freertos-colibri-imx7/examples/imx7_colibri_m4/driver_examples/i2c_imx/i2c_polling_sensor_imx7d/main.c.obj
                0x1fff9478                read_buttons
 .text.read_rotary_switch
                0x1fff94f0       0x8c CMakeFiles/i2c_polling_sensor_imx7d.dir/home/aselsan/Desktop/GPT_BACKUP/freertos-colibri-imx7/examples/imx7_colibri_m4/driver_examples/i2c_imx/i2c_polling_sensor_imx7d/main.c.obj
                0x1fff94f0                read_rotary_switch
 .text.read_rotary_encoder
                0x1fff957c      0x1e4 CMakeFiles/i2c_polling_sensor_imx7d.dir/home/aselsan/Desktop/GPT_BACKUP/freertos-colibri-imx7/examples/imx7_colibri_m4/driver_examples/i2c_imx/i2c_polling_sensor_imx7d/main.c.obj
                0x1fff957c                read_rotary_encoder
 .text.setPin   0x1fff9760      0x120 CMakeFiles/i2c_polling_sensor_imx7d.dir/home/aselsan/Desktop/GPT_BACKUP/freertos-colibri-imx7/examples/imx7_colibri_m4/driver_examples/i2c_imx/i2c_polling_sensor_imx7d/main.c.obj
                0x1fff9760                setPin
 .text.init_tca6424
                0x1fff9880       0xec CMakeFiles/i2c_polling_sensor_imx7d.dir/home/aselsan/Desktop/GPT_BACKUP/freertos-colibri-imx7/examples/imx7_colibri_m4/driver_examples/i2c_imx/i2c_polling_sensor_imx7d/main.c.obj
                0x1fff9880                init_tca6424
 .text.init_rotary_encoder
                0x1fff996c       0x80 CMakeFiles/i2c_polling_sensor_imx7d.dir/home/aselsan/Desktop/GPT_BACKUP/freertos-colibri-imx7/examples/imx7_colibri_m4/driver_examples/i2c_imx/i2c_polling_sensor_imx7d/main.c.obj
                0x1fff996c                init_rotary_encoder
 .text.main     0x1fff99ec       0xac CMakeFiles/i2c_polling_sensor_imx7d.dir/home/aselsan/Desktop/GPT_BACKUP/freertos-colibri-imx7/examples/imx7_colibri_m4/driver_examples/i2c_imx/i2c_polling_sensor_imx7d/main.c.obj
                0x1fff99ec                main
 .text.__assert_func
                0x1fff9a98       0x38 /home/aselsan/Desktop/IMX7/toolchain/gcc-arm-none-eabi-4_9-2015q3/bin/../lib/gcc/arm-none-eabi/4.9.3/../../../../arm-none-eabi/lib/armv7e-m/fpu/libc_nano.a(lib_a-assert.o)
                0x1fff9a98                __assert_func
 .text.exit     0x1fff9ad0       0x28 /home/aselsan/Desktop/IMX7/toolchain/gcc-arm-none-eabi-4_9-2015q3/bin/../lib/gcc/arm-none-eabi/4.9.3/../../../../arm-none-eabi/lib/armv7e-m/fpu/libc_nano.a(lib_a-exit.o)
                0x1fff9ad0                exit
 .text.fprintf  0x1fff9af8       0x24 /home/aselsan/Desktop/IMX7/toolchain/gcc-arm-none-eabi-4_9-2015q3/bin/../lib/gcc/arm-none-eabi/4.9.3/../../../../arm-none-eabi/lib/armv7e-m/fpu/libc_nano.a(lib_a-fprintf.o)
                0x1fff9af8                fprintf
                0x1fff9af8                fiprintf
 .text.__libc_init_array
                0x1fff9b1c       0x4c /home/aselsan/Desktop/IMX7/toolchain/gcc-arm-none-eabi-4_9-2015q3/bin/../lib/gcc/arm-none-eabi/4.9.3/../../../../arm-none-eabi/lib/armv7e-m/fpu/libc_nano.a(lib_a-init.o)
                0x1fff9b1c                __libc_init_array
 .text.memset   0x1fff9b68       0x10 /home/aselsan/Desktop/IMX7/toolchain/gcc-arm-none-eabi-4_9-2015q3/bin/../lib/gcc/arm-none-eabi/4.9.3/../../../../arm-none-eabi/lib/armv7e-m/fpu/libc_nano.a(lib_a-memset.o)
                0x1fff9b68                memset
 .text.__sfputc_r
                0x1fff9b78       0x2c /home/aselsan/Desktop/IMX7/toolchain/gcc-arm-none-eabi-4_9-2015q3/bin/../lib/gcc/arm-none-eabi/4.9.3/../../../../arm-none-eabi/lib/armv7e-m/fpu/libc_nano.a(lib_a-nano-vfprintf.o)
 .text.__sfputs_r
                0x1fff9ba4       0x24 /home/aselsan/Desktop/IMX7/toolchain/gcc-arm-none-eabi-4_9-2015q3/bin/../lib/gcc/arm-none-eabi/4.9.3/../../../../arm-none-eabi/lib/armv7e-m/fpu/libc_nano.a(lib_a-nano-vfprintf.o)
                0x1fff9ba4                __sfputs_r
 .text._vfprintf_r
                0x1fff9bc8      0x210 /home/aselsan/Desktop/IMX7/toolchain/gcc-arm-none-eabi-4_9-2015q3/bin/../lib/gcc/arm-none-eabi/4.9.3/../../../../arm-none-eabi/lib/armv7e-m/fpu/libc_nano.a(lib_a-nano-vfprintf.o)
                0x1fff9bc8                _vfiprintf_r
                0x1fff9bc8                _vfprintf_r
 .text._printf_common
                0x1fff9dd8       0xea /home/aselsan/Desktop/IMX7/toolchain/gcc-arm-none-eabi-4_9-2015q3/bin/../lib/gcc/arm-none-eabi/4.9.3/../../../../arm-none-eabi/lib/armv7e-m/fpu/libc_nano.a(lib_a-nano-vfprintf_i.o)
                0x1fff9dd8                _printf_common
 *fill*         0x1fff9ec2        0x2 
 .text._printf_i
                0x1fff9ec4      0x240 /home/aselsan/Desktop/IMX7/toolchain/gcc-arm-none-eabi-4_9-2015q3/bin/../lib/gcc/arm-none-eabi/4.9.3/../../../../arm-none-eabi/lib/armv7e-m/fpu/libc_nano.a(lib_a-nano-vfprintf_i.o)
                0x1fff9ec4                _printf_i
 .text.strlen   0x1fffa104       0x10 /home/aselsan/Desktop/IMX7/toolchain/gcc-arm-none-eabi-4_9-2015q3/bin/../lib/gcc/arm-none-eabi/4.9.3/../../../../arm-none-eabi/lib/armv7e-m/fpu/libc_nano.a(lib_a-strlen.o)
                0x1fffa104                strlen
 .text.__swbuf_r
                0x1fffa114       0xa8 /home/aselsan/Desktop/IMX7/toolchain/gcc-arm-none-eabi-4_9-2015q3/bin/../lib/gcc/arm-none-eabi/4.9.3/../../../../arm-none-eabi/lib/armv7e-m/fpu/libc_nano.a(lib_a-wbuf.o)
                0x1fffa114                __swbuf_r
 .text.__swsetup_r
                0x1fffa1bc       0xd8 /home/aselsan/Desktop/IMX7/toolchain/gcc-arm-none-eabi-4_9-2015q3/bin/../lib/gcc/arm-none-eabi/4.9.3/../../../../arm-none-eabi/lib/armv7e-m/fpu/libc_nano.a(lib_a-wsetup.o)
                0x1fffa1bc                __swsetup_r
 .text.abort    0x1fffa294        0xe /home/aselsan/Desktop/IMX7/toolchain/gcc-arm-none-eabi-4_9-2015q3/bin/../lib/gcc/arm-none-eabi/4.9.3/../../../../arm-none-eabi/lib/armv7e-m/fpu/libc_nano.a(lib_a-abort.o)
                0x1fffa294                abort
 .text.__sflush_r
                0x1fffa2a2      0x108 /home/aselsan/Desktop/IMX7/toolchain/gcc-arm-none-eabi-4_9-2015q3/bin/../lib/gcc/arm-none-eabi/4.9.3/../../../../arm-none-eabi/lib/armv7e-m/fpu/libc_nano.a(lib_a-fflush.o)
                0x1fffa2a2                __sflush_r
 *fill*         0x1fffa3aa        0x2 
 .text._fflush_r
                0x1fffa3ac       0x54 /home/aselsan/Desktop/IMX7/toolchain/gcc-arm-none-eabi-4_9-2015q3/bin/../lib/gcc/arm-none-eabi/4.9.3/../../../../arm-none-eabi/lib/armv7e-m/fpu/libc_nano.a(lib_a-fflush.o)
                0x1fffa3ac                _fflush_r
 .text._cleanup_r
                0x1fffa400        0xc /home/aselsan/Desktop/IMX7/toolchain/gcc-arm-none-eabi-4_9-2015q3/bin/../lib/gcc/arm-none-eabi/4.9.3/../../../../arm-none-eabi/lib/armv7e-m/fpu/libc_nano.a(lib_a-findfp.o)
                0x1fffa400                _cleanup_r
 .text.std.isra.0
                0x1fffa40c       0x48 /home/aselsan/Desktop/IMX7/toolchain/gcc-arm-none-eabi-4_9-2015q3/bin/../lib/gcc/arm-none-eabi/4.9.3/../../../../arm-none-eabi/lib/armv7e-m/fpu/libc_nano.a(lib_a-findfp.o)
 .text.__sfmoreglue
                0x1fffa454       0x2c /home/aselsan/Desktop/IMX7/toolchain/gcc-arm-none-eabi-4_9-2015q3/bin/../lib/gcc/arm-none-eabi/4.9.3/../../../../arm-none-eabi/lib/armv7e-m/fpu/libc_nano.a(lib_a-findfp.o)
                0x1fffa454                __sfmoreglue
 .text.__sinit  0x1fffa480       0x60 /home/aselsan/Desktop/IMX7/toolchain/gcc-arm-none-eabi-4_9-2015q3/bin/../lib/gcc/arm-none-eabi/4.9.3/../../../../arm-none-eabi/lib/armv7e-m/fpu/libc_nano.a(lib_a-findfp.o)
                0x1fffa480                __sinit
 .text.__sfp    0x1fffa4e0       0x74 /home/aselsan/Desktop/IMX7/toolchain/gcc-arm-none-eabi-4_9-2015q3/bin/../lib/gcc/arm-none-eabi/4.9.3/../../../../arm-none-eabi/lib/armv7e-m/fpu/libc_nano.a(lib_a-findfp.o)
                0x1fffa4e0                __sfp
 .text._fwalk_reent
                0x1fffa554       0x3c /home/aselsan/Desktop/IMX7/toolchain/gcc-arm-none-eabi-4_9-2015q3/bin/../lib/gcc/arm-none-eabi/4.9.3/../../../../arm-none-eabi/lib/armv7e-m/fpu/libc_nano.a(lib_a-fwalk.o)
                0x1fffa554                _fwalk_reent
 .text.__smakebuf_r
                0x1fffa590       0x9c /home/aselsan/Desktop/IMX7/toolchain/gcc-arm-none-eabi-4_9-2015q3/bin/../lib/gcc/arm-none-eabi/4.9.3/../../../../arm-none-eabi/lib/armv7e-m/fpu/libc_nano.a(lib_a-makebuf.o)
                0x1fffa590                __smakebuf_r
 .text.memchr   0x1fffa62c       0x1e /home/aselsan/Desktop/IMX7/toolchain/gcc-arm-none-eabi-4_9-2015q3/bin/../lib/gcc/arm-none-eabi/4.9.3/../../../../arm-none-eabi/lib/armv7e-m/fpu/libc_nano.a(lib_a-memchr.o)
                0x1fffa62c                memchr
 *fill*         0x1fffa64a        0x2 
 .text._free_r  0x1fffa64c       0x88 /home/aselsan/Desktop/IMX7/toolchain/gcc-arm-none-eabi-4_9-2015q3/bin/../lib/gcc/arm-none-eabi/4.9.3/../../../../arm-none-eabi/lib/armv7e-m/fpu/libc_nano.a(lib_a-nano-freer.o)
                0x1fffa64c                _free_r
 .text._malloc_r
                0x1fffa6d4       0xac /home/aselsan/Desktop/IMX7/toolchain/gcc-arm-none-eabi-4_9-2015q3/bin/../lib/gcc/arm-none-eabi/4.9.3/../../../../arm-none-eabi/lib/armv7e-m/fpu/libc_nano.a(lib_a-nano-mallocr.o)
                0x1fffa6d4                _malloc_r
 .text._sbrk_r  0x1fffa780       0x20 /home/aselsan/Desktop/IMX7/toolchain/gcc-arm-none-eabi-4_9-2015q3/bin/../lib/gcc/arm-none-eabi/4.9.3/../../../../arm-none-eabi/lib/armv7e-m/fpu/libc_nano.a(lib_a-sbrkr.o)
                0x1fffa780                _sbrk_r
 .text._raise_r
                0x1fffa7a0       0x50 /home/aselsan/Desktop/IMX7/toolchain/gcc-arm-none-eabi-4_9-2015q3/bin/../lib/gcc/arm-none-eabi/4.9.3/../../../../arm-none-eabi/lib/armv7e-m/fpu/libc_nano.a(lib_a-signal.o)
                0x1fffa7a0                _raise_r
 .text.raise    0x1fffa7f0       0x10 /home/aselsan/Desktop/IMX7/toolchain/gcc-arm-none-eabi-4_9-2015q3/bin/../lib/gcc/arm-none-eabi/4.9.3/../../../../arm-none-eabi/lib/armv7e-m/fpu/libc_nano.a(lib_a-signal.o)
                0x1fffa7f0                raise
 .text._kill_r  0x1fffa800       0x24 /home/aselsan/Desktop/IMX7/toolchain/gcc-arm-none-eabi-4_9-2015q3/bin/../lib/gcc/arm-none-eabi/4.9.3/../../../../arm-none-eabi/lib/armv7e-m/fpu/libc_nano.a(lib_a-signalr.o)
                0x1fffa800                _kill_r
 .text._getpid_r
                0x1fffa824        0x4 /home/aselsan/Desktop/IMX7/toolchain/gcc-arm-none-eabi-4_9-2015q3/bin/../lib/gcc/arm-none-eabi/4.9.3/../../../../arm-none-eabi/lib/armv7e-m/fpu/libc_nano.a(lib_a-signalr.o)
                0x1fffa824                _getpid_r
 .text.__sread  0x1fffa828       0x22 /home/aselsan/Desktop/IMX7/toolchain/gcc-arm-none-eabi-4_9-2015q3/bin/../lib/gcc/arm-none-eabi/4.9.3/../../../../arm-none-eabi/lib/armv7e-m/fpu/libc_nano.a(lib_a-stdio.o)
                0x1fffa828                __sread
 .text.__swrite
                0x1fffa84a       0x38 /home/aselsan/Desktop/IMX7/toolchain/gcc-arm-none-eabi-4_9-2015q3/bin/../lib/gcc/arm-none-eabi/4.9.3/../../../../arm-none-eabi/lib/armv7e-m/fpu/libc_nano.a(lib_a-stdio.o)
                0x1fffa84a                __swrite
 .text.__sseek  0x1fffa882       0x24 /home/aselsan/Desktop/IMX7/toolchain/gcc-arm-none-eabi-4_9-2015q3/bin/../lib/gcc/arm-none-eabi/4.9.3/../../../../arm-none-eabi/lib/armv7e-m/fpu/libc_nano.a(lib_a-stdio.o)
                0x1fffa882                __sseek
 .text.__sclose
                0x1fffa8a6        0x8 /home/aselsan/Desktop/IMX7/toolchain/gcc-arm-none-eabi-4_9-2015q3/bin/../lib/gcc/arm-none-eabi/4.9.3/../../../../arm-none-eabi/lib/armv7e-m/fpu/libc_nano.a(lib_a-stdio.o)
                0x1fffa8a6                __sclose
 *fill*         0x1fffa8ae        0x2 
 .text._write_r
                0x1fffa8b0       0x24 /home/aselsan/Desktop/IMX7/toolchain/gcc-arm-none-eabi-4_9-2015q3/bin/../lib/gcc/arm-none-eabi/4.9.3/../../../../arm-none-eabi/lib/armv7e-m/fpu/libc_nano.a(lib_a-writer.o)
                0x1fffa8b0                _write_r
 .text._close_r
                0x1fffa8d4       0x20 /home/aselsan/Desktop/IMX7/toolchain/gcc-arm-none-eabi-4_9-2015q3/bin/../lib/gcc/arm-none-eabi/4.9.3/../../../../arm-none-eabi/lib/armv7e-m/fpu/libc_nano.a(lib_a-closer.o)
                0x1fffa8d4                _close_r
 .text._fstat_r
                0x1fffa8f4       0x24 /home/aselsan/Desktop/IMX7/toolchain/gcc-arm-none-eabi-4_9-2015q3/bin/../lib/gcc/arm-none-eabi/4.9.3/../../../../arm-none-eabi/lib/armv7e-m/fpu/libc_nano.a(lib_a-fstatr.o)
                0x1fffa8f4                _fstat_r
 .text._isatty_r
                0x1fffa918       0x20 /home/aselsan/Desktop/IMX7/toolchain/gcc-arm-none-eabi-4_9-2015q3/bin/../lib/gcc/arm-none-eabi/4.9.3/../../../../arm-none-eabi/lib/armv7e-m/fpu/libc_nano.a(lib_a-isattyr.o)
                0x1fffa918                _isatty_r
 .text._lseek_r
                0x1fffa938       0x24 /home/aselsan/Desktop/IMX7/toolchain/gcc-arm-none-eabi-4_9-2015q3/bin/../lib/gcc/arm-none-eabi/4.9.3/../../../../arm-none-eabi/lib/armv7e-m/fpu/libc_nano.a(lib_a-lseekr.o)
                0x1fffa938                _lseek_r
 .text._read_r  0x1fffa95c       0x24 /home/aselsan/Desktop/IMX7/toolchain/gcc-arm-none-eabi-4_9-2015q3/bin/../lib/gcc/arm-none-eabi/4.9.3/../../../../arm-none-eabi/lib/armv7e-m/fpu/libc_nano.a(lib_a-readr.o)
                0x1fffa95c                _read_r
 .text._close   0x1fffa980       0x10 /home/aselsan/Desktop/IMX7/toolchain/gcc-arm-none-eabi-4_9-2015q3/bin/../lib/gcc/arm-none-eabi/4.9.3/../../../../arm-none-eabi/lib/armv7e-m/fpu/libnosys.a(close.o)
                0x1fffa980                _close
 .text._fstat   0x1fffa990       0x10 /home/aselsan/Desktop/IMX7/toolchain/gcc-arm-none-eabi-4_9-2015q3/bin/../lib/gcc/arm-none-eabi/4.9.3/../../../../arm-none-eabi/lib/armv7e-m/fpu/libnosys.a(fstat.o)
                0x1fffa990                _fstat
 .text._getpid  0x1fffa9a0       0x10 /home/aselsan/Desktop/IMX7/toolchain/gcc-arm-none-eabi-4_9-2015q3/bin/../lib/gcc/arm-none-eabi/4.9.3/../../../../arm-none-eabi/lib/armv7e-m/fpu/libnosys.a(getpid.o)
                0x1fffa9a0                _getpid
 .text._isatty  0x1fffa9b0       0x10 /home/aselsan/Desktop/IMX7/toolchain/gcc-arm-none-eabi-4_9-2015q3/bin/../lib/gcc/arm-none-eabi/4.9.3/../../../../arm-none-eabi/lib/armv7e-m/fpu/libnosys.a(isatty.o)
                0x1fffa9b0                _isatty
 .text._kill    0x1fffa9c0       0x10 /home/aselsan/Desktop/IMX7/toolchain/gcc-arm-none-eabi-4_9-2015q3/bin/../lib/gcc/arm-none-eabi/4.9.3/../../../../arm-none-eabi/lib/armv7e-m/fpu/libnosys.a(kill.o)
                0x1fffa9c0                _kill
 .text._lseek   0x1fffa9d0       0x10 /home/aselsan/Desktop/IMX7/toolchain/gcc-arm-none-eabi-4_9-2015q3/bin/../lib/gcc/arm-none-eabi/4.9.3/../../../../arm-none-eabi/lib/armv7e-m/fpu/libnosys.a(lseek.o)
                0x1fffa9d0                _lseek
 .text._sbrk    0x1fffa9e0       0x1c /home/aselsan/Desktop/IMX7/toolchain/gcc-arm-none-eabi-4_9-2015q3/bin/../lib/gcc/arm-none-eabi/4.9.3/../../../../arm-none-eabi/lib/armv7e-m/fpu/libnosys.a(sbrk.o)
                0x1fffa9e0                _sbrk
 .text._exit    0x1fffa9fc        0x4 /home/aselsan/Desktop/IMX7/toolchain/gcc-arm-none-eabi-4_9-2015q3/bin/../lib/gcc/arm-none-eabi/4.9.3/../../../../arm-none-eabi/lib/armv7e-m/fpu/libnosys.a(_exit.o)
                0x1fffa9fc                _exit
 *(.rodata)
 *(.rodata*)
 .rodata.str1.4
                0x1fffaa00       0x78 CMakeFiles/i2c_polling_sensor_imx7d.dir/home/aselsan/Desktop/GPT_BACKUP/freertos-colibri-imx7/platform/drivers/src/ccm_imx7d.c.obj
 .rodata.__func__.8026
                0x1fffaa78       0x13 CMakeFiles/i2c_polling_sensor_imx7d.dir/home/aselsan/Desktop/GPT_BACKUP/freertos-colibri-imx7/platform/drivers/src/ccm_imx7d.c.obj
 *fill*         0x1fffaa8b        0x1 
 .rodata.__func__.8034
                0x1fffaa8c        0xf CMakeFiles/i2c_polling_sensor_imx7d.dir/home/aselsan/Desktop/GPT_BACKUP/freertos-colibri-imx7/platform/drivers/src/ccm_imx7d.c.obj
 *fill*         0x1fffaa9b        0x1 
 .rodata.i2cClkDivTab
                0x1fffaa9c      0x190 CMakeFiles/i2c_polling_sensor_imx7d.dir/home/aselsan/Desktop/GPT_BACKUP/freertos-colibri-imx7/platform/drivers/src/i2c_imx.c.obj
 .rodata.__func__.7828
                0x1fffac2c        0x9 CMakeFiles/i2c_polling_sensor_imx7d.dir/home/aselsan/Desktop/GPT_BACKUP/freertos-colibri-imx7/platform/drivers/src/i2c_imx.c.obj
 *fill*         0x1fffac35        0x3 
 .rodata.__func__.7788
                0x1fffac38       0x14 CMakeFiles/i2c_polling_sensor_imx7d.dir/home/aselsan/Desktop/GPT_BACKUP/freertos-colibri-imx7/platform/drivers/src/i2c_imx.c.obj
 .rodata.__func__.7839
                0x1fffac4c       0x10 CMakeFiles/i2c_polling_sensor_imx7d.dir/home/aselsan/Desktop/GPT_BACKUP/freertos-colibri-imx7/platform/drivers/src/i2c_imx.c.obj
 .rodata.str1.4
                0x1fffac5c      0x148 CMakeFiles/i2c_polling_sensor_imx7d.dir/home/aselsan/Desktop/GPT_BACKUP/freertos-colibri-imx7/platform/drivers/src/i2c_imx.c.obj
 .rodata.str1.4
                0x1fffada4      0x13a CMakeFiles/i2c_polling_sensor_imx7d.dir/home/aselsan/Desktop/GPT_BACKUP/freertos-colibri-imx7/platform/drivers/src/uart_imx.c.obj
                                0x146 (size before relaxing)
 *fill*         0x1fffaede        0x2 
 .rodata.__func__.8008
                0x1fffaee0        0xa CMakeFiles/i2c_polling_sensor_imx7d.dir/home/aselsan/Desktop/GPT_BACKUP/freertos-colibri-imx7/platform/drivers/src/uart_imx.c.obj
 *fill*         0x1fffaeea        0x2 
 .rodata.__func__.8095
                0x1fffaeec       0x12 CMakeFiles/i2c_polling_sensor_imx7d.dir/home/aselsan/Desktop/GPT_BACKUP/freertos-colibri-imx7/platform/drivers/src/uart_imx.c.obj
 *fill*         0x1fffaefe        0x2 
 .rodata.__func__.7837
                0x1fffaf00       0x14 CMakeFiles/i2c_polling_sensor_imx7d.dir/home/aselsan/Desktop/GPT_BACKUP/freertos-colibri-imx7/platform/drivers/src/gpio_imx.c.obj
 .rodata.str1.4
                0x1fffaf14       0x61 CMakeFiles/i2c_polling_sensor_imx7d.dir/home/aselsan/Desktop/GPT_BACKUP/freertos-colibri-imx7/platform/drivers/src/gpio_imx.c.obj
 *fill*         0x1fffaf75        0x3 
 .rodata.str1.4
                0x1fffaf78       0xa4 CMakeFiles/i2c_polling_sensor_imx7d.dir/home/aselsan/Desktop/GPT_BACKUP/freertos-colibri-imx7/examples/imx7_colibri_m4/gpio_pins.c.obj
 .rodata.str1.4
                0x1fffb01c      0x165 CMakeFiles/i2c_polling_sensor_imx7d.dir/home/aselsan/Desktop/GPT_BACKUP/freertos-colibri-imx7/examples/imx7_colibri_m4/pin_mux.c.obj
 *fill*         0x1fffb181        0x3 
 .rodata.__func__.8419
                0x1fffb184       0x12 CMakeFiles/i2c_polling_sensor_imx7d.dir/home/aselsan/Desktop/GPT_BACKUP/freertos-colibri-imx7/examples/imx7_colibri_m4/driver_examples/i2c_imx/i2c_polling_sensor_imx7d/main.c.obj
 *fill*         0x1fffb196        0x2 
 .rodata.str1.4
                0x1fffb198      0x1e0 CMakeFiles/i2c_polling_sensor_imx7d.dir/home/aselsan/Desktop/GPT_BACKUP/freertos-colibri-imx7/examples/imx7_colibri_m4/driver_examples/i2c_imx/i2c_polling_sensor_imx7d/main.c.obj
                                0x1ec (size before relaxing)
 .rodata.str1.1
                0x1fffb378       0x3c /home/aselsan/Desktop/IMX7/toolchain/gcc-arm-none-eabi-4_9-2015q3/bin/../lib/gcc/arm-none-eabi/4.9.3/../../../../arm-none-eabi/lib/armv7e-m/fpu/libc_nano.a(lib_a-assert.o)
                                 0x3d (size before relaxing)
 .rodata.str1.1
                0x1fffb3b4        0x2 /home/aselsan/Desktop/IMX7/toolchain/gcc-arm-none-eabi-4_9-2015q3/bin/../lib/gcc/arm-none-eabi/4.9.3/../../../../arm-none-eabi/lib/armv7e-m/fpu/libc_nano.a(lib_a-impure.o)
 *fill*         0x1fffb3b6        0x2 
 .rodata._global_impure_ptr
                0x1fffb3b8        0x4 /home/aselsan/Desktop/IMX7/toolchain/gcc-arm-none-eabi-4_9-2015q3/bin/../lib/gcc/arm-none-eabi/4.9.3/../../../../arm-none-eabi/lib/armv7e-m/fpu/libc_nano.a(lib_a-impure.o)
                0x1fffb3b8                _global_impure_ptr
 .rodata.str1.1
                0x1fffb3bc       0x11 /home/aselsan/Desktop/IMX7/toolchain/gcc-arm-none-eabi-4_9-2015q3/bin/../lib/gcc/arm-none-eabi/4.9.3/../../../../arm-none-eabi/lib/armv7e-m/fpu/libc_nano.a(lib_a-nano-vfprintf.o)
 .rodata.str1.1
                0x1fffb3cd       0x22 /home/aselsan/Desktop/IMX7/toolchain/gcc-arm-none-eabi-4_9-2015q3/bin/../lib/gcc/arm-none-eabi/4.9.3/../../../../arm-none-eabi/lib/armv7e-m/fpu/libc_nano.a(lib_a-nano-vfprintf_i.o)
 *fill*         0x1fffb3ef        0x1 
 .rodata.__sf_fake_stdin
                0x1fffb3f0       0x20 /home/aselsan/Desktop/IMX7/toolchain/gcc-arm-none-eabi-4_9-2015q3/bin/../lib/gcc/arm-none-eabi/4.9.3/../../../../arm-none-eabi/lib/armv7e-m/fpu/libc_nano.a(lib_a-findfp.o)
                0x1fffb3f0                __sf_fake_stdin
 .rodata.__sf_fake_stdout
                0x1fffb410       0x20 /home/aselsan/Desktop/IMX7/toolchain/gcc-arm-none-eabi-4_9-2015q3/bin/../lib/gcc/arm-none-eabi/4.9.3/../../../../arm-none-eabi/lib/armv7e-m/fpu/libc_nano.a(lib_a-findfp.o)
                0x1fffb410                __sf_fake_stdout
 .rodata.__sf_fake_stderr
                0x1fffb430       0x20 /home/aselsan/Desktop/IMX7/toolchain/gcc-arm-none-eabi-4_9-2015q3/bin/../lib/gcc/arm-none-eabi/4.9.3/../../../../arm-none-eabi/lib/armv7e-m/fpu/libc_nano.a(lib_a-findfp.o)
                0x1fffb430                __sf_fake_stderr
 *(.glue_7)
 .glue_7        0x00000000        0x0 linker stubs
 *(.glue_7t)
 .glue_7t       0x00000000        0x0 linker stubs
 *(.eh_frame)
 .eh_frame      0x1fffb450        0x0 /home/aselsan/Desktop/IMX7/toolchain/gcc-arm-none-eabi-4_9-2015q3/bin/../lib/gcc/arm-none-eabi/4.9.3/armv7e-m/fpu/crtbegin.o
 *(.init)
 .init          0x1fffb450        0x4 /home/aselsan/Desktop/IMX7/toolchain/gcc-arm-none-eabi-4_9-2015q3/bin/../lib/gcc/arm-none-eabi/4.9.3/armv7e-m/fpu/crti.o
                0x1fffb450                _init
 .init          0x1fffb454        0x8 /home/aselsan/Desktop/IMX7/toolchain/gcc-arm-none-eabi-4_9-2015q3/bin/../lib/gcc/arm-none-eabi/4.9.3/armv7e-m/fpu/crtn.o
 *(.fini)
 .fini          0x1fffb45c        0x4 /home/aselsan/Desktop/IMX7/toolchain/gcc-arm-none-eabi-4_9-2015q3/bin/../lib/gcc/arm-none-eabi/4.9.3/armv7e-m/fpu/crti.o
                0x1fffb45c                _fini
 .fini          0x1fffb460        0x8 /home/aselsan/Desktop/IMX7/toolchain/gcc-arm-none-eabi-4_9-2015q3/bin/../lib/gcc/arm-none-eabi/4.9.3/armv7e-m/fpu/crtn.o
                0x1fffb468                . = ALIGN (0x4)

.vfp11_veneer   0x1fffb468        0x0
 .vfp11_veneer  0x00000000        0x0 linker stubs

.v4_bx          0x1fffb468        0x0
 .v4_bx         0x00000000        0x0 linker stubs

.iplt           0x1fffb468        0x0
 .iplt          0x00000000        0x0 /home/aselsan/Desktop/IMX7/toolchain/gcc-arm-none-eabi-4_9-2015q3/bin/../lib/gcc/arm-none-eabi/4.9.3/armv7e-m/fpu/crtbegin.o

.ARM.extab
 *(.ARM.extab* .gnu.linkonce.armextab.*)

.ARM            0x1fffb468        0x8
                0x1fffb468                __exidx_start = .
 *(.ARM.exidx*)
 .ARM.exidx     0x1fffb468        0x8 /home/aselsan/Desktop/IMX7/toolchain/gcc-arm-none-eabi-4_9-2015q3/bin/../lib/gcc/arm-none-eabi/4.9.3/../../../../arm-none-eabi/lib/armv7e-m/fpu/crt0.o
                0x1fffb470                __exidx_end = .

.rel.dyn        0x1fffb470        0x0
 .rel.iplt      0x00000000        0x0 /home/aselsan/Desktop/IMX7/toolchain/gcc-arm-none-eabi-4_9-2015q3/bin/../lib/gcc/arm-none-eabi/4.9.3/armv7e-m/fpu/crtbegin.o

.ctors          0x1fffb470        0x0
                0x1fffb470                __CTOR_LIST__ = .
 *crtbegin.o(.ctors)
 *crtbegin?.o(.ctors)
 *(EXCLUDE_FILE(*crtend.o *crtend?.o) .ctors)
 *(SORT(.ctors.*))
 *(.ctors)
                0x1fffb470                __CTOR_END__ = .

.dtors          0x1fffb470        0x0
                0x1fffb470                __DTOR_LIST__ = .
 *crtbegin.o(.dtors)
 *crtbegin?.o(.dtors)
 *(EXCLUDE_FILE(*crtend.o *crtend?.o) .dtors)
 *(SORT(.dtors.*))
 *(.dtors)
                0x1fffb470                __DTOR_END__ = .

.preinit_array  0x1fffb470        0x0
                0x1fffb470                PROVIDE (__preinit_array_start, .)
 *(.preinit_array*)
                0x1fffb470                PROVIDE (__preinit_array_end, .)

.init_array     0x1fffb470        0x4
                0x1fffb470                PROVIDE (__init_array_start, .)
 *(SORT(.init_array.*))
 *(.init_array*)
 .init_array    0x1fffb470        0x4 /home/aselsan/Desktop/IMX7/toolchain/gcc-arm-none-eabi-4_9-2015q3/bin/../lib/gcc/arm-none-eabi/4.9.3/armv7e-m/fpu/crtbegin.o
                0x1fffb474                PROVIDE (__init_array_end, .)

.fini_array     0x1fffb474        0x4
                0x1fffb474                PROVIDE (__fini_array_start, .)
 *(SORT(.fini_array.*))
 *(.fini_array*)
 .fini_array    0x1fffb474        0x4 /home/aselsan/Desktop/IMX7/toolchain/gcc-arm-none-eabi-4_9-2015q3/bin/../lib/gcc/arm-none-eabi/4.9.3/armv7e-m/fpu/crtbegin.o
                0x1fffb478                PROVIDE (__fini_array_end, .)

.data           0x20000000      0x10c
                0x20000000                . = ALIGN (0x4)
 *(.data)
 *(.data*)
 .data.gpio_rotary_encoder_read_enable_output
                0x20000000       0x1c CMakeFiles/i2c_polling_sensor_imx7d.dir/home/aselsan/Desktop/GPT_BACKUP/freertos-colibri-imx7/examples/imx7_colibri_m4/gpio_pins.c.obj
                0x20000000                gpio_rotary_encoder_read_enable_output
 .data.gpio_rotary_encoder_button
                0x2000001c       0x1c CMakeFiles/i2c_polling_sensor_imx7d.dir/home/aselsan/Desktop/GPT_BACKUP/freertos-colibri-imx7/examples/imx7_colibri_m4/gpio_pins.c.obj
                0x2000001c                gpio_rotary_encoder_button
 .data.gpioI2c2En
                0x20000038       0x1c CMakeFiles/i2c_polling_sensor_imx7d.dir/home/aselsan/Desktop/GPT_BACKUP/freertos-colibri-imx7/examples/imx7_colibri_m4/gpio_pins.c.obj
                0x20000038                gpioI2c2En
 .data.gpio_rotary_encoder_input_a
                0x20000054       0x1c CMakeFiles/i2c_polling_sensor_imx7d.dir/home/aselsan/Desktop/GPT_BACKUP/freertos-colibri-imx7/examples/imx7_colibri_m4/gpio_pins.c.obj
                0x20000054                gpio_rotary_encoder_input_a
 .data.gpio_rotary_encoder_input_b
                0x20000070       0x1c CMakeFiles/i2c_polling_sensor_imx7d.dir/home/aselsan/Desktop/GPT_BACKUP/freertos-colibri-imx7/examples/imx7_colibri_m4/gpio_pins.c.obj
                0x20000070                gpio_rotary_encoder_input_b
 .data.led1     0x2000008c        0x2 CMakeFiles/i2c_polling_sensor_imx7d.dir/home/aselsan/Desktop/GPT_BACKUP/freertos-colibri-imx7/examples/imx7_colibri_m4/driver_examples/i2c_imx/i2c_polling_sensor_imx7d/main.c.obj
                0x2000008c                led1
 *fill*         0x2000008e        0x2 
 .data.led2     0x20000090        0x2 CMakeFiles/i2c_polling_sensor_imx7d.dir/home/aselsan/Desktop/GPT_BACKUP/freertos-colibri-imx7/examples/imx7_colibri_m4/driver_examples/i2c_imx/i2c_polling_sensor_imx7d/main.c.obj
                0x20000090                led2
 *fill*         0x20000092        0x2 
 .data.led3     0x20000094        0x2 CMakeFiles/i2c_polling_sensor_imx7d.dir/home/aselsan/Desktop/GPT_BACKUP/freertos-colibri-imx7/examples/imx7_colibri_m4/driver_examples/i2c_imx/i2c_polling_sensor_imx7d/main.c.obj
                0x20000094                led3
 *fill*         0x20000096        0x2 
 .data.led4     0x20000098        0x2 CMakeFiles/i2c_polling_sensor_imx7d.dir/home/aselsan/Desktop/GPT_BACKUP/freertos-colibri-imx7/examples/imx7_colibri_m4/driver_examples/i2c_imx/i2c_polling_sensor_imx7d/main.c.obj
                0x20000098                led4
 *fill*         0x2000009a        0x2 
 .data.led5     0x2000009c        0x2 CMakeFiles/i2c_polling_sensor_imx7d.dir/home/aselsan/Desktop/GPT_BACKUP/freertos-colibri-imx7/examples/imx7_colibri_m4/driver_examples/i2c_imx/i2c_polling_sensor_imx7d/main.c.obj
                0x2000009c                led5
 *fill*         0x2000009e        0x2 
 .data.led6     0x200000a0        0x2 CMakeFiles/i2c_polling_sensor_imx7d.dir/home/aselsan/Desktop/GPT_BACKUP/freertos-colibri-imx7/examples/imx7_colibri_m4/driver_examples/i2c_imx/i2c_polling_sensor_imx7d/main.c.obj
                0x200000a0                led6
 *fill*         0x200000a2        0x2 
 .data.impure_data
                0x200000a4       0x60 /home/aselsan/Desktop/IMX7/toolchain/gcc-arm-none-eabi-4_9-2015q3/bin/../lib/gcc/arm-none-eabi/4.9.3/../../../../arm-none-eabi/lib/armv7e-m/fpu/libc_nano.a(lib_a-impure.o)
 .data._impure_ptr
                0x20000104        0x4 /home/aselsan/Desktop/IMX7/toolchain/gcc-arm-none-eabi-4_9-2015q3/bin/../lib/gcc/arm-none-eabi/4.9.3/../../../../arm-none-eabi/lib/armv7e-m/fpu/libc_nano.a(lib_a-impure.o)
                0x20000104                _impure_ptr
 *(.jcr*)
 .jcr           0x20000108        0x0 /home/aselsan/Desktop/IMX7/toolchain/gcc-arm-none-eabi-4_9-2015q3/bin/../lib/gcc/arm-none-eabi/4.9.3/armv7e-m/fpu/crtbegin.o
 .jcr           0x20000108        0x4 /home/aselsan/Desktop/IMX7/toolchain/gcc-arm-none-eabi-4_9-2015q3/bin/../lib/gcc/arm-none-eabi/4.9.3/armv7e-m/fpu/crtend.o
                0x2000010c                . = ALIGN (0x4)

.igot.plt       0x2000010c        0x0
 .igot.plt      0x00000000        0x0 /home/aselsan/Desktop/IMX7/toolchain/gcc-arm-none-eabi-4_9-2015q3/bin/../lib/gcc/arm-none-eabi/4.9.3/armv7e-m/fpu/crtbegin.o

.bss            0x2000010c       0x5c
                0x2000010c                . = ALIGN (0x4)
                0x2000010c                __START_BSS = .
                0x2000010c                __bss_start__ = .
 *(.bss)
 .bss           0x2000010c       0x1c /home/aselsan/Desktop/IMX7/toolchain/gcc-arm-none-eabi-4_9-2015q3/bin/../lib/gcc/arm-none-eabi/4.9.3/armv7e-m/fpu/crtbegin.o
 *(.bss*)
 .bss.s_debugConsole
                0x20000128       0x10 CMakeFiles/i2c_polling_sensor_imx7d.dir/home/aselsan/Desktop/GPT_BACKUP/freertos-colibri-imx7/platform/utilities/src/debug_console_imx.c.obj
 .bss.p0        0x20000138        0x1 CMakeFiles/i2c_polling_sensor_imx7d.dir/home/aselsan/Desktop/GPT_BACKUP/freertos-colibri-imx7/examples/imx7_colibri_m4/driver_examples/i2c_imx/i2c_polling_sensor_imx7d/main.c.obj
                0x20000138                p0
 .bss.encoder_input_b
                0x20000139        0x1 CMakeFiles/i2c_polling_sensor_imx7d.dir/home/aselsan/Desktop/GPT_BACKUP/freertos-colibri-imx7/examples/imx7_colibri_m4/driver_examples/i2c_imx/i2c_polling_sensor_imx7d/main.c.obj
                0x20000139                encoder_input_b
 .bss.mmm       0x2000013a        0x1 CMakeFiles/i2c_polling_sensor_imx7d.dir/home/aselsan/Desktop/GPT_BACKUP/freertos-colibri-imx7/examples/imx7_colibri_m4/driver_examples/i2c_imx/i2c_polling_sensor_imx7d/main.c.obj
                0x2000013a                mmm
 .bss.b0        0x2000013b        0x1 CMakeFiles/i2c_polling_sensor_imx7d.dir/home/aselsan/Desktop/GPT_BACKUP/freertos-colibri-imx7/examples/imx7_colibri_m4/driver_examples/i2c_imx/i2c_polling_sensor_imx7d/main.c.obj
                0x2000013b                b0
 .bss.rxBuffer  0x2000013c        0x7 CMakeFiles/i2c_polling_sensor_imx7d.dir/home/aselsan/Desktop/GPT_BACKUP/freertos-colibri-imx7/examples/imx7_colibri_m4/driver_examples/i2c_imx/i2c_polling_sensor_imx7d/main.c.obj
 .bss.eb        0x20000143        0x1 CMakeFiles/i2c_polling_sensor_imx7d.dir/home/aselsan/Desktop/GPT_BACKUP/freertos-colibri-imx7/examples/imx7_colibri_m4/driver_examples/i2c_imx/i2c_polling_sensor_imx7d/main.c.obj
                0x20000143                eb
 .bss.port2_leds
                0x20000144        0x1 CMakeFiles/i2c_polling_sensor_imx7d.dir/home/aselsan/Desktop/GPT_BACKUP/freertos-colibri-imx7/examples/imx7_colibri_m4/driver_examples/i2c_imx/i2c_polling_sensor_imx7d/main.c.obj
                0x20000144                port2_leds
 .bss.port1_leds
                0x20000145        0x1 CMakeFiles/i2c_polling_sensor_imx7d.dir/home/aselsan/Desktop/GPT_BACKUP/freertos-colibri-imx7/examples/imx7_colibri_m4/driver_examples/i2c_imx/i2c_polling_sensor_imx7d/main.c.obj
                0x20000145                port1_leds
 *fill*         0x20000146        0x2 
 .bss.txBuffer  0x20000148        0x5 CMakeFiles/i2c_polling_sensor_imx7d.dir/home/aselsan/Desktop/GPT_BACKUP/freertos-colibri-imx7/examples/imx7_colibri_m4/driver_examples/i2c_imx/i2c_polling_sensor_imx7d/main.c.obj
 .bss.p1        0x2000014d        0x1 CMakeFiles/i2c_polling_sensor_imx7d.dir/home/aselsan/Desktop/GPT_BACKUP/freertos-colibri-imx7/examples/imx7_colibri_m4/driver_examples/i2c_imx/i2c_polling_sensor_imx7d/main.c.obj
                0x2000014d                p1
 .bss.p2        0x2000014e        0x1 CMakeFiles/i2c_polling_sensor_imx7d.dir/home/aselsan/Desktop/GPT_BACKUP/freertos-colibri-imx7/examples/imx7_colibri_m4/driver_examples/i2c_imx/i2c_polling_sensor_imx7d/main.c.obj
                0x2000014e                p2
 *fill*         0x2000014f        0x1 
 .bss.cmdBuffer
                0x20000150        0x5 CMakeFiles/i2c_polling_sensor_imx7d.dir/home/aselsan/Desktop/GPT_BACKUP/freertos-colibri-imx7/examples/imx7_colibri_m4/driver_examples/i2c_imx/i2c_polling_sensor_imx7d/main.c.obj
 .bss.encoder_input_a
                0x20000155        0x1 CMakeFiles/i2c_polling_sensor_imx7d.dir/home/aselsan/Desktop/GPT_BACKUP/freertos-colibri-imx7/examples/imx7_colibri_m4/driver_examples/i2c_imx/i2c_polling_sensor_imx7d/main.c.obj
                0x20000155                encoder_input_a
 .bss.b1        0x20000156        0x1 CMakeFiles/i2c_polling_sensor_imx7d.dir/home/aselsan/Desktop/GPT_BACKUP/freertos-colibri-imx7/examples/imx7_colibri_m4/driver_examples/i2c_imx/i2c_polling_sensor_imx7d/main.c.obj
                0x20000156                b1
 *fill*         0x20000157        0x1 
 .bss.__malloc_sbrk_start
                0x20000158        0x4 /home/aselsan/Desktop/IMX7/toolchain/gcc-arm-none-eabi-4_9-2015q3/bin/../lib/gcc/arm-none-eabi/4.9.3/../../../../arm-none-eabi/lib/armv7e-m/fpu/libc_nano.a(lib_a-nano-mallocr.o)
                0x20000158                __malloc_sbrk_start
 .bss.__malloc_free_list
                0x2000015c        0x4 /home/aselsan/Desktop/IMX7/toolchain/gcc-arm-none-eabi-4_9-2015q3/bin/../lib/gcc/arm-none-eabi/4.9.3/../../../../arm-none-eabi/lib/armv7e-m/fpu/libc_nano.a(lib_a-nano-mallocr.o)
                0x2000015c                __malloc_free_list
 .bss.heap_end.4079
                0x20000160        0x4 /home/aselsan/Desktop/IMX7/toolchain/gcc-arm-none-eabi-4_9-2015q3/bin/../lib/gcc/arm-none-eabi/4.9.3/../../../../arm-none-eabi/lib/armv7e-m/fpu/libnosys.a(sbrk.o)
 *(COMMON)
 COMMON         0x20000164        0x4 /home/aselsan/Desktop/IMX7/toolchain/gcc-arm-none-eabi-4_9-2015q3/bin/../lib/gcc/arm-none-eabi/4.9.3/../../../../arm-none-eabi/lib/armv7e-m/fpu/libc_nano.a(lib_a-reent.o)
                0x20000164                errno
                0x20000168                . = ALIGN (0x4)
                0x20000168                __bss_end__ = .
                0x20000168                __END_BSS = .

.heap           0x20000168      0x200
                0x20000168                . = ALIGN (0x8)
                0x20000168                __end__ = .
                0x20000168                PROVIDE (end, .)
                0x20000168                __HeapBase = .
                0x20000368                . = (. + HEAP_SIZE)
 *fill*         0x20000168      0x200 
                0x20000368                __HeapLimit = .

.stack          0x20000368      0x400
                0x20000368                . = ALIGN (0x8)
                0x20000768                . = (. + STACK_SIZE)
 *fill*         0x20000368      0x400 
                0x20008000                __StackTop = (ORIGIN (m_data) + 0x8000)
                0x20007c00                __StackLimit = (__StackTop - STACK_SIZE)
                0x20008000                PROVIDE (__stack, __StackTop)

.ARM.attributes
                0x00000000       0x30
 *(.ARM.attributes)
 .ARM.attributes
                0x00000000       0x22 /home/aselsan/Desktop/IMX7/toolchain/gcc-arm-none-eabi-4_9-2015q3/bin/../lib/gcc/arm-none-eabi/4.9.3/armv7e-m/fpu/crti.o
 .ARM.attributes
                0x00000022       0x34 /home/aselsan/Desktop/IMX7/toolchain/gcc-arm-none-eabi-4_9-2015q3/bin/../lib/gcc/arm-none-eabi/4.9.3/armv7e-m/fpu/crtbegin.o
 .ARM.attributes
                0x00000056       0x20 /home/aselsan/Desktop/IMX7/toolchain/gcc-arm-none-eabi-4_9-2015q3/bin/../lib/gcc/arm-none-eabi/4.9.3/../../../../arm-none-eabi/lib/armv7e-m/fpu/crt0.o
 .ARM.attributes
                0x00000076       0x1f CMakeFiles/i2c_polling_sensor_imx7d.dir/home/aselsan/Desktop/GPT_BACKUP/freertos-colibri-imx7/platform/devices/MCIMX7D/startup/gcc/startup_MCIMX7D_M4.S.obj
 .ARM.attributes
                0x00000095       0x39 CMakeFiles/i2c_polling_sensor_imx7d.dir/home/aselsan/Desktop/GPT_BACKUP/freertos-colibri-imx7/platform/devices/MCIMX7D/startup/system_MCIMX7D_M4.c.obj
 .ARM.attributes
                0x000000ce       0x39 CMakeFiles/i2c_polling_sensor_imx7d.dir/home/aselsan/Desktop/GPT_BACKUP/freertos-colibri-imx7/platform/drivers/src/ccm_analog_imx7d.c.obj
 .ARM.attributes
                0x00000107       0x39 CMakeFiles/i2c_polling_sensor_imx7d.dir/home/aselsan/Desktop/GPT_BACKUP/freertos-colibri-imx7/platform/drivers/src/ccm_imx7d.c.obj
 .ARM.attributes
                0x00000140       0x39 CMakeFiles/i2c_polling_sensor_imx7d.dir/home/aselsan/Desktop/GPT_BACKUP/freertos-colibri-imx7/platform/drivers/src/i2c_imx.c.obj
 .ARM.attributes
                0x00000179       0x39 CMakeFiles/i2c_polling_sensor_imx7d.dir/home/aselsan/Desktop/GPT_BACKUP/freertos-colibri-imx7/platform/drivers/src/uart_imx.c.obj
 .ARM.attributes
                0x000001b2       0x39 CMakeFiles/i2c_polling_sensor_imx7d.dir/home/aselsan/Desktop/GPT_BACKUP/freertos-colibri-imx7/platform/utilities/src/debug_console_imx.c.obj
 .ARM.attributes
                0x000001eb       0x39 CMakeFiles/i2c_polling_sensor_imx7d.dir/home/aselsan/Desktop/GPT_BACKUP/freertos-colibri-imx7/platform/utilities/src/print_scan.c.obj
 .ARM.attributes
                0x00000224       0x39 CMakeFiles/i2c_polling_sensor_imx7d.dir/home/aselsan/Desktop/GPT_BACKUP/freertos-colibri-imx7/platform/drivers/src/gpio_imx.c.obj
 .ARM.attributes
                0x0000025d       0x39 CMakeFiles/i2c_polling_sensor_imx7d.dir/home/aselsan/Desktop/GPT_BACKUP/freertos-colibri-imx7/examples/imx7_colibri_m4/gpio_pins.c.obj
 .ARM.attributes
                0x00000296       0x39 CMakeFiles/i2c_polling_sensor_imx7d.dir/home/aselsan/Desktop/GPT_BACKUP/freertos-colibri-imx7/examples/imx7_colibri_m4/board.c.obj
 .ARM.attributes
                0x000002cf       0x39 CMakeFiles/i2c_polling_sensor_imx7d.dir/home/aselsan/Desktop/GPT_BACKUP/freertos-colibri-imx7/examples/imx7_colibri_m4/clock_freq.c.obj
 .ARM.attributes
                0x00000308       0x39 CMakeFiles/i2c_polling_sensor_imx7d.dir/home/aselsan/Desktop/GPT_BACKUP/freertos-colibri-imx7/examples/imx7_colibri_m4/pin_mux.c.obj
 .ARM.attributes
                0x00000341       0x39 CMakeFiles/i2c_polling_sensor_imx7d.dir/home/aselsan/Desktop/GPT_BACKUP/freertos-colibri-imx7/examples/imx7_colibri_m4/driver_examples/i2c_imx/i2c_polling_sensor_imx7d/hardware_init.c.obj
 .ARM.attributes
                0x0000037a       0x39 CMakeFiles/i2c_polling_sensor_imx7d.dir/home/aselsan/Desktop/GPT_BACKUP/freertos-colibri-imx7/examples/imx7_colibri_m4/driver_examples/i2c_imx/i2c_polling_sensor_imx7d/main.c.obj
 .ARM.attributes
                0x000003b3       0x34 /home/aselsan/Desktop/IMX7/toolchain/gcc-arm-none-eabi-4_9-2015q3/bin/../lib/gcc/arm-none-eabi/4.9.3/../../../../arm-none-eabi/lib/armv7e-m/fpu/libc_nano.a(lib_a-assert.o)
 .ARM.attributes
                0x000003e7       0x34 /home/aselsan/Desktop/IMX7/toolchain/gcc-arm-none-eabi-4_9-2015q3/bin/../lib/gcc/arm-none-eabi/4.9.3/../../../../arm-none-eabi/lib/armv7e-m/fpu/libc_nano.a(lib_a-exit.o)
 .ARM.attributes
                0x0000041b       0x34 /home/aselsan/Desktop/IMX7/toolchain/gcc-arm-none-eabi-4_9-2015q3/bin/../lib/gcc/arm-none-eabi/4.9.3/../../../../arm-none-eabi/lib/armv7e-m/fpu/libc_nano.a(lib_a-fprintf.o)
 .ARM.attributes
                0x0000044f       0x34 /home/aselsan/Desktop/IMX7/toolchain/gcc-arm-none-eabi-4_9-2015q3/bin/../lib/gcc/arm-none-eabi/4.9.3/../../../../arm-none-eabi/lib/armv7e-m/fpu/libc_nano.a(lib_a-impure.o)
 .ARM.attributes
                0x00000483       0x34 /home/aselsan/Desktop/IMX7/toolchain/gcc-arm-none-eabi-4_9-2015q3/bin/../lib/gcc/arm-none-eabi/4.9.3/../../../../arm-none-eabi/lib/armv7e-m/fpu/libc_nano.a(lib_a-init.o)
 .ARM.attributes
                0x000004b7       0x34 /home/aselsan/Desktop/IMX7/toolchain/gcc-arm-none-eabi-4_9-2015q3/bin/../lib/gcc/arm-none-eabi/4.9.3/../../../../arm-none-eabi/lib/armv7e-m/fpu/libc_nano.a(lib_a-memset.o)
 .ARM.attributes
                0x000004eb       0x34 /home/aselsan/Desktop/IMX7/toolchain/gcc-arm-none-eabi-4_9-2015q3/bin/../lib/gcc/arm-none-eabi/4.9.3/../../../../arm-none-eabi/lib/armv7e-m/fpu/libc_nano.a(lib_a-nano-vfprintf.o)
 .ARM.attributes
                0x0000051f       0x34 /home/aselsan/Desktop/IMX7/toolchain/gcc-arm-none-eabi-4_9-2015q3/bin/../lib/gcc/arm-none-eabi/4.9.3/../../../../arm-none-eabi/lib/armv7e-m/fpu/libc_nano.a(lib_a-nano-vfprintf_i.o)
 .ARM.attributes
                0x00000553       0x34 /home/aselsan/Desktop/IMX7/toolchain/gcc-arm-none-eabi-4_9-2015q3/bin/../lib/gcc/arm-none-eabi/4.9.3/../../../../arm-none-eabi/lib/armv7e-m/fpu/libc_nano.a(lib_a-strlen.o)
 .ARM.attributes
                0x00000587       0x34 /home/aselsan/Desktop/IMX7/toolchain/gcc-arm-none-eabi-4_9-2015q3/bin/../lib/gcc/arm-none-eabi/4.9.3/../../../../arm-none-eabi/lib/armv7e-m/fpu/libc_nano.a(lib_a-wbuf.o)
 .ARM.attributes
                0x000005bb       0x34 /home/aselsan/Desktop/IMX7/toolchain/gcc-arm-none-eabi-4_9-2015q3/bin/../lib/gcc/arm-none-eabi/4.9.3/../../../../arm-none-eabi/lib/armv7e-m/fpu/libc_nano.a(lib_a-wsetup.o)
 .ARM.attributes
                0x000005ef       0x34 /home/aselsan/Desktop/IMX7/toolchain/gcc-arm-none-eabi-4_9-2015q3/bin/../lib/gcc/arm-none-eabi/4.9.3/../../../../arm-none-eabi/lib/armv7e-m/fpu/libc_nano.a(lib_a-abort.o)
 .ARM.attributes
                0x00000623       0x34 /home/aselsan/Desktop/IMX7/toolchain/gcc-arm-none-eabi-4_9-2015q3/bin/../lib/gcc/arm-none-eabi/4.9.3/../../../../arm-none-eabi/lib/armv7e-m/fpu/libc_nano.a(lib_a-fflush.o)
 .ARM.attributes
                0x00000657       0x34 /home/aselsan/Desktop/IMX7/toolchain/gcc-arm-none-eabi-4_9-2015q3/bin/../lib/gcc/arm-none-eabi/4.9.3/../../../../arm-none-eabi/lib/armv7e-m/fpu/libc_nano.a(lib_a-findfp.o)
 .ARM.attributes
                0x0000068b       0x34 /home/aselsan/Desktop/IMX7/toolchain/gcc-arm-none-eabi-4_9-2015q3/bin/../lib/gcc/arm-none-eabi/4.9.3/../../../../arm-none-eabi/lib/armv7e-m/fpu/libc_nano.a(lib_a-fwalk.o)
 .ARM.attributes
                0x000006bf       0x34 /home/aselsan/Desktop/IMX7/toolchain/gcc-arm-none-eabi-4_9-2015q3/bin/../lib/gcc/arm-none-eabi/4.9.3/../../../../arm-none-eabi/lib/armv7e-m/fpu/libc_nano.a(lib_a-makebuf.o)
 .ARM.attributes
                0x000006f3       0x34 /home/aselsan/Desktop/IMX7/toolchain/gcc-arm-none-eabi-4_9-2015q3/bin/../lib/gcc/arm-none-eabi/4.9.3/../../../../arm-none-eabi/lib/armv7e-m/fpu/libc_nano.a(lib_a-memchr.o)
 .ARM.attributes
                0x00000727       0x34 /home/aselsan/Desktop/IMX7/toolchain/gcc-arm-none-eabi-4_9-2015q3/bin/../lib/gcc/arm-none-eabi/4.9.3/../../../../arm-none-eabi/lib/armv7e-m/fpu/libc_nano.a(lib_a-nano-freer.o)
 .ARM.attributes
                0x0000075b       0x34 /home/aselsan/Desktop/IMX7/toolchain/gcc-arm-none-eabi-4_9-2015q3/bin/../lib/gcc/arm-none-eabi/4.9.3/../../../../arm-none-eabi/lib/armv7e-m/fpu/libc_nano.a(lib_a-nano-mallocr.o)
 .ARM.attributes
                0x0000078f       0x34 /home/aselsan/Desktop/IMX7/toolchain/gcc-arm-none-eabi-4_9-2015q3/bin/../lib/gcc/arm-none-eabi/4.9.3/../../../../arm-none-eabi/lib/armv7e-m/fpu/libc_nano.a(lib_a-sbrkr.o)
 .ARM.attributes
                0x000007c3       0x34 /home/aselsan/Desktop/IMX7/toolchain/gcc-arm-none-eabi-4_9-2015q3/bin/../lib/gcc/arm-none-eabi/4.9.3/../../../../arm-none-eabi/lib/armv7e-m/fpu/libc_nano.a(lib_a-signal.o)
 .ARM.attributes
                0x000007f7       0x34 /home/aselsan/Desktop/IMX7/toolchain/gcc-arm-none-eabi-4_9-2015q3/bin/../lib/gcc/arm-none-eabi/4.9.3/../../../../arm-none-eabi/lib/armv7e-m/fpu/libc_nano.a(lib_a-signalr.o)
 .ARM.attributes
                0x0000082b       0x34 /home/aselsan/Desktop/IMX7/toolchain/gcc-arm-none-eabi-4_9-2015q3/bin/../lib/gcc/arm-none-eabi/4.9.3/../../../../arm-none-eabi/lib/armv7e-m/fpu/libc_nano.a(lib_a-stdio.o)
 .ARM.attributes
                0x0000085f       0x34 /home/aselsan/Desktop/IMX7/toolchain/gcc-arm-none-eabi-4_9-2015q3/bin/../lib/gcc/arm-none-eabi/4.9.3/../../../../arm-none-eabi/lib/armv7e-m/fpu/libc_nano.a(lib_a-writer.o)
 .ARM.attributes
                0x00000893       0x34 /home/aselsan/Desktop/IMX7/toolchain/gcc-arm-none-eabi-4_9-2015q3/bin/../lib/gcc/arm-none-eabi/4.9.3/../../../../arm-none-eabi/lib/armv7e-m/fpu/libc_nano.a(lib_a-closer.o)
 .ARM.attributes
                0x000008c7       0x34 /home/aselsan/Desktop/IMX7/toolchain/gcc-arm-none-eabi-4_9-2015q3/bin/../lib/gcc/arm-none-eabi/4.9.3/../../../../arm-none-eabi/lib/armv7e-m/fpu/libc_nano.a(lib_a-fstatr.o)
 .ARM.attributes
                0x000008fb       0x34 /home/aselsan/Desktop/IMX7/toolchain/gcc-arm-none-eabi-4_9-2015q3/bin/../lib/gcc/arm-none-eabi/4.9.3/../../../../arm-none-eabi/lib/armv7e-m/fpu/libc_nano.a(lib_a-isattyr.o)
 .ARM.attributes
                0x0000092f       0x34 /home/aselsan/Desktop/IMX7/toolchain/gcc-arm-none-eabi-4_9-2015q3/bin/../lib/gcc/arm-none-eabi/4.9.3/../../../../arm-none-eabi/lib/armv7e-m/fpu/libc_nano.a(lib_a-lseekr.o)
 .ARM.attributes
                0x00000963       0x34 /home/aselsan/Desktop/IMX7/toolchain/gcc-arm-none-eabi-4_9-2015q3/bin/../lib/gcc/arm-none-eabi/4.9.3/../../../../arm-none-eabi/lib/armv7e-m/fpu/libc_nano.a(lib_a-readr.o)
 .ARM.attributes
                0x00000997       0x34 /home/aselsan/Desktop/IMX7/toolchain/gcc-arm-none-eabi-4_9-2015q3/bin/../lib/gcc/arm-none-eabi/4.9.3/../../../../arm-none-eabi/lib/armv7e-m/fpu/libc_nano.a(lib_a-reent.o)
 .ARM.attributes
                0x000009cb       0x34 /home/aselsan/Desktop/IMX7/toolchain/gcc-arm-none-eabi-4_9-2015q3/bin/../lib/gcc/arm-none-eabi/4.9.3/../../../../arm-none-eabi/lib/armv7e-m/fpu/libnosys.a(close.o)
 .ARM.attributes
                0x000009ff       0x34 /home/aselsan/Desktop/IMX7/toolchain/gcc-arm-none-eabi-4_9-2015q3/bin/../lib/gcc/arm-none-eabi/4.9.3/../../../../arm-none-eabi/lib/armv7e-m/fpu/libnosys.a(fstat.o)
 .ARM.attributes
                0x00000a33       0x34 /home/aselsan/Desktop/IMX7/toolchain/gcc-arm-none-eabi-4_9-2015q3/bin/../lib/gcc/arm-none-eabi/4.9.3/../../../../arm-none-eabi/lib/armv7e-m/fpu/libnosys.a(getpid.o)
 .ARM.attributes
                0x00000a67       0x34 /home/aselsan/Desktop/IMX7/toolchain/gcc-arm-none-eabi-4_9-2015q3/bin/../lib/gcc/arm-none-eabi/4.9.3/../../../../arm-none-eabi/lib/armv7e-m/fpu/libnosys.a(isatty.o)
 .ARM.attributes
                0x00000a9b       0x34 /home/aselsan/Desktop/IMX7/toolchain/gcc-arm-none-eabi-4_9-2015q3/bin/../lib/gcc/arm-none-eabi/4.9.3/../../../../arm-none-eabi/lib/armv7e-m/fpu/libnosys.a(kill.o)
 .ARM.attributes
                0x00000acf       0x34 /home/aselsan/Desktop/IMX7/toolchain/gcc-arm-none-eabi-4_9-2015q3/bin/../lib/gcc/arm-none-eabi/4.9.3/../../../../arm-none-eabi/lib/armv7e-m/fpu/libnosys.a(lseek.o)
 .ARM.attributes
                0x00000b03       0x34 /home/aselsan/Desktop/IMX7/toolchain/gcc-arm-none-eabi-4_9-2015q3/bin/../lib/gcc/arm-none-eabi/4.9.3/../../../../arm-none-eabi/lib/armv7e-m/fpu/libnosys.a(sbrk.o)
 .ARM.attributes
                0x00000b37       0x34 /home/aselsan/Desktop/IMX7/toolchain/gcc-arm-none-eabi-4_9-2015q3/bin/../lib/gcc/arm-none-eabi/4.9.3/../../../../arm-none-eabi/lib/armv7e-m/fpu/libnosys.a(_exit.o)
 .ARM.attributes
                0x00000b6b       0x34 /home/aselsan/Desktop/IMX7/toolchain/gcc-arm-none-eabi-4_9-2015q3/bin/../lib/gcc/arm-none-eabi/4.9.3/armv7e-m/fpu/crtend.o
 .ARM.attributes
                0x00000b9f       0x22 /home/aselsan/Desktop/IMX7/toolchain/gcc-arm-none-eabi-4_9-2015q3/bin/../lib/gcc/arm-none-eabi/4.9.3/armv7e-m/fpu/crtn.o
                0x00000001                ASSERT ((__StackLimit >= __HeapLimit), region m_data overflowed with stack and heap)
OUTPUT(i2c_polling_sensor_imx7d.elf elf32-littlearm)

.debug_line     0x00000000     0x41e0
 .debug_line    0x00000000       0xb0 CMakeFiles/i2c_polling_sensor_imx7d.dir/home/aselsan/Desktop/GPT_BACKUP/freertos-colibri-imx7/platform/devices/MCIMX7D/startup/gcc/startup_MCIMX7D_M4.S.obj
 .debug_line    0x000000b0      0x369 CMakeFiles/i2c_polling_sensor_imx7d.dir/home/aselsan/Desktop/GPT_BACKUP/freertos-colibri-imx7/platform/devices/MCIMX7D/startup/system_MCIMX7D_M4.c.obj
 .debug_line    0x00000419      0x4e9 CMakeFiles/i2c_polling_sensor_imx7d.dir/home/aselsan/Desktop/GPT_BACKUP/freertos-colibri-imx7/platform/drivers/src/ccm_analog_imx7d.c.obj
 .debug_line    0x00000902      0x343 CMakeFiles/i2c_polling_sensor_imx7d.dir/home/aselsan/Desktop/GPT_BACKUP/freertos-colibri-imx7/platform/drivers/src/ccm_imx7d.c.obj
 .debug_line    0x00000c45      0x419 CMakeFiles/i2c_polling_sensor_imx7d.dir/home/aselsan/Desktop/GPT_BACKUP/freertos-colibri-imx7/platform/drivers/src/i2c_imx.c.obj
 .debug_line    0x0000105e      0x611 CMakeFiles/i2c_polling_sensor_imx7d.dir/home/aselsan/Desktop/GPT_BACKUP/freertos-colibri-imx7/platform/drivers/src/uart_imx.c.obj
 .debug_line    0x0000166f      0x58a CMakeFiles/i2c_polling_sensor_imx7d.dir/home/aselsan/Desktop/GPT_BACKUP/freertos-colibri-imx7/platform/utilities/src/debug_console_imx.c.obj
 .debug_line    0x00001bf9      0x489 CMakeFiles/i2c_polling_sensor_imx7d.dir/home/aselsan/Desktop/GPT_BACKUP/freertos-colibri-imx7/platform/utilities/src/print_scan.c.obj
 .debug_line    0x00002082      0x40b CMakeFiles/i2c_polling_sensor_imx7d.dir/home/aselsan/Desktop/GPT_BACKUP/freertos-colibri-imx7/platform/drivers/src/gpio_imx.c.obj
 .debug_line    0x0000248d      0x309 CMakeFiles/i2c_polling_sensor_imx7d.dir/home/aselsan/Desktop/GPT_BACKUP/freertos-colibri-imx7/examples/imx7_colibri_m4/gpio_pins.c.obj
 .debug_line    0x00002796      0x45a CMakeFiles/i2c_polling_sensor_imx7d.dir/home/aselsan/Desktop/GPT_BACKUP/freertos-colibri-imx7/examples/imx7_colibri_m4/board.c.obj
 .debug_line    0x00002bf0      0x492 CMakeFiles/i2c_polling_sensor_imx7d.dir/home/aselsan/Desktop/GPT_BACKUP/freertos-colibri-imx7/examples/imx7_colibri_m4/clock_freq.c.obj
 .debug_line    0x00003082      0x3d0 CMakeFiles/i2c_polling_sensor_imx7d.dir/home/aselsan/Desktop/GPT_BACKUP/freertos-colibri-imx7/examples/imx7_colibri_m4/pin_mux.c.obj
 .debug_line    0x00003452      0x487 CMakeFiles/i2c_polling_sensor_imx7d.dir/home/aselsan/Desktop/GPT_BACKUP/freertos-colibri-imx7/examples/imx7_colibri_m4/driver_examples/i2c_imx/i2c_polling_sensor_imx7d/hardware_init.c.obj
 .debug_line    0x000038d9      0x907 CMakeFiles/i2c_polling_sensor_imx7d.dir/home/aselsan/Desktop/GPT_BACKUP/freertos-colibri-imx7/examples/imx7_colibri_m4/driver_examples/i2c_imx/i2c_polling_sensor_imx7d/main.c.obj

.debug_info     0x00000000     0xbd89
 .debug_info    0x00000000      0x127 CMakeFiles/i2c_polling_sensor_imx7d.dir/home/aselsan/Desktop/GPT_BACKUP/freertos-colibri-imx7/platform/devices/MCIMX7D/startup/gcc/startup_MCIMX7D_M4.S.obj
 .debug_info    0x00000127      0xa1b CMakeFiles/i2c_polling_sensor_imx7d.dir/home/aselsan/Desktop/GPT_BACKUP/freertos-colibri-imx7/platform/devices/MCIMX7D/startup/system_MCIMX7D_M4.c.obj
 .debug_info    0x00000b42      0x7f7 CMakeFiles/i2c_polling_sensor_imx7d.dir/home/aselsan/Desktop/GPT_BACKUP/freertos-colibri-imx7/platform/drivers/src/ccm_analog_imx7d.c.obj
 .debug_info    0x00001339      0x5cc CMakeFiles/i2c_polling_sensor_imx7d.dir/home/aselsan/Desktop/GPT_BACKUP/freertos-colibri-imx7/platform/drivers/src/ccm_imx7d.c.obj
 .debug_info    0x00001905      0x485 CMakeFiles/i2c_polling_sensor_imx7d.dir/home/aselsan/Desktop/GPT_BACKUP/freertos-colibri-imx7/platform/drivers/src/i2c_imx.c.obj
 .debug_info    0x00001d8a      0xae6 CMakeFiles/i2c_polling_sensor_imx7d.dir/home/aselsan/Desktop/GPT_BACKUP/freertos-colibri-imx7/platform/drivers/src/uart_imx.c.obj
 .debug_info    0x00002870      0xae8 CMakeFiles/i2c_polling_sensor_imx7d.dir/home/aselsan/Desktop/GPT_BACKUP/freertos-colibri-imx7/platform/utilities/src/debug_console_imx.c.obj
 .debug_info    0x00003358      0xa85 CMakeFiles/i2c_polling_sensor_imx7d.dir/home/aselsan/Desktop/GPT_BACKUP/freertos-colibri-imx7/platform/utilities/src/print_scan.c.obj
 .debug_info    0x00003ddd      0x42f CMakeFiles/i2c_polling_sensor_imx7d.dir/home/aselsan/Desktop/GPT_BACKUP/freertos-colibri-imx7/platform/drivers/src/gpio_imx.c.obj
 .debug_info    0x0000420c      0x578 CMakeFiles/i2c_polling_sensor_imx7d.dir/home/aselsan/Desktop/GPT_BACKUP/freertos-colibri-imx7/examples/imx7_colibri_m4/gpio_pins.c.obj
 .debug_info    0x00004784     0x1546 CMakeFiles/i2c_polling_sensor_imx7d.dir/home/aselsan/Desktop/GPT_BACKUP/freertos-colibri-imx7/examples/imx7_colibri_m4/board.c.obj
 .debug_info    0x00005cca     0x151f CMakeFiles/i2c_polling_sensor_imx7d.dir/home/aselsan/Desktop/GPT_BACKUP/freertos-colibri-imx7/examples/imx7_colibri_m4/clock_freq.c.obj
 .debug_info    0x000071e9     0x1ffe CMakeFiles/i2c_polling_sensor_imx7d.dir/home/aselsan/Desktop/GPT_BACKUP/freertos-colibri-imx7/examples/imx7_colibri_m4/pin_mux.c.obj
 .debug_info    0x000091e7      0xfcd CMakeFiles/i2c_polling_sensor_imx7d.dir/home/aselsan/Desktop/GPT_BACKUP/freertos-colibri-imx7/examples/imx7_colibri_m4/driver_examples/i2c_imx/i2c_polling_sensor_imx7d/hardware_init.c.obj
 .debug_info    0x0000a1b4     0x1bd5 CMakeFiles/i2c_polling_sensor_imx7d.dir/home/aselsan/Desktop/GPT_BACKUP/freertos-colibri-imx7/examples/imx7_colibri_m4/driver_examples/i2c_imx/i2c_polling_sensor_imx7d/main.c.obj

.debug_abbrev   0x00000000     0x1bc0
 .debug_abbrev  0x00000000       0x14 CMakeFiles/i2c_polling_sensor_imx7d.dir/home/aselsan/Desktop/GPT_BACKUP/freertos-colibri-imx7/platform/devices/MCIMX7D/startup/gcc/startup_MCIMX7D_M4.S.obj
 .debug_abbrev  0x00000014      0x140 CMakeFiles/i2c_polling_sensor_imx7d.dir/home/aselsan/Desktop/GPT_BACKUP/freertos-colibri-imx7/platform/devices/MCIMX7D/startup/system_MCIMX7D_M4.c.obj
 .debug_abbrev  0x00000154      0x1d2 CMakeFiles/i2c_polling_sensor_imx7d.dir/home/aselsan/Desktop/GPT_BACKUP/freertos-colibri-imx7/platform/drivers/src/ccm_analog_imx7d.c.obj
 .debug_abbrev  0x00000326      0x14f CMakeFiles/i2c_polling_sensor_imx7d.dir/home/aselsan/Desktop/GPT_BACKUP/freertos-colibri-imx7/platform/drivers/src/ccm_imx7d.c.obj
 .debug_abbrev  0x00000475      0x1bd CMakeFiles/i2c_polling_sensor_imx7d.dir/home/aselsan/Desktop/GPT_BACKUP/freertos-colibri-imx7/platform/drivers/src/i2c_imx.c.obj
 .debug_abbrev  0x00000632      0x1f9 CMakeFiles/i2c_polling_sensor_imx7d.dir/home/aselsan/Desktop/GPT_BACKUP/freertos-colibri-imx7/platform/drivers/src/uart_imx.c.obj
 .debug_abbrev  0x0000082b      0x338 CMakeFiles/i2c_polling_sensor_imx7d.dir/home/aselsan/Desktop/GPT_BACKUP/freertos-colibri-imx7/platform/utilities/src/debug_console_imx.c.obj
 .debug_abbrev  0x00000b63      0x22e CMakeFiles/i2c_polling_sensor_imx7d.dir/home/aselsan/Desktop/GPT_BACKUP/freertos-colibri-imx7/platform/utilities/src/print_scan.c.obj
 .debug_abbrev  0x00000d91      0x171 CMakeFiles/i2c_polling_sensor_imx7d.dir/home/aselsan/Desktop/GPT_BACKUP/freertos-colibri-imx7/platform/drivers/src/gpio_imx.c.obj
 .debug_abbrev  0x00000f02      0x16f CMakeFiles/i2c_polling_sensor_imx7d.dir/home/aselsan/Desktop/GPT_BACKUP/freertos-colibri-imx7/examples/imx7_colibri_m4/gpio_pins.c.obj
 .debug_abbrev  0x00001071      0x24e CMakeFiles/i2c_polling_sensor_imx7d.dir/home/aselsan/Desktop/GPT_BACKUP/freertos-colibri-imx7/examples/imx7_colibri_m4/board.c.obj
 .debug_abbrev  0x000012bf      0x1f8 CMakeFiles/i2c_polling_sensor_imx7d.dir/home/aselsan/Desktop/GPT_BACKUP/freertos-colibri-imx7/examples/imx7_colibri_m4/clock_freq.c.obj
 .debug_abbrev  0x000014b7      0x149 CMakeFiles/i2c_polling_sensor_imx7d.dir/home/aselsan/Desktop/GPT_BACKUP/freertos-colibri-imx7/examples/imx7_colibri_m4/pin_mux.c.obj
 .debug_abbrev  0x00001600      0x23e CMakeFiles/i2c_polling_sensor_imx7d.dir/home/aselsan/Desktop/GPT_BACKUP/freertos-colibri-imx7/examples/imx7_colibri_m4/driver_examples/i2c_imx/i2c_polling_sensor_imx7d/hardware_init.c.obj
 .debug_abbrev  0x0000183e      0x382 CMakeFiles/i2c_polling_sensor_imx7d.dir/home/aselsan/Desktop/GPT_BACKUP/freertos-colibri-imx7/examples/imx7_colibri_m4/driver_examples/i2c_imx/i2c_polling_sensor_imx7d/main.c.obj

.debug_aranges  0x00000000      0x428
 .debug_aranges
                0x00000000       0x20 CMakeFiles/i2c_polling_sensor_imx7d.dir/home/aselsan/Desktop/GPT_BACKUP/freertos-colibri-imx7/platform/devices/MCIMX7D/startup/gcc/startup_MCIMX7D_M4.S.obj
 .debug_aranges
                0x00000020       0x28 CMakeFiles/i2c_polling_sensor_imx7d.dir/home/aselsan/Desktop/GPT_BACKUP/freertos-colibri-imx7/platform/devices/MCIMX7D/startup/system_MCIMX7D_M4.c.obj
 .debug_aranges
                0x00000048       0x50 CMakeFiles/i2c_polling_sensor_imx7d.dir/home/aselsan/Desktop/GPT_BACKUP/freertos-colibri-imx7/platform/drivers/src/ccm_analog_imx7d.c.obj
 .debug_aranges
                0x00000098       0x30 CMakeFiles/i2c_polling_sensor_imx7d.dir/home/aselsan/Desktop/GPT_BACKUP/freertos-colibri-imx7/platform/drivers/src/ccm_imx7d.c.obj
 .debug_aranges
                0x000000c8       0x40 CMakeFiles/i2c_polling_sensor_imx7d.dir/home/aselsan/Desktop/GPT_BACKUP/freertos-colibri-imx7/platform/drivers/src/i2c_imx.c.obj
 .debug_aranges
                0x00000108       0xe8 CMakeFiles/i2c_polling_sensor_imx7d.dir/home/aselsan/Desktop/GPT_BACKUP/freertos-colibri-imx7/platform/drivers/src/uart_imx.c.obj
 .debug_aranges
                0x000001f0       0x70 CMakeFiles/i2c_polling_sensor_imx7d.dir/home/aselsan/Desktop/GPT_BACKUP/freertos-colibri-imx7/platform/utilities/src/debug_console_imx.c.obj
 .debug_aranges
                0x00000260       0x48 CMakeFiles/i2c_polling_sensor_imx7d.dir/home/aselsan/Desktop/GPT_BACKUP/freertos-colibri-imx7/platform/utilities/src/print_scan.c.obj
 .debug_aranges
                0x000002a8       0x38 CMakeFiles/i2c_polling_sensor_imx7d.dir/home/aselsan/Desktop/GPT_BACKUP/freertos-colibri-imx7/platform/drivers/src/gpio_imx.c.obj
 .debug_aranges
                0x000002e0       0x20 CMakeFiles/i2c_polling_sensor_imx7d.dir/home/aselsan/Desktop/GPT_BACKUP/freertos-colibri-imx7/examples/imx7_colibri_m4/gpio_pins.c.obj
 .debug_aranges
                0x00000300       0x30 CMakeFiles/i2c_polling_sensor_imx7d.dir/home/aselsan/Desktop/GPT_BACKUP/freertos-colibri-imx7/examples/imx7_colibri_m4/board.c.obj
 .debug_aranges
                0x00000330       0x40 CMakeFiles/i2c_polling_sensor_imx7d.dir/home/aselsan/Desktop/GPT_BACKUP/freertos-colibri-imx7/examples/imx7_colibri_m4/clock_freq.c.obj
 .debug_aranges
                0x00000370       0x38 CMakeFiles/i2c_polling_sensor_imx7d.dir/home/aselsan/Desktop/GPT_BACKUP/freertos-colibri-imx7/examples/imx7_colibri_m4/pin_mux.c.obj
 .debug_aranges
                0x000003a8       0x20 CMakeFiles/i2c_polling_sensor_imx7d.dir/home/aselsan/Desktop/GPT_BACKUP/freertos-colibri-imx7/examples/imx7_colibri_m4/driver_examples/i2c_imx/i2c_polling_sensor_imx7d/hardware_init.c.obj
 .debug_aranges
                0x000003c8       0x60 CMakeFiles/i2c_polling_sensor_imx7d.dir/home/aselsan/Desktop/GPT_BACKUP/freertos-colibri-imx7/examples/imx7_colibri_m4/driver_examples/i2c_imx/i2c_polling_sensor_imx7d/main.c.obj

.debug_loc      0x00000000     0x3d6b
 .debug_loc     0x00000000      0x113 CMakeFiles/i2c_polling_sensor_imx7d.dir/home/aselsan/Desktop/GPT_BACKUP/freertos-colibri-imx7/platform/devices/MCIMX7D/startup/system_MCIMX7D_M4.c.obj
 .debug_loc     0x00000113      0x461 CMakeFiles/i2c_polling_sensor_imx7d.dir/home/aselsan/Desktop/GPT_BACKUP/freertos-colibri-imx7/platform/drivers/src/ccm_analog_imx7d.c.obj
 .debug_loc     0x00000574      0x31d CMakeFiles/i2c_polling_sensor_imx7d.dir/home/aselsan/Desktop/GPT_BACKUP/freertos-colibri-imx7/platform/drivers/src/ccm_imx7d.c.obj
 .debug_loc     0x00000891      0x1db CMakeFiles/i2c_polling_sensor_imx7d.dir/home/aselsan/Desktop/GPT_BACKUP/freertos-colibri-imx7/platform/drivers/src/i2c_imx.c.obj
 .debug_loc     0x00000a6c      0x6b0 CMakeFiles/i2c_polling_sensor_imx7d.dir/home/aselsan/Desktop/GPT_BACKUP/freertos-colibri-imx7/platform/drivers/src/uart_imx.c.obj
 .debug_loc     0x0000111c      0x4cc CMakeFiles/i2c_polling_sensor_imx7d.dir/home/aselsan/Desktop/GPT_BACKUP/freertos-colibri-imx7/platform/utilities/src/debug_console_imx.c.obj
 .debug_loc     0x000015e8     0x1098 CMakeFiles/i2c_polling_sensor_imx7d.dir/home/aselsan/Desktop/GPT_BACKUP/freertos-colibri-imx7/platform/utilities/src/print_scan.c.obj
 .debug_loc     0x00002680      0x2ba CMakeFiles/i2c_polling_sensor_imx7d.dir/home/aselsan/Desktop/GPT_BACKUP/freertos-colibri-imx7/platform/drivers/src/gpio_imx.c.obj
 .debug_loc     0x0000293a       0x2c CMakeFiles/i2c_polling_sensor_imx7d.dir/home/aselsan/Desktop/GPT_BACKUP/freertos-colibri-imx7/examples/imx7_colibri_m4/gpio_pins.c.obj
 .debug_loc     0x00002966      0x5a3 CMakeFiles/i2c_polling_sensor_imx7d.dir/home/aselsan/Desktop/GPT_BACKUP/freertos-colibri-imx7/examples/imx7_colibri_m4/clock_freq.c.obj
 .debug_loc     0x00002f09       0xa6 CMakeFiles/i2c_polling_sensor_imx7d.dir/home/aselsan/Desktop/GPT_BACKUP/freertos-colibri-imx7/examples/imx7_colibri_m4/pin_mux.c.obj
 .debug_loc     0x00002faf      0xdbc CMakeFiles/i2c_polling_sensor_imx7d.dir/home/aselsan/Desktop/GPT_BACKUP/freertos-colibri-imx7/examples/imx7_colibri_m4/driver_examples/i2c_imx/i2c_polling_sensor_imx7d/main.c.obj

.debug_ranges   0x00000000      0x328
 .debug_ranges  0x00000000       0x18 CMakeFiles/i2c_polling_sensor_imx7d.dir/home/aselsan/Desktop/GPT_BACKUP/freertos-colibri-imx7/platform/devices/MCIMX7D/startup/system_MCIMX7D_M4.c.obj
 .debug_ranges  0x00000018       0x40 CMakeFiles/i2c_polling_sensor_imx7d.dir/home/aselsan/Desktop/GPT_BACKUP/freertos-colibri-imx7/platform/drivers/src/ccm_analog_imx7d.c.obj
 .debug_ranges  0x00000058       0x20 CMakeFiles/i2c_polling_sensor_imx7d.dir/home/aselsan/Desktop/GPT_BACKUP/freertos-colibri-imx7/platform/drivers/src/ccm_imx7d.c.obj
 .debug_ranges  0x00000078       0x30 CMakeFiles/i2c_polling_sensor_imx7d.dir/home/aselsan/Desktop/GPT_BACKUP/freertos-colibri-imx7/platform/drivers/src/i2c_imx.c.obj
 .debug_ranges  0x000000a8       0xd8 CMakeFiles/i2c_polling_sensor_imx7d.dir/home/aselsan/Desktop/GPT_BACKUP/freertos-colibri-imx7/platform/drivers/src/uart_imx.c.obj
 .debug_ranges  0x00000180       0x60 CMakeFiles/i2c_polling_sensor_imx7d.dir/home/aselsan/Desktop/GPT_BACKUP/freertos-colibri-imx7/platform/utilities/src/debug_console_imx.c.obj
 .debug_ranges  0x000001e0       0x38 CMakeFiles/i2c_polling_sensor_imx7d.dir/home/aselsan/Desktop/GPT_BACKUP/freertos-colibri-imx7/platform/utilities/src/print_scan.c.obj
 .debug_ranges  0x00000218       0x28 CMakeFiles/i2c_polling_sensor_imx7d.dir/home/aselsan/Desktop/GPT_BACKUP/freertos-colibri-imx7/platform/drivers/src/gpio_imx.c.obj
 .debug_ranges  0x00000240       0x10 CMakeFiles/i2c_polling_sensor_imx7d.dir/home/aselsan/Desktop/GPT_BACKUP/freertos-colibri-imx7/examples/imx7_colibri_m4/gpio_pins.c.obj
 .debug_ranges  0x00000250       0x20 CMakeFiles/i2c_polling_sensor_imx7d.dir/home/aselsan/Desktop/GPT_BACKUP/freertos-colibri-imx7/examples/imx7_colibri_m4/board.c.obj
 .debug_ranges  0x00000270       0x30 CMakeFiles/i2c_polling_sensor_imx7d.dir/home/aselsan/Desktop/GPT_BACKUP/freertos-colibri-imx7/examples/imx7_colibri_m4/clock_freq.c.obj
 .debug_ranges  0x000002a0       0x28 CMakeFiles/i2c_polling_sensor_imx7d.dir/home/aselsan/Desktop/GPT_BACKUP/freertos-colibri-imx7/examples/imx7_colibri_m4/pin_mux.c.obj
 .debug_ranges  0x000002c8       0x10 CMakeFiles/i2c_polling_sensor_imx7d.dir/home/aselsan/Desktop/GPT_BACKUP/freertos-colibri-imx7/examples/imx7_colibri_m4/driver_examples/i2c_imx/i2c_polling_sensor_imx7d/hardware_init.c.obj
 .debug_ranges  0x000002d8       0x50 CMakeFiles/i2c_polling_sensor_imx7d.dir/home/aselsan/Desktop/GPT_BACKUP/freertos-colibri-imx7/examples/imx7_colibri_m4/driver_examples/i2c_imx/i2c_polling_sensor_imx7d/main.c.obj

.debug_str      0x00000000     0x6806
 .debug_str     0x00000000      0x7b2 CMakeFiles/i2c_polling_sensor_imx7d.dir/home/aselsan/Desktop/GPT_BACKUP/freertos-colibri-imx7/platform/devices/MCIMX7D/startup/system_MCIMX7D_M4.c.obj
                                0x7f3 (size before relaxing)
 .debug_str     0x000007b2      0x24d CMakeFiles/i2c_polling_sensor_imx7d.dir/home/aselsan/Desktop/GPT_BACKUP/freertos-colibri-imx7/platform/drivers/src/ccm_analog_imx7d.c.obj
                                0x6e8 (size before relaxing)
 .debug_str     0x000009ff       0x9a CMakeFiles/i2c_polling_sensor_imx7d.dir/home/aselsan/Desktop/GPT_BACKUP/freertos-colibri-imx7/platform/drivers/src/ccm_imx7d.c.obj
                                0x443 (size before relaxing)
 .debug_str     0x00000a99      0x14c CMakeFiles/i2c_polling_sensor_imx7d.dir/home/aselsan/Desktop/GPT_BACKUP/freertos-colibri-imx7/platform/drivers/src/i2c_imx.c.obj
                                0x381 (size before relaxing)
 .debug_str     0x00000be5      0x437 CMakeFiles/i2c_polling_sensor_imx7d.dir/home/aselsan/Desktop/GPT_BACKUP/freertos-colibri-imx7/platform/drivers/src/uart_imx.c.obj
                                0x698 (size before relaxing)
 .debug_str     0x0000101c      0x6ea CMakeFiles/i2c_polling_sensor_imx7d.dir/home/aselsan/Desktop/GPT_BACKUP/freertos-colibri-imx7/platform/utilities/src/debug_console_imx.c.obj
                                0xa44 (size before relaxing)
 .debug_str     0x00001706      0x19c CMakeFiles/i2c_polling_sensor_imx7d.dir/home/aselsan/Desktop/GPT_BACKUP/freertos-colibri-imx7/platform/utilities/src/print_scan.c.obj
                                0x458 (size before relaxing)
 .debug_str     0x000018a2      0x200 CMakeFiles/i2c_polling_sensor_imx7d.dir/home/aselsan/Desktop/GPT_BACKUP/freertos-colibri-imx7/platform/drivers/src/gpio_imx.c.obj
                                0x41d (size before relaxing)
 .debug_str     0x00001aa2      0x159 CMakeFiles/i2c_polling_sensor_imx7d.dir/home/aselsan/Desktop/GPT_BACKUP/freertos-colibri-imx7/examples/imx7_colibri_m4/gpio_pins.c.obj
                                0x52b (size before relaxing)
 .debug_str     0x00001bfb     0x1328 CMakeFiles/i2c_polling_sensor_imx7d.dir/home/aselsan/Desktop/GPT_BACKUP/freertos-colibri-imx7/examples/imx7_colibri_m4/board.c.obj
                               0x18c4 (size before relaxing)
 .debug_str     0x00002f23      0x58b CMakeFiles/i2c_polling_sensor_imx7d.dir/home/aselsan/Desktop/GPT_BACKUP/freertos-colibri-imx7/examples/imx7_colibri_m4/clock_freq.c.obj
                                0xed9 (size before relaxing)
 .debug_str     0x000034ae     0x2f20 CMakeFiles/i2c_polling_sensor_imx7d.dir/home/aselsan/Desktop/GPT_BACKUP/freertos-colibri-imx7/examples/imx7_colibri_m4/pin_mux.c.obj
                               0x32cb (size before relaxing)
 .debug_str     0x000063ce       0xb1 CMakeFiles/i2c_polling_sensor_imx7d.dir/home/aselsan/Desktop/GPT_BACKUP/freertos-colibri-imx7/examples/imx7_colibri_m4/driver_examples/i2c_imx/i2c_polling_sensor_imx7d/hardware_init.c.obj
                               0x1361 (size before relaxing)
 .debug_str     0x0000647f      0x387 CMakeFiles/i2c_polling_sensor_imx7d.dir/home/aselsan/Desktop/GPT_BACKUP/freertos-colibri-imx7/examples/imx7_colibri_m4/driver_examples/i2c_imx/i2c_polling_sensor_imx7d/main.c.obj
                                0xa8a (size before relaxing)

.comment        0x00000000       0x70
 .comment       0x00000000       0x70 CMakeFiles/i2c_polling_sensor_imx7d.dir/home/aselsan/Desktop/GPT_BACKUP/freertos-colibri-imx7/platform/devices/MCIMX7D/startup/system_MCIMX7D_M4.c.obj
                                 0x71 (size before relaxing)
 .comment       0x00000000       0x71 CMakeFiles/i2c_polling_sensor_imx7d.dir/home/aselsan/Desktop/GPT_BACKUP/freertos-colibri-imx7/platform/drivers/src/ccm_analog_imx7d.c.obj
 .comment       0x00000000       0x71 CMakeFiles/i2c_polling_sensor_imx7d.dir/home/aselsan/Desktop/GPT_BACKUP/freertos-colibri-imx7/platform/drivers/src/ccm_imx7d.c.obj
 .comment       0x00000000       0x71 CMakeFiles/i2c_polling_sensor_imx7d.dir/home/aselsan/Desktop/GPT_BACKUP/freertos-colibri-imx7/platform/drivers/src/i2c_imx.c.obj
 .comment       0x00000000       0x71 CMakeFiles/i2c_polling_sensor_imx7d.dir/home/aselsan/Desktop/GPT_BACKUP/freertos-colibri-imx7/platform/drivers/src/uart_imx.c.obj
 .comment       0x00000000       0x71 CMakeFiles/i2c_polling_sensor_imx7d.dir/home/aselsan/Desktop/GPT_BACKUP/freertos-colibri-imx7/platform/utilities/src/debug_console_imx.c.obj
 .comment       0x00000000       0x71 CMakeFiles/i2c_polling_sensor_imx7d.dir/home/aselsan/Desktop/GPT_BACKUP/freertos-colibri-imx7/platform/utilities/src/print_scan.c.obj
 .comment       0x00000000       0x71 CMakeFiles/i2c_polling_sensor_imx7d.dir/home/aselsan/Desktop/GPT_BACKUP/freertos-colibri-imx7/platform/drivers/src/gpio_imx.c.obj
 .comment       0x00000000       0x71 CMakeFiles/i2c_polling_sensor_imx7d.dir/home/aselsan/Desktop/GPT_BACKUP/freertos-colibri-imx7/examples/imx7_colibri_m4/gpio_pins.c.obj
 .comment       0x00000000       0x71 CMakeFiles/i2c_polling_sensor_imx7d.dir/home/aselsan/Desktop/GPT_BACKUP/freertos-colibri-imx7/examples/imx7_colibri_m4/board.c.obj
 .comment       0x00000000       0x71 CMakeFiles/i2c_polling_sensor_imx7d.dir/home/aselsan/Desktop/GPT_BACKUP/freertos-colibri-imx7/examples/imx7_colibri_m4/clock_freq.c.obj
 .comment       0x00000000       0x71 CMakeFiles/i2c_polling_sensor_imx7d.dir/home/aselsan/Desktop/GPT_BACKUP/freertos-colibri-imx7/examples/imx7_colibri_m4/pin_mux.c.obj