Archive member included because of file (symbol)

/home/tmduser/yocto_toradex/user_sources/cortex_m4/toolchain/gcc-arm-none-eabi-4_9-2015q3/bin/../lib/gcc/arm-none-eabi/4.9.3/../../../../arm-none-eabi/lib/armv7e-m/fpu/libc_nano.a(lib_a-assert.o)
                              CMakeFiles/str_echo_bm.dir/home/tmduser/yocto_toradex/user_sources/cortex_m4/freeRtos/freertos-colibri-imx7/middleware/multicore/open-amp/porting/env/bm/rpmsg_porting.c.obj (__assert_func)
/home/tmduser/yocto_toradex/user_sources/cortex_m4/toolchain/gcc-arm-none-eabi-4_9-2015q3/bin/../lib/gcc/arm-none-eabi/4.9.3/../../../../arm-none-eabi/lib/armv7e-m/fpu/libc_nano.a(lib_a-exit.o)
                              /home/tmduser/yocto_toradex/user_sources/cortex_m4/toolchain/gcc-arm-none-eabi-4_9-2015q3/bin/../lib/gcc/arm-none-eabi/4.9.3/../../../../arm-none-eabi/lib/armv7e-m/fpu/crt0.o (exit)
/home/tmduser/yocto_toradex/user_sources/cortex_m4/toolchain/gcc-arm-none-eabi-4_9-2015q3/bin/../lib/gcc/arm-none-eabi/4.9.3/../../../../arm-none-eabi/lib/armv7e-m/fpu/libc_nano.a(lib_a-fprintf.o)
                              /home/tmduser/yocto_toradex/user_sources/cortex_m4/toolchain/gcc-arm-none-eabi-4_9-2015q3/bin/../lib/gcc/arm-none-eabi/4.9.3/../../../../arm-none-eabi/lib/armv7e-m/fpu/libc_nano.a(lib_a-assert.o) (fiprintf)
/home/tmduser/yocto_toradex/user_sources/cortex_m4/toolchain/gcc-arm-none-eabi-4_9-2015q3/bin/../lib/gcc/arm-none-eabi/4.9.3/../../../../arm-none-eabi/lib/armv7e-m/fpu/libc_nano.a(lib_a-impure.o)
                              /home/tmduser/yocto_toradex/user_sources/cortex_m4/toolchain/gcc-arm-none-eabi-4_9-2015q3/bin/../lib/gcc/arm-none-eabi/4.9.3/../../../../arm-none-eabi/lib/armv7e-m/fpu/libc_nano.a(lib_a-exit.o) (_global_impure_ptr)
/home/tmduser/yocto_toradex/user_sources/cortex_m4/toolchain/gcc-arm-none-eabi-4_9-2015q3/bin/../lib/gcc/arm-none-eabi/4.9.3/../../../../arm-none-eabi/lib/armv7e-m/fpu/libc_nano.a(lib_a-init.o)
                              /home/tmduser/yocto_toradex/user_sources/cortex_m4/toolchain/gcc-arm-none-eabi-4_9-2015q3/bin/../lib/gcc/arm-none-eabi/4.9.3/../../../../arm-none-eabi/lib/armv7e-m/fpu/crt0.o (__libc_init_array)
/home/tmduser/yocto_toradex/user_sources/cortex_m4/toolchain/gcc-arm-none-eabi-4_9-2015q3/bin/../lib/gcc/arm-none-eabi/4.9.3/../../../../arm-none-eabi/lib/armv7e-m/fpu/libc_nano.a(lib_a-malloc.o)
                              CMakeFiles/str_echo_bm.dir/home/tmduser/yocto_toradex/user_sources/cortex_m4/freeRtos/freertos-colibri-imx7/middleware/multicore/open-amp/porting/env/bm/rpmsg_porting.c.obj (malloc)
/home/tmduser/yocto_toradex/user_sources/cortex_m4/toolchain/gcc-arm-none-eabi-4_9-2015q3/bin/../lib/gcc/arm-none-eabi/4.9.3/../../../../arm-none-eabi/lib/armv7e-m/fpu/libc_nano.a(lib_a-memcpy.o)
                              CMakeFiles/str_echo_bm.dir/home/tmduser/yocto_toradex/user_sources/cortex_m4/freeRtos/freertos-colibri-imx7/middleware/multicore/open-amp/porting/env/bm/rpmsg_porting.c.obj (memcpy)
/home/tmduser/yocto_toradex/user_sources/cortex_m4/toolchain/gcc-arm-none-eabi-4_9-2015q3/bin/../lib/gcc/arm-none-eabi/4.9.3/../../../../arm-none-eabi/lib/armv7e-m/fpu/libc_nano.a(lib_a-memset.o)
                              /home/tmduser/yocto_toradex/user_sources/cortex_m4/toolchain/gcc-arm-none-eabi-4_9-2015q3/bin/../lib/gcc/arm-none-eabi/4.9.3/../../../../arm-none-eabi/lib/armv7e-m/fpu/crt0.o (memset)
/home/tmduser/yocto_toradex/user_sources/cortex_m4/toolchain/gcc-arm-none-eabi-4_9-2015q3/bin/../lib/gcc/arm-none-eabi/4.9.3/../../../../arm-none-eabi/lib/armv7e-m/fpu/libc_nano.a(lib_a-nano-freer.o)
                              /home/tmduser/yocto_toradex/user_sources/cortex_m4/toolchain/gcc-arm-none-eabi-4_9-2015q3/bin/../lib/gcc/arm-none-eabi/4.9.3/../../../../arm-none-eabi/lib/armv7e-m/fpu/libc_nano.a(lib_a-malloc.o) (_free_r)
/home/tmduser/yocto_toradex/user_sources/cortex_m4/toolchain/gcc-arm-none-eabi-4_9-2015q3/bin/../lib/gcc/arm-none-eabi/4.9.3/../../../../arm-none-eabi/lib/armv7e-m/fpu/libc_nano.a(lib_a-nano-mallocr.o)
                              /home/tmduser/yocto_toradex/user_sources/cortex_m4/toolchain/gcc-arm-none-eabi-4_9-2015q3/bin/../lib/gcc/arm-none-eabi/4.9.3/../../../../arm-none-eabi/lib/armv7e-m/fpu/libc_nano.a(lib_a-malloc.o) (_malloc_r)
/home/tmduser/yocto_toradex/user_sources/cortex_m4/toolchain/gcc-arm-none-eabi-4_9-2015q3/bin/../lib/gcc/arm-none-eabi/4.9.3/../../../../arm-none-eabi/lib/armv7e-m/fpu/libc_nano.a(lib_a-nano-vfprintf.o)
                              /home/tmduser/yocto_toradex/user_sources/cortex_m4/toolchain/gcc-arm-none-eabi-4_9-2015q3/bin/../lib/gcc/arm-none-eabi/4.9.3/../../../../arm-none-eabi/lib/armv7e-m/fpu/libc_nano.a(lib_a-fprintf.o) (_vfprintf_r)
/home/tmduser/yocto_toradex/user_sources/cortex_m4/toolchain/gcc-arm-none-eabi-4_9-2015q3/bin/../lib/gcc/arm-none-eabi/4.9.3/../../../../arm-none-eabi/lib/armv7e-m/fpu/libc_nano.a(lib_a-nano-vfprintf_i.o)
[...]
Memory Configuration

Name             Origin             Length             Attributes
m_interrupts     0x00000000         0x00000240         xr
m_text           0x1fff8000         0x00008000         xr
m_data           0x20000000         0x00008000         rw
*default*        0x00000000         0xffffffff

Linker script and memory map

LOAD /home/tmduser/yocto_toradex/user_sources/cortex_m4/toolchain/gcc-arm-none-eabi-4_9-2015q3/bin/../lib/gcc/arm-none-eabi/4.9.3/armv7e-m/fpu/crti.o
LOAD /home/tmduser/yocto_toradex/user_sources/cortex_m4/toolchain/gcc-arm-none-eabi-4_9-2015q3/bin/../lib/gcc/arm-none-eabi/4.9.3/armv7e-m/fpu/crtbegin.o
LOAD /home/tmduser/yocto_toradex/user_sources/cortex_m4/toolchain/gcc-arm-none-eabi-4_9-2015q3/bin/../lib/gcc/arm-none-eabi/4.9.3/../../../../arm-none-eabi/lib/armv7e-m/fpu/crt0.o
                0x00000400                __stack_size__ = 0x400
                0x00000200                __heap_size__ = 0x200
LOAD CMakeFiles/str_echo_bm.dir/home/tmduser/yocto_toradex/user_sources/cortex_m4/freeRtos/freertos-colibri-imx7/middleware/multicore/open-amp/common/hil/hil.c.obj
LOAD CMakeFiles/str_echo_bm.dir/home/tmduser/yocto_toradex/user_sources/cortex_m4/freeRtos/freertos-colibri-imx7/middleware/multicore/open-amp/common/llist/llist.c.obj
LOAD CMakeFiles/str_echo_bm.dir/home/tmduser/yocto_toradex/user_sources/cortex_m4/freeRtos/freertos-colibri-imx7/middleware/multicore/open-amp/common/shm/sh_mem.c.obj
LOAD CMakeFiles/str_echo_bm.dir/home/tmduser/yocto_toradex/user_sources/cortex_m4/freeRtos/freertos-colibri-imx7/middleware/multicore/open-amp/porting/config/config.c.obj
LOAD CMakeFiles/str_echo_bm.dir/home/tmduser/yocto_toradex/user_sources/cortex_m4/freeRtos/freertos-colibri-imx7/middleware/multicore/open-amp/porting/env/bm/rpmsg_porting.c.obj
LOAD CMakeFiles/str_echo_bm.dir/home/tmduser/yocto_toradex/user_sources/cortex_m4/freeRtos/freertos-colibri-imx7/middleware/multicore/open-amp/porting/imx7d_m4/platform.c.obj
LOAD CMakeFiles/str_echo_bm.dir/home/tmduser/yocto_toradex/user_sources/cortex_m4/freeRtos/freertos-colibri-imx7/middleware/multicore/open-amp/porting/imx7d_m4/platform_info.c.obj
LOAD CMakeFiles/str_echo_bm.dir/home/tmduser/yocto_toradex/user_sources/cortex_m4/freeRtos/freertos-colibri-imx7/middleware/multicore/open-amp/rpmsg/remote_device.c.obj
LOAD CMakeFiles/str_echo_bm.dir/home/tmduser/yocto_toradex/user_sources/cortex_m4/freeRtos/freertos-colibri-imx7/middleware/multicore/open-amp/rpmsg/rpmsg.c.obj
LOAD CMakeFiles/str_echo_bm.dir/home/tmduser/yocto_toradex/user_sources/cortex_m4/freeRtos/freertos-colibri-imx7/middleware/multicore/open-amp/rpmsg/rpmsg_core.c.obj
LOAD CMakeFiles/str_echo_bm.dir/home/tmduser/yocto_toradex/user_sources/cortex_m4/freeRtos/freertos-colibri-imx7/middleware/multicore/open-amp/rpmsg/rpmsg_ext.c.obj
LOAD CMakeFiles/str_echo_bm.dir/home/tmduser/yocto_toradex/user_sources/cortex_m4/freeRtos/freertos-colibri-imx7/middleware/multicore/open-amp/virtio/virtio.c.obj
LOAD CMakeFiles/str_echo_bm.dir/home/tmduser/yocto_toradex/user_sources/cortex_m4/freeRtos/freertos-colibri-imx7/middleware/multicore/open-amp/virtio/virtqueue.c.obj
LOAD CMakeFiles/str_echo_bm.dir/home/tmduser/yocto_toradex/user_sources/cortex_m4/freeRtos/freertos-colibri-imx7/platform/devices/MCIMX7D/startup/gcc/startup_MCIMX7D_M4.S.obj
LOAD CMakeFiles/str_echo_bm.dir/home/tmduser/yocto_toradex/user_sources/cortex_m4/freeRtos/freertos-colibri-imx7/platform/devices/MCIMX7D/startup/system_MCIMX7D_M4.c.obj
LOAD CMakeFiles/str_echo_bm.dir/home/tmduser/yocto_toradex/user_sources/cortex_m4/freeRtos/freertos-colibri-imx7/platform/drivers/src/ccm_analog_imx7d.c.obj
LOAD CMakeFiles/str_echo_bm.dir/home/tmduser/yocto_toradex/user_sources/cortex_m4/freeRtos/freertos-colibri-imx7/platform/drivers/src/ccm_imx7d.c.obj
LOAD CMakeFiles/str_echo_bm.dir/home/tmduser/yocto_toradex/user_sources/cortex_m4/freeRtos/freertos-colibri-imx7/platform/drivers/src/mu_imx.c.obj
LOAD CMakeFiles/str_echo_bm.dir/home/tmduser/yocto_toradex/user_sources/cortex_m4/freeRtos/freertos-colibri-imx7/platform/drivers/src/rdc.c.obj
LOAD CMakeFiles/str_echo_bm.dir/home/tmduser/yocto_toradex/user_sources/cortex_m4/freeRtos/freertos-colibri-imx7/platform/drivers/src/uart_imx.c.obj
LOAD CMakeFiles/str_echo_bm.dir/home/tmduser/yocto_toradex/user_sources/cortex_m4/freeRtos/freertos-colibri-imx7/platform/drivers/src/wdog_imx.c.obj
LOAD CMakeFiles/str_echo_bm.dir/home/tmduser/yocto_toradex/user_sources/cortex_m4/freeRtos/freertos-colibri-imx7/platform/utilities/src/debug_console_imx.c.obj
LOAD CMakeFiles/str_echo_bm.dir/home/tmduser/yocto_toradex/user_sources/cortex_m4/freeRtos/freertos-colibri-imx7/platform/utilities/src/print_scan.c.obj
LOAD CMakeFiles/str_echo_bm.dir/home/tmduser/yocto_toradex/user_sources/cortex_m4/freeRtos/freertos-colibri-imx7/examples/imx7_colibri_m4/board.c.obj
LOAD CMakeFiles/str_echo_bm.dir/home/tmduser/yocto_toradex/user_sources/cortex_m4/freeRtos/freertos-colibri-imx7/examples/imx7_colibri_m4/clock_freq.c.obj
LOAD CMakeFiles/str_echo_bm.dir/home/tmduser/yocto_toradex/user_sources/cortex_m4/freeRtos/freertos-colibri-imx7/examples/imx7_colibri_m4/pin_mux.c.obj
LOAD CMakeFiles/str_echo_bm.dir/home/tmduser/yocto_toradex/user_sources/cortex_m4/freeRtos/freertos-colibri-imx7/examples/imx7_colibri_m4/demo_apps/rpmsg/str_echo_bm/hardware_init.c.obj
LOAD CMakeFiles/str_echo_bm.dir/home/tmduser/yocto_toradex/user_sources/cortex_m4/freeRtos/freertos-colibri-imx7/examples/imx7_colibri_m4/demo_apps/rpmsg/str_echo_bm/str_echo_bm.c.obj
START GROUP
LOAD /home/tmduser/yocto_toradex/user_sources/cortex_m4/toolchain/gcc-arm-none-eabi-4_9-2015q3/bin/../lib/gcc/arm-none-eabi/4.9.3/../../../../arm-none-eabi/lib/armv7e-m/fpu/libm.a
LOAD /home/tmduser/yocto_toradex/user_sources/cortex_m4/toolchain/gcc-arm-none-eabi-4_9-2015q3/bin/../lib/gcc/arm-none-eabi/4.9.3/../../../../arm-none-eabi/lib/armv7e-m/fpu/libc_nano.a
LOAD /home/tmduser/yocto_toradex/user_sources/cortex_m4/toolchain/gcc-arm-none-eabi-4_9-2015q3/bin/../lib/gcc/arm-none-eabi/4.9.3/armv7e-m/fpu/libgcc.a
LOAD /home/tmduser/yocto_toradex/user_sources/cortex_m4/toolchain/gcc-arm-none-eabi-4_9-2015q3/bin/../lib/gcc/arm-none-eabi/4.9.3/../../../../arm-none-eabi/lib/armv7e-m/fpu/libnosys.a
END GROUP
START GROUP
LOAD /home/tmduser/yocto_toradex/user_sources/cortex_m4/toolchain/gcc-arm-none-eabi-4_9-2015q3/bin/../lib/gcc/arm-none-eabi/4.9.3/armv7e-m/fpu/libgcc.a
LOAD /home/tmduser/yocto_toradex/user_sources/cortex_m4/toolchain/gcc-arm-none-eabi-4_9-2015q3/bin/../lib/gcc/arm-none-eabi/4.9.3/../../../../arm-none-eabi/lib/armv7e-m/fpu/libc_nano.a
END GROUP
START GROUP
LOAD /home/tmduser/yocto_toradex/user_sources/cortex_m4/toolchain/gcc-arm-none-eabi-4_9-2015q3/bin/../lib/gcc/arm-none-eabi/4.9.3/armv7e-m/fpu/libgcc.a
LOAD /home/tmduser/yocto_toradex/user_sources/cortex_m4/toolchain/gcc-arm-none-eabi-4_9-2015q3/bin/../lib/gcc/arm-none-eabi/4.9.3/../../../../arm-none-eabi/lib/armv7e-m/fpu/libc_nano.a
LOAD /home/tmduser/yocto_toradex/user_sources/cortex_m4/toolchain/gcc-arm-none-eabi-4_9-2015q3/bin/../lib/gcc/arm-none-eabi/4.9.3/../../../../arm-none-eabi/lib/armv7e-m/fpu/libnosys.a
END GROUP
START GROUP
LOAD /home/tmduser/yocto_toradex/user_sources/cortex_m4/toolchain/gcc-arm-none-eabi-4_9-2015q3/bin/../lib/gcc/arm-none-eabi/4.9.3/armv7e-m/fpu/libgcc.a
LOAD /home/tmduser/yocto_toradex/user_sources/cortex_m4/toolchain/gcc-arm-none-eabi-4_9-2015q3/bin/../lib/gcc/arm-none-eabi/4.9.3/../../../../arm-none-eabi/lib/armv7e-m/fpu/libc_nano.a
LOAD /home/tmduser/yocto_toradex/user_sources/cortex_m4/toolchain/gcc-arm-none-eabi-4_9-2015q3/bin/../lib/gcc/arm-none-eabi/4.9.3/../../../../arm-none-eabi/lib/armv7e-m/fpu/libnosys.a
END GROUP
LOAD /home/tmduser/yocto_toradex/user_sources/cortex_m4/toolchain/gcc-arm-none-eabi-4_9-2015q3/bin/../lib/gcc/arm-none-eabi/4.9.3/armv7e-m/fpu/crtend.o
LOAD /home/tmduser/yocto_toradex/user_sources/cortex_m4/toolchain/gcc-arm-none-eabi-4_9-2015q3/bin/../lib/gcc/arm-none-eabi/4.9.3/armv7e-m/fpu/crtn.o
                0x1fff8000                TCML_code = 0x1fff8000
                0x20000000                TCMU_system = 0x20000000
                0x00000000                OCRAM_S_code = 0x0
                0x00180000                OCRAM_S_system = 0x180000
                0x00900000                OCRAM_code = 0x900000
                0x20200000                OCRAM_system = 0x20200000
                0x00920000                OCRAM_EPDC_code = 0x920000
                0x20220000                OCRAM_EPDC_system = 0x20220000
                0x10000000                DDR_code = 0x10000000
                0x80000000                DDR_system = 0x80000000
                0x00000400                HEAP_SIZE = DEFINED (__heap_size__)?__heap_size__:0x400
                0x00000400                STACK_SIZE = DEFINED (__stack_size__)?__stack_size__:0x400
                0x00000000                __FLASH_START = ORIGIN (m_interrupts)
                0x20000000                __FLASH_END = (ORIGIN (m_text) + 0x8000)

.interrupts     0x00000000      0x240
                0x00000000                __VECTOR_TABLE = .
                0x00000000                . = ALIGN (0x4)
 *(.isr_vector)
 .isr_vector    0x00000000      0x240 CMakeFiles/str_echo_bm.dir/home/tmduser/yocto_toradex/user_sources/cortex_m4/freeRtos/freertos-colibri-imx7/platform/devices/MCIMX7D/startup/gcc/startup_MCIMX7D_M4.S.obj
                0x00000000                __isr_vector
                0x00000240                . = ALIGN (0x4)

.text           0x1fff8000     0x3dd4
                0x1fff8000                . = ALIGN (0x4)
 *(.text)
 .text          0x1fff8000       0x5c /home/tmduser/yocto_toradex/user_sources/cortex_m4/toolchain/gcc-arm-none-eabi-4_9-2015q3/bin/../lib/gcc/arm-none-eabi/4.9.3/armv7e-m/fpu/crtbegin.o
 .text          0x1fff805c       0x74 /home/tmduser/yocto_toradex/user_sources/cortex_m4/toolchain/gcc-arm-none-eabi-4_9-2015q3/bin/../lib/gcc/arm-none-eabi/4.9.3/../../../../arm-none-eabi/lib/armv7e-m/fpu/crt0.o
                0x1fff805c                _mainCRTStartup
                0x1fff805c                _start
 .text          0x1fff80d0       0x24 CMakeFiles/str_echo_bm.dir/home/tmduser/yocto_toradex/user_sources/cortex_m4/freeRtos/freertos-colibri-imx7/platform/devices/MCIMX7D/startup/gcc/startup_MCIMX7D_M4.S.obj
                0x1fff80d0                Reset_Handler
                0x1fff80f0                ENET2_MAC0_TRANS1_Handler
                0x1fff80f0                SAI3_Handler
                0x1fff80f0                DebugMon_Handler
                0x1fff80f0                USB_OH3_OTG2_1_Handler
                0x1fff80f0                GPIO3_INT31_16_Handler
                0x1fff80f0                eCSPI4_Handler
                0x1fff80f0                SIM2_Handler
                0x1fff80f0                FLEXCAN1_Handler
                0x1fff80f0                UART3_Handler
                0x1fff80f0                UART2_Handler
                0x1fff80f0                GPIO1_INT3_Handler
                0x1fff80f0                HardFault_Handler
                0x1fff80f0                SNVS_SECURITY_Handler
                0x1fff80f0                SEMA4_HS_M4_Handler
                0x1fff80f0                SysTick_Handler
                0x1fff80f0                GPIO6_INT31_16_Handler
                0x1fff80f0                SRC_Handler
                0x1fff80f0                GPT2_Handler
                0x1fff80f0                CCM2_Handler
                0x1fff80f0                I2C1_Handler
                0x1fff80f0                CPU_CTI_Handler
                0x1fff80f0                PendSV_Handler
                0x1fff80f0                NMI_Handler
                0x1fff80f0                SAI1_Handler
                0x1fff80f0                ENET2_MAC0_IRQ_Handler
                0x1fff80f0                KPP_Handler
                0x1fff80f0                USB_OTG1_Handler
                0x1fff80f0                MIPI_CSI_Handler
                0x1fff80f0                WDOG4_Handler
                0x1fff80f0                Reserved9_Handler
                0x1fff80f0                QSPI_Handler
                0x1fff80f0                CAAM_QUEUE_Handler
                0x1fff80f0                GPIO2_INT15_0_Handler
                0x1fff80f0                PCIE_CTRL4_Handler
                0x1fff80f0                uSDHC2_Handler
                0x1fff80f0                GPIO1_INT6_Handler
                0x1fff80f0                PCIE_CTRL_REQUEST_Handler
                0x1fff80f0                SCTR1_Handler
                0x1fff80f0                RDC_Handler
                0x1fff80f0                EPDC_Handler
                0x1fff80f0                CCM1_Handler
                0x1fff80f0                UsageFault_Handler
                0x1fff80f0                ADC1_Handler
                0x1fff80f0                GPIO1_INT0_Handler
                0x1fff80f0                Analog_brown_out_Handler
                0x1fff80f0                PXP2_Handler
                0x1fff80f0                SEMA4_HS_A7_Handler
                0x1fff80f0                RTIC_Handler
                0x1fff80f0                DefaultISR
                0x1fff80f0                GPIO6_INT15_0_Handler
                0x1fff80f0                SCTR2_Handler
                0x1fff80f0                WDOG3_Handler
                0x1fff80f0                USB_OH2_OTG_Handler
                0x1fff80f0                SAI2_Handler
                0x1fff80f0                GPIO3_INT15_0_Handler
                0x1fff80f0                FTM2_Handler
                0x1fff80f0                eCSPI1_Handler
                0x1fff80f0                GPC_Handler
                0x1fff80f0                GPIO1_INT15_0_Handler
                0x1fff80f0                UART1_Handler
                0x1fff80f0                ENET1_MAC0_TRANS2_Handler
                0x1fff80f0                eCSPI3_Handler
                0x1fff80f0                BCH_Handler
                0x1fff80f0                CAAM_ERROR_Handler
                0x1fff80f0                Analog_TempSensor_Handler
                0x1fff80f0                PXP1_Handler
                0x1fff80f0                SNVS_Handler
                0x1fff80f0                GPT4_Handler
                0x1fff80f0                GPIO5_INT15_0_Handler
                0x1fff80f0                ENET2_MAC0_TRANS2_Handler
                0x1fff80f0                GPMI_Handler
                0x1fff80f0                I2C4_Handler
                0x1fff80f0                CCM_SRC_GPC_Handler
                0x1fff80f0                CPU_Handler
                0x1fff80f0                UART4_Handler
                0x1fff80f0                GPIO1_INT1_Handler
                0x1fff80f0                uSDHC3_Handler
                0x1fff80f0                EIM_Handler
                0x1fff80f0                PWM1_Handler
                0x1fff80f0                ENET2_1588_TIMER_IRQ_Handler
                0x1fff80f0                UART6_Handler
                0x1fff80f0                GPIO1_INT4_Handler
                0x1fff80f0                GPIO1_INT31_16_Handler
                0x1fff80f0                APBHDMA_Handler
                0x1fff80f0                uSDHC1_Handler
                0x1fff80f0                DBGMON_Handler
                0x1fff80f0                UART7_Handler
                0x1fff80f0                SDMA_Handler
                0x1fff80f0                GPT1_Handler
                0x1fff80f0                PWM3_Handler
                0x1fff80f0                PCIE_CTRL2_Handler
                0x1fff80f0                MemManage_Handler
                0x1fff80f0                GPIO5_INT31_16_Handler
                0x1fff80f0                TZASC1_Handler
                0x1fff80f0                I2C2_Handler
                0x1fff80f0                SVC_Handler
                0x1fff80f0                DAP_Handler
                0x1fff80f0                GPIO4_INT15_0_Handler
                0x1fff80f0                CSI_Handler
                0x1fff80f0                eCSPI2_Handler
                0x1fff80f0                ENET1_1588_TIMER_Handler
                0x1fff80f0                WDOG2_Handler
                0x1fff80f0                FLEXCAN2_Handler
                0x1fff80f0                PCIE_CTRL1_Handler
                0x1fff80f0                PCIE_CTRL3_Handler
                0x1fff80f0                GPT3_Handler
                0x1fff80f0                GPIO1_INT5_Handler
                0x1fff80f0                CAAM_WRAPPER2_Handler
                0x1fff80f0                SNVS_CONSOLIDATED_Handler
                0x1fff80f0                CAAM_WRAPPER1_Handler
                0x1fff80f0                GPIO4_INT31_16_Handler
                0x1fff80f0                GPIO1_INT2_Handler
                0x1fff80f0                LCDIF_Handler
                0x1fff80f0                UART5_Handler
                0x1fff80f0                PERFMON1_Handler
                0x1fff80f0                GPIO1_INT7_Handler
                0x1fff80f0                I2C3_Handler
                0x1fff80f0                CSU_Handler
                0x1fff80f0                MIPI_DSI_Handler
                0x1fff80f0                PWM2_Handler
                0x1fff80f0                GPR_Handler
                0x1fff80f0                SIM1_Handler
                0x1fff80f0                USB_OTG2_Handler
                0x1fff80f0                ENET1_MAC0_TRANS1_Handler
                0x1fff80f0                BusFault_Handler
                0x1fff80f0                USB_OH3_OTG2_2_Handler
                0x1fff80f0                ENET1_MAC0_Handler
                0x1fff80f0                PERFMON2_Handler
                0x1fff80f0                GPIO7_INT31_16_Handler
                0x1fff80f0                PWM4_Handler
                0x1fff80f0                GPIO2_INT31_16_Handler
                0x1fff80f0                FTM1_Handler
                0x1fff80f0                GPIO7_INT15_0_Handler
                0x1fff80f0                WDOG1_Handler
                0x1fff80f0                MU_A7_Handler
                0x1fff80f0                ADC2_Handler
                0x1fff80f0                TPR_Handler
 *(.text*)
 .text.hil_create_proc
                0x1fff80f4       0x5c CMakeFiles/str_echo_bm.dir/home/tmduser/yocto_toradex/user_sources/cortex_m4/freeRtos/freertos-colibri-imx7/middleware/multicore/open-amp/common/hil/hil.c.obj
                0x1fff80f4                hil_create_proc
 .text.hil_isr  0x1fff8150        0x6 CMakeFiles/str_echo_bm.dir/home/tmduser/yocto_toradex/user_sources/cortex_m4/freeRtos/freertos-colibri-imx7/middleware/multicore/open-amp/common/hil/hil.c.obj
                0x1fff8150                hil_isr
 .text.hil_get_chnl_info
                0x1fff8156        0x8 CMakeFiles/str_echo_bm.dir/home/tmduser/yocto_toradex/user_sources/cortex_m4/freeRtos/freertos-colibri-imx7/middleware/multicore/open-amp/common/hil/hil.c.obj
                0x1fff8156                hil_get_chnl_info
 .text.hil_get_vring_info
                0x1fff815e        0x8 CMakeFiles/str_echo_bm.dir/home/tmduser/yocto_toradex/user_sources/cortex_m4/freeRtos/freertos-colibri-imx7/middleware/multicore/open-amp/common/hil/hil.c.obj
                0x1fff815e                hil_get_vring_info
 .text.hil_get_shm_info
                0x1fff8166        0x4 CMakeFiles/str_echo_bm.dir/home/tmduser/yocto_toradex/user_sources/cortex_m4/freeRtos/freertos-colibri-imx7/middleware/multicore/open-amp/common/hil/hil.c.obj
                0x1fff8166                hil_get_shm_info
 .text.hil_enable_vring_notifications
                0x1fff816a       0x1e CMakeFiles/str_echo_bm.dir/home/tmduser/yocto_toradex/user_sources/cortex_m4/freeRtos/freertos-colibri-imx7/middleware/multicore/open-amp/common/hil/hil.c.obj
                0x1fff816a                hil_enable_vring_notifications
 .text.hil_vring_notify
                0x1fff8188       0x1a CMakeFiles/str_echo_bm.dir/home/tmduser/yocto_toradex/user_sources/cortex_m4/freeRtos/freertos-colibri-imx7/middleware/multicore/open-amp/common/hil/hil.c.obj
                0x1fff8188                hil_vring_notify
 .text.hil_get_status
                0x1fff81a2        0x4 CMakeFiles/str_echo_bm.dir/home/tmduser/yocto_toradex/user_sources/cortex_m4/freeRtos/freertos-colibri-imx7/middleware/multicore/open-amp/common/hil/hil.c.obj
                0x1fff81a2                hil_get_status
 .text.hil_set_status
                0x1fff81a6        0x4 CMakeFiles/str_echo_bm.dir/home/tmduser/yocto_toradex/user_sources/cortex_m4/freeRtos/freertos-colibri-imx7/middleware/multicore/open-amp/common/hil/hil.c.obj
                0x1fff81a6                hil_set_status
 .text.add_to_list
                0x1fff81aa       0x1e CMakeFiles/str_echo_bm.dir/home/tmduser/yocto_toradex/user_sources/cortex_m4/freeRtos/freertos-colibri-imx7/middleware/multicore/open-amp/common/llist/llist.c.obj
                0x1fff81aa                add_to_list
 .text.remove_from_list
                0x1fff81c8       0x1e CMakeFiles/str_echo_bm.dir/home/tmduser/yocto_toradex/user_sources/cortex_m4/freeRtos/freertos-colibri-imx7/middleware/multicore/open-amp/common/llist/llist.c.obj
                0x1fff81c8                remove_from_list
 .text.sh_mem_create_pool
                0x1fff81e6       0x76 CMakeFiles/str_echo_bm.dir/home/tmduser/yocto_toradex/user_sources/cortex_m4/freeRtos/freertos-colibri-imx7/middleware/multicore/open-amp/common/shm/sh_mem.c.obj
                0x1fff81e6                sh_mem_create_pool
 .text.sh_mem_free_buffer
                0x1fff825c       0x60 CMakeFiles/str_echo_bm.dir/home/tmduser/yocto_toradex/user_sources/cortex_m4/freeRtos/freertos-colibri-imx7/middleware/multicore/open-amp/common/shm/sh_mem.c.obj
                0x1fff825c                sh_mem_free_buffer
 .text.sh_mem_delete_pool
                0x1fff82bc       0x18 CMakeFiles/str_echo_bm.dir/home/tmduser/yocto_toradex/user_sources/cortex_m4/freeRtos/freertos-colibri-imx7/middleware/multicore/open-amp/common/shm/sh_mem.c.obj
                0x1fff82bc                sh_mem_delete_pool
 .text.get_first_zero_bit
                0x1fff82d4       0x44 CMakeFiles/str_echo_bm.dir/home/tmduser/yocto_toradex/user_sources/cortex_m4/freeRtos/freertos-colibri-imx7/middleware/multicore/open-amp/common/shm/sh_mem.c.obj
                0x1fff82d4                get_first_zero_bit
 .text.sh_mem_get_buffer
                0x1fff8318       0x6e CMakeFiles/str_echo_bm.dir/home/tmduser/yocto_toradex/user_sources/cortex_m4/freeRtos/freertos-colibri-imx7/middleware/multicore/open-amp/common/shm/sh_mem.c.obj
                0x1fff8318                sh_mem_get_buffer
 *fill*         0x1fff8386        0x2 
 .text.env_init
                0x1fff8388       0x48 CMakeFiles/str_echo_bm.dir/home/tmduser/yocto_toradex/user_sources/cortex_m4/freeRtos/freertos-colibri-imx7/middleware/multicore/open-amp/porting/env/bm/rpmsg_porting.c.obj
                0x1fff8388                env_init
 .text.env_deinit
                0x1fff83d0       0x38 CMakeFiles/str_echo_bm.dir/home/tmduser/yocto_toradex/user_sources/cortex_m4/freeRtos/freertos-colibri-imx7/middleware/multicore/open-amp/porting/env/bm/rpmsg_porting.c.obj
                0x1fff83d0                env_deinit
 .text.env_allocate_memory
                0x1fff8408        0x4 CMakeFiles/str_echo_bm.dir/home/tmduser/yocto_toradex/user_sources/cortex_m4/freeRtos/freertos-colibri-imx7/middleware/multicore/open-amp/porting/env/bm/rpmsg_porting.c.obj
                0x1fff8408                env_allocate_memory
 .text.env_free_memory
                0x1fff840c        0x8 CMakeFiles/str_echo_bm.dir/home/tmduser/yocto_toradex/user_sources/cortex_m4/freeRtos/freertos-colibri-imx7/middleware/multicore/open-amp/porting/env/bm/rpmsg_porting.c.obj
                0x1fff840c                env_free_memory
 .text.env_memset
                0x1fff8414        0x4 CMakeFiles/str_echo_bm.dir/home/tmduser/yocto_toradex/user_sources/cortex_m4/freeRtos/freertos-colibri-imx7/middleware/multicore/open-amp/porting/env/bm/rpmsg_porting.c.obj
                0x1fff8414                env_memset
 .text.env_memcpy
                0x1fff8418        0x4 CMakeFiles/str_echo_bm.dir/home/tmduser/yocto_toradex/user_sources/cortex_m4/freeRtos/freertos-colibri-imx7/middleware/multicore/open-amp/porting/env/bm/rpmsg_porting.c.obj
                0x1fff8418                env_memcpy
 .text.env_strncpy
                0x1fff841c        0x4 CMakeFiles/str_echo_bm.dir/home/tmduser/yocto_toradex/user_sources/cortex_m4/freeRtos/freertos-colibri-imx7/middleware/multicore/open-amp/porting/env/bm/rpmsg_porting.c.obj
                0x1fff841c                env_strncpy
 .text.env_strncmp
                0x1fff8420        0x4 CMakeFiles/str_echo_bm.dir/home/tmduser/yocto_toradex/user_sources/cortex_m4/freeRtos/freertos-colibri-imx7/middleware/multicore/open-amp/porting/env/bm/rpmsg_porting.c.obj
                0x1fff8420                env_strncmp
 .text.env_mb   0x1fff8424        0x2 CMakeFiles/str_echo_bm.dir/home/tmduser/yocto_toradex/user_sources/cortex_m4/freeRtos/freertos-colibri-imx7/middleware/multicore/open-amp/porting/env/bm/rpmsg_porting.c.obj
                0x1fff8424                env_mb
 .text.env_rmb  0x1fff8426        0x2 CMakeFiles/str_echo_bm.dir/home/tmduser/yocto_toradex/user_sources/cortex_m4/freeRtos/freertos-colibri-imx7/middleware/multicore/open-amp/porting/env/bm/rpmsg_porting.c.obj
                0x1fff8426                env_rmb
 .text.env_wmb  0x1fff8428        0x2 CMakeFiles/str_echo_bm.dir/home/tmduser/yocto_toradex/user_sources/cortex_m4/freeRtos/freertos-colibri-imx7/middleware/multicore/open-amp/porting/env/bm/rpmsg_porting.c.obj
                0x1fff8428                env_wmb
 .text.env_map_vatopa
                0x1fff842a        0x4 CMakeFiles/str_echo_bm.dir/home/tmduser/yocto_toradex/user_sources/cortex_m4/freeRtos/freertos-colibri-imx7/middleware/multicore/open-amp/porting/env/bm/rpmsg_porting.c.obj
                0x1fff842a                env_map_vatopa
 .text.env_map_patova
                0x1fff842e        0x4 CMakeFiles/str_echo_bm.dir/home/tmduser/yocto_toradex/user_sources/cortex_m4/freeRtos/freertos-colibri-imx7/middleware/multicore/open-amp/porting/env/bm/rpmsg_porting.c.obj
                0x1fff842e                env_map_patova
 .text.env_create_mutex
                0x1fff8432        0x4 CMakeFiles/str_echo_bm.dir/home/tmduser/yocto_toradex/user_sources/cortex_m4/freeRtos/freertos-colibri-imx7/middleware/multicore/open-amp/porting/env/bm/rpmsg_porting.c.obj
                0x1fff8432                env_create_mutex
 .text.env_delete_mutex
                0x1fff8436        0x2 CMakeFiles/str_echo_bm.dir/home/tmduser/yocto_toradex/user_sources/cortex_m4/freeRtos/freertos-colibri-imx7/middleware/multicore/open-amp/porting/env/bm/rpmsg_porting.c.obj
                0x1fff8436                env_delete_mutex
 .text.env_lock_mutex
                0x1fff8438        0x4 CMakeFiles/str_echo_bm.dir/home/tmduser/yocto_toradex/user_sources/cortex_m4/freeRtos/freertos-colibri-imx7/middleware/multicore/open-amp/porting/env/bm/rpmsg_porting.c.obj
                0x1fff8438                env_lock_mutex
 .text.env_unlock_mutex
                0x1fff843c        0x4 CMakeFiles/str_echo_bm.dir/home/tmduser/yocto_toradex/user_sources/cortex_m4/freeRtos/freertos-colibri-imx7/middleware/multicore/open-amp/porting/env/bm/rpmsg_porting.c.obj
                0x1fff843c                env_unlock_mutex
 .text.env_sleep_msec
                0x1fff8440        0x4 CMakeFiles/str_echo_bm.dir/home/tmduser/yocto_toradex/user_sources/cortex_m4/freeRtos/freertos-colibri-imx7/middleware/multicore/open-amp/porting/env/bm/rpmsg_porting.c.obj
                0x1fff8440                env_sleep_msec
 .text.env_register_isr
                0x1fff8444       0x34 CMakeFiles/str_echo_bm.dir/home/tmduser/yocto_toradex/user_sources/cortex_m4/freeRtos/freertos-colibri-imx7/middleware/multicore/open-amp/porting/env/bm/rpmsg_porting.c.obj
                0x1fff8444                env_register_isr
 .text.env_map_memory
                0x1fff8478       0x10 CMakeFiles/str_echo_bm.dir/home/tmduser/yocto_toradex/user_sources/cortex_m4/freeRtos/freertos-colibri-imx7/middleware/multicore/open-amp/porting/env/bm/rpmsg_porting.c.obj
                0x1fff8478                env_map_memory
 .text.env_isr  0x1fff8488       0x48 CMakeFiles/str_echo_bm.dir/home/tmduser/yocto_toradex/user_sources/cortex_m4/freeRtos/freertos-colibri-imx7/middleware/multicore/open-amp/porting/env/bm/rpmsg_porting.c.obj
                0x1fff8488                env_isr
 .text._shutdown_cpu
                0x1fff84d0       0x1c CMakeFiles/str_echo_bm.dir/home/tmduser/yocto_toradex/user_sources/cortex_m4/freeRtos/freertos-colibri-imx7/middleware/multicore/open-amp/porting/imx7d_m4/platform.c.obj
 .text._boot_cpu
                0x1fff84ec       0x1c CMakeFiles/str_echo_bm.dir/home/tmduser/yocto_toradex/user_sources/cortex_m4/freeRtos/freertos-colibri-imx7/middleware/multicore/open-amp/porting/imx7d_m4/platform.c.obj
 .text._notify  0x1fff8508       0x10 CMakeFiles/str_echo_bm.dir/home/tmduser/yocto_toradex/user_sources/cortex_m4/freeRtos/freertos-colibri-imx7/middleware/multicore/open-amp/porting/imx7d_m4/platform.c.obj
 .text.platform_isr
                0x1fff8518        0x6 CMakeFiles/str_echo_bm.dir/home/tmduser/yocto_toradex/user_sources/cortex_m4/freeRtos/freertos-colibri-imx7/middleware/multicore/open-amp/porting/imx7d_m4/platform.c.obj
                0x1fff8518                platform_isr
 *fill*         0x1fff851e        0x2 
 .text._enable_interrupt
                0x1fff8520       0x28 CMakeFiles/str_echo_bm.dir/home/tmduser/yocto_toradex/user_sources/cortex_m4/freeRtos/freertos-colibri-imx7/middleware/multicore/open-amp/porting/imx7d_m4/platform.c.obj
 .text.rpmsg_handler
                0x1fff8548       0x20 CMakeFiles/str_echo_bm.dir/home/tmduser/yocto_toradex/user_sources/cortex_m4/freeRtos/freertos-colibri-imx7/middleware/multicore/open-amp/porting/imx7d_m4/platform.c.obj
                0x1fff8548                rpmsg_handler
 .text.platform_time_delay
                0x1fff8568       0x28 CMakeFiles/str_echo_bm.dir/home/tmduser/yocto_toradex/user_sources/cortex_m4/freeRtos/freertos-colibri-imx7/middleware/multicore/open-amp/porting/imx7d_m4/platform.c.obj
                0x1fff8568                platform_time_delay
 .text.platform_interrupt_enable
                0x1fff8590       0x54 CMakeFiles/str_echo_bm.dir/home/tmduser/yocto_toradex/user_sources/cortex_m4/freeRtos/freertos-colibri-imx7/middleware/multicore/open-amp/porting/imx7d_m4/platform.c.obj
                0x1fff8590                platform_interrupt_enable
 .text.platform_interrupt_disable
                0x1fff85e4       0x58 CMakeFiles/str_echo_bm.dir/home/tmduser/yocto_toradex/user_sources/cortex_m4/freeRtos/freertos-colibri-imx7/middleware/multicore/open-amp/porting/imx7d_m4/platform.c.obj
                0x1fff85e4                platform_interrupt_disable
 .text.platform_interrupt_enable_all
                0x1fff863c       0x3c CMakeFiles/str_echo_bm.dir/home/tmduser/yocto_toradex/user_sources/cortex_m4/freeRtos/freertos-colibri-imx7/middleware/multicore/open-amp/porting/imx7d_m4/platform.c.obj
                0x1fff863c                platform_interrupt_enable_all
 .text.platform_interrupt_disable_all
                0x1fff8678       0x38 CMakeFiles/str_echo_bm.dir/home/tmduser/yocto_toradex/user_sources/cortex_m4/freeRtos/freertos-colibri-imx7/middleware/multicore/open-amp/porting/imx7d_m4/platform.c.obj
                0x1fff8678                platform_interrupt_disable_all
 .text.platform_map_mem_region
                0x1fff86b0        0x2 CMakeFiles/str_echo_bm.dir/home/tmduser/yocto_toradex/user_sources/cortex_m4/freeRtos/freertos-colibri-imx7/middleware/multicore/open-amp/porting/imx7d_m4/platform.c.obj
                0x1fff86b0                platform_map_mem_region
 .text.platform_vatopa
                0x1fff86b2        0x2 CMakeFiles/str_echo_bm.dir/home/tmduser/yocto_toradex/user_sources/cortex_m4/freeRtos/freertos-colibri-imx7/middleware/multicore/open-amp/porting/imx7d_m4/platform.c.obj
                0x1fff86b2                platform_vatopa
 .text.platform_patova
                0x1fff86b4        0x2 CMakeFiles/str_echo_bm.dir/home/tmduser/yocto_toradex/user_sources/cortex_m4/freeRtos/freertos-colibri-imx7/middleware/multicore/open-amp/porting/imx7d_m4/platform.c.obj
                0x1fff86b4                platform_patova
 .text.platform_init
                0x1fff86b6        0x4 CMakeFiles/str_echo_bm.dir/home/tmduser/yocto_toradex/user_sources/cortex_m4/freeRtos/freertos-colibri-imx7/middleware/multicore/open-amp/porting/imx7d_m4/platform.c.obj
                0x1fff86b6                platform_init
 .text.platform_deinit
                0x1fff86ba        0x4 CMakeFiles/str_echo_bm.dir/home/tmduser/yocto_toradex/user_sources/cortex_m4/freeRtos/freertos-colibri-imx7/middleware/multicore/open-amp/porting/imx7d_m4/platform.c.obj
                0x1fff86ba                platform_deinit
 *fill*         0x1fff86be        0x2 
 .text.platform_get_processor_info
                0x1fff86c0       0x34 CMakeFiles/str_echo_bm.dir/home/tmduser/yocto_toradex/user_sources/cortex_m4/freeRtos/freertos-colibri-imx7/middleware/multicore/open-amp/porting/imx7d_m4/platform_info.c.obj
                0x1fff86c0                platform_get_processor_info
 .text.rpmsg_rdev_get_status
                0x1fff86f4        0x4 CMakeFiles/str_echo_bm.dir/home/tmduser/yocto_toradex/user_sources/cortex_m4/freeRtos/freertos-colibri-imx7/middleware/multicore/open-amp/rpmsg/remote_device.c.obj
                0x1fff86f4                rpmsg_rdev_get_status
 .text.rpmsg_rdev_set_status
                0x1fff86f8        0x2 CMakeFiles/str_echo_bm.dir/home/tmduser/yocto_toradex/user_sources/cortex_m4/freeRtos/freertos-colibri-imx7/middleware/multicore/open-amp/rpmsg/remote_device.c.obj
                0x1fff86f8                rpmsg_rdev_set_status
 .text.rpmsg_rdev_get_feature
                0x1fff86fa        0x4 CMakeFiles/str_echo_bm.dir/home/tmduser/yocto_toradex/user_sources/cortex_m4/freeRtos/freertos-colibri-imx7/middleware/multicore/open-amp/rpmsg/remote_device.c.obj
                0x1fff86fa                rpmsg_rdev_get_feature
 .text.rpmsg_rdev_set_feature
                0x1fff86fe        0x8 CMakeFiles/str_echo_bm.dir/home/tmduser/yocto_toradex/user_sources/cortex_m4/freeRtos/freertos-colibri-imx7/middleware/multicore/open-amp/rpmsg/remote_device.c.obj
                0x1fff86fe                rpmsg_rdev_set_feature
 .text.rpmsg_rdev_negotiate_feature
                0x1fff8706        0x4 CMakeFiles/str_echo_bm.dir/home/tmduser/yocto_toradex/user_sources/cortex_m4/freeRtos/freertos-colibri-imx7/middleware/multicore/open-amp/rpmsg/remote_device.c.obj
                0x1fff8706                rpmsg_rdev_negotiate_feature
 .text.rpmsg_rdev_read_config
                0x1fff870a        0x2 CMakeFiles/str_echo_bm.dir/home/tmduser/yocto_toradex/user_sources/cortex_m4/freeRtos/freertos-colibri-imx7/middleware/multicore/open-amp/rpmsg/remote_device.c.obj
                0x1fff870a                rpmsg_rdev_read_config
 .text.rpmsg_rdev_write_config
                0x1fff870c        0x2 CMakeFiles/str_echo_bm.dir/home/tmduser/yocto_toradex/user_sources/cortex_m4/freeRtos/freertos-colibri-imx7/middleware/multicore/open-amp/rpmsg/remote_device.c.obj
                0x1fff870c                rpmsg_rdev_write_config
 .text.rpmsg_rdev_reset
                0x1fff870e        0x2 CMakeFiles/str_echo_bm.dir/home/tmduser/yocto_toradex/user_sources/cortex_m4/freeRtos/freertos-colibri-imx7/middleware/multicore/open-amp/rpmsg/remote_device.c.obj
                0x1fff870e                rpmsg_rdev_reset
 .text.rpmsg_rdev_create_virtqueues
                0x1fff8710      0x100 CMakeFiles/str_echo_bm.dir/home/tmduser/yocto_toradex/user_sources/cortex_m4/freeRtos/freertos-colibri-imx7/middleware/multicore/open-amp/rpmsg/remote_device.c.obj
                0x1fff8710                rpmsg_rdev_create_virtqueues
 .text.rpmsg_rdev_init
                0x1fff8810       0xd8 CMakeFiles/str_echo_bm.dir/home/tmduser/yocto_toradex/user_sources/cortex_m4/freeRtos/freertos-colibri-imx7/middleware/multicore/open-amp/rpmsg/remote_device.c.obj
                0x1fff8810                rpmsg_rdev_init
 .text.rpmsg_rdev_get_chnl_node_from_id
                0x1fff88e8       0x2a CMakeFiles/str_echo_bm.dir/home/tmduser/yocto_toradex/user_sources/cortex_m4/freeRtos/freertos-colibri-imx7/middleware/multicore/open-amp/rpmsg/remote_device.c.obj
                0x1fff88e8                rpmsg_rdev_get_chnl_node_from_id
 .text.rpmsg_rdev_get_endpoint_from_addr
                0x1fff8912       0x26 CMakeFiles/str_echo_bm.dir/home/tmduser/yocto_toradex/user_sources/cortex_m4/freeRtos/freertos-colibri-imx7/middleware/multicore/open-amp/rpmsg/remote_device.c.obj
                0x1fff8912                rpmsg_rdev_get_endpoint_from_addr
 .text.rpmsg_rdev_deinit
                0x1fff8938       0x76 CMakeFiles/str_echo_bm.dir/home/tmduser/yocto_toradex/user_sources/cortex_m4/freeRtos/freertos-colibri-imx7/middleware/multicore/open-amp/rpmsg/remote_device.c.obj
                0x1fff8938                rpmsg_rdev_deinit
 .text.rpmsg_rdev_notify
                0x1fff89ae       0x26 CMakeFiles/str_echo_bm.dir/home/tmduser/yocto_toradex/user_sources/cortex_m4/freeRtos/freertos-colibri-imx7/middleware/multicore/open-amp/rpmsg/remote_device.c.obj
                0x1fff89ae                rpmsg_rdev_notify
 .text.rpmsg_deinit
                0x1fff89d4       0x12 CMakeFiles/str_echo_bm.dir/home/tmduser/yocto_toradex/user_sources/cortex_m4/freeRtos/freertos-colibri-imx7/middleware/multicore/open-amp/rpmsg/rpmsg.c.obj
                0x1fff89d4                rpmsg_deinit
 .text.rpmsg_init
                0x1fff89e6       0x44 CMakeFiles/str_echo_bm.dir/home/tmduser/yocto_toradex/user_sources/cortex_m4/freeRtos/freertos-colibri-imx7/middleware/multicore/open-amp/rpmsg/rpmsg.c.obj
                0x1fff89e6                rpmsg_init
 *fill*         0x1fff8a2a        0x2 
 .text.rpmsg_send_offchannel_raw
                0x1fff8a2c      0x12c CMakeFiles/str_echo_bm.dir/home/tmduser/yocto_toradex/user_sources/cortex_m4/freeRtos/freertos-colibri-imx7/middleware/multicore/open-amp/rpmsg/rpmsg.c.obj
                0x1fff8a2c                rpmsg_send_offchannel_raw
 .text.rpmsg_create_ept
                0x1fff8b58       0x1a CMakeFiles/str_echo_bm.dir/home/tmduser/yocto_toradex/user_sources/cortex_m4/freeRtos/freertos-colibri-imx7/middleware/multicore/open-amp/rpmsg/rpmsg.c.obj
                0x1fff8b58                rpmsg_create_ept
 .text.rpmsg_destroy_ept
                0x1fff8b72        0xe CMakeFiles/str_echo_bm.dir/home/tmduser/yocto_toradex/user_sources/cortex_m4/freeRtos/freertos-colibri-imx7/middleware/multicore/open-amp/rpmsg/rpmsg.c.obj
                0x1fff8b72                rpmsg_destroy_ept
 .text._rpmsg_create_channel
                0x1fff8b80       0x62 CMakeFiles/str_echo_bm.dir/home/tmduser/yocto_toradex/user_sources/cortex_m4/freeRtos/freertos-colibri-imx7/middleware/multicore/open-amp/rpmsg/rpmsg_core.c.obj
                0x1fff8b80                _rpmsg_create_channel
 .text._rpmsg_delete_channel
                0x1fff8be2       0x3e CMakeFiles/str_echo_bm.dir/home/tmduser/yocto_toradex/user_sources/cortex_m4/freeRtos/freertos-colibri-imx7/middleware/multicore/open-amp/rpmsg/rpmsg_core.c.obj
                0x1fff8be2                _rpmsg_delete_channel
 .text.rpmsg_ns_callback
                0x1fff8c20       0x80 CMakeFiles/str_echo_bm.dir/home/tmduser/yocto_toradex/user_sources/cortex_m4/freeRtos/freertos-colibri-imx7/middleware/multicore/open-amp/rpmsg/rpmsg_core.c.obj
                0x1fff8c20                rpmsg_ns_callback
 .text.rpmsg_enqueue_buffer
                0x1fff8ca0       0x2e CMakeFiles/str_echo_bm.dir/home/tmduser/yocto_toradex/user_sources/cortex_m4/freeRtos/freertos-colibri-imx7/middleware/multicore/open-amp/rpmsg/rpmsg_core.c.obj
                0x1fff8ca0                rpmsg_enqueue_buffer
 .text.rpmsg_return_buffer
                0x1fff8cce       0x2e CMakeFiles/str_echo_bm.dir/home/tmduser/yocto_toradex/user_sources/cortex_m4/freeRtos/freertos-colibri-imx7/middleware/multicore/open-amp/rpmsg/rpmsg_core.c.obj
                0x1fff8cce                rpmsg_return_buffer
 .text.rpmsg_get_tx_buffer
                0x1fff8cfc       0x30 CMakeFiles/str_echo_bm.dir/home/tmduser/yocto_toradex/user_sources/cortex_m4/freeRtos/freertos-colibri-imx7/middleware/multicore/open-amp/rpmsg/rpmsg_core.c.obj
                0x1fff8cfc                rpmsg_get_tx_buffer
 .text.rpmsg_send_ns_message
                0x1fff8d2c       0x5e CMakeFiles/str_echo_bm.dir/home/tmduser/yocto_toradex/user_sources/cortex_m4/freeRtos/freertos-colibri-imx7/middleware/multicore/open-amp/rpmsg/rpmsg_core.c.obj
                0x1fff8d2c                rpmsg_send_ns_message
 .text.rpmsg_tx_callback
                0x1fff8d8a       0x34 CMakeFiles/str_echo_bm.dir/home/tmduser/yocto_toradex/user_sources/cortex_m4/freeRtos/freertos-colibri-imx7/middleware/multicore/open-amp/rpmsg/rpmsg_core.c.obj
 .text.rpmsg_get_rx_buffer
                0x1fff8dbe       0x20 CMakeFiles/str_echo_bm.dir/home/tmduser/yocto_toradex/user_sources/cortex_m4/freeRtos/freertos-colibri-imx7/middleware/multicore/open-amp/rpmsg/rpmsg_core.c.obj
                0x1fff8dbe                rpmsg_get_rx_buffer
 .text.rpmsg_rx_callback
                0x1fff8dde       0xc2 CMakeFiles/str_echo_bm.dir/home/tmduser/yocto_toradex/user_sources/cortex_m4/freeRtos/freertos-colibri-imx7/middleware/multicore/open-amp/rpmsg/rpmsg_core.c.obj
 .text.rpmsg_free_buffer
                0x1fff8ea0       0x10 CMakeFiles/str_echo_bm.dir/home/tmduser/yocto_toradex/user_sources/cortex_m4/freeRtos/freertos-colibri-imx7/middleware/multicore/open-amp/rpmsg/rpmsg_core.c.obj
                0x1fff8ea0                rpmsg_free_buffer
 .text.rpmsg_get_address
                0x1fff8eb0       0x36 CMakeFiles/str_echo_bm.dir/home/tmduser/yocto_toradex/user_sources/cortex_m4/freeRtos/freertos-colibri-imx7/middleware/multicore/open-amp/rpmsg/rpmsg_core.c.obj
                0x1fff8eb0                rpmsg_get_address
 *fill*         0x1fff8ee6        0x2 
 .text.rpmsg_release_address
                0x1fff8ee8       0x3c CMakeFiles/str_echo_bm.dir/home/tmduser/yocto_toradex/user_sources/cortex_m4/freeRtos/freertos-colibri-imx7/middleware/multicore/open-amp/rpmsg/rpmsg_core.c.obj
                0x1fff8ee8                rpmsg_release_address
 .text._destroy_endpoint
                0x1fff8f24       0x42 CMakeFiles/str_echo_bm.dir/home/tmduser/yocto_toradex/user_sources/cortex_m4/freeRtos/freertos-colibri-imx7/middleware/multicore/open-amp/rpmsg/rpmsg_core.c.obj
                0x1fff8f24                _destroy_endpoint
 *fill*         0x1fff8f66        0x2 
 .text.rpmsg_is_address_set
                0x1fff8f68       0x38 CMakeFiles/str_echo_bm.dir/home/tmduser/yocto_toradex/user_sources/cortex_m4/freeRtos/freertos-colibri-imx7/middleware/multicore/open-amp/rpmsg/rpmsg_core.c.obj
                0x1fff8f68                rpmsg_is_address_set
 .text.rpmsg_set_address
                0x1fff8fa0       0x3c CMakeFiles/str_echo_bm.dir/home/tmduser/yocto_toradex/user_sources/cortex_m4/freeRtos/freertos-colibri-imx7/middleware/multicore/open-amp/rpmsg/rpmsg_core.c.obj
                0x1fff8fa0                rpmsg_set_address
 .text._create_endpoint
                0x1fff8fdc       0x9c CMakeFiles/str_echo_bm.dir/home/tmduser/yocto_toradex/user_sources/cortex_m4/freeRtos/freertos-colibri-imx7/middleware/multicore/open-amp/rpmsg/rpmsg_core.c.obj
                0x1fff8fdc                _create_endpoint
 .text.rpmsg_start_ipc
                0x1fff9078       0xac CMakeFiles/str_echo_bm.dir/home/tmduser/yocto_toradex/user_sources/cortex_m4/freeRtos/freertos-colibri-imx7/middleware/multicore/open-amp/rpmsg/rpmsg_core.c.obj
                0x1fff9078                rpmsg_start_ipc
 .text.rpmsg_hold_rx_buffer
                0x1fff9124       0x12 CMakeFiles/str_echo_bm.dir/home/tmduser/yocto_toradex/user_sources/cortex_m4/freeRtos/freertos-colibri-imx7/middleware/multicore/open-amp/rpmsg/rpmsg_ext.c.obj
                0x1fff9124                rpmsg_hold_rx_buffer
 .text.rpmsg_release_rx_buffer
                0x1fff9136       0x2e CMakeFiles/str_echo_bm.dir/home/tmduser/yocto_toradex/user_sources/cortex_m4/freeRtos/freertos-colibri-imx7/middleware/multicore/open-amp/rpmsg/rpmsg_ext.c.obj
                0x1fff9136                rpmsg_release_rx_buffer
 .text.rpmsg_alloc_tx_buffer
                0x1fff9164       0x72 CMakeFiles/str_echo_bm.dir/home/tmduser/yocto_toradex/user_sources/cortex_m4/freeRtos/freertos-colibri-imx7/middleware/multicore/open-amp/rpmsg/rpmsg_ext.c.obj
                0x1fff9164                rpmsg_alloc_tx_buffer
 *fill*         0x1fff91d6        0x2 
 .text.rpmsg_send_offchannel_nocopy
                0x1fff91d8       0x58 CMakeFiles/str_echo_bm.dir/home/tmduser/yocto_toradex/user_sources/cortex_m4/freeRtos/freertos-colibri-imx7/middleware/multicore/open-amp/rpmsg/rpmsg_ext.c.obj
                0x1fff91d8                rpmsg_send_offchannel_nocopy
 .text.vq_ring_update_avail
                0x1fff9230       0x2c CMakeFiles/str_echo_bm.dir/home/tmduser/yocto_toradex/user_sources/cortex_m4/freeRtos/freertos-colibri-imx7/middleware/multicore/open-amp/virtio/virtqueue.c.obj
 .text.virtqueue_add_buffer
                0x1fff925c       0x8e CMakeFiles/str_echo_bm.dir/home/tmduser/yocto_toradex/user_sources/cortex_m4/freeRtos/freertos-colibri-imx7/middleware/multicore/open-amp/virtio/virtqueue.c.obj
                0x1fff925c                virtqueue_add_buffer
 .text.virtqueue_get_buffer
                0x1fff92ea       0x86 CMakeFiles/str_echo_bm.dir/home/tmduser/yocto_toradex/user_sources/cortex_m4/freeRtos/freertos-colibri-imx7/middleware/multicore/open-amp/virtio/virtqueue.c.obj
                0x1fff92ea                virtqueue_get_buffer
 .text.virtqueue_free
                0x1fff9370       0x12 CMakeFiles/str_echo_bm.dir/home/tmduser/yocto_toradex/user_sources/cortex_m4/freeRtos/freertos-colibri-imx7/middleware/multicore/open-amp/virtio/virtqueue.c.obj
                0x1fff9370                virtqueue_free
 .text.virtqueue_get_available_buffer
                0x1fff9382       0x4a CMakeFiles/str_echo_bm.dir/home/tmduser/yocto_toradex/user_sources/cortex_m4/freeRtos/freertos-colibri-imx7/middleware/multicore/open-amp/virtio/virtqueue.c.obj
                0x1fff9382                virtqueue_get_available_buffer
 .text.virtqueue_add_consumed_buffer
                0x1fff93cc       0x34 CMakeFiles/str_echo_bm.dir/home/tmduser/yocto_toradex/user_sources/cortex_m4/freeRtos/freertos-colibri-imx7/middleware/multicore/open-amp/virtio/virtqueue.c.obj
                0x1fff93cc                virtqueue_add_consumed_buffer
 .text.virtqueue_disable_cb
                0x1fff9400       0x2e CMakeFiles/str_echo_bm.dir/home/tmduser/yocto_toradex/user_sources/cortex_m4/freeRtos/freertos-colibri-imx7/middleware/multicore/open-amp/virtio/virtqueue.c.obj
                0x1fff9400                virtqueue_disable_cb
 *fill*         0x1fff942e        0x2 
 .text.virtqueue_create
                0x1fff9430       0xb8 CMakeFiles/str_echo_bm.dir/home/tmduser/yocto_toradex/user_sources/cortex_m4/freeRtos/freertos-colibri-imx7/middleware/multicore/open-amp/virtio/virtqueue.c.obj
                0x1fff9430                virtqueue_create
 .text.virtqueue_kick
                0x1fff94e8       0x4e CMakeFiles/str_echo_bm.dir/home/tmduser/yocto_toradex/user_sources/cortex_m4/freeRtos/freertos-colibri-imx7/middleware/multicore/open-amp/virtio/virtqueue.c.obj
                0x1fff94e8                virtqueue_kick
 .text.virtqueue_notification
                0x1fff9536        0x8 CMakeFiles/str_echo_bm.dir/home/tmduser/yocto_toradex/user_sources/cortex_m4/freeRtos/freertos-colibri-imx7/middleware/multicore/open-amp/virtio/virtqueue.c.obj
                0x1fff9536                virtqueue_notification
 *fill*         0x1fff953e        0x2 
 .text.SystemInit
                0x1fff9540       0xdc CMakeFiles/str_echo_bm.dir/home/tmduser/yocto_toradex/user_sources/cortex_m4/freeRtos/freertos-colibri-imx7/platform/devices/MCIMX7D/startup/system_MCIMX7D_M4.c.obj
                0x1fff9540                SystemInit
 .text.SystemCoreClockUpdate
                0x1fff961c      0x214 CMakeFiles/str_echo_bm.dir/home/tmduser/yocto_toradex/user_sources/cortex_m4/freeRtos/freertos-colibri-imx7/platform/devices/MCIMX7D/startup/system_MCIMX7D_M4.c.obj
                0x1fff961c                SystemCoreClockUpdate
 .text.CCM_ANALOG_GetSysPllFreq
                0x1fff9830       0x30 CMakeFiles/str_echo_bm.dir/home/tmduser/yocto_toradex/user_sources/cortex_m4/freeRtos/freertos-colibri-imx7/platform/drivers/src/ccm_analog_imx7d.c.obj
                0x1fff9830                CCM_ANALOG_GetSysPllFreq
 .text.CCM_GetRootDivider
                0x1fff9860       0x30 CMakeFiles/str_echo_bm.dir/home/tmduser/yocto_toradex/user_sources/cortex_m4/freeRtos/freertos-colibri-imx7/platform/drivers/src/ccm_imx7d.c.obj
                0x1fff9860                CCM_GetRootDivider
 .text.CCM_UpdateRoot
                0x1fff9890       0x54 CMakeFiles/str_echo_bm.dir/home/tmduser/yocto_toradex/user_sources/cortex_m4/freeRtos/freertos-colibri-imx7/platform/drivers/src/ccm_imx7d.c.obj
                0x1fff9890                CCM_UpdateRoot
 .text.MU_SendMsg
                0x1fff98e4       0x30 CMakeFiles/str_echo_bm.dir/home/tmduser/yocto_toradex/user_sources/cortex_m4/freeRtos/freertos-colibri-imx7/platform/drivers/src/mu_imx.c.obj
                0x1fff98e4                MU_SendMsg
 .text.MU_TryReceiveMsg
                0x1fff9914       0x3c CMakeFiles/str_echo_bm.dir/home/tmduser/yocto_toradex/user_sources/cortex_m4/freeRtos/freertos-colibri-imx7/platform/drivers/src/mu_imx.c.obj
                0x1fff9914                MU_TryReceiveMsg
 .text.UART_Deinit
                0x1fff9950       0x5e CMakeFiles/str_echo_bm.dir/home/tmduser/yocto_toradex/user_sources/cortex_m4/freeRtos/freertos-colibri-imx7/platform/drivers/src/uart_imx.c.obj
                0x1fff9950                UART_Deinit
 *fill*         0x1fff99ae        0x2 
 .text.UART_SetBaudRate
                0x1fff99b0       0xc8 CMakeFiles/str_echo_bm.dir/home/tmduser/yocto_toradex/user_sources/cortex_m4/freeRtos/freertos-colibri-imx7/platform/drivers/src/uart_imx.c.obj
                0x1fff99b0                UART_SetBaudRate
 .text.UART_Init
                0x1fff9a78       0x68 CMakeFiles/str_echo_bm.dir/home/tmduser/yocto_toradex/user_sources/cortex_m4/freeRtos/freertos-colibri-imx7/platform/drivers/src/uart_imx.c.obj
                0x1fff9a78                UART_Init
 .text.UART_GetStatusFlag
                0x1fff9ae0        0xe CMakeFiles/str_echo_bm.dir/home/tmduser/yocto_toradex/user_sources/cortex_m4/freeRtos/freertos-colibri-imx7/platform/drivers/src/uart_imx.c.obj
                0x1fff9ae0                UART_GetStatusFlag
 *fill*         0x1fff9aee        0x2 
 .text.UART_SetModemMode
                0x1fff9af0       0x3c CMakeFiles/str_echo_bm.dir/home/tmduser/yocto_toradex/user_sources/cortex_m4/freeRtos/freertos-colibri-imx7/platform/drivers/src/uart_imx.c.obj
                0x1fff9af0                UART_SetModemMode
 .text.debug_putc
                0x1fff9b2c       0x28 CMakeFiles/str_echo_bm.dir/home/tmduser/yocto_toradex/user_sources/cortex_m4/freeRtos/freertos-colibri-imx7/platform/utilities/src/debug_console_imx.c.obj
 .text.UART_ReceiveDataPolling
                0x1fff9b54       0x24 CMakeFiles/str_echo_bm.dir/home/tmduser/yocto_toradex/user_sources/cortex_m4/freeRtos/freertos-colibri-imx7/platform/utilities/src/debug_console_imx.c.obj
 .text.UART_SendDataPolling
                0x1fff9b78       0x38 CMakeFiles/str_echo_bm.dir/home/tmduser/yocto_toradex/user_sources/cortex_m4/freeRtos/freertos-colibri-imx7/platform/utilities/src/debug_console_imx.c.obj
 .text.DbgConsole_Init
                0x1fff9bb0       0x5c CMakeFiles/str_echo_bm.dir/home/tmduser/yocto_toradex/user_sources/cortex_m4/freeRtos/freertos-colibri-imx7/platform/utilities/src/debug_console_imx.c.obj
                0x1fff9bb0                DbgConsole_Init
 .text._write   0x1fff9c0c       0x28 CMakeFiles/str_echo_bm.dir/home/tmduser/yocto_toradex/user_sources/cortex_m4/freeRtos/freertos-colibri-imx7/platform/utilities/src/debug_console_imx.c.obj
                0x1fff9c0c                _write
 .text._read    0x1fff9c34       0x20 CMakeFiles/str_echo_bm.dir/home/tmduser/yocto_toradex/user_sources/cortex_m4/freeRtos/freertos-colibri-imx7/platform/utilities/src/debug_console_imx.c.obj
                0x1fff9c34                _read
 .text.debug_printf
                0x1fff9c54       0x38 CMakeFiles/str_echo_bm.dir/home/tmduser/yocto_toradex/user_sources/cortex_m4/freeRtos/freertos-colibri-imx7/platform/utilities/src/debug_console_imx.c.obj
                0x1fff9c54                debug_printf
 .text.debug_getchar
                0x1fff9c8c       0x28 CMakeFiles/str_echo_bm.dir/home/tmduser/yocto_toradex/user_sources/cortex_m4/freeRtos/freertos-colibri-imx7/platform/utilities/src/debug_console_imx.c.obj
                0x1fff9c8c                debug_getchar
 .text.mknumstr
                0x1fff9cb4       0x6e CMakeFiles/str_echo_bm.dir/home/tmduser/yocto_toradex/user_sources/cortex_m4/freeRtos/freertos-colibri-imx7/platform/utilities/src/print_scan.c.obj
 .text.fput_pad.isra.0
                0x1fff9d22       0x28 CMakeFiles/str_echo_bm.dir/home/tmduser/yocto_toradex/user_sources/cortex_m4/freeRtos/freertos-colibri-imx7/platform/utilities/src/print_scan.c.obj
 *fill*         0x1fff9d4a        0x2 
 .text._doprint
                0x1fff9d4c      0x3d4 CMakeFiles/str_echo_bm.dir/home/tmduser/yocto_toradex/user_sources/cortex_m4/freeRtos/freertos-colibri-imx7/platform/utilities/src/print_scan.c.obj
                0x1fff9d4c                _doprint
 .text.BOARD_ClockInit
                0x1fffa120       0x8c CMakeFiles/str_echo_bm.dir/home/tmduser/yocto_toradex/user_sources/cortex_m4/freeRtos/freertos-colibri-imx7/examples/imx7_colibri_m4/board.c.obj
                0x1fffa120                BOARD_ClockInit
 .text.dbg_uart_init
                0x1fffa1ac       0x64 CMakeFiles/str_echo_bm.dir/home/tmduser/yocto_toradex/user_sources/cortex_m4/freeRtos/freertos-colibri-imx7/examples/imx7_colibri_m4/board.c.obj
                0x1fffa1ac                dbg_uart_init
 .text.BOARD_RdcInit
                0x1fffa210       0x10 CMakeFiles/str_echo_bm.dir/home/tmduser/yocto_toradex/user_sources/cortex_m4/freeRtos/freertos-colibri-imx7/examples/imx7_colibri_m4/board.c.obj
                0x1fffa210                BOARD_RdcInit
 .text.get_uart_clock_freq
                0x1fffa220       0xc8 CMakeFiles/str_echo_bm.dir/home/tmduser/yocto_toradex/user_sources/cortex_m4/freeRtos/freertos-colibri-imx7/examples/imx7_colibri_m4/clock_freq.c.obj
                0x1fffa220                get_uart_clock_freq
 .text.configure_uart_pins
                0x1fffa2e8       0x54 CMakeFiles/str_echo_bm.dir/home/tmduser/yocto_toradex/user_sources/cortex_m4/freeRtos/freertos-colibri-imx7/examples/imx7_colibri_m4/pin_mux.c.obj
                0x1fffa2e8                configure_uart_pins
 .text.hardware_init
                0x1fffa33c       0x2c CMakeFiles/str_echo_bm.dir/home/tmduser/yocto_toradex/user_sources/cortex_m4/freeRtos/freertos-colibri-imx7/examples/imx7_colibri_m4/demo_apps/rpmsg/str_echo_bm/hardware_init.c.obj
                0x1fffa33c                hardware_init
 .text.rpmsg_channel_deleted
                0x1fffa368        0x2 CMakeFiles/str_echo_bm.dir/home/tmduser/yocto_toradex/user_sources/cortex_m4/freeRtos/freertos-colibri-imx7/examples/imx7_colibri_m4/demo_apps/rpmsg/str_echo_bm/str_echo_bm.c.obj
 *fill*         0x1fffa36a        0x2 
 .text.rpmsg_channel_created
                0x1fffa36c       0x18 CMakeFiles/str_echo_bm.dir/home/tmduser/yocto_toradex/user_sources/cortex_m4/freeRtos/freertos-colibri-imx7/examples/imx7_colibri_m4/demo_apps/rpmsg/str_echo_bm/str_echo_bm.c.obj
 .text.rpmsg_read_cb
                0x1fffa384       0x5c CMakeFiles/str_echo_bm.dir/home/tmduser/yocto_toradex/user_sources/cortex_m4/freeRtos/freertos-colibri-imx7/examples/imx7_colibri_m4/demo_apps/rpmsg/str_echo_bm/str_echo_bm.c.obj
 .text.MU_M4_Handler
                0x1fffa3e0        0x4 CMakeFiles/str_echo_bm.dir/home/tmduser/yocto_toradex/user_sources/cortex_m4/freeRtos/freertos-colibri-imx7/examples/imx7_colibri_m4/demo_apps/rpmsg/str_echo_bm/str_echo_bm.c.obj
                0x1fffa3e0                MU_M4_Handler
 .text.startup.main
                0x1fffa3e4      0x17c CMakeFiles/str_echo_bm.dir/home/tmduser/yocto_toradex/user_sources/cortex_m4/freeRtos/freertos-colibri-imx7/examples/imx7_colibri_m4/demo_apps/rpmsg/str_echo_bm/str_echo_bm.c.obj
                0x1fffa3e4                main
 .text.__assert_func
                0x1fffa560       0x38 /home/tmduser/yocto_toradex/user_sources/cortex_m4/toolchain/gcc-arm-none-eabi-4_9-2015q3/bin/../lib/gcc/arm-none-eabi/4.9.3/../../../../arm-none-eabi/lib/armv7e-m/fpu/libc_nano.a(lib_a-assert.o)
                0x1fffa560                __assert_func
 .text.exit     0x1fffa598       0x28 /home/tmduser/yocto_toradex/user_sources/cortex_m4/toolchain/gcc-arm-none-eabi-4_9-2015q3/bin/../lib/gcc/arm-none-eabi/4.9.3/../../../../arm-none-eabi/lib/armv7e-m/fpu/libc_nano.a(lib_a-exit.o)
                0x1fffa598                exit
 .text.fprintf  0x1fffa5c0       0x24 /home/tmduser/yocto_toradex/user_sources/cortex_m4/toolchain/gcc-arm-none-eabi-4_9-2015q3/bin/../lib/gcc/arm-none-eabi/4.9.3/../../../../arm-none-eabi/lib/armv7e-m/fpu/libc_nano.a(lib_a-fprintf.o)
                0x1fffa5c0                fprintf
                0x1fffa5c0                fiprintf
 .text.__libc_init_array
                0x1fffa5e4       0x4c /home/tmduser/yocto_toradex/user_sources/cortex_m4/toolchain/gcc-arm-none-eabi-4_9-2015q3/bin/../lib/gcc/arm-none-eabi/4.9.3/../../../../arm-none-eabi/lib/armv7e-m/fpu/libc_nano.a(lib_a-init.o)
                0x1fffa5e4                __libc_init_array
 .text.malloc   0x1fffa630       0x10 /home/tmduser/yocto_toradex/user_sources/cortex_m4/toolchain/gcc-arm-none-eabi-4_9-2015q3/bin/../lib/gcc/arm-none-eabi/4.9.3/../../../../arm-none-eabi/lib/armv7e-m/fpu/libc_nano.a(lib_a-malloc.o)
                0x1fffa630                malloc
 .text.free     0x1fffa640       0x10 /home/tmduser/yocto_toradex/user_sources/cortex_m4/toolchain/gcc-arm-none-eabi-4_9-2015q3/bin/../lib/gcc/arm-none-eabi/4.9.3/../../../../arm-none-eabi/lib/armv7e-m/fpu/libc_nano.a(lib_a-malloc.o)
                0x1fffa640                free
 .text.memcpy   0x1fffa650       0x16 /home/tmduser/yocto_toradex/user_sources/cortex_m4/toolchain/gcc-arm-none-eabi-4_9-2015q3/bin/../lib/gcc/arm-none-eabi/4.9.3/../../../../arm-none-eabi/lib/armv7e-m/fpu/libc_nano.a(lib_a-memcpy.o)
                0x1fffa650                memcpy
 .text.memset   0x1fffa666       0x10 /home/tmduser/yocto_toradex/user_sources/cortex_m4/toolchain/gcc-arm-none-eabi-4_9-2015q3/bin/../lib/gcc/arm-none-eabi/4.9.3/../../../../arm-none-eabi/lib/armv7e-m/fpu/libc_nano.a(lib_a-memset.o)
                0x1fffa666                memset
 *fill*         0x1fffa676        0x2 
 .text._free_r  0x1fffa678       0x88 /home/tmduser/yocto_toradex/user_sources/cortex_m4/toolchain/gcc-arm-none-eabi-4_9-2015q3/bin/../lib/gcc/arm-none-eabi/4.9.3/../../../../arm-none-eabi/lib/armv7e-m/fpu/libc_nano.a(lib_a-nano-freer.o)
                0x1fffa678                _free_r
 .text._malloc_r
                0x1fffa700       0xac /home/tmduser/yocto_toradex/user_sources/cortex_m4/toolchain/gcc-arm-none-eabi-4_9-2015q3/bin/../lib/gcc/arm-none-eabi/4.9.3/../../../../arm-none-eabi/lib/armv7e-m/fpu/libc_nano.a(lib_a-nano-mallocr.o)
                0x1fffa700                _malloc_r
 .text.__sfputc_r
                0x1fffa7ac       0x2c /home/tmduser/yocto_toradex/user_sources/cortex_m4/toolchain/gcc-arm-none-eabi-4_9-2015q3/bin/../lib/gcc/arm-none-eabi/4.9.3/../../../../arm-none-eabi/lib/armv7e-m/fpu/libc_nano.a(lib_a-nano-vfprintf.o)
 .text.__sfputs_r
                0x1fffa7d8       0x24 /home/tmduser/yocto_toradex/user_sources/cortex_m4/toolchain/gcc-arm-none-eabi-4_9-2015q3/bin/../lib/gcc/arm-none-eabi/4.9.3/../../../../arm-none-eabi/lib/armv7e-m/fpu/libc_nano.a(lib_a-nano-vfprintf.o)
                0x1fffa7d8                __sfputs_r
 .text._vfprintf_r
                0x1fffa7fc      0x210 /home/tmduser/yocto_toradex/user_sources/cortex_m4/toolchain/gcc-arm-none-eabi-4_9-2015q3/bin/../lib/gcc/arm-none-eabi/4.9.3/../../../../arm-none-eabi/lib/armv7e-m/fpu/libc_nano.a(lib_a-nano-vfprintf.o)
                0x1fffa7fc                _vfiprintf_r
                0x1fffa7fc                _vfprintf_r
 .text._printf_common
                0x1fffaa0c       0xea /home/tmduser/yocto_toradex/user_sources/cortex_m4/toolchain/gcc-arm-none-eabi-4_9-2015q3/bin/../lib/gcc/arm-none-eabi/4.9.3/../../../../arm-none-eabi/lib/armv7e-m/fpu/libc_nano.a(lib_a-nano-vfprintf_i.o)
                0x1fffaa0c                _printf_common
 *fill*         0x1fffaaf6        0x2 
 .text._printf_i
                0x1fffaaf8      0x240 /home/tmduser/yocto_toradex/user_sources/cortex_m4/toolchain/gcc-arm-none-eabi-4_9-2015q3/bin/../lib/gcc/arm-none-eabi/4.9.3/../../../../arm-none-eabi/lib/armv7e-m/fpu/libc_nano.a(lib_a-nano-vfprintf_i.o)
                0x1fffaaf8                _printf_i
 .text._sbrk_r  0x1fffad38       0x20 /home/tmduser/yocto_toradex/user_sources/cortex_m4/toolchain/gcc-arm-none-eabi-4_9-2015q3/bin/../lib/gcc/arm-none-eabi/4.9.3/../../../../arm-none-eabi/lib/armv7e-m/fpu/libc_nano.a(lib_a-sbrkr.o)
                0x1fffad38                _sbrk_r
 .text.strlen   0x1fffad58       0x10 /home/tmduser/yocto_toradex/user_sources/cortex_m4/toolchain/gcc-arm-none-eabi-4_9-2015q3/bin/../lib/gcc/arm-none-eabi/4.9.3/../../../../arm-none-eabi/lib/armv7e-m/fpu/libc_nano.a(lib_a-strlen.o)
                0x1fffad58                strlen
 .text.strncmp  0x1fffad68       0x34 /home/tmduser/yocto_toradex/user_sources/cortex_m4/toolchain/gcc-arm-none-eabi-4_9-2015q3/bin/../lib/gcc/arm-none-eabi/4.9.3/../../../../arm-none-eabi/lib/armv7e-m/fpu/libc_nano.a(lib_a-strncmp.o)
                0x1fffad68                strncmp
 .text.strncpy  0x1fffad9c       0x24 /home/tmduser/yocto_toradex/user_sources/cortex_m4/toolchain/gcc-arm-none-eabi-4_9-2015q3/bin/../lib/gcc/arm-none-eabi/4.9.3/../../../../arm-none-eabi/lib/armv7e-m/fpu/libc_nano.a(lib_a-strncpy.o)
                0x1fffad9c                strncpy
 .text.__swbuf_r
                0x1fffadc0       0xa8 /home/tmduser/yocto_toradex/user_sources/cortex_m4/toolchain/gcc-arm-none-eabi-4_9-2015q3/bin/../lib/gcc/arm-none-eabi/4.9.3/../../../../arm-none-eabi/lib/armv7e-m/fpu/libc_nano.a(lib_a-wbuf.o)
                0x1fffadc0                __swbuf_r
 .text.__swsetup_r
                0x1fffae68       0xd8 /home/tmduser/yocto_toradex/user_sources/cortex_m4/toolchain/gcc-arm-none-eabi-4_9-2015q3/bin/../lib/gcc/arm-none-eabi/4.9.3/../../../../arm-none-eabi/lib/armv7e-m/fpu/libc_nano.a(lib_a-wsetup.o)
                0x1fffae68                __swsetup_r
 .text.abort    0x1fffaf40        0xe /home/tmduser/yocto_toradex/user_sources/cortex_m4/toolchain/gcc-arm-none-eabi-4_9-2015q3/bin/../lib/gcc/arm-none-eabi/4.9.3/../../../../arm-none-eabi/lib/armv7e-m/fpu/libc_nano.a(lib_a-abort.o)
                0x1fffaf40                abort
 .text.__sflush_r
                0x1fffaf4e      0x108 /home/tmduser/yocto_toradex/user_sources/cortex_m4/toolchain/gcc-arm-none-eabi-4_9-2015q3/bin/../lib/gcc/arm-none-eabi/4.9.3/../../../../arm-none-eabi/lib/armv7e-m/fpu/libc_nano.a(lib_a-fflush.o)
                0x1fffaf4e                __sflush_r
 *fill*         0x1fffb056        0x2 
 .text._fflush_r
                0x1fffb058       0x54 /home/tmduser/yocto_toradex/user_sources/cortex_m4/toolchain/gcc-arm-none-eabi-4_9-2015q3/bin/../lib/gcc/arm-none-eabi/4.9.3/../../../../arm-none-eabi/lib/armv7e-m/fpu/libc_nano.a(lib_a-fflush.o)
                0x1fffb058                _fflush_r
 .text._cleanup_r
                0x1fffb0ac        0xc /home/tmduser/yocto_toradex/user_sources/cortex_m4/toolchain/gcc-arm-none-eabi-4_9-2015q3/bin/../lib/gcc/arm-none-eabi/4.9.3/../../../../arm-none-eabi/lib/armv7e-m/fpu/libc_nano.a(lib_a-findfp.o)
                0x1fffb0ac                _cleanup_r
 .text.std.isra.0
                0x1fffb0b8       0x48 /home/tmduser/yocto_toradex/user_sources/cortex_m4/toolchain/gcc-arm-none-eabi-4_9-2015q3/bin/../lib/gcc/arm-none-eabi/4.9.3/../../../../arm-none-eabi/lib/armv7e-m/fpu/libc_nano.a(lib_a-findfp.o)
 .text.__sfmoreglue
                0x1fffb100       0x2c /home/tmduser/yocto_toradex/user_sources/cortex_m4/toolchain/gcc-arm-none-eabi-4_9-2015q3/bin/../lib/gcc/arm-none-eabi/4.9.3/../../../../arm-none-eabi/lib/armv7e-m/fpu/libc_nano.a(lib_a-findfp.o)
                0x1fffb100                __sfmoreglue
 .text.__sinit  0x1fffb12c       0x60 /home/tmduser/yocto_toradex/user_sources/cortex_m4/toolchain/gcc-arm-none-eabi-4_9-2015q3/bin/../lib/gcc/arm-none-eabi/4.9.3/../../../../arm-none-eabi/lib/armv7e-m/fpu/libc_nano.a(lib_a-findfp.o)
                0x1fffb12c                __sinit
 .text.__sfp    0x1fffb18c       0x74 /home/tmduser/yocto_toradex/user_sources/cortex_m4/toolchain/gcc-arm-none-eabi-4_9-2015q3/bin/../lib/gcc/arm-none-eabi/4.9.3/../../../../arm-none-eabi/lib/armv7e-m/fpu/libc_nano.a(lib_a-findfp.o)
                0x1fffb18c                __sfp
 .text._fwalk_reent
                0x1fffb200       0x3c /home/tmduser/yocto_toradex/user_sources/cortex_m4/toolchain/gcc-arm-none-eabi-4_9-2015q3/bin/../lib/gcc/arm-none-eabi/4.9.3/../../../../arm-none-eabi/lib/armv7e-m/fpu/libc_nano.a(lib_a-fwalk.o)
                0x1fffb200                _fwalk_reent
 .text.__smakebuf_r
                0x1fffb23c       0x9c /home/tmduser/yocto_toradex/user_sources/cortex_m4/toolchain/gcc-arm-none-eabi-4_9-2015q3/bin/../lib/gcc/arm-none-eabi/4.9.3/../../../../arm-none-eabi/lib/armv7e-m/fpu/libc_nano.a(lib_a-makebuf.o)
                0x1fffb23c                __smakebuf_r
 .text.memchr   0x1fffb2d8       0x1e /home/tmduser/yocto_toradex/user_sources/cortex_m4/toolchain/gcc-arm-none-eabi-4_9-2015q3/bin/../lib/gcc/arm-none-eabi/4.9.3/../../../../arm-none-eabi/lib/armv7e-m/fpu/libc_nano.a(lib_a-memchr.o)
                0x1fffb2d8                memchr
 .text._raise_r
                0x1fffb2f6       0x50 /home/tmduser/yocto_toradex/user_sources/cortex_m4/toolchain/gcc-arm-none-eabi-4_9-2015q3/bin/../lib/gcc/arm-none-eabi/4.9.3/../../../../arm-none-eabi/lib/armv7e-m/fpu/libc_nano.a(lib_a-signal.o)
                0x1fffb2f6                _raise_r
 *fill*         0x1fffb346        0x2 
 .text.raise    0x1fffb348       0x10 /home/tmduser/yocto_toradex/user_sources/cortex_m4/toolchain/gcc-arm-none-eabi-4_9-2015q3/bin/../lib/gcc/arm-none-eabi/4.9.3/../../../../arm-none-eabi/lib/armv7e-m/fpu/libc_nano.a(lib_a-signal.o)
                0x1fffb348                raise
 .text._kill_r  0x1fffb358       0x24 /home/tmduser/yocto_toradex/user_sources/cortex_m4/toolchain/gcc-arm-none-eabi-4_9-2015q3/bin/../lib/gcc/arm-none-eabi/4.9.3/../../../../arm-none-eabi/lib/armv7e-m/fpu/libc_nano.a(lib_a-signalr.o)
                0x1fffb358                _kill_r
 .text._getpid_r
                0x1fffb37c        0x4 /home/tmduser/yocto_toradex/user_sources/cortex_m4/toolchain/gcc-arm-none-eabi-4_9-2015q3/bin/../lib/gcc/arm-none-eabi/4.9.3/../../../../arm-none-eabi/lib/armv7e-m/fpu/libc_nano.a(lib_a-signalr.o)
                0x1fffb37c                _getpid_r
 .text.__sread  0x1fffb380       0x22 /home/tmduser/yocto_toradex/user_sources/cortex_m4/toolchain/gcc-arm-none-eabi-4_9-2015q3/bin/../lib/gcc/arm-none-eabi/4.9.3/../../../../arm-none-eabi/lib/armv7e-m/fpu/libc_nano.a(lib_a-stdio.o)
                0x1fffb380                __sread
 .text.__swrite
                0x1fffb3a2       0x38 /home/tmduser/yocto_toradex/user_sources/cortex_m4/toolchain/gcc-arm-none-eabi-4_9-2015q3/bin/../lib/gcc/arm-none-eabi/4.9.3/../../../../arm-none-eabi/lib/armv7e-m/fpu/libc_nano.a(lib_a-stdio.o)
                0x1fffb3a2                __swrite
 .text.__sseek  0x1fffb3da       0x24 /home/tmduser/yocto_toradex/user_sources/cortex_m4/toolchain/gcc-arm-none-eabi-4_9-2015q3/bin/../lib/gcc/arm-none-eabi/4.9.3/../../../../arm-none-eabi/lib/armv7e-m/fpu/libc_nano.a(lib_a-stdio.o)
                0x1fffb3da                __sseek
 .text.__sclose
                0x1fffb3fe        0x8 /home/tmduser/yocto_toradex/user_sources/cortex_m4/toolchain/gcc-arm-none-eabi-4_9-2015q3/bin/../lib/gcc/arm-none-eabi/4.9.3/../../../../arm-none-eabi/lib/armv7e-m/fpu/libc_nano.a(lib_a-stdio.o)
                0x1fffb3fe                __sclose
 *fill*         0x1fffb406        0x2 
 .text._write_r
                0x1fffb408       0x24 /home/tmduser/yocto_toradex/user_sources/cortex_m4/toolchain/gcc-arm-none-eabi-4_9-2015q3/bin/../lib/gcc/arm-none-eabi/4.9.3/../../../../arm-none-eabi/lib/armv7e-m/fpu/libc_nano.a(lib_a-writer.o)
                0x1fffb408                _write_r
 .text._close_r
                0x1fffb42c       0x20 /home/tmduser/yocto_toradex/user_sources/cortex_m4/toolchain/gcc-arm-none-eabi-4_9-2015q3/bin/../lib/gcc/arm-none-eabi/4.9.3/../../../../arm-none-eabi/lib/armv7e-m/fpu/libc_nano.a(lib_a-closer.o)
                0x1fffb42c                _close_r
 .text._fstat_r
                0x1fffb44c       0x24 /home/tmduser/yocto_toradex/user_sources/cortex_m4/toolchain/gcc-arm-none-eabi-4_9-2015q3/bin/../lib/gcc/arm-none-eabi/4.9.3/../../../../arm-none-eabi/lib/armv7e-m/fpu/libc_nano.a(lib_a-fstatr.o)
                0x1fffb44c                _fstat_r
 .text._isatty_r
                0x1fffb470       0x20 /home/tmduser/yocto_toradex/user_sources/cortex_m4/toolchain/gcc-arm-none-eabi-4_9-2015q3/bin/../lib/gcc/arm-none-eabi/4.9.3/../../../../arm-none-eabi/lib/armv7e-m/fpu/libc_nano.a(lib_a-isattyr.o)
                0x1fffb470                _isatty_r
 .text._lseek_r
                0x1fffb490       0x24 /home/tmduser/yocto_toradex/user_sources/cortex_m4/toolchain/gcc-arm-none-eabi-4_9-2015q3/bin/../lib/gcc/arm-none-eabi/4.9.3/../../../../arm-none-eabi/lib/armv7e-m/fpu/libc_nano.a(lib_a-lseekr.o)
                0x1fffb490                _lseek_r
 .text._read_r  0x1fffb4b4       0x24 /home/tmduser/yocto_toradex/user_sources/cortex_m4/toolchain/gcc-arm-none-eabi-4_9-2015q3/bin/../lib/gcc/arm-none-eabi/4.9.3/../../../../arm-none-eabi/lib/armv7e-m/fpu/libc_nano.a(lib_a-readr.o)
                0x1fffb4b4                _read_r
 .text._close   0x1fffb4d8       0x10 /home/tmduser/yocto_toradex/user_sources/cortex_m4/toolchain/gcc-arm-none-eabi-4_9-2015q3/bin/../lib/gcc/arm-none-eabi/4.9.3/../../../../arm-none-eabi/lib/armv7e-m/fpu/libnosys.a(close.o)
                0x1fffb4d8                _close
 .text._fstat   0x1fffb4e8       0x10 /home/tmduser/yocto_toradex/user_sources/cortex_m4/toolchain/gcc-arm-none-eabi-4_9-2015q3/bin/../lib/gcc/arm-none-eabi/4.9.3/../../../../arm-none-eabi/lib/armv7e-m/fpu/libnosys.a(fstat.o)
                0x1fffb4e8                _fstat
 .text._getpid  0x1fffb4f8       0x10 /home/tmduser/yocto_toradex/user_sources/cortex_m4/toolchain/gcc-arm-none-eabi-4_9-2015q3/bin/../lib/gcc/arm-none-eabi/4.9.3/../../../../arm-none-eabi/lib/armv7e-m/fpu/libnosys.a(getpid.o)
                0x1fffb4f8                _getpid
 .text._isatty  0x1fffb508       0x10 /home/tmduser/yocto_toradex/user_sources/cortex_m4/toolchain/gcc-arm-none-eabi-4_9-2015q3/bin/../lib/gcc/arm-none-eabi/4.9.3/../../../../arm-none-eabi/lib/armv7e-m/fpu/libnosys.a(isatty.o)
                0x1fffb508                _isatty
 .text._kill    0x1fffb518       0x10 /home/tmduser/yocto_toradex/user_sources/cortex_m4/toolchain/gcc-arm-none-eabi-4_9-2015q3/bin/../lib/gcc/arm-none-eabi/4.9.3/../../../../arm-none-eabi/lib/armv7e-m/fpu/libnosys.a(kill.o)
                0x1fffb518                _kill
 .text._lseek   0x1fffb528       0x10 /home/tmduser/yocto_toradex/user_sources/cortex_m4/toolchain/gcc-arm-none-eabi-4_9-2015q3/bin/../lib/gcc/arm-none-eabi/4.9.3/../../../../arm-none-eabi/lib/armv7e-m/fpu/libnosys.a(lseek.o)
                0x1fffb528                _lseek
 .text._sbrk    0x1fffb538       0x1c /home/tmduser/yocto_toradex/user_sources/cortex_m4/toolchain/gcc-arm-none-eabi-4_9-2015q3/bin/../lib/gcc/arm-none-eabi/4.9.3/../../../../arm-none-eabi/lib/armv7e-m/fpu/libnosys.a(sbrk.o)
                0x1fffb538                _sbrk
 .text._exit    0x1fffb554        0x4 /home/tmduser/yocto_toradex/user_sources/cortex_m4/toolchain/gcc-arm-none-eabi-4_9-2015q3/bin/../lib/gcc/arm-none-eabi/4.9.3/../../../../arm-none-eabi/lib/armv7e-m/fpu/libnosys.a(_exit.o)
                0x1fffb554                _exit
 *(.rodata)
 *(.rodata*)
 .rodata.__func__.5432
                0x1fffb558       0x11 CMakeFiles/str_echo_bm.dir/home/tmduser/yocto_toradex/user_sources/cortex_m4/freeRtos/freertos-colibri-imx7/middleware/multicore/open-amp/porting/env/bm/rpmsg_porting.c.obj
 .rodata.str1.1
                0x1fffb569       0xdf CMakeFiles/str_echo_bm.dir/home/tmduser/yocto_toradex/user_sources/cortex_m4/freeRtos/freertos-colibri-imx7/middleware/multicore/open-amp/porting/env/bm/rpmsg_porting.c.obj
 .rodata.__func__.5346
                0x1fffb648        0x9 CMakeFiles/str_echo_bm.dir/home/tmduser/yocto_toradex/user_sources/cortex_m4/freeRtos/freertos-colibri-imx7/middleware/multicore/open-amp/porting/env/bm/rpmsg_porting.c.obj
 .rodata.__func__.5349
                0x1fffb651        0xb CMakeFiles/str_echo_bm.dir/home/tmduser/yocto_toradex/user_sources/cortex_m4/freeRtos/freertos-colibri-imx7/middleware/multicore/open-amp/porting/env/bm/rpmsg_porting.c.obj
 .rodata.__func__.5465
                0x1fffb65c        0x8 CMakeFiles/str_echo_bm.dir/home/tmduser/yocto_toradex/user_sources/cortex_m4/freeRtos/freertos-colibri-imx7/middleware/multicore/open-amp/porting/env/bm/rpmsg_porting.c.obj
 .rodata.__func__.9329
                0x1fffb664       0x1a CMakeFiles/str_echo_bm.dir/home/tmduser/yocto_toradex/user_sources/cortex_m4/freeRtos/freertos-colibri-imx7/middleware/multicore/open-amp/porting/imx7d_m4/platform.c.obj
 .rodata.str1.1
                0x1fffb67e      0x124 CMakeFiles/str_echo_bm.dir/home/tmduser/yocto_toradex/user_sources/cortex_m4/freeRtos/freertos-colibri-imx7/middleware/multicore/open-amp/porting/imx7d_m4/platform.c.obj
                                0x126 (size before relaxing)
 .rodata.__func__.9337
                0x1fffb7a2       0x1b CMakeFiles/str_echo_bm.dir/home/tmduser/yocto_toradex/user_sources/cortex_m4/freeRtos/freertos-colibri-imx7/middleware/multicore/open-amp/porting/imx7d_m4/platform.c.obj
 .rodata.__func__.9350
                0x1fffb7bd       0x1f CMakeFiles/str_echo_bm.dir/home/tmduser/yocto_toradex/user_sources/cortex_m4/freeRtos/freertos-colibri-imx7/middleware/multicore/open-amp/porting/imx7d_m4/platform.c.obj
 .rodata.__func__.9346
                0x1fffb7dc       0x1e CMakeFiles/str_echo_bm.dir/home/tmduser/yocto_toradex/user_sources/cortex_m4/freeRtos/freertos-colibri-imx7/middleware/multicore/open-amp/porting/imx7d_m4/platform.c.obj
 .rodata.__func__.9297
                0x1fffb7fa        0xa CMakeFiles/str_echo_bm.dir/home/tmduser/yocto_toradex/user_sources/cortex_m4/freeRtos/freertos-colibri-imx7/middleware/multicore/open-amp/porting/imx7d_m4/platform.c.obj
 .rodata.__func__.9301
                0x1fffb804        0xe CMakeFiles/str_echo_bm.dir/home/tmduser/yocto_toradex/user_sources/cortex_m4/freeRtos/freertos-colibri-imx7/middleware/multicore/open-amp/porting/imx7d_m4/platform.c.obj
 .rodata.str1.1
                0x1fffb812        0xc CMakeFiles/str_echo_bm.dir/home/tmduser/yocto_toradex/user_sources/cortex_m4/freeRtos/freertos-colibri-imx7/middleware/multicore/open-amp/rpmsg/rpmsg_core.c.obj
 .rodata.str1.1
                0x1fffb81e       0x91 CMakeFiles/str_echo_bm.dir/home/tmduser/yocto_toradex/user_sources/cortex_m4/freeRtos/freertos-colibri-imx7/platform/drivers/src/ccm_imx7d.c.obj
 .rodata.__func__.8026
                0x1fffb8af       0x13 CMakeFiles/str_echo_bm.dir/home/tmduser/yocto_toradex/user_sources/cortex_m4/freeRtos/freertos-colibri-imx7/platform/drivers/src/ccm_imx7d.c.obj
 .rodata.__func__.8034
                0x1fffb8c2        0xf CMakeFiles/str_echo_bm.dir/home/tmduser/yocto_toradex/user_sources/cortex_m4/freeRtos/freertos-colibri-imx7/platform/drivers/src/ccm_imx7d.c.obj
 .rodata.__func__.7883
                0x1fffb8d1        0xb CMakeFiles/str_echo_bm.dir/home/tmduser/yocto_toradex/user_sources/cortex_m4/freeRtos/freertos-colibri-imx7/platform/drivers/src/mu_imx.c.obj
 .rodata.__func__.7893
                0x1fffb8dc       0x11 CMakeFiles/str_echo_bm.dir/home/tmduser/yocto_toradex/user_sources/cortex_m4/freeRtos/freertos-colibri-imx7/platform/drivers/src/mu_imx.c.obj
 .rodata.str1.1
                0x1fffb8ed       0x9e CMakeFiles/str_echo_bm.dir/home/tmduser/yocto_toradex/user_sources/cortex_m4/freeRtos/freertos-colibri-imx7/platform/drivers/src/mu_imx.c.obj
 .rodata.str1.1
                0x1fffb98b      0x159 CMakeFiles/str_echo_bm.dir/home/tmduser/yocto_toradex/user_sources/cortex_m4/freeRtos/freertos-colibri-imx7/platform/drivers/src/uart_imx.c.obj
 .rodata.CSWTCH.11
                0x1fffbae4        0x6 CMakeFiles/str_echo_bm.dir/home/tmduser/yocto_toradex/user_sources/cortex_m4/freeRtos/freertos-colibri-imx7/platform/drivers/src/uart_imx.c.obj
 .rodata.__func__.8008
                0x1fffbaea        0xa CMakeFiles/str_echo_bm.dir/home/tmduser/yocto_toradex/user_sources/cortex_m4/freeRtos/freertos-colibri-imx7/platform/drivers/src/uart_imx.c.obj
 .rodata.__func__.8095
                0x1fffbaf4       0x12 CMakeFiles/str_echo_bm.dir/home/tmduser/yocto_toradex/user_sources/cortex_m4/freeRtos/freertos-colibri-imx7/platform/drivers/src/uart_imx.c.obj
 .rodata.str1.1
                0x1fffbb06      0x1da CMakeFiles/str_echo_bm.dir/home/tmduser/yocto_toradex/user_sources/cortex_m4/freeRtos/freertos-colibri-imx7/examples/imx7_colibri_m4/demo_apps/rpmsg/str_echo_bm/str_echo_bm.c.obj
 .rodata.__func__.10298
                0x1fffbce0        0x5 CMakeFiles/str_echo_bm.dir/home/tmduser/yocto_toradex/user_sources/cortex_m4/freeRtos/freertos-colibri-imx7/examples/imx7_colibri_m4/demo_apps/rpmsg/str_echo_bm/str_echo_bm.c.obj
 .rodata.str1.1
                0x1fffbce5       0x3c /home/tmduser/yocto_toradex/user_sources/cortex_m4/toolchain/gcc-arm-none-eabi-4_9-2015q3/bin/../lib/gcc/arm-none-eabi/4.9.3/../../../../arm-none-eabi/lib/armv7e-m/fpu/libc_nano.a(lib_a-assert.o)
                                 0x3d (size before relaxing)
 .rodata.str1.1
                0x1fffbd21        0x2 /home/tmduser/yocto_toradex/user_sources/cortex_m4/toolchain/gcc-arm-none-eabi-4_9-2015q3/bin/../lib/gcc/arm-none-eabi/4.9.3/../../../../arm-none-eabi/lib/armv7e-m/fpu/libc_nano.a(lib_a-impure.o)
 *fill*         0x1fffbd23        0x1 
 .rodata._global_impure_ptr
                0x1fffbd24        0x4 /home/tmduser/yocto_toradex/user_sources/cortex_m4/toolchain/gcc-arm-none-eabi-4_9-2015q3/bin/../lib/gcc/arm-none-eabi/4.9.3/../../../../arm-none-eabi/lib/armv7e-m/fpu/libc_nano.a(lib_a-impure.o)
                0x1fffbd24                _global_impure_ptr
 .rodata.str1.1
                0x1fffbd28       0x11 /home/tmduser/yocto_toradex/user_sources/cortex_m4/toolchain/gcc-arm-none-eabi-4_9-2015q3/bin/../lib/gcc/arm-none-eabi/4.9.3/../../../../arm-none-eabi/lib/armv7e-m/fpu/libc_nano.a(lib_a-nano-vfprintf.o)
 .rodata.str1.1
                0x1fffbd39       0x22 /home/tmduser/yocto_toradex/user_sources/cortex_m4/toolchain/gcc-arm-none-eabi-4_9-2015q3/bin/../lib/gcc/arm-none-eabi/4.9.3/../../../../arm-none-eabi/lib/armv7e-m/fpu/libc_nano.a(lib_a-nano-vfprintf_i.o)
 *fill*         0x1fffbd5b        0x1 
 .rodata.__sf_fake_stdin
                0x1fffbd5c       0x20 /home/tmduser/yocto_toradex/user_sources/cortex_m4/toolchain/gcc-arm-none-eabi-4_9-2015q3/bin/../lib/gcc/arm-none-eabi/4.9.3/../../../../arm-none-eabi/lib/armv7e-m/fpu/libc_nano.a(lib_a-findfp.o)
                0x1fffbd5c                __sf_fake_stdin
 .rodata.__sf_fake_stdout
                0x1fffbd7c       0x20 /home/tmduser/yocto_toradex/user_sources/cortex_m4/toolchain/gcc-arm-none-eabi-4_9-2015q3/bin/../lib/gcc/arm-none-eabi/4.9.3/../../../../arm-none-eabi/lib/armv7e-m/fpu/libc_nano.a(lib_a-findfp.o)
                0x1fffbd7c                __sf_fake_stdout
 .rodata.__sf_fake_stderr
                0x1fffbd9c       0x20 /home/tmduser/yocto_toradex/user_sources/cortex_m4/toolchain/gcc-arm-none-eabi-4_9-2015q3/bin/../lib/gcc/arm-none-eabi/4.9.3/../../../../arm-none-eabi/lib/armv7e-m/fpu/libc_nano.a(lib_a-findfp.o)
                0x1fffbd9c                __sf_fake_stderr
 *(.glue_7)
 .glue_7        0x00000000        0x0 linker stubs
 *(.glue_7t)
 .glue_7t       0x00000000        0x0 linker stubs
 *(.eh_frame)
 .eh_frame      0x1fffbdbc        0x0 /home/tmduser/yocto_toradex/user_sources/cortex_m4/toolchain/gcc-arm-none-eabi-4_9-2015q3/bin/../lib/gcc/arm-none-eabi/4.9.3/armv7e-m/fpu/crtbegin.o
 *(.init)
 .init          0x1fffbdbc        0x4 /home/tmduser/yocto_toradex/user_sources/cortex_m4/toolchain/gcc-arm-none-eabi-4_9-2015q3/bin/../lib/gcc/arm-none-eabi/4.9.3/armv7e-m/fpu/crti.o
                0x1fffbdbc                _init
 .init          0x1fffbdc0        0x8 /home/tmduser/yocto_toradex/user_sources/cortex_m4/toolchain/gcc-arm-none-eabi-4_9-2015q3/bin/../lib/gcc/arm-none-eabi/4.9.3/armv7e-m/fpu/crtn.o
 *(.fini)
 .fini          0x1fffbdc8        0x4 /home/tmduser/yocto_toradex/user_sources/cortex_m4/toolchain/gcc-arm-none-eabi-4_9-2015q3/bin/../lib/gcc/arm-none-eabi/4.9.3/armv7e-m/fpu/crti.o
                0x1fffbdc8                _fini
 .fini          0x1fffbdcc        0x8 /home/tmduser/yocto_toradex/user_sources/cortex_m4/toolchain/gcc-arm-none-eabi-4_9-2015q3/bin/../lib/gcc/arm-none-eabi/4.9.3/armv7e-m/fpu/crtn.o
                0x1fffbdd4                . = ALIGN (0x4)

.vfp11_veneer   0x1fffbdd4        0x0
 .vfp11_veneer  0x00000000        0x0 linker stubs

.v4_bx          0x1fffbdd4        0x0
 .v4_bx         0x00000000        0x0 linker stubs

.iplt           0x1fffbdd4        0x0
 .iplt          0x00000000        0x0 /home/tmduser/yocto_toradex/user_sources/cortex_m4/toolchain/gcc-arm-none-eabi-4_9-2015q3/bin/../lib/gcc/arm-none-eabi/4.9.3/armv7e-m/fpu/crtbegin.o

.ARM.extab
 *(.ARM.extab* .gnu.linkonce.armextab.*)

.ARM            0x1fffbdd4        0x8
                0x1fffbdd4                __exidx_start = .
 *(.ARM.exidx*)
 .ARM.exidx     0x1fffbdd4        0x8 /home/tmduser/yocto_toradex/user_sources/cortex_m4/toolchain/gcc-arm-none-eabi-4_9-2015q3/bin/../lib/gcc/arm-none-eabi/4.9.3/../../../../arm-none-eabi/lib/armv7e-m/fpu/crt0.o
                0x1fffbddc                __exidx_end = .

.rel.dyn        0x1fffbddc        0x0
 .rel.iplt      0x00000000        0x0 /home/tmduser/yocto_toradex/user_sources/cortex_m4/toolchain/gcc-arm-none-eabi-4_9-2015q3/bin/../lib/gcc/arm-none-eabi/4.9.3/armv7e-m/fpu/crtbegin.o

.ctors          0x1fffbddc        0x0
                0x1fffbddc                __CTOR_LIST__ = .
 *crtbegin.o(.ctors)
 *crtbegin?.o(.ctors)
 *(EXCLUDE_FILE(*crtend.o *crtend?.o) .ctors)
 *(SORT(.ctors.*))
 *(.ctors)
                0x1fffbddc                __CTOR_END__ = .

.dtors          0x1fffbddc        0x0
                0x1fffbddc                __DTOR_LIST__ = .
 *crtbegin.o(.dtors)
 *crtbegin?.o(.dtors)
 *(EXCLUDE_FILE(*crtend.o *crtend?.o) .dtors)
 *(SORT(.dtors.*))
 *(.dtors)
                0x1fffbddc                __DTOR_END__ = .

.preinit_array  0x1fffbddc        0x0
                0x1fffbddc                PROVIDE (__preinit_array_start, .)
 *(.preinit_array*)
                0x1fffbddc                PROVIDE (__preinit_array_end, .)

.init_array     0x1fffbddc        0x4
                0x1fffbddc                PROVIDE (__init_array_start, .)
 *(SORT(.init_array.*))
 *(.init_array*)
 .init_array    0x1fffbddc        0x4 /home/tmduser/yocto_toradex/user_sources/cortex_m4/toolchain/gcc-arm-none-eabi-4_9-2015q3/bin/../lib/gcc/arm-none-eabi/4.9.3/armv7e-m/fpu/crtbegin.o
                0x1fffbde0                PROVIDE (__init_array_end, .)

.fini_array     0x1fffbde0        0x4
                0x1fffbde0                PROVIDE (__fini_array_start, .)
 *(SORT(.fini_array.*))
 *(.fini_array*)
 .fini_array    0x1fffbde0        0x4 /home/tmduser/yocto_toradex/user_sources/cortex_m4/toolchain/gcc-arm-none-eabi-4_9-2015q3/bin/../lib/gcc/arm-none-eabi/4.9.3/armv7e-m/fpu/crtbegin.o
                0x1fffbde4                PROVIDE (__fini_array_end, .)

.data           0x20000000      0x1cc
                0x20000000                . = ALIGN (0x4)
 *(.data)
 *(.data*)
 .data.proc_ops
                0x20000000       0x1c CMakeFiles/str_echo_bm.dir/home/tmduser/yocto_toradex/user_sources/cortex_m4/freeRtos/freertos-colibri-imx7/middleware/multicore/open-amp/porting/imx7d_m4/platform.c.obj
                0x20000000                proc_ops
 .data.proc_table
                0x2000001c      0x120 CMakeFiles/str_echo_bm.dir/home/tmduser/yocto_toradex/user_sources/cortex_m4/freeRtos/freertos-colibri-imx7/middleware/multicore/open-amp/porting/imx7d_m4/platform_info.c.obj
                0x2000001c                proc_table
 .data.rpmsg_rdev_config_ops
                0x2000013c       0x24 CMakeFiles/str_echo_bm.dir/home/tmduser/yocto_toradex/user_sources/cortex_m4/freeRtos/freertos-colibri-imx7/middleware/multicore/open-amp/rpmsg/remote_device.c.obj
                0x2000013c                rpmsg_rdev_config_ops
 .data.SystemCoreClock
                0x20000160        0x4 CMakeFiles/str_echo_bm.dir/home/tmduser/yocto_toradex/user_sources/cortex_m4/freeRtos/freertos-colibri-imx7/platform/devices/MCIMX7D/startup/system_MCIMX7D_M4.c.obj
                0x20000160                SystemCoreClock
 .data.impure_data
                0x20000164       0x60 /home/tmduser/yocto_toradex/user_sources/cortex_m4/toolchain/gcc-arm-none-eabi-4_9-2015q3/bin/../lib/gcc/arm-none-eabi/4.9.3/../../../../arm-none-eabi/lib/armv7e-m/fpu/libc_nano.a(lib_a-impure.o)
 .data._impure_ptr
                0x200001c4        0x4 /home/tmduser/yocto_toradex/user_sources/cortex_m4/toolchain/gcc-arm-none-eabi-4_9-2015q3/bin/../lib/gcc/arm-none-eabi/4.9.3/../../../../arm-none-eabi/lib/armv7e-m/fpu/libc_nano.a(lib_a-impure.o)
                0x200001c4                _impure_ptr
 *(.jcr*)
 .jcr           0x200001c8        0x0 /home/tmduser/yocto_toradex/user_sources/cortex_m4/toolchain/gcc-arm-none-eabi-4_9-2015q3/bin/../lib/gcc/arm-none-eabi/4.9.3/armv7e-m/fpu/crtbegin.o
 .jcr           0x200001c8        0x4 /home/tmduser/yocto_toradex/user_sources/cortex_m4/toolchain/gcc-arm-none-eabi-4_9-2015q3/bin/../lib/gcc/arm-none-eabi/4.9.3/armv7e-m/fpu/crtend.o
                0x200001cc                . = ALIGN (0x4)

.igot.plt       0x200001cc        0x0
 .igot.plt      0x00000000        0x0 /home/tmduser/yocto_toradex/user_sources/cortex_m4/toolchain/gcc-arm-none-eabi-4_9-2015q3/bin/../lib/gcc/arm-none-eabi/4.9.3/armv7e-m/fpu/crtbegin.o

.bss            0x200001cc      0x2d4
                0x200001cc                . = ALIGN (0x4)
                0x200001cc                __START_BSS = .
                0x200001cc                __bss_start__ = .
 *(.bss)
 .bss           0x200001cc       0x1c /home/tmduser/yocto_toradex/user_sources/cortex_m4/toolchain/gcc-arm-none-eabi-4_9-2015q3/bin/../lib/gcc/arm-none-eabi/4.9.3/armv7e-m/fpu/crtbegin.o
 *(.bss*)
 .bss.procs     0x200001e8        0x4 CMakeFiles/str_echo_bm.dir/home/tmduser/yocto_toradex/user_sources/cortex_m4/freeRtos/freertos-colibri-imx7/middleware/multicore/open-amp/common/hil/hil.c.obj
                0x200001e8                procs
 .bss.env_init_counter
                0x200001ec        0x4 CMakeFiles/str_echo_bm.dir/home/tmduser/yocto_toradex/user_sources/cortex_m4/freeRtos/freertos-colibri-imx7/middleware/multicore/open-amp/porting/env/bm/rpmsg_porting.c.obj
 .bss.isr_table
                0x200001f0       0x50 CMakeFiles/str_echo_bm.dir/home/tmduser/yocto_toradex/user_sources/cortex_m4/freeRtos/freertos-colibri-imx7/middleware/multicore/open-amp/porting/env/bm/rpmsg_porting.c.obj
 .bss.disable_counter_all
                0x20000240        0x4 CMakeFiles/str_echo_bm.dir/home/tmduser/yocto_toradex/user_sources/cortex_m4/freeRtos/freertos-colibri-imx7/middleware/multicore/open-amp/porting/imx7d_m4/platform.c.obj
 .bss.disable_counters
                0x20000244        0x8 CMakeFiles/str_echo_bm.dir/home/tmduser/yocto_toradex/user_sources/cortex_m4/freeRtos/freertos-colibri-imx7/middleware/multicore/open-amp/porting/imx7d_m4/platform.c.obj
 .bss.s_debugConsole
                0x2000024c       0x10 CMakeFiles/str_echo_bm.dir/home/tmduser/yocto_toradex/user_sources/cortex_m4/freeRtos/freertos-colibri-imx7/platform/utilities/src/debug_console_imx.c.obj
 .bss.app_idx   0x2000025c        0x1 CMakeFiles/str_echo_bm.dir/home/tmduser/yocto_toradex/user_sources/cortex_m4/freeRtos/freertos-colibri-imx7/examples/imx7_colibri_m4/demo_apps/rpmsg/str_echo_bm/str_echo_bm.c.obj
 *fill*         0x2000025d        0x3 
 .bss.app_msg   0x20000260       0x24 CMakeFiles/str_echo_bm.dir/home/tmduser/yocto_toradex/user_sources/cortex_m4/freeRtos/freertos-colibri-imx7/examples/imx7_colibri_m4/demo_apps/rpmsg/str_echo_bm/str_echo_bm.c.obj
 .bss.handler_idx
                0x20000284        0x1 CMakeFiles/str_echo_bm.dir/home/tmduser/yocto_toradex/user_sources/cortex_m4/freeRtos/freertos-colibri-imx7/examples/imx7_colibri_m4/demo_apps/rpmsg/str_echo_bm/str_echo_bm.c.obj
 .bss.app_buf   0x20000285      0x200 CMakeFiles/str_echo_bm.dir/home/tmduser/yocto_toradex/user_sources/cortex_m4/freeRtos/freertos-colibri-imx7/examples/imx7_colibri_m4/demo_apps/rpmsg/str_echo_bm/str_echo_bm.c.obj
 *fill*         0x20000485        0x3 
 .bss.msg_count
                0x20000488        0x4 CMakeFiles/str_echo_bm.dir/home/tmduser/yocto_toradex/user_sources/cortex_m4/freeRtos/freertos-colibri-imx7/examples/imx7_colibri_m4/demo_apps/rpmsg/str_echo_bm/str_echo_bm.c.obj
 .bss.app_chnl  0x2000048c        0x4 CMakeFiles/str_echo_bm.dir/home/tmduser/yocto_toradex/user_sources/cortex_m4/freeRtos/freertos-colibri-imx7/examples/imx7_colibri_m4/demo_apps/rpmsg/str_echo_bm/str_echo_bm.c.obj
 .bss.__malloc_sbrk_start
                0x20000490        0x4 /home/tmduser/yocto_toradex/user_sources/cortex_m4/toolchain/gcc-arm-none-eabi-4_9-2015q3/bin/../lib/gcc/arm-none-eabi/4.9.3/../../../../arm-none-eabi/lib/armv7e-m/fpu/libc_nano.a(lib_a-nano-mallocr.o)
                0x20000490                __malloc_sbrk_start
 .bss.__malloc_free_list
                0x20000494        0x4 /home/tmduser/yocto_toradex/user_sources/cortex_m4/toolchain/gcc-arm-none-eabi-4_9-2015q3/bin/../lib/gcc/arm-none-eabi/4.9.3/../../../../arm-none-eabi/lib/armv7e-m/fpu/libc_nano.a(lib_a-nano-mallocr.o)
                0x20000494                __malloc_free_list
 .bss.heap_end.4079
                0x20000498        0x4 /home/tmduser/yocto_toradex/user_sources/cortex_m4/toolchain/gcc-arm-none-eabi-4_9-2015q3/bin/../lib/gcc/arm-none-eabi/4.9.3/../../../../arm-none-eabi/lib/armv7e-m/fpu/libnosys.a(sbrk.o)
 *(COMMON)
 COMMON         0x2000049c        0x4 /home/tmduser/yocto_toradex/user_sources/cortex_m4/toolchain/gcc-arm-none-eabi-4_9-2015q3/bin/../lib/gcc/arm-none-eabi/4.9.3/../../../../arm-none-eabi/lib/armv7e-m/fpu/libc_nano.a(lib_a-reent.o)
                0x2000049c                errno
                0x200004a0                . = ALIGN (0x4)
                0x200004a0                __bss_end__ = .
                0x200004a0                __END_BSS = .

.heap           0x200004a0      0x200
                0x200004a0                . = ALIGN (0x8)
                0x200004a0                __end__ = .
                0x200004a0                PROVIDE (end, .)
                0x200004a0                __HeapBase = .
                0x200006a0                . = (. + HEAP_SIZE)
 *fill*         0x200004a0      0x200 
                0x200006a0                __HeapLimit = .

.stack          0x200006a0      0x400
                0x200006a0                . = ALIGN (0x8)
                0x20000aa0                . = (. + STACK_SIZE)
 *fill*         0x200006a0      0x400 
                0x20008000                __StackTop = (ORIGIN (m_data) + 0x8000)
                0x20007c00                __StackLimit = (__StackTop - STACK_SIZE)
                0x20008000                PROVIDE (__stack, __StackTop)

.ARM.attributes
                0x00000000       0x30
 *(.ARM.attributes)
 .ARM.attributes
                0x00000000       0x22 /home/tmduser/yocto_toradex/user_sources/cortex_m4/toolchain/gcc-arm-none-eabi-4_9-2015q3/bin/../lib/gcc/arm-none-eabi/4.9.3/armv7e-m/fpu/crti.o
 .ARM.attributes
                0x00000022       0x34 /home/tmduser/yocto_toradex/user_sources/cortex_m4/toolchain/gcc-arm-none-eabi-4_9-2015q3/bin/../lib/gcc/arm-none-eabi/4.9.3/armv7e-m/fpu/crtbegin.o
 .ARM.attributes
                0x00000056       0x20 /home/tmduser/yocto_toradex/user_sources/cortex_m4/toolchain/gcc-arm-none-eabi-4_9-2015q3/bin/../lib/gcc/arm-none-eabi/4.9.3/../../../../arm-none-eabi/lib/armv7e-m/fpu/crt0.o
 .ARM.attributes
                0x00000076       0x39 CMakeFiles/str_echo_bm.dir/home/tmduser/yocto_toradex/user_sources/cortex_m4/freeRtos/freertos-colibri-imx7/middleware/multicore/open-amp/common/hil/hil.c.obj
 .ARM.attributes
                0x000000af       0x39 CMakeFiles/str_echo_bm.dir/home/tmduser/yocto_toradex/user_sources/cortex_m4/freeRtos/freertos-colibri-imx7/middleware/multicore/open-amp/common/llist/llist.c.obj
 .ARM.attributes
                0x000000e8       0x39 CMakeFiles/str_echo_bm.dir/home/tmduser/yocto_toradex/user_sources/cortex_m4/freeRtos/freertos-colibri-imx7/middleware/multicore/open-amp/common/shm/sh_mem.c.obj
 .ARM.attributes