Archive member included because of file (symbol)

/home/aselsan/Desktop/IMX7/toolchain/gcc-arm-none-eabi-4_9-2015q3/bin/../lib/gcc/arm-none-eabi/4.9.3/../../../../arm-none-eabi/lib/armv7e-m/fpu/libc_nano.a(lib_a-assert.o)
                              CMakeFiles/uart_polling.dir/home/aselsan/Desktop/IMX7/cortex_m4/freeRtos/freertos-colibri-imx7/platform/drivers/src/ccm_analog_imx7d.c.obj (__assert_func)
/home/aselsan/Desktop/IMX7/toolchain/gcc-arm-none-eabi-4_9-2015q3/bin/../lib/gcc/arm-none-eabi/4.9.3/../../../../arm-none-eabi/lib/armv7e-m/fpu/libc_nano.a(lib_a-exit.o)
                              /home/aselsan/Desktop/IMX7/toolchain/gcc-arm-none-eabi-4_9-2015q3/bin/../lib/gcc/arm-none-eabi/4.9.3/../../../../arm-none-eabi/lib/armv7e-m/fpu/crt0.o (exit)
/home/aselsan/Desktop/IMX7/toolchain/gcc-arm-none-eabi-4_9-2015q3/bin/../lib/gcc/arm-none-eabi/4.9.3/../../../../arm-none-eabi/lib/armv7e-m/fpu/libc_nano.a(lib_a-fprintf.o)
                              /home/aselsan/Desktop/IMX7/toolchain/gcc-arm-none-eabi-4_9-2015q3/bin/../lib/gcc/arm-none-eabi/4.9.3/../../../../arm-none-eabi/lib/armv7e-m/fpu/libc_nano.a(lib_a-assert.o) (fiprintf)
/home/aselsan/Desktop/IMX7/toolchain/gcc-arm-none-eabi-4_9-2015q3/bin/../lib/gcc/arm-none-eabi/4.9.3/../../../../arm-none-eabi/lib/armv7e-m/fpu/libc_nano.a(lib_a-impure.o)
                              /home/aselsan/Desktop/IMX7/toolchain/gcc-arm-none-eabi-4_9-2015q3/bin/../lib/gcc/arm-none-eabi/4.9.3/../../../../arm-none-eabi/lib/armv7e-m/fpu/libc_nano.a(lib_a-exit.o) (_global_impure_ptr)
/home/aselsan/Desktop/IMX7/toolchain/gcc-arm-none-eabi-4_9-2015q3/bin/../lib/gcc/arm-none-eabi/4.9.3/../../../../arm-none-eabi/lib/armv7e-m/fpu/libc_nano.a(lib_a-init.o)
                              /home/aselsan/Desktop/IMX7/toolchain/gcc-arm-none-eabi-4_9-2015q3/bin/../lib/gcc/arm-none-eabi/4.9.3/../../../../arm-none-eabi/lib/armv7e-m/fpu/crt0.o (__libc_init_array)
/home/aselsan/Desktop/IMX7/toolchain/gcc-arm-none-eabi-4_9-2015q3/bin/../lib/gcc/arm-none-eabi/4.9.3/../../../../arm-none-eabi/lib/armv7e-m/fpu/libc_nano.a(lib_a-memset.o)
                              /home/aselsan/Desktop/IMX7/toolchain/gcc-arm-none-eabi-4_9-2015q3/bin/../lib/gcc/arm-none-eabi/4.9.3/../../../../arm-none-eabi/lib/armv7e-m/fpu/crt0.o (memset)
/home/aselsan/Desktop/IMX7/toolchain/gcc-arm-none-eabi-4_9-2015q3/bin/../lib/gcc/arm-none-eabi/4.9.3/../../../../arm-none-eabi/lib/armv7e-m/fpu/libc_nano.a(lib_a-nano-vfprintf.o)
                              /home/aselsan/Desktop/IMX7/toolchain/gcc-arm-none-eabi-4_9-2015q3/bin/../lib/gcc/arm-none-eabi/4.9.3/../../../../arm-none-eabi/lib/armv7e-m/fpu/libc_nano.a(lib_a-fprintf.o) (_vfprintf_r)
/home/aselsan/Desktop/IMX7/toolchain/gcc-arm-none-eabi-4_9-2015q3/bin/../lib/gcc/arm-none-eabi/4.9.3/../../../../arm-none-eabi/lib/armv7e-m/fpu/libc_nano.a(lib_a-nano-vfprintf_i.o)
                              /home/aselsan/Desktop/IMX7/toolchain/gcc-arm-none-eabi-4_9-2015q3/bin/../lib/gcc/arm-none-eabi/4.9.3/../../../../arm-none-eabi/lib/armv7e-m/fpu/libc_nano.a(lib_a-nano-vfprintf.o) (_printf_i)
/home/aselsan/Desktop/IMX7/toolchain/gcc-arm-none-eabi-4_9-2015q3/bin/../lib/gcc/arm-none-eabi/4.9.3/../../../../arm-none-eabi/lib/armv7e-m/fpu/libc_nano.a(lib_a-strlen.o)
                              CMakeFiles/uart_polling.dir/home/aselsan/Desktop/IMX7/cortex_m4/freeRtos/freertos-colibri-imx7/platform/utilities/src/print_scan.c.obj (strlen)
/home/aselsan/Desktop/IMX7/toolchain/gcc-arm-none-eabi-4_9-2015q3/bin/../lib/gcc/arm-none-eabi/4.9.3/../../../../arm-none-eabi/lib/armv7e-m/fpu/libc_nano.a(lib_a-wbuf.o)
                              /home/aselsan/Desktop/IMX7/toolchain/gcc-arm-none-eabi-4_9-2015q3/bin/../lib/gcc/arm-none-eabi/4.9.3/../../../../arm-none-eabi/lib/armv7e-m/fpu/libc_nano.a(lib_a-nano-vfprintf.o) (__swbuf_r)
/home/aselsan/Desktop/IMX7/toolchain/gcc-arm-none-eabi-4_9-2015q3/bin/../lib/gcc/arm-none-eabi/4.9.3/../../../../arm-none-eabi/lib/armv7e-m/fpu/libc_nano.a(lib_a-wsetup.o)
                              /home/aselsan/Desktop/IMX7/toolchain/gcc-arm-none-eabi-4_9-2015q3/bin/../lib/gcc/arm-none-eabi/4.9.3/../../../../arm-none-eabi/lib/armv7e-m/fpu/libc_nano.a(lib_a-nano-vfprintf.o) (__swsetup_r)
/home/aselsan/Desktop/IMX7/toolchain/gcc-arm-none-eabi-4_9-2015q3/bin/../lib/gcc/arm-none-eabi/4.9.3/../../../../arm-none-eabi/lib/armv7e-m/fpu/libc_nano.a(lib_a-abort.o)
                              /home/aselsan/Desktop/IMX7/toolchain/gcc-arm-none-eabi-4_9-2015q3/bin/../lib/gcc/arm-none-eabi/4.9.3/../../../../arm-none-eabi/lib/armv7e-m/fpu/libc_nano.a(lib_a-assert.o) (abort)
/home/aselsan/Desktop/IMX7/toolchain/gcc-arm-none-eabi-4_9-2015q3/bin/../lib/gcc/arm-none-eabi/4.9.3/../../../../arm-none-eabi/lib/armv7e-m/fpu/libc_nano.a(lib_a-fflush.o)
                              /home/aselsan/Desktop/IMX7/toolchain/gcc-arm-none-eabi-4_9-2015q3/bin/../lib/gcc/arm-none-eabi/4.9.3/../../../../arm-none-eabi/lib/armv7e-m/fpu/libc_nano.a(lib_a-wbuf.o) (_fflush_r)
[...]
Memory Configuration

Name             Origin             Length             Attributes
m_interrupts     0x00000000         0x00000240         xr
m_text           0x1fff8000         0x00008000         xr
m_data           0x20000000         0x00008000         rw
*default*        0x00000000         0xffffffff

Linker script and memory map

LOAD /home/aselsan/Desktop/IMX7/toolchain/gcc-arm-none-eabi-4_9-2015q3/bin/../lib/gcc/arm-none-eabi/4.9.3/armv7e-m/fpu/crti.o
LOAD /home/aselsan/Desktop/IMX7/toolchain/gcc-arm-none-eabi-4_9-2015q3/bin/../lib/gcc/arm-none-eabi/4.9.3/armv7e-m/fpu/crtbegin.o
LOAD /home/aselsan/Desktop/IMX7/toolchain/gcc-arm-none-eabi-4_9-2015q3/bin/../lib/gcc/arm-none-eabi/4.9.3/../../../../arm-none-eabi/lib/armv7e-m/fpu/crt0.o
                0x00000400                __stack_size__ = 0x400
                0x00000200                __heap_size__ = 0x200
LOAD CMakeFiles/uart_polling.dir/home/aselsan/Desktop/IMX7/cortex_m4/freeRtos/freertos-colibri-imx7/platform/devices/MCIMX7D/startup/gcc/startup_MCIMX7D_M4.S.obj
LOAD CMakeFiles/uart_polling.dir/home/aselsan/Desktop/IMX7/cortex_m4/freeRtos/freertos-colibri-imx7/platform/devices/MCIMX7D/startup/system_MCIMX7D_M4.c.obj
LOAD CMakeFiles/uart_polling.dir/home/aselsan/Desktop/IMX7/cortex_m4/freeRtos/freertos-colibri-imx7/platform/drivers/src/ccm_analog_imx7d.c.obj
LOAD CMakeFiles/uart_polling.dir/home/aselsan/Desktop/IMX7/cortex_m4/freeRtos/freertos-colibri-imx7/platform/drivers/src/ccm_imx7d.c.obj
LOAD CMakeFiles/uart_polling.dir/home/aselsan/Desktop/IMX7/cortex_m4/freeRtos/freertos-colibri-imx7/platform/drivers/src/rdc.c.obj
LOAD CMakeFiles/uart_polling.dir/home/aselsan/Desktop/IMX7/cortex_m4/freeRtos/freertos-colibri-imx7/platform/drivers/src/uart_imx.c.obj
LOAD CMakeFiles/uart_polling.dir/home/aselsan/Desktop/IMX7/cortex_m4/freeRtos/freertos-colibri-imx7/platform/utilities/src/debug_console_imx.c.obj
LOAD CMakeFiles/uart_polling.dir/home/aselsan/Desktop/IMX7/cortex_m4/freeRtos/freertos-colibri-imx7/platform/utilities/src/print_scan.c.obj
LOAD CMakeFiles/uart_polling.dir/home/aselsan/Desktop/IMX7/cortex_m4/freeRtos/freertos-colibri-imx7/examples/imx7_colibri_m4/board.c.obj
LOAD CMakeFiles/uart_polling.dir/home/aselsan/Desktop/IMX7/cortex_m4/freeRtos/freertos-colibri-imx7/examples/imx7_colibri_m4/clock_freq.c.obj
LOAD CMakeFiles/uart_polling.dir/home/aselsan/Desktop/IMX7/cortex_m4/freeRtos/freertos-colibri-imx7/examples/imx7_colibri_m4/pin_mux.c.obj
LOAD CMakeFiles/uart_polling.dir/home/aselsan/Desktop/IMX7/cortex_m4/freeRtos/freertos-colibri-imx7/examples/imx7_colibri_m4/driver_examples/uart_imx/uart_polling/hardware_init.c.obj
LOAD CMakeFiles/uart_polling.dir/home/aselsan/Desktop/IMX7/cortex_m4/freeRtos/freertos-colibri-imx7/examples/imx7_colibri_m4/driver_examples/uart_imx/uart_polling/main.c.obj
START GROUP
LOAD /home/aselsan/Desktop/IMX7/toolchain/gcc-arm-none-eabi-4_9-2015q3/bin/../lib/gcc/arm-none-eabi/4.9.3/../../../../arm-none-eabi/lib/armv7e-m/fpu/libm.a
LOAD /home/aselsan/Desktop/IMX7/toolchain/gcc-arm-none-eabi-4_9-2015q3/bin/../lib/gcc/arm-none-eabi/4.9.3/../../../../arm-none-eabi/lib/armv7e-m/fpu/libc_nano.a
LOAD /home/aselsan/Desktop/IMX7/toolchain/gcc-arm-none-eabi-4_9-2015q3/bin/../lib/gcc/arm-none-eabi/4.9.3/armv7e-m/fpu/libgcc.a
LOAD /home/aselsan/Desktop/IMX7/toolchain/gcc-arm-none-eabi-4_9-2015q3/bin/../lib/gcc/arm-none-eabi/4.9.3/../../../../arm-none-eabi/lib/armv7e-m/fpu/libnosys.a
END GROUP
START GROUP
LOAD /home/aselsan/Desktop/IMX7/toolchain/gcc-arm-none-eabi-4_9-2015q3/bin/../lib/gcc/arm-none-eabi/4.9.3/armv7e-m/fpu/libgcc.a
LOAD /home/aselsan/Desktop/IMX7/toolchain/gcc-arm-none-eabi-4_9-2015q3/bin/../lib/gcc/arm-none-eabi/4.9.3/../../../../arm-none-eabi/lib/armv7e-m/fpu/libg_nano.a
LOAD /home/aselsan/Desktop/IMX7/toolchain/gcc-arm-none-eabi-4_9-2015q3/bin/../lib/gcc/arm-none-eabi/4.9.3/../../../../arm-none-eabi/lib/armv7e-m/fpu/libc_nano.a
END GROUP
START GROUP
LOAD /home/aselsan/Desktop/IMX7/toolchain/gcc-arm-none-eabi-4_9-2015q3/bin/../lib/gcc/arm-none-eabi/4.9.3/armv7e-m/fpu/libgcc.a
LOAD /home/aselsan/Desktop/IMX7/toolchain/gcc-arm-none-eabi-4_9-2015q3/bin/../lib/gcc/arm-none-eabi/4.9.3/../../../../arm-none-eabi/lib/armv7e-m/fpu/libc_nano.a
LOAD /home/aselsan/Desktop/IMX7/toolchain/gcc-arm-none-eabi-4_9-2015q3/bin/../lib/gcc/arm-none-eabi/4.9.3/../../../../arm-none-eabi/lib/armv7e-m/fpu/libnosys.a
END GROUP
START GROUP
LOAD /home/aselsan/Desktop/IMX7/toolchain/gcc-arm-none-eabi-4_9-2015q3/bin/../lib/gcc/arm-none-eabi/4.9.3/armv7e-m/fpu/libgcc.a
LOAD /home/aselsan/Desktop/IMX7/toolchain/gcc-arm-none-eabi-4_9-2015q3/bin/../lib/gcc/arm-none-eabi/4.9.3/../../../../arm-none-eabi/lib/armv7e-m/fpu/libc_nano.a
LOAD /home/aselsan/Desktop/IMX7/toolchain/gcc-arm-none-eabi-4_9-2015q3/bin/../lib/gcc/arm-none-eabi/4.9.3/../../../../arm-none-eabi/lib/armv7e-m/fpu/libnosys.a
END GROUP
LOAD /home/aselsan/Desktop/IMX7/toolchain/gcc-arm-none-eabi-4_9-2015q3/bin/../lib/gcc/arm-none-eabi/4.9.3/armv7e-m/fpu/crtend.o
LOAD /home/aselsan/Desktop/IMX7/toolchain/gcc-arm-none-eabi-4_9-2015q3/bin/../lib/gcc/arm-none-eabi/4.9.3/armv7e-m/fpu/crtn.o
                0x1fff8000                TCML_code = 0x1fff8000
                0x20000000                TCMU_system = 0x20000000
                0x00000000                OCRAM_S_code = 0x0
                0x00180000                OCRAM_S_system = 0x180000
                0x00900000                OCRAM_code = 0x900000
                0x20200000                OCRAM_system = 0x20200000
                0x00920000                OCRAM_EPDC_code = 0x920000
                0x20220000                OCRAM_EPDC_system = 0x20220000
                0x10000000                DDR_code = 0x10000000
                0x80000000                DDR_system = 0x80000000
                0x00000400                HEAP_SIZE = DEFINED (__heap_size__)?__heap_size__:0x400
                0x00000400                STACK_SIZE = DEFINED (__stack_size__)?__stack_size__:0x400
                0x00000000                __FLASH_START = ORIGIN (m_interrupts)
                0x20000000                __FLASH_END = (ORIGIN (m_text) + 0x8000)

.interrupts     0x00000000      0x240
                0x00000000                __VECTOR_TABLE = .
                0x00000000                . = ALIGN (0x4)
 *(.isr_vector)
 .isr_vector    0x00000000      0x240 CMakeFiles/uart_polling.dir/home/aselsan/Desktop/IMX7/cortex_m4/freeRtos/freertos-colibri-imx7/platform/devices/MCIMX7D/startup/gcc/startup_MCIMX7D_M4.S.obj
                0x00000000                __isr_vector
                0x00000240                . = ALIGN (0x4)

.text           0x1fff8000     0x1b78
                0x1fff8000                . = ALIGN (0x4)
 *(.text)
 .text          0x1fff8000       0x5c /home/aselsan/Desktop/IMX7/toolchain/gcc-arm-none-eabi-4_9-2015q3/bin/../lib/gcc/arm-none-eabi/4.9.3/armv7e-m/fpu/crtbegin.o
 .text          0x1fff805c       0x74 /home/aselsan/Desktop/IMX7/toolchain/gcc-arm-none-eabi-4_9-2015q3/bin/../lib/gcc/arm-none-eabi/4.9.3/../../../../arm-none-eabi/lib/armv7e-m/fpu/crt0.o
                0x1fff805c                _mainCRTStartup
                0x1fff805c                _start
 .text          0x1fff80d0       0x24 CMakeFiles/uart_polling.dir/home/aselsan/Desktop/IMX7/cortex_m4/freeRtos/freertos-colibri-imx7/platform/devices/MCIMX7D/startup/gcc/startup_MCIMX7D_M4.S.obj
                0x1fff80d0                Reset_Handler
                0x1fff80f0                ENET2_MAC0_TRANS1_Handler
                0x1fff80f0                SAI3_Handler
                0x1fff80f0                DebugMon_Handler
                0x1fff80f0                USB_OH3_OTG2_1_Handler
                0x1fff80f0                GPIO3_INT31_16_Handler
                0x1fff80f0                eCSPI4_Handler
                0x1fff80f0                SIM2_Handler
                0x1fff80f0                FLEXCAN1_Handler
                0x1fff80f0                UART3_Handler
                0x1fff80f0                UART2_Handler
                0x1fff80f0                GPIO1_INT3_Handler
                0x1fff80f0                HardFault_Handler
                0x1fff80f0                SNVS_SECURITY_Handler
                0x1fff80f0                SEMA4_HS_M4_Handler
                0x1fff80f0                SysTick_Handler
                0x1fff80f0                GPIO6_INT31_16_Handler
                0x1fff80f0                SRC_Handler
                0x1fff80f0                GPT2_Handler
                0x1fff80f0                CCM2_Handler
                0x1fff80f0                I2C1_Handler
                0x1fff80f0                CPU_CTI_Handler
                0x1fff80f0                PendSV_Handler
                0x1fff80f0                NMI_Handler
                0x1fff80f0                SAI1_Handler
                0x1fff80f0                ENET2_MAC0_IRQ_Handler
                0x1fff80f0                KPP_Handler
                0x1fff80f0                USB_OTG1_Handler
                0x1fff80f0                MIPI_CSI_Handler
                0x1fff80f0                WDOG4_Handler
                0x1fff80f0                Reserved9_Handler
                0x1fff80f0                QSPI_Handler
                0x1fff80f0                CAAM_QUEUE_Handler
                0x1fff80f0                GPIO2_INT15_0_Handler
                0x1fff80f0                PCIE_CTRL4_Handler
                0x1fff80f0                uSDHC2_Handler
                0x1fff80f0                GPIO1_INT6_Handler
                0x1fff80f0                PCIE_CTRL_REQUEST_Handler
                0x1fff80f0                SCTR1_Handler
                0x1fff80f0                RDC_Handler
                0x1fff80f0                EPDC_Handler
                0x1fff80f0                CCM1_Handler
                0x1fff80f0                UsageFault_Handler
                0x1fff80f0                ADC1_Handler
                0x1fff80f0                GPIO1_INT0_Handler
                0x1fff80f0                Analog_brown_out_Handler
                0x1fff80f0                PXP2_Handler
                0x1fff80f0                SEMA4_HS_A7_Handler
                0x1fff80f0                RTIC_Handler
                0x1fff80f0                DefaultISR
                0x1fff80f0                GPIO6_INT15_0_Handler
                0x1fff80f0                SCTR2_Handler
                0x1fff80f0                WDOG3_Handler
                0x1fff80f0                USB_OH2_OTG_Handler
                0x1fff80f0                SAI2_Handler
                0x1fff80f0                GPIO3_INT15_0_Handler
                0x1fff80f0                FTM2_Handler
                0x1fff80f0                eCSPI1_Handler
                0x1fff80f0                GPC_Handler
                0x1fff80f0                GPIO1_INT15_0_Handler
                0x1fff80f0                UART1_Handler
                0x1fff80f0                ENET1_MAC0_TRANS2_Handler
                0x1fff80f0                eCSPI3_Handler
                0x1fff80f0                BCH_Handler
                0x1fff80f0                CAAM_ERROR_Handler
                0x1fff80f0                Analog_TempSensor_Handler
                0x1fff80f0                PXP1_Handler
                0x1fff80f0                SNVS_Handler
                0x1fff80f0                GPT4_Handler
                0x1fff80f0                GPIO5_INT15_0_Handler
                0x1fff80f0                ENET2_MAC0_TRANS2_Handler
                0x1fff80f0                GPMI_Handler
                0x1fff80f0                I2C4_Handler
                0x1fff80f0                CCM_SRC_GPC_Handler
                0x1fff80f0                CPU_Handler
                0x1fff80f0                UART4_Handler
                0x1fff80f0                GPIO1_INT1_Handler
                0x1fff80f0                uSDHC3_Handler
                0x1fff80f0                EIM_Handler
                0x1fff80f0                PWM1_Handler
                0x1fff80f0                ENET2_1588_TIMER_IRQ_Handler
                0x1fff80f0                UART6_Handler
                0x1fff80f0                GPIO1_INT4_Handler
                0x1fff80f0                GPIO1_INT31_16_Handler
                0x1fff80f0                APBHDMA_Handler
                0x1fff80f0                uSDHC1_Handler
                0x1fff80f0                DBGMON_Handler
                0x1fff80f0                UART7_Handler
                0x1fff80f0                SDMA_Handler
                0x1fff80f0                GPT1_Handler
                0x1fff80f0                PWM3_Handler
                0x1fff80f0                PCIE_CTRL2_Handler
                0x1fff80f0                MemManage_Handler
                0x1fff80f0                GPIO5_INT31_16_Handler
                0x1fff80f0                TZASC1_Handler
                0x1fff80f0                I2C2_Handler
                0x1fff80f0                SVC_Handler
                0x1fff80f0                DAP_Handler
                0x1fff80f0                GPIO4_INT15_0_Handler
                0x1fff80f0                CSI_Handler
                0x1fff80f0                eCSPI2_Handler
                0x1fff80f0                ENET1_1588_TIMER_Handler
                0x1fff80f0                WDOG2_Handler
                0x1fff80f0                FLEXCAN2_Handler
                0x1fff80f0                PCIE_CTRL1_Handler
                0x1fff80f0                PCIE_CTRL3_Handler
                0x1fff80f0                GPT3_Handler
                0x1fff80f0                GPIO1_INT5_Handler
                0x1fff80f0                CAAM_WRAPPER2_Handler
                0x1fff80f0                SNVS_CONSOLIDATED_Handler
                0x1fff80f0                CAAM_WRAPPER1_Handler
                0x1fff80f0                GPIO4_INT31_16_Handler
                0x1fff80f0                GPIO1_INT2_Handler
                0x1fff80f0                LCDIF_Handler
                0x1fff80f0                UART5_Handler
                0x1fff80f0                PERFMON1_Handler
                0x1fff80f0                GPIO1_INT7_Handler
                0x1fff80f0                I2C3_Handler
                0x1fff80f0                CSU_Handler
                0x1fff80f0                MIPI_DSI_Handler
                0x1fff80f0                PWM2_Handler
                0x1fff80f0                GPR_Handler
                0x1fff80f0                SIM1_Handler
                0x1fff80f0                USB_OTG2_Handler
                0x1fff80f0                ENET1_MAC0_TRANS1_Handler
                0x1fff80f0                BusFault_Handler
                0x1fff80f0                MU_M4_Handler
                0x1fff80f0                USB_OH3_OTG2_2_Handler
                0x1fff80f0                ENET1_MAC0_Handler
                0x1fff80f0                PERFMON2_Handler
                0x1fff80f0                GPIO7_INT31_16_Handler
                0x1fff80f0                PWM4_Handler
                0x1fff80f0                GPIO2_INT31_16_Handler
                0x1fff80f0                FTM1_Handler
                0x1fff80f0                GPIO7_INT15_0_Handler
                0x1fff80f0                WDOG1_Handler
                0x1fff80f0                MU_A7_Handler
                0x1fff80f0                ADC2_Handler
                0x1fff80f0                TPR_Handler
 *(.text*)
 .text.SystemInit
                0x1fff80f4       0xe0 CMakeFiles/uart_polling.dir/home/aselsan/Desktop/IMX7/cortex_m4/freeRtos/freertos-colibri-imx7/platform/devices/MCIMX7D/startup/system_MCIMX7D_M4.c.obj
                0x1fff80f4                SystemInit
 .text.CCM_ANALOG_GetSysPllFreq
                0x1fff81d4       0x34 CMakeFiles/uart_polling.dir/home/aselsan/Desktop/IMX7/cortex_m4/freeRtos/freertos-colibri-imx7/platform/drivers/src/ccm_analog_imx7d.c.obj
                0x1fff81d4                CCM_ANALOG_GetSysPllFreq
 .text.CCM_GetRootDivider
                0x1fff8208       0x34 CMakeFiles/uart_polling.dir/home/aselsan/Desktop/IMX7/cortex_m4/freeRtos/freertos-colibri-imx7/platform/drivers/src/ccm_imx7d.c.obj
                0x1fff8208                CCM_GetRootDivider
 .text.CCM_UpdateRoot
                0x1fff823c       0x58 CMakeFiles/uart_polling.dir/home/aselsan/Desktop/IMX7/cortex_m4/freeRtos/freertos-colibri-imx7/platform/drivers/src/ccm_imx7d.c.obj
                0x1fff823c                CCM_UpdateRoot
 .text.UART_Deinit
                0x1fff8294       0x60 CMakeFiles/uart_polling.dir/home/aselsan/Desktop/IMX7/cortex_m4/freeRtos/freertos-colibri-imx7/platform/drivers/src/uart_imx.c.obj
                0x1fff8294                UART_Deinit
 .text.UART_SetBaudRate
                0x1fff82f4       0xec CMakeFiles/uart_polling.dir/home/aselsan/Desktop/IMX7/cortex_m4/freeRtos/freertos-colibri-imx7/platform/drivers/src/uart_imx.c.obj
                0x1fff82f4                UART_SetBaudRate
 .text.UART_Init
                0x1fff83e0       0x64 CMakeFiles/uart_polling.dir/home/aselsan/Desktop/IMX7/cortex_m4/freeRtos/freertos-colibri-imx7/platform/drivers/src/uart_imx.c.obj
                0x1fff83e0                UART_Init
 .text.UART_GetStatusFlag
                0x1fff8444       0x10 CMakeFiles/uart_polling.dir/home/aselsan/Desktop/IMX7/cortex_m4/freeRtos/freertos-colibri-imx7/platform/drivers/src/uart_imx.c.obj
                0x1fff8444                UART_GetStatusFlag
 .text.UART_ClearStatusFlag
                0x1fff8454        0xc CMakeFiles/uart_polling.dir/home/aselsan/Desktop/IMX7/cortex_m4/freeRtos/freertos-colibri-imx7/platform/drivers/src/uart_imx.c.obj
                0x1fff8454                UART_ClearStatusFlag
 .text.UART_SetModemMode
                0x1fff8460       0x44 CMakeFiles/uart_polling.dir/home/aselsan/Desktop/IMX7/cortex_m4/freeRtos/freertos-colibri-imx7/platform/drivers/src/uart_imx.c.obj
                0x1fff8460                UART_SetModemMode
 .text._write   0x1fff84a4       0x38 CMakeFiles/uart_polling.dir/home/aselsan/Desktop/IMX7/cortex_m4/freeRtos/freertos-colibri-imx7/platform/utilities/src/debug_console_imx.c.obj
                0x1fff84a4                _write
 .text._read    0x1fff84dc       0x28 CMakeFiles/uart_polling.dir/home/aselsan/Desktop/IMX7/cortex_m4/freeRtos/freertos-colibri-imx7/platform/utilities/src/debug_console_imx.c.obj
                0x1fff84dc                _read
 .text.BOARD_ClockInit
                0x1fff8504       0x98 CMakeFiles/uart_polling.dir/home/aselsan/Desktop/IMX7/cortex_m4/freeRtos/freertos-colibri-imx7/examples/imx7_colibri_m4/board.c.obj
                0x1fff8504                BOARD_ClockInit
 .text.BOARD_RdcInit
                0x1fff859c       0x10 CMakeFiles/uart_polling.dir/home/aselsan/Desktop/IMX7/cortex_m4/freeRtos/freertos-colibri-imx7/examples/imx7_colibri_m4/board.c.obj
                0x1fff859c                BOARD_RdcInit
 .text.get_uart_clock_freq
                0x1fff85ac       0xd4 CMakeFiles/uart_polling.dir/home/aselsan/Desktop/IMX7/cortex_m4/freeRtos/freertos-colibri-imx7/examples/imx7_colibri_m4/clock_freq.c.obj
                0x1fff85ac                get_uart_clock_freq
 .text.configure_uart_pins
                0x1fff8680       0x7c CMakeFiles/uart_polling.dir/home/aselsan/Desktop/IMX7/cortex_m4/freeRtos/freertos-colibri-imx7/examples/imx7_colibri_m4/pin_mux.c.obj
                0x1fff8680                configure_uart_pins
 .text.hardware_init
                0x1fff86fc       0x58 CMakeFiles/uart_polling.dir/home/aselsan/Desktop/IMX7/cortex_m4/freeRtos/freertos-colibri-imx7/examples/imx7_colibri_m4/driver_examples/uart_imx/uart_polling/hardware_init.c.obj
                0x1fff86fc                hardware_init
 .text.UART_SendDataPolling
                0x1fff8754       0x28 CMakeFiles/uart_polling.dir/home/aselsan/Desktop/IMX7/cortex_m4/freeRtos/freertos-colibri-imx7/examples/imx7_colibri_m4/driver_examples/uart_imx/uart_polling/main.c.obj
 .text.UART_ReceiveDataPolling
                0x1fff877c       0x40 CMakeFiles/uart_polling.dir/home/aselsan/Desktop/IMX7/cortex_m4/freeRtos/freertos-colibri-imx7/examples/imx7_colibri_m4/driver_examples/uart_imx/uart_polling/main.c.obj
 .text.main     0x1fff87bc       0xa8 CMakeFiles/uart_polling.dir/home/aselsan/Desktop/IMX7/cortex_m4/freeRtos/freertos-colibri-imx7/examples/imx7_colibri_m4/driver_examples/uart_imx/uart_polling/main.c.obj
                0x1fff87bc                main
 .text.__assert_func
                0x1fff8864       0x38 /home/aselsan/Desktop/IMX7/toolchain/gcc-arm-none-eabi-4_9-2015q3/bin/../lib/gcc/arm-none-eabi/4.9.3/../../../../arm-none-eabi/lib/armv7e-m/fpu/libc_nano.a(lib_a-assert.o)
                0x1fff8864                __assert_func
 .text.exit     0x1fff889c       0x28 /home/aselsan/Desktop/IMX7/toolchain/gcc-arm-none-eabi-4_9-2015q3/bin/../lib/gcc/arm-none-eabi/4.9.3/../../../../arm-none-eabi/lib/armv7e-m/fpu/libc_nano.a(lib_a-exit.o)
                0x1fff889c                exit
 .text.fprintf  0x1fff88c4       0x24 /home/aselsan/Desktop/IMX7/toolchain/gcc-arm-none-eabi-4_9-2015q3/bin/../lib/gcc/arm-none-eabi/4.9.3/../../../../arm-none-eabi/lib/armv7e-m/fpu/libc_nano.a(lib_a-fprintf.o)
                0x1fff88c4                fprintf
                0x1fff88c4                fiprintf
 .text.__libc_init_array
                0x1fff88e8       0x4c /home/aselsan/Desktop/IMX7/toolchain/gcc-arm-none-eabi-4_9-2015q3/bin/../lib/gcc/arm-none-eabi/4.9.3/../../../../arm-none-eabi/lib/armv7e-m/fpu/libc_nano.a(lib_a-init.o)
                0x1fff88e8                __libc_init_array
 .text.memset   0x1fff8934       0x10 /home/aselsan/Desktop/IMX7/toolchain/gcc-arm-none-eabi-4_9-2015q3/bin/../lib/gcc/arm-none-eabi/4.9.3/../../../../arm-none-eabi/lib/armv7e-m/fpu/libc_nano.a(lib_a-memset.o)
                0x1fff8934                memset
 .text.__sfputc_r
                0x1fff8944       0x2c /home/aselsan/Desktop/IMX7/toolchain/gcc-arm-none-eabi-4_9-2015q3/bin/../lib/gcc/arm-none-eabi/4.9.3/../../../../arm-none-eabi/lib/armv7e-m/fpu/libc_nano.a(lib_a-nano-vfprintf.o)
 .text.__sfputs_r
                0x1fff8970       0x24 /home/aselsan/Desktop/IMX7/toolchain/gcc-arm-none-eabi-4_9-2015q3/bin/../lib/gcc/arm-none-eabi/4.9.3/../../../../arm-none-eabi/lib/armv7e-m/fpu/libc_nano.a(lib_a-nano-vfprintf.o)
                0x1fff8970                __sfputs_r
 .text._vfprintf_r
                0x1fff8994      0x210 /home/aselsan/Desktop/IMX7/toolchain/gcc-arm-none-eabi-4_9-2015q3/bin/../lib/gcc/arm-none-eabi/4.9.3/../../../../arm-none-eabi/lib/armv7e-m/fpu/libc_nano.a(lib_a-nano-vfprintf.o)
                0x1fff8994                _vfiprintf_r
                0x1fff8994                _vfprintf_r
 .text._printf_common
                0x1fff8ba4       0xea /home/aselsan/Desktop/IMX7/toolchain/gcc-arm-none-eabi-4_9-2015q3/bin/../lib/gcc/arm-none-eabi/4.9.3/../../../../arm-none-eabi/lib/armv7e-m/fpu/libc_nano.a(lib_a-nano-vfprintf_i.o)
                0x1fff8ba4                _printf_common
 *fill*         0x1fff8c8e        0x2 
 .text._printf_i
                0x1fff8c90      0x240 /home/aselsan/Desktop/IMX7/toolchain/gcc-arm-none-eabi-4_9-2015q3/bin/../lib/gcc/arm-none-eabi/4.9.3/../../../../arm-none-eabi/lib/armv7e-m/fpu/libc_nano.a(lib_a-nano-vfprintf_i.o)
                0x1fff8c90                _printf_i
 .text.__swbuf_r
                0x1fff8ed0       0xa8 /home/aselsan/Desktop/IMX7/toolchain/gcc-arm-none-eabi-4_9-2015q3/bin/../lib/gcc/arm-none-eabi/4.9.3/../../../../arm-none-eabi/lib/armv7e-m/fpu/libc_nano.a(lib_a-wbuf.o)
                0x1fff8ed0                __swbuf_r
 .text.__swsetup_r
                0x1fff8f78       0xd8 /home/aselsan/Desktop/IMX7/toolchain/gcc-arm-none-eabi-4_9-2015q3/bin/../lib/gcc/arm-none-eabi/4.9.3/../../../../arm-none-eabi/lib/armv7e-m/fpu/libc_nano.a(lib_a-wsetup.o)
                0x1fff8f78                __swsetup_r
 .text.abort    0x1fff9050        0xe /home/aselsan/Desktop/IMX7/toolchain/gcc-arm-none-eabi-4_9-2015q3/bin/../lib/gcc/arm-none-eabi/4.9.3/../../../../arm-none-eabi/lib/armv7e-m/fpu/libc_nano.a(lib_a-abort.o)
                0x1fff9050                abort
 .text.__sflush_r
                0x1fff905e      0x108 /home/aselsan/Desktop/IMX7/toolchain/gcc-arm-none-eabi-4_9-2015q3/bin/../lib/gcc/arm-none-eabi/4.9.3/../../../../arm-none-eabi/lib/armv7e-m/fpu/libc_nano.a(lib_a-fflush.o)
                0x1fff905e                __sflush_r
 *fill*         0x1fff9166        0x2 
 .text._fflush_r
                0x1fff9168       0x54 /home/aselsan/Desktop/IMX7/toolchain/gcc-arm-none-eabi-4_9-2015q3/bin/../lib/gcc/arm-none-eabi/4.9.3/../../../../arm-none-eabi/lib/armv7e-m/fpu/libc_nano.a(lib_a-fflush.o)
                0x1fff9168                _fflush_r
 .text._cleanup_r
                0x1fff91bc        0xc /home/aselsan/Desktop/IMX7/toolchain/gcc-arm-none-eabi-4_9-2015q3/bin/../lib/gcc/arm-none-eabi/4.9.3/../../../../arm-none-eabi/lib/armv7e-m/fpu/libc_nano.a(lib_a-findfp.o)
                0x1fff91bc                _cleanup_r
 .text.std.isra.0
                0x1fff91c8       0x48 /home/aselsan/Desktop/IMX7/toolchain/gcc-arm-none-eabi-4_9-2015q3/bin/../lib/gcc/arm-none-eabi/4.9.3/../../../../arm-none-eabi/lib/armv7e-m/fpu/libc_nano.a(lib_a-findfp.o)
 .text.__sfmoreglue
                0x1fff9210       0x2c /home/aselsan/Desktop/IMX7/toolchain/gcc-arm-none-eabi-4_9-2015q3/bin/../lib/gcc/arm-none-eabi/4.9.3/../../../../arm-none-eabi/lib/armv7e-m/fpu/libc_nano.a(lib_a-findfp.o)
                0x1fff9210                __sfmoreglue
 .text.__sinit  0x1fff923c       0x60 /home/aselsan/Desktop/IMX7/toolchain/gcc-arm-none-eabi-4_9-2015q3/bin/../lib/gcc/arm-none-eabi/4.9.3/../../../../arm-none-eabi/lib/armv7e-m/fpu/libc_nano.a(lib_a-findfp.o)
                0x1fff923c                __sinit
 .text.__sfp    0x1fff929c       0x74 /home/aselsan/Desktop/IMX7/toolchain/gcc-arm-none-eabi-4_9-2015q3/bin/../lib/gcc/arm-none-eabi/4.9.3/../../../../arm-none-eabi/lib/armv7e-m/fpu/libc_nano.a(lib_a-findfp.o)
                0x1fff929c                __sfp
 .text._fwalk_reent
                0x1fff9310       0x3c /home/aselsan/Desktop/IMX7/toolchain/gcc-arm-none-eabi-4_9-2015q3/bin/../lib/gcc/arm-none-eabi/4.9.3/../../../../arm-none-eabi/lib/armv7e-m/fpu/libc_nano.a(lib_a-fwalk.o)
                0x1fff9310                _fwalk_reent
 .text.__smakebuf_r
                0x1fff934c       0x9c /home/aselsan/Desktop/IMX7/toolchain/gcc-arm-none-eabi-4_9-2015q3/bin/../lib/gcc/arm-none-eabi/4.9.3/../../../../arm-none-eabi/lib/armv7e-m/fpu/libc_nano.a(lib_a-makebuf.o)
                0x1fff934c                __smakebuf_r
 .text.memchr   0x1fff93e8       0x1e /home/aselsan/Desktop/IMX7/toolchain/gcc-arm-none-eabi-4_9-2015q3/bin/../lib/gcc/arm-none-eabi/4.9.3/../../../../arm-none-eabi/lib/armv7e-m/fpu/libc_nano.a(lib_a-memchr.o)
                0x1fff93e8                memchr
 *fill*         0x1fff9406        0x2 
 .text._free_r  0x1fff9408       0x88 /home/aselsan/Desktop/IMX7/toolchain/gcc-arm-none-eabi-4_9-2015q3/bin/../lib/gcc/arm-none-eabi/4.9.3/../../../../arm-none-eabi/lib/armv7e-m/fpu/libc_nano.a(lib_a-nano-freer.o)
                0x1fff9408                _free_r
 .text._malloc_r
                0x1fff9490       0xac /home/aselsan/Desktop/IMX7/toolchain/gcc-arm-none-eabi-4_9-2015q3/bin/../lib/gcc/arm-none-eabi/4.9.3/../../../../arm-none-eabi/lib/armv7e-m/fpu/libc_nano.a(lib_a-nano-mallocr.o)
                0x1fff9490                _malloc_r
 .text._sbrk_r  0x1fff953c       0x20 /home/aselsan/Desktop/IMX7/toolchain/gcc-arm-none-eabi-4_9-2015q3/bin/../lib/gcc/arm-none-eabi/4.9.3/../../../../arm-none-eabi/lib/armv7e-m/fpu/libc_nano.a(lib_a-sbrkr.o)
                0x1fff953c                _sbrk_r
 .text._raise_r
                0x1fff955c       0x50 /home/aselsan/Desktop/IMX7/toolchain/gcc-arm-none-eabi-4_9-2015q3/bin/../lib/gcc/arm-none-eabi/4.9.3/../../../../arm-none-eabi/lib/armv7e-m/fpu/libc_nano.a(lib_a-signal.o)
                0x1fff955c                _raise_r
 .text.raise    0x1fff95ac       0x10 /home/aselsan/Desktop/IMX7/toolchain/gcc-arm-none-eabi-4_9-2015q3/bin/../lib/gcc/arm-none-eabi/4.9.3/../../../../arm-none-eabi/lib/armv7e-m/fpu/libc_nano.a(lib_a-signal.o)
                0x1fff95ac                raise
 .text._kill_r  0x1fff95bc       0x24 /home/aselsan/Desktop/IMX7/toolchain/gcc-arm-none-eabi-4_9-2015q3/bin/../lib/gcc/arm-none-eabi/4.9.3/../../../../arm-none-eabi/lib/armv7e-m/fpu/libc_nano.a(lib_a-signalr.o)
                0x1fff95bc                _kill_r
 .text._getpid_r
                0x1fff95e0        0x4 /home/aselsan/Desktop/IMX7/toolchain/gcc-arm-none-eabi-4_9-2015q3/bin/../lib/gcc/arm-none-eabi/4.9.3/../../../../arm-none-eabi/lib/armv7e-m/fpu/libc_nano.a(lib_a-signalr.o)
                0x1fff95e0                _getpid_r
 .text.__sread  0x1fff95e4       0x22 /home/aselsan/Desktop/IMX7/toolchain/gcc-arm-none-eabi-4_9-2015q3/bin/../lib/gcc/arm-none-eabi/4.9.3/../../../../arm-none-eabi/lib/armv7e-m/fpu/libc_nano.a(lib_a-stdio.o)
                0x1fff95e4                __sread
 .text.__swrite
                0x1fff9606       0x38 /home/aselsan/Desktop/IMX7/toolchain/gcc-arm-none-eabi-4_9-2015q3/bin/../lib/gcc/arm-none-eabi/4.9.3/../../../../arm-none-eabi/lib/armv7e-m/fpu/libc_nano.a(lib_a-stdio.o)
                0x1fff9606                __swrite
 .text.__sseek  0x1fff963e       0x24 /home/aselsan/Desktop/IMX7/toolchain/gcc-arm-none-eabi-4_9-2015q3/bin/../lib/gcc/arm-none-eabi/4.9.3/../../../../arm-none-eabi/lib/armv7e-m/fpu/libc_nano.a(lib_a-stdio.o)
                0x1fff963e                __sseek
 .text.__sclose
                0x1fff9662        0x8 /home/aselsan/Desktop/IMX7/toolchain/gcc-arm-none-eabi-4_9-2015q3/bin/../lib/gcc/arm-none-eabi/4.9.3/../../../../arm-none-eabi/lib/armv7e-m/fpu/libc_nano.a(lib_a-stdio.o)
                0x1fff9662                __sclose
 *fill*         0x1fff966a        0x2 
 .text._write_r
                0x1fff966c       0x24 /home/aselsan/Desktop/IMX7/toolchain/gcc-arm-none-eabi-4_9-2015q3/bin/../lib/gcc/arm-none-eabi/4.9.3/../../../../arm-none-eabi/lib/armv7e-m/fpu/libc_nano.a(lib_a-writer.o)
                0x1fff966c                _write_r
 .text._close_r
                0x1fff9690       0x20 /home/aselsan/Desktop/IMX7/toolchain/gcc-arm-none-eabi-4_9-2015q3/bin/../lib/gcc/arm-none-eabi/4.9.3/../../../../arm-none-eabi/lib/armv7e-m/fpu/libc_nano.a(lib_a-closer.o)
                0x1fff9690                _close_r
 .text._fstat_r
                0x1fff96b0       0x24 /home/aselsan/Desktop/IMX7/toolchain/gcc-arm-none-eabi-4_9-2015q3/bin/../lib/gcc/arm-none-eabi/4.9.3/../../../../arm-none-eabi/lib/armv7e-m/fpu/libc_nano.a(lib_a-fstatr.o)
                0x1fff96b0                _fstat_r
 .text._isatty_r
                0x1fff96d4       0x20 /home/aselsan/Desktop/IMX7/toolchain/gcc-arm-none-eabi-4_9-2015q3/bin/../lib/gcc/arm-none-eabi/4.9.3/../../../../arm-none-eabi/lib/armv7e-m/fpu/libc_nano.a(lib_a-isattyr.o)
                0x1fff96d4                _isatty_r
 .text._lseek_r
                0x1fff96f4       0x24 /home/aselsan/Desktop/IMX7/toolchain/gcc-arm-none-eabi-4_9-2015q3/bin/../lib/gcc/arm-none-eabi/4.9.3/../../../../arm-none-eabi/lib/armv7e-m/fpu/libc_nano.a(lib_a-lseekr.o)
                0x1fff96f4                _lseek_r
 .text._read_r  0x1fff9718       0x24 /home/aselsan/Desktop/IMX7/toolchain/gcc-arm-none-eabi-4_9-2015q3/bin/../lib/gcc/arm-none-eabi/4.9.3/../../../../arm-none-eabi/lib/armv7e-m/fpu/libc_nano.a(lib_a-readr.o)
                0x1fff9718                _read_r
 .text._close   0x1fff973c       0x10 /home/aselsan/Desktop/IMX7/toolchain/gcc-arm-none-eabi-4_9-2015q3/bin/../lib/gcc/arm-none-eabi/4.9.3/../../../../arm-none-eabi/lib/armv7e-m/fpu/libnosys.a(close.o)
                0x1fff973c                _close
 .text._fstat   0x1fff974c       0x10 /home/aselsan/Desktop/IMX7/toolchain/gcc-arm-none-eabi-4_9-2015q3/bin/../lib/gcc/arm-none-eabi/4.9.3/../../../../arm-none-eabi/lib/armv7e-m/fpu/libnosys.a(fstat.o)
                0x1fff974c                _fstat
 .text._getpid  0x1fff975c       0x10 /home/aselsan/Desktop/IMX7/toolchain/gcc-arm-none-eabi-4_9-2015q3/bin/../lib/gcc/arm-none-eabi/4.9.3/../../../../arm-none-eabi/lib/armv7e-m/fpu/libnosys.a(getpid.o)
                0x1fff975c                _getpid
 .text._isatty  0x1fff976c       0x10 /home/aselsan/Desktop/IMX7/toolchain/gcc-arm-none-eabi-4_9-2015q3/bin/../lib/gcc/arm-none-eabi/4.9.3/../../../../arm-none-eabi/lib/armv7e-m/fpu/libnosys.a(isatty.o)
                0x1fff976c                _isatty
 .text._kill    0x1fff977c       0x10 /home/aselsan/Desktop/IMX7/toolchain/gcc-arm-none-eabi-4_9-2015q3/bin/../lib/gcc/arm-none-eabi/4.9.3/../../../../arm-none-eabi/lib/armv7e-m/fpu/libnosys.a(kill.o)
                0x1fff977c                _kill
 .text._lseek   0x1fff978c       0x10 /home/aselsan/Desktop/IMX7/toolchain/gcc-arm-none-eabi-4_9-2015q3/bin/../lib/gcc/arm-none-eabi/4.9.3/../../../../arm-none-eabi/lib/armv7e-m/fpu/libnosys.a(lseek.o)
                0x1fff978c                _lseek
 .text._sbrk    0x1fff979c       0x1c /home/aselsan/Desktop/IMX7/toolchain/gcc-arm-none-eabi-4_9-2015q3/bin/../lib/gcc/arm-none-eabi/4.9.3/../../../../arm-none-eabi/lib/armv7e-m/fpu/libnosys.a(sbrk.o)
                0x1fff979c                _sbrk
 .text._exit    0x1fff97b8        0x4 /home/aselsan/Desktop/IMX7/toolchain/gcc-arm-none-eabi-4_9-2015q3/bin/../lib/gcc/arm-none-eabi/4.9.3/../../../../arm-none-eabi/lib/armv7e-m/fpu/libnosys.a(_exit.o)
                0x1fff97b8                _exit
 *(.rodata)
 *(.rodata*)
 .rodata.str1.4
                0x1fff97bc       0x88 CMakeFiles/uart_polling.dir/home/aselsan/Desktop/IMX7/cortex_m4/freeRtos/freertos-colibri-imx7/platform/drivers/src/ccm_imx7d.c.obj
 .rodata.__func__.8026
                0x1fff9844       0x13 CMakeFiles/uart_polling.dir/home/aselsan/Desktop/IMX7/cortex_m4/freeRtos/freertos-colibri-imx7/platform/drivers/src/ccm_imx7d.c.obj
 *fill*         0x1fff9857        0x1 
 .rodata.__func__.8034
                0x1fff9858        0xf CMakeFiles/uart_polling.dir/home/aselsan/Desktop/IMX7/cortex_m4/freeRtos/freertos-colibri-imx7/platform/drivers/src/ccm_imx7d.c.obj
 *fill*         0x1fff9867        0x1 
 .rodata.str1.4
                0x1fff9868      0x154 CMakeFiles/uart_polling.dir/home/aselsan/Desktop/IMX7/cortex_m4/freeRtos/freertos-colibri-imx7/platform/drivers/src/uart_imx.c.obj
                                0x152 (size before relaxing)
 .rodata.__func__.8008
                0x1fff99bc        0xa CMakeFiles/uart_polling.dir/home/aselsan/Desktop/IMX7/cortex_m4/freeRtos/freertos-colibri-imx7/platform/drivers/src/uart_imx.c.obj
 *fill*         0x1fff99c6        0x2 
 .rodata.__func__.8095
                0x1fff99c8       0x12 CMakeFiles/uart_polling.dir/home/aselsan/Desktop/IMX7/cortex_m4/freeRtos/freertos-colibri-imx7/platform/drivers/src/uart_imx.c.obj
 *fill*         0x1fff99da        0x2 
 .rodata.bufferData1
                0x1fff99dc       0x49 CMakeFiles/uart_polling.dir/home/aselsan/Desktop/IMX7/cortex_m4/freeRtos/freertos-colibri-imx7/examples/imx7_colibri_m4/driver_examples/uart_imx/uart_polling/main.c.obj
                0x1fff99dc                bufferData1
 *fill*         0x1fff9a25        0x3 
 .rodata.bufferData2
                0x1fff9a28       0x60 CMakeFiles/uart_polling.dir/home/aselsan/Desktop/IMX7/cortex_m4/freeRtos/freertos-colibri-imx7/examples/imx7_colibri_m4/driver_examples/uart_imx/uart_polling/main.c.obj
                0x1fff9a28                bufferData2
 .rodata.str1.1
                0x1fff9a88       0x3c /home/aselsan/Desktop/IMX7/toolchain/gcc-arm-none-eabi-4_9-2015q3/bin/../lib/gcc/arm-none-eabi/4.9.3/../../../../arm-none-eabi/lib/armv7e-m/fpu/libc_nano.a(lib_a-assert.o)
                                 0x3d (size before relaxing)
 .rodata.str1.1
                0x1fff9ac4        0x2 /home/aselsan/Desktop/IMX7/toolchain/gcc-arm-none-eabi-4_9-2015q3/bin/../lib/gcc/arm-none-eabi/4.9.3/../../../../arm-none-eabi/lib/armv7e-m/fpu/libc_nano.a(lib_a-impure.o)
 *fill*         0x1fff9ac6        0x2 
 .rodata._global_impure_ptr
                0x1fff9ac8        0x4 /home/aselsan/Desktop/IMX7/toolchain/gcc-arm-none-eabi-4_9-2015q3/bin/../lib/gcc/arm-none-eabi/4.9.3/../../../../arm-none-eabi/lib/armv7e-m/fpu/libc_nano.a(lib_a-impure.o)
                0x1fff9ac8                _global_impure_ptr
 .rodata.str1.1
                0x1fff9acc       0x11 /home/aselsan/Desktop/IMX7/toolchain/gcc-arm-none-eabi-4_9-2015q3/bin/../lib/gcc/arm-none-eabi/4.9.3/../../../../arm-none-eabi/lib/armv7e-m/fpu/libc_nano.a(lib_a-nano-vfprintf.o)
 .rodata.str1.1
                0x1fff9add       0x22 /home/aselsan/Desktop/IMX7/toolchain/gcc-arm-none-eabi-4_9-2015q3/bin/../lib/gcc/arm-none-eabi/4.9.3/../../../../arm-none-eabi/lib/armv7e-m/fpu/libc_nano.a(lib_a-nano-vfprintf_i.o)
 *fill*         0x1fff9aff        0x1 
 .rodata.__sf_fake_stdin
                0x1fff9b00       0x20 /home/aselsan/Desktop/IMX7/toolchain/gcc-arm-none-eabi-4_9-2015q3/bin/../lib/gcc/arm-none-eabi/4.9.3/../../../../arm-none-eabi/lib/armv7e-m/fpu/libc_nano.a(lib_a-findfp.o)
                0x1fff9b00                __sf_fake_stdin
 .rodata.__sf_fake_stdout
                0x1fff9b20       0x20 /home/aselsan/Desktop/IMX7/toolchain/gcc-arm-none-eabi-4_9-2015q3/bin/../lib/gcc/arm-none-eabi/4.9.3/../../../../arm-none-eabi/lib/armv7e-m/fpu/libc_nano.a(lib_a-findfp.o)
                0x1fff9b20                __sf_fake_stdout
 .rodata.__sf_fake_stderr
                0x1fff9b40       0x20 /home/aselsan/Desktop/IMX7/toolchain/gcc-arm-none-eabi-4_9-2015q3/bin/../lib/gcc/arm-none-eabi/4.9.3/../../../../arm-none-eabi/lib/armv7e-m/fpu/libc_nano.a(lib_a-findfp.o)
                0x1fff9b40                __sf_fake_stderr
 *(.glue_7)
 .glue_7        0x00000000        0x0 linker stubs
 *(.glue_7t)
 .glue_7t       0x00000000        0x0 linker stubs
 *(.eh_frame)
 .eh_frame      0x1fff9b60        0x0 /home/aselsan/Desktop/IMX7/toolchain/gcc-arm-none-eabi-4_9-2015q3/bin/../lib/gcc/arm-none-eabi/4.9.3/armv7e-m/fpu/crtbegin.o
 *(.init)
 .init          0x1fff9b60        0x4 /home/aselsan/Desktop/IMX7/toolchain/gcc-arm-none-eabi-4_9-2015q3/bin/../lib/gcc/arm-none-eabi/4.9.3/armv7e-m/fpu/crti.o
                0x1fff9b60                _init
 .init          0x1fff9b64        0x8 /home/aselsan/Desktop/IMX7/toolchain/gcc-arm-none-eabi-4_9-2015q3/bin/../lib/gcc/arm-none-eabi/4.9.3/armv7e-m/fpu/crtn.o
 *(.fini)
 .fini          0x1fff9b6c        0x4 /home/aselsan/Desktop/IMX7/toolchain/gcc-arm-none-eabi-4_9-2015q3/bin/../lib/gcc/arm-none-eabi/4.9.3/armv7e-m/fpu/crti.o
                0x1fff9b6c                _fini
 .fini          0x1fff9b70        0x8 /home/aselsan/Desktop/IMX7/toolchain/gcc-arm-none-eabi-4_9-2015q3/bin/../lib/gcc/arm-none-eabi/4.9.3/armv7e-m/fpu/crtn.o
                0x1fff9b78                . = ALIGN (0x4)

.vfp11_veneer   0x1fff9b78        0x0
 .vfp11_veneer  0x00000000        0x0 linker stubs

.v4_bx          0x1fff9b78        0x0
 .v4_bx         0x00000000        0x0 linker stubs

.iplt           0x1fff9b78        0x0
 .iplt          0x00000000        0x0 /home/aselsan/Desktop/IMX7/toolchain/gcc-arm-none-eabi-4_9-2015q3/bin/../lib/gcc/arm-none-eabi/4.9.3/armv7e-m/fpu/crtbegin.o

.ARM.extab
 *(.ARM.extab* .gnu.linkonce.armextab.*)

.ARM            0x1fff9b78        0x8
                0x1fff9b78                __exidx_start = .
 *(.ARM.exidx*)
 .ARM.exidx     0x1fff9b78        0x8 /home/aselsan/Desktop/IMX7/toolchain/gcc-arm-none-eabi-4_9-2015q3/bin/../lib/gcc/arm-none-eabi/4.9.3/../../../../arm-none-eabi/lib/armv7e-m/fpu/crt0.o
                0x1fff9b80                __exidx_end = .

.rel.dyn        0x1fff9b80        0x0
 .rel.iplt      0x00000000        0x0 /home/aselsan/Desktop/IMX7/toolchain/gcc-arm-none-eabi-4_9-2015q3/bin/../lib/gcc/arm-none-eabi/4.9.3/armv7e-m/fpu/crtbegin.o

.ctors          0x1fff9b80        0x0
                0x1fff9b80                __CTOR_LIST__ = .
 *crtbegin.o(.ctors)
 *crtbegin?.o(.ctors)
 *(EXCLUDE_FILE(*crtend.o *crtend?.o) .ctors)
 *(SORT(.ctors.*))
 *(.ctors)
                0x1fff9b80                __CTOR_END__ = .

.dtors          0x1fff9b80        0x0
                0x1fff9b80                __DTOR_LIST__ = .
 *crtbegin.o(.dtors)
 *crtbegin?.o(.dtors)
 *(EXCLUDE_FILE(*crtend.o *crtend?.o) .dtors)
 *(SORT(.dtors.*))
 *(.dtors)
                0x1fff9b80                __DTOR_END__ = .

.preinit_array  0x1fff9b80        0x0
                0x1fff9b80                PROVIDE (__preinit_array_start, .)
 *(.preinit_array*)
                0x1fff9b80                PROVIDE (__preinit_array_end, .)

.init_array     0x1fff9b80        0x4
                0x1fff9b80                PROVIDE (__init_array_start, .)
 *(SORT(.init_array.*))
 *(.init_array*)
 .init_array    0x1fff9b80        0x4 /home/aselsan/Desktop/IMX7/toolchain/gcc-arm-none-eabi-4_9-2015q3/bin/../lib/gcc/arm-none-eabi/4.9.3/armv7e-m/fpu/crtbegin.o
                0x1fff9b84                PROVIDE (__init_array_end, .)

.fini_array     0x1fff9b84        0x4
                0x1fff9b84                PROVIDE (__fini_array_start, .)
 *(SORT(.fini_array.*))
 *(.fini_array*)
 .fini_array    0x1fff9b84        0x4 /home/aselsan/Desktop/IMX7/toolchain/gcc-arm-none-eabi-4_9-2015q3/bin/../lib/gcc/arm-none-eabi/4.9.3/armv7e-m/fpu/crtbegin.o
                0x1fff9b88                PROVIDE (__fini_array_end, .)

.data           0x20000000       0x68
                0x20000000                . = ALIGN (0x4)
 *(.data)
 *(.data*)
 .data.impure_data
                0x20000000       0x60 /home/aselsan/Desktop/IMX7/toolchain/gcc-arm-none-eabi-4_9-2015q3/bin/../lib/gcc/arm-none-eabi/4.9.3/../../../../arm-none-eabi/lib/armv7e-m/fpu/libc_nano.a(lib_a-impure.o)
 .data._impure_ptr
                0x20000060        0x4 /home/aselsan/Desktop/IMX7/toolchain/gcc-arm-none-eabi-4_9-2015q3/bin/../lib/gcc/arm-none-eabi/4.9.3/../../../../arm-none-eabi/lib/armv7e-m/fpu/libc_nano.a(lib_a-impure.o)
                0x20000060                _impure_ptr
 *(.jcr*)
 .jcr           0x20000064        0x0 /home/aselsan/Desktop/IMX7/toolchain/gcc-arm-none-eabi-4_9-2015q3/bin/../lib/gcc/arm-none-eabi/4.9.3/armv7e-m/fpu/crtbegin.o
 .jcr           0x20000064        0x4 /home/aselsan/Desktop/IMX7/toolchain/gcc-arm-none-eabi-4_9-2015q3/bin/../lib/gcc/arm-none-eabi/4.9.3/armv7e-m/fpu/crtend.o
                0x20000068                . = ALIGN (0x4)

.igot.plt       0x20000068        0x0
 .igot.plt      0x00000000        0x0 /home/aselsan/Desktop/IMX7/toolchain/gcc-arm-none-eabi-4_9-2015q3/bin/../lib/gcc/arm-none-eabi/4.9.3/armv7e-m/fpu/crtbegin.o

.bss            0x20000068       0x3c
                0x20000068                . = ALIGN (0x4)
                0x20000068                __START_BSS = .
                0x20000068                __bss_start__ = .
 *(.bss)
 .bss           0x20000068       0x1c /home/aselsan/Desktop/IMX7/toolchain/gcc-arm-none-eabi-4_9-2015q3/bin/../lib/gcc/arm-none-eabi/4.9.3/armv7e-m/fpu/crtbegin.o
 *(.bss*)
 .bss.s_debugConsole
                0x20000084       0x10 CMakeFiles/uart_polling.dir/home/aselsan/Desktop/IMX7/cortex_m4/freeRtos/freertos-colibri-imx7/platform/utilities/src/debug_console_imx.c.obj
 .bss.__malloc_sbrk_start
                0x20000094        0x4 /home/aselsan/Desktop/IMX7/toolchain/gcc-arm-none-eabi-4_9-2015q3/bin/../lib/gcc/arm-none-eabi/4.9.3/../../../../arm-none-eabi/lib/armv7e-m/fpu/libc_nano.a(lib_a-nano-mallocr.o)
                0x20000094                __malloc_sbrk_start
 .bss.__malloc_free_list
                0x20000098        0x4 /home/aselsan/Desktop/IMX7/toolchain/gcc-arm-none-eabi-4_9-2015q3/bin/../lib/gcc/arm-none-eabi/4.9.3/../../../../arm-none-eabi/lib/armv7e-m/fpu/libc_nano.a(lib_a-nano-mallocr.o)
                0x20000098                __malloc_free_list
 .bss.heap_end.4079
                0x2000009c        0x4 /home/aselsan/Desktop/IMX7/toolchain/gcc-arm-none-eabi-4_9-2015q3/bin/../lib/gcc/arm-none-eabi/4.9.3/../../../../arm-none-eabi/lib/armv7e-m/fpu/libnosys.a(sbrk.o)
 *(COMMON)
 COMMON         0x200000a0        0x4 /home/aselsan/Desktop/IMX7/toolchain/gcc-arm-none-eabi-4_9-2015q3/bin/../lib/gcc/arm-none-eabi/4.9.3/../../../../arm-none-eabi/lib/armv7e-m/fpu/libc_nano.a(lib_a-reent.o)
                0x200000a0                errno
                0x200000a4                . = ALIGN (0x4)
                0x200000a4                __bss_end__ = .
                0x200000a4                __END_BSS = .

.heap           0x200000a4      0x204
                0x200000a8                . = ALIGN (0x8)
 *fill*         0x200000a4        0x4 
                0x200000a8                __end__ = .
                0x200000a8                PROVIDE (end, .)
                0x200000a8                __HeapBase = .
                0x200002a8                . = (. + HEAP_SIZE)
 *fill*         0x200000a8      0x200 
                0x200002a8                __HeapLimit = .

.stack          0x200002a8      0x400
                0x200002a8                . = ALIGN (0x8)
                0x200006a8                . = (. + STACK_SIZE)
 *fill*         0x200002a8      0x400 
                0x20008000                __StackTop = (ORIGIN (m_data) + 0x8000)
                0x20007c00                __StackLimit = (__StackTop - STACK_SIZE)
                0x20008000                PROVIDE (__stack, __StackTop)

.ARM.attributes
                0x00000000       0x30
 *(.ARM.attributes)
 .ARM.attributes
                0x00000000       0x22 /home/aselsan/Desktop/IMX7/toolchain/gcc-arm-none-eabi-4_9-2015q3/bin/../lib/gcc/arm-none-eabi/4.9.3/armv7e-m/fpu/crti.o
 .ARM.attributes
                0x00000022       0x34 /home/aselsan/Desktop/IMX7/toolchain/gcc-arm-none-eabi-4_9-2015q3/bin/../lib/gcc/arm-none-eabi/4.9.3/armv7e-m/fpu/crtbegin.o
 .ARM.attributes
                0x00000056       0x20 /home/aselsan/Desktop/IMX7/toolchain/gcc-arm-none-eabi-4_9-2015q3/bin/../lib/gcc/arm-none-eabi/4.9.3/../../../../arm-none-eabi/lib/armv7e-m/fpu/crt0.o
 .ARM.attributes
                0x00000076       0x1f CMakeFiles/uart_polling.dir/home/aselsan/Desktop/IMX7/cortex_m4/freeRtos/freertos-colibri-imx7/platform/devices/MCIMX7D/startup/gcc/startup_MCIMX7D_M4.S.obj
 .ARM.attributes
                0x00000095       0x39 CMakeFiles/uart_polling.dir/home/aselsan/Desktop/IMX7/cortex_m4/freeRtos/freertos-colibri-imx7/platform/devices/MCIMX7D/startup/system_MCIMX7D_M4.c.obj
 .ARM.attributes
                0x000000ce       0x39 CMakeFiles/uart_polling.dir/home/aselsan/Desktop/IMX7/cortex_m4/freeRtos/freertos-colibri-imx7/platform/drivers/src/ccm_analog_imx7d.c.obj
 .ARM.attributes
                0x00000107       0x39 CMakeFiles/uart_polling.dir/home/aselsan/Desktop/IMX7/cortex_m4/freeRtos/freertos-colibri-imx7/platform/drivers/src/ccm_imx7d.c.obj
 .ARM.attributes
                0x00000140       0x39 CMakeFiles/uart_polling.dir/home/aselsan/Desktop/IMX7/cortex_m4/freeRtos/freertos-colibri-imx7/platform/drivers/src/uart_imx.c.obj
 .ARM.attributes
                0x00000179       0x39 CMakeFiles/uart_polling.dir/home/aselsan/Desktop/IMX7/cortex_m4/freeRtos/freertos-colibri-imx7/platform/utilities/src/debug_console_imx.c.obj
 .ARM.attributes
                0x000001b2       0x39 CMakeFiles/uart_polling.dir/home/aselsan/Desktop/IMX7/cortex_m4/freeRtos/freertos-colibri-imx7/examples/imx7_colibri_m4/board.c.obj
 .ARM.attributes
                0x000001eb       0x39 CMakeFiles/uart_polling.dir/home/aselsan/Desktop/IMX7/cortex_m4/freeRtos/freertos-colibri-imx7/examples/imx7_colibri_m4/clock_freq.c.obj
 .ARM.attributes
                0x00000224       0x39 CMakeFiles/uart_polling.dir/home/aselsan/Desktop/IMX7/cortex_m4/freeRtos/freertos-colibri-imx7/examples/imx7_colibri_m4/pin_mux.c.obj
 .ARM.attributes
                0x0000025d       0x39 CMakeFiles/uart_polling.dir/home/aselsan/Desktop/IMX7/cortex_m4/freeRtos/freertos-colibri-imx7/examples/imx7_colibri_m4/driver_examples/uart_imx/uart_polling/hardware_init.c.obj
 .ARM.attributes
                0x00000296       0x39 CMakeFiles/uart_polling.dir/home/aselsan/Desktop/IMX7/cortex_m4/freeRtos/freertos-colibri-imx7/examples/imx7_colibri_m4/driver_examples/uart_imx/uart_polling/main.c.obj
 .ARM.attributes
                0x000002cf       0x34 /home/aselsan/Desktop/IMX7/toolchain/gcc-arm-none-eabi-4_9-2015q3/bin/../lib/gcc/arm-none-eabi/4.9.3/../../../../arm-none-eabi/lib/armv7e-m/fpu/libc_nano.a(lib_a-assert.o)
 .ARM.attributes
                0x00000303       0x34 /home/aselsan/Desktop/IMX7/toolchain/gcc-arm-none-eabi-4_9-2015q3/bin/../lib/gcc/arm-none-eabi/4.9.3/../../../../arm-none-eabi/lib/armv7e-m/fpu/libc_nano.a(lib_a-exit.o)
 .ARM.attributes
                0x00000337       0x34 /home/aselsan/Desktop/IMX7/toolchain/gcc-arm-none-eabi-4_9-2015q3/bin/../lib/gcc/arm-none-eabi/4.9.3/../../../../arm-none-eabi/lib/armv7e-m/fpu/libc_nano.a(lib_a-fprintf.o)
 .ARM.attributes
                0x0000036b       0x34 /home/aselsan/Desktop/IMX7/toolchain/gcc-arm-none-eabi-4_9-2015q3/bin/../lib/gcc/arm-none-eabi/4.9.3/../../../../arm-none-eabi/lib/armv7e-m/fpu/libc_nano.a(lib_a-impure.o)
 .ARM.attributes
                0x0000039f       0x34 /home/aselsan/Desktop/IMX7/toolchain/gcc-arm-none-eabi-4_9-2015q3/bin/../lib/gcc/arm-none-eabi/4.9.3/../../../../arm-none-eabi/lib/armv7e-m/fpu/libc_nano.a(lib_a-init.o)
 .ARM.attributes
                0x000003d3       0x34 /home/aselsan/Desktop/IMX7/toolchain/gcc-arm-none-eabi-4_9-2015q3/bin/../lib/gcc/arm-none-eabi/4.9.3/../../../../arm-none-eabi/lib/armv7e-m/fpu/libc_nano.a(lib_a-memset.o)
 .ARM.attributes
                0x00000407       0x34 /home/aselsan/Desktop/IMX7/toolchain/gcc-arm-none-eabi-4_9-2015q3/bin/../lib/gcc/arm-none-eabi/4.9.3/../../../../arm-none-eabi/lib/armv7e-m/fpu/libc_nano.a(lib_a-nano-vfprintf.o)
 .ARM.attributes
                0x0000043b       0x34 /home/aselsan/Desktop/IMX7/toolchain/gcc-arm-none-eabi-4_9-2015q3/bin/../lib/gcc/arm-none-eabi/4.9.3/../../../../arm-none-eabi/lib/armv7e-m/fpu/libc_nano.a(lib_a-nano-vfprintf_i.o)
 .ARM.attributes
                0x0000046f       0x34 /home/aselsan/Desktop/IMX7/toolchain/gcc-arm-none-eabi-4_9-2015q3/bin/../lib/gcc/arm-none-eabi/4.9.3/../../../../arm-none-eabi/lib/armv7e-m/fpu/libc_nano.a(lib_a-wbuf.o)
 .ARM.attributes
                0x000004a3       0x34 /home/aselsan/Desktop/IMX7/toolchain/gcc-arm-none-eabi-4_9-2015q3/bin/../lib/gcc/arm-none-eabi/4.9.3/../../../../arm-none-eabi/lib/armv7e-m/fpu/libc_nano.a(lib_a-wsetup.o)
 .ARM.attributes
                0x000004d7       0x34 /home/aselsan/Desktop/IMX7/toolchain/gcc-arm-none-eabi-4_9-2015q3/bin/../lib/gcc/arm-none-eabi/4.9.3/../../../../arm-none-eabi/lib/armv7e-m/fpu/libc_nano.a(lib_a-abort.o)
 .ARM.attributes
                0x0000050b       0x34 /home/aselsan/Desktop/IMX7/toolchain/gcc-arm-none-eabi-4_9-2015q3/bin/../lib/gcc/arm-none-eabi/4.9.3/../../../../arm-none-eabi/lib/armv7e-m/fpu/libc_nano.a(lib_a-fflush.o)
 .ARM.attributes
                0x0000053f       0x34 /home/aselsan/Desktop/IMX7/toolchain/gcc-arm-none-eabi-4_9-2015q3/bin/../lib/gcc/arm-none-eabi/4.9.3/../../../../arm-none-eabi/lib/armv7e-m/fpu/libc_nano.a(lib_a-findfp.o)
 .ARM.attributes
                0x00000573       0x34 /home/aselsan/Desktop/IMX7/toolchain/gcc-arm-none-eabi-4_9-2015q3/bin/../lib/gcc/arm-none-eabi/4.9.3/../../../../arm-none-eabi/lib/armv7e-m/fpu/libc_nano.a(lib_a-fwalk.o)
 .ARM.attributes
                0x000005a7       0x34 /home/aselsan/Desktop/IMX7/toolchain/gcc-arm-none-eabi-4_9-2015q3/bin/../lib/gcc/arm-none-eabi/4.9.3/../../../../arm-none-eabi/lib/armv7e-m/fpu/libc_nano.a(lib_a-makebuf.o)
 .ARM.attributes
                0x000005db       0x34 /home/aselsan/Desktop/IMX7/toolchain/gcc-arm-none-eabi-4_9-2015q3/bin/../lib/gcc/arm-none-eabi/4.9.3/../../../../arm-none-eabi/lib/armv7e-m/fpu/libc_nano.a(lib_a-memchr.o)
 .ARM.attributes
                0x0000060f       0x34 /home/aselsan/Desktop/IMX7/toolchain/gcc-arm-none-eabi-4_9-2015q3/bin/../lib/gcc/arm-none-eabi/4.9.3/../../../../arm-none-eabi/lib/armv7e-m/fpu/libc_nano.a(lib_a-nano-freer.o)
 .ARM.attributes
                0x00000643       0x34 /home/aselsan/Desktop/IMX7/toolchain/gcc-arm-none-eabi-4_9-2015q3/bin/../lib/gcc/arm-none-eabi/4.9.3/../../../../arm-none-eabi/lib/armv7e-m/fpu/libc_nano.a(lib_a-nano-mallocr.o)
 .ARM.attributes
                0x00000677       0x34 /home/aselsan/Desktop/IMX7/toolchain/gcc-arm-none-eabi-4_9-2015q3/bin/../lib/gcc/arm-none-eabi/4.9.3/../../../../arm-none-eabi/lib/armv7e-m/fpu/libc_nano.a(lib_a-sbrkr.o)
 .ARM.attributes
                0x000006ab       0x34 /home/aselsan/Desktop/IMX7/toolchain/gcc-arm-none-eabi-4_9-2015q3/bin/../lib/gcc/arm-none-eabi/4.9.3/../../../../arm-none-eabi/lib/armv7e-m/fpu/libc_nano.a(lib_a-signal.o)
 .ARM.attributes
                0x000006df       0x34 /home/aselsan/Desktop/IMX7/toolchain/gcc-arm-none-eabi-4_9-2015q3/bin/../lib/gcc/arm-none-eabi/4.9.3/../../../../arm-none-eabi/lib/armv7e-m/fpu/libc_nano.a(lib_a-signalr.o)
 .ARM.attributes
                0x00000713       0x34 /home/aselsan/Desktop/IMX7/toolchain/gcc-arm-none-eabi-4_9-2015q3/bin/../lib/gcc/arm-none-eabi/4.9.3/../../../../arm-none-eabi/lib/armv7e-m/fpu/libc_nano.a(lib_a-stdio.o)
 .ARM.attributes
                0x00000747       0x34 /home/aselsan/Desktop/IMX7/toolchain/gcc-arm-none-eabi-4_9-2015q3/bin/../lib/gcc/arm-none-eabi/4.9.3/../../../../arm-none-eabi/lib/armv7e-m/fpu/libc_nano.a(lib_a-writer.o)
 .ARM.attributes
                0x0000077b       0x34 /home/aselsan/Desktop/IMX7/toolchain/gcc-arm-none-eabi-4_9-2015q3/bin/../lib/gcc/arm-none-eabi/4.9.3/../../../../arm-none-eabi/lib/armv7e-m/fpu/libc_nano.a(lib_a-closer.o)
 .ARM.attributes
                0x000007af       0x34 /home/aselsan/Desktop/IMX7/toolchain/gcc-arm-none-eabi-4_9-2015q3/bin/../lib/gcc/arm-none-eabi/4.9.3/../../../../arm-none-eabi/lib/armv7e-m/fpu/libc_nano.a(lib_a-fstatr.o)
 .ARM.attributes
                0x000007e3       0x34 /home/aselsan/Desktop/IMX7/toolchain/gcc-arm-none-eabi-4_9-2015q3/bin/../lib/gcc/arm-none-eabi/4.9.3/../../../../arm-none-eabi/lib/armv7e-m/fpu/libc_nano.a(lib_a-isattyr.o)
 .ARM.attributes
                0x00000817       0x34 /home/aselsan/Desktop/IMX7/toolchain/gcc-arm-none-eabi-4_9-2015q3/bin/../lib/gcc/arm-none-eabi/4.9.3/../../../../arm-none-eabi/lib/armv7e-m/fpu/libc_nano.a(lib_a-lseekr.o)
 .ARM.attributes
                0x0000084b       0x34 /home/aselsan/Desktop/IMX7/toolchain/gcc-arm-none-eabi-4_9-2015q3/bin/../lib/gcc/arm-none-eabi/4.9.3/../../../../arm-none-eabi/lib/armv7e-m/fpu/libc_nano.a(lib_a-readr.o)
 .ARM.attributes
                0x0000087f       0x34 /home/aselsan/Desktop/IMX7/toolchain/gcc-arm-none-eabi-4_9-2015q3/bin/../lib/gcc/arm-none-eabi/4.9.3/../../../../arm-none-eabi/lib/armv7e-m/fpu/libc_nano.a(lib_a-reent.o)
 .ARM.attributes
                0x000008b3       0x34 /home/aselsan/Desktop/IMX7/toolchain/gcc-arm-none-eabi-4_9-2015q3/bin/../lib/gcc/arm-none-eabi/4.9.3/../../../../arm-none-eabi/lib/armv7e-m/fpu/libnosys.a(close.o)
 .ARM.attributes
                0x000008e7       0x34 /home/aselsan/Desktop/IMX7/toolchain/gcc-arm-none-eabi-4_9-2015q3/bin/../lib/gcc/arm-none-eabi/4.9.3/../../../../arm-none-eabi/lib/armv7e-m/fpu/libnosys.a(fstat.o)
 .ARM.attributes
                0x0000091b       0x34 /home/aselsan/Desktop/IMX7/toolchain/gcc-arm-none-eabi-4_9-2015q3/bin/../lib/gcc/arm-none-eabi/4.9.3/../../../../arm-none-eabi/lib/armv7e-m/fpu/libnosys.a(getpid.o)
 .ARM.attributes
                0x0000094f       0x34 /home/aselsan/Desktop/IMX7/toolchain/gcc-arm-none-eabi-4_9-2015q3/bin/../lib/gcc/arm-none-eabi/4.9.3/../../../../arm-none-eabi/lib/armv7e-m/fpu/libnosys.a(isatty.o)
 .ARM.attributes
                0x00000983       0x34 /home/aselsan/Desktop/IMX7/toolchain/gcc-arm-none-eabi-4_9-2015q3/bin/../lib/gcc/arm-none-eabi/4.9.3/../../../../arm-none-eabi/lib/armv7e-m/fpu/libnosys.a(kill.o)
 .ARM.attributes
                0x000009b7       0x34 /home/aselsan/Desktop/IMX7/toolchain/gcc-arm-none-eabi-4_9-2015q3/bin/../lib/gcc/arm-none-eabi/4.9.3/../../../../arm-none-eabi/lib/armv7e-m/fpu/libnosys.a(lseek.o)
 .ARM.attributes
                0x000009eb       0x34 /home/aselsan/Desktop/IMX7/toolchain/gcc-arm-none-eabi-4_9-2015q3/bin/../lib/gcc/arm-none-eabi/4.9.3/../../../../arm-none-eabi/lib/armv7e-m/fpu/libnosys.a(sbrk.o)
 .ARM.attributes
                0x00000a1f       0x34 /home/aselsan/Desktop/IMX7/toolchain/gcc-arm-none-eabi-4_9-2015q3/bin/../lib/gcc/arm-none-eabi/4.9.3/../../../../arm-none-eabi/lib/armv7e-m/fpu/libnosys.a(_exit.o)
 .ARM.attributes
                0x00000a53       0x34 /home/aselsan/Desktop/IMX7/toolchain/gcc-arm-none-eabi-4_9-2015q3/bin/../lib/gcc/arm-none-eabi/4.9.3/armv7e-m/fpu/crtend.o
 .ARM.attributes
                0x00000a87       0x22 /home/aselsan/Desktop/IMX7/toolchain/gcc-arm-none-eabi-4_9-2015q3/bin/../lib/gcc/arm-none-eabi/4.9.3/armv7e-m/fpu/crtn.o
                0x00000001                ASSERT ((__StackLimit >= __HeapLimit), region m_data overflowed with stack and heap)
OUTPUT(uart_polling.elf elf32-littlearm)

.debug_line     0x00000000     0x2d83
 .debug_line    0x00000000       0xbd CMakeFiles/uart_polling.dir/home/aselsan/Desktop/IMX7/cortex_m4/freeRtos/freertos-colibri-imx7/platform/devices/MCIMX7D/startup/gcc/startup_MCIMX7D_M4.S.obj
 .debug_line    0x000000bd      0x37a CMakeFiles/uart_polling.dir/home/aselsan/Desktop/IMX7/cortex_m4/freeRtos/freertos-colibri-imx7/platform/devices/MCIMX7D/startup/system_MCIMX7D_M4.c.obj
 .debug_line    0x00000437      0x4fc CMakeFiles/uart_polling.dir/home/aselsan/Desktop/IMX7/cortex_m4/freeRtos/freertos-colibri-imx7/platform/drivers/src/ccm_analog_imx7d.c.obj
 .debug_line    0x00000933      0x354 CMakeFiles/uart_polling.dir/home/aselsan/Desktop/IMX7/cortex_m4/freeRtos/freertos-colibri-imx7/platform/drivers/src/ccm_imx7d.c.obj
 .debug_line    0x00000c87      0x624 CMakeFiles/uart_polling.dir/home/aselsan/Desktop/IMX7/cortex_m4/freeRtos/freertos-colibri-imx7/platform/drivers/src/uart_imx.c.obj
 .debug_line    0x000012ab      0x59f CMakeFiles/uart_polling.dir/home/aselsan/Desktop/IMX7/cortex_m4/freeRtos/freertos-colibri-imx7/platform/utilities/src/debug_console_imx.c.obj
 .debug_line    0x0000184a      0x46f CMakeFiles/uart_polling.dir/home/aselsan/Desktop/IMX7/cortex_m4/freeRtos/freertos-colibri-imx7/examples/imx7_colibri_m4/board.c.obj
 .debug_line    0x00001cb9      0x4a5 CMakeFiles/uart_polling.dir/home/aselsan/Desktop/IMX7/cortex_m4/freeRtos/freertos-colibri-imx7/examples/imx7_colibri_m4/clock_freq.c.obj
 .debug_line    0x0000215e      0x30f CMakeFiles/uart_polling.dir/home/aselsan/Desktop/IMX7/cortex_m4/freeRtos/freertos-colibri-imx7/examples/imx7_colibri_m4/pin_mux.c.obj
 .debug_line    0x0000246d      0x470 CMakeFiles/uart_polling.dir/home/aselsan/Desktop/IMX7/cortex_m4/freeRtos/freertos-colibri-imx7/examples/imx7_colibri_m4/driver_examples/uart_imx/uart_polling/hardware_init.c.obj
 .debug_line    0x000028dd      0x4a6 CMakeFiles/uart_polling.dir/home/aselsan/Desktop/IMX7/cortex_m4/freeRtos/freertos-colibri-imx7/examples/imx7_colibri_m4/driver_examples/uart_imx/uart_polling/main.c.obj

.debug_info     0x00000000     0x91b1
 .debug_info    0x00000000      0x136 CMakeFiles/uart_polling.dir/home/aselsan/Desktop/IMX7/cortex_m4/freeRtos/freertos-colibri-imx7/platform/devices/MCIMX7D/startup/gcc/startup_MCIMX7D_M4.S.obj
 .debug_info    0x00000136      0xa1b CMakeFiles/uart_polling.dir/home/aselsan/Desktop/IMX7/cortex_m4/freeRtos/freertos-colibri-imx7/platform/devices/MCIMX7D/startup/system_MCIMX7D_M4.c.obj
 .debug_info    0x00000b51      0x7f7 CMakeFiles/uart_polling.dir/home/aselsan/Desktop/IMX7/cortex_m4/freeRtos/freertos-colibri-imx7/platform/drivers/src/ccm_analog_imx7d.c.obj
 .debug_info    0x00001348      0x5cc CMakeFiles/uart_polling.dir/home/aselsan/Desktop/IMX7/cortex_m4/freeRtos/freertos-colibri-imx7/platform/drivers/src/ccm_imx7d.c.obj
 .debug_info    0x00001914      0xae6 CMakeFiles/uart_polling.dir/home/aselsan/Desktop/IMX7/cortex_m4/freeRtos/freertos-colibri-imx7/platform/drivers/src/uart_imx.c.obj
 .debug_info    0x000023fa      0xae8 CMakeFiles/uart_polling.dir/home/aselsan/Desktop/IMX7/cortex_m4/freeRtos/freertos-colibri-imx7/platform/utilities/src/debug_console_imx.c.obj
 .debug_info    0x00002ee2     0x1546 CMakeFiles/uart_polling.dir/home/aselsan/Desktop/IMX7/cortex_m4/freeRtos/freertos-colibri-imx7/examples/imx7_colibri_m4/board.c.obj
 .debug_info    0x00004428     0x151f CMakeFiles/uart_polling.dir/home/aselsan/Desktop/IMX7/cortex_m4/freeRtos/freertos-colibri-imx7/examples/imx7_colibri_m4/clock_freq.c.obj
 .debug_info    0x00005947     0x1ef2 CMakeFiles/uart_polling.dir/home/aselsan/Desktop/IMX7/cortex_m4/freeRtos/freertos-colibri-imx7/examples/imx7_colibri_m4/pin_mux.c.obj
 .debug_info    0x00007839      0xe44 CMakeFiles/uart_polling.dir/home/aselsan/Desktop/IMX7/cortex_m4/freeRtos/freertos-colibri-imx7/examples/imx7_colibri_m4/driver_examples/uart_imx/uart_polling/hardware_init.c.obj
 .debug_info    0x0000867d      0xb34 CMakeFiles/uart_polling.dir/home/aselsan/Desktop/IMX7/cortex_m4/freeRtos/freertos-colibri-imx7/examples/imx7_colibri_m4/driver_examples/uart_imx/uart_polling/main.c.obj

.debug_abbrev   0x00000000     0x1395
 .debug_abbrev  0x00000000       0x14 CMakeFiles/uart_polling.dir/home/aselsan/Desktop/IMX7/cortex_m4/freeRtos/freertos-colibri-imx7/platform/devices/MCIMX7D/startup/gcc/startup_MCIMX7D_M4.S.obj
 .debug_abbrev  0x00000014      0x140 CMakeFiles/uart_polling.dir/home/aselsan/Desktop/IMX7/cortex_m4/freeRtos/freertos-colibri-imx7/platform/devices/MCIMX7D/startup/system_MCIMX7D_M4.c.obj
 .debug_abbrev  0x00000154      0x1d2 CMakeFiles/uart_polling.dir/home/aselsan/Desktop/IMX7/cortex_m4/freeRtos/freertos-colibri-imx7/platform/drivers/src/ccm_analog_imx7d.c.obj
 .debug_abbrev  0x00000326      0x14f CMakeFiles/uart_polling.dir/home/aselsan/Desktop/IMX7/cortex_m4/freeRtos/freertos-colibri-imx7/platform/drivers/src/ccm_imx7d.c.obj
 .debug_abbrev  0x00000475      0x1f9 CMakeFiles/uart_polling.dir/home/aselsan/Desktop/IMX7/cortex_m4/freeRtos/freertos-colibri-imx7/platform/drivers/src/uart_imx.c.obj
 .debug_abbrev  0x0000066e      0x338 CMakeFiles/uart_polling.dir/home/aselsan/Desktop/IMX7/cortex_m4/freeRtos/freertos-colibri-imx7/platform/utilities/src/debug_console_imx.c.obj
 .debug_abbrev  0x000009a6      0x24e CMakeFiles/uart_polling.dir/home/aselsan/Desktop/IMX7/cortex_m4/freeRtos/freertos-colibri-imx7/examples/imx7_colibri_m4/board.c.obj
 .debug_abbrev  0x00000bf4      0x1f8 CMakeFiles/uart_polling.dir/home/aselsan/Desktop/IMX7/cortex_m4/freeRtos/freertos-colibri-imx7/examples/imx7_colibri_m4/clock_freq.c.obj
 .debug_abbrev  0x00000dec      0x104 CMakeFiles/uart_polling.dir/home/aselsan/Desktop/IMX7/cortex_m4/freeRtos/freertos-colibri-imx7/examples/imx7_colibri_m4/pin_mux.c.obj
 .debug_abbrev  0x00000ef0      0x1f1 CMakeFiles/uart_polling.dir/home/aselsan/Desktop/IMX7/cortex_m4/freeRtos/freertos-colibri-imx7/examples/imx7_colibri_m4/driver_examples/uart_imx/uart_polling/hardware_init.c.obj
 .debug_abbrev  0x000010e1      0x2b4 CMakeFiles/uart_polling.dir/home/aselsan/Desktop/IMX7/cortex_m4/freeRtos/freertos-colibri-imx7/examples/imx7_colibri_m4/driver_examples/uart_imx/uart_polling/main.c.obj

.debug_aranges  0x00000000      0x318
 .debug_aranges
                0x00000000       0x20 CMakeFiles/uart_polling.dir/home/aselsan/Desktop/IMX7/cortex_m4/freeRtos/freertos-colibri-imx7/platform/devices/MCIMX7D/startup/gcc/startup_MCIMX7D_M4.S.obj
 .debug_aranges
                0x00000020       0x28 CMakeFiles/uart_polling.dir/home/aselsan/Desktop/IMX7/cortex_m4/freeRtos/freertos-colibri-imx7/platform/devices/MCIMX7D/startup/system_MCIMX7D_M4.c.obj
 .debug_aranges
                0x00000048       0x50 CMakeFiles/uart_polling.dir/home/aselsan/Desktop/IMX7/cortex_m4/freeRtos/freertos-colibri-imx7/platform/drivers/src/ccm_analog_imx7d.c.obj
 .debug_aranges
                0x00000098       0x30 CMakeFiles/uart_polling.dir/home/aselsan/Desktop/IMX7/cortex_m4/freeRtos/freertos-colibri-imx7/platform/drivers/src/ccm_imx7d.c.obj
 .debug_aranges
                0x000000c8       0xe8 CMakeFiles/uart_polling.dir/home/aselsan/Desktop/IMX7/cortex_m4/freeRtos/freertos-colibri-imx7/platform/drivers/src/uart_imx.c.obj
 .debug_aranges
                0x000001b0       0x70 CMakeFiles/uart_polling.dir/home/aselsan/Desktop/IMX7/cortex_m4/freeRtos/freertos-colibri-imx7/platform/utilities/src/debug_console_imx.c.obj
 .debug_aranges
                0x00000220       0x30 CMakeFiles/uart_polling.dir/home/aselsan/Desktop/IMX7/cortex_m4/freeRtos/freertos-colibri-imx7/examples/imx7_colibri_m4/board.c.obj
 .debug_aranges
                0x00000250       0x40 CMakeFiles/uart_polling.dir/home/aselsan/Desktop/IMX7/cortex_m4/freeRtos/freertos-colibri-imx7/examples/imx7_colibri_m4/clock_freq.c.obj
 .debug_aranges
                0x00000290       0x38 CMakeFiles/uart_polling.dir/home/aselsan/Desktop/IMX7/cortex_m4/freeRtos/freertos-colibri-imx7/examples/imx7_colibri_m4/pin_mux.c.obj
 .debug_aranges
                0x000002c8       0x20 CMakeFiles/uart_polling.dir/home/aselsan/Desktop/IMX7/cortex_m4/freeRtos/freertos-colibri-imx7/examples/imx7_colibri_m4/driver_examples/uart_imx/uart_polling/hardware_init.c.obj
 .debug_aranges
                0x000002e8       0x30 CMakeFiles/uart_polling.dir/home/aselsan/Desktop/IMX7/cortex_m4/freeRtos/freertos-colibri-imx7/examples/imx7_colibri_m4/driver_examples/uart_imx/uart_polling/main.c.obj

.debug_loc      0x00000000     0x1b7f
 .debug_loc     0x00000000      0x113 CMakeFiles/uart_polling.dir/home/aselsan/Desktop/IMX7/cortex_m4/freeRtos/freertos-colibri-imx7/platform/devices/MCIMX7D/startup/system_MCIMX7D_M4.c.obj
 .debug_loc     0x00000113      0x461 CMakeFiles/uart_polling.dir/home/aselsan/Desktop/IMX7/cortex_m4/freeRtos/freertos-colibri-imx7/platform/drivers/src/ccm_analog_imx7d.c.obj
 .debug_loc     0x00000574      0x31d CMakeFiles/uart_polling.dir/home/aselsan/Desktop/IMX7/cortex_m4/freeRtos/freertos-colibri-imx7/platform/drivers/src/ccm_imx7d.c.obj
 .debug_loc     0x00000891      0x6b0 CMakeFiles/uart_polling.dir/home/aselsan/Desktop/IMX7/cortex_m4/freeRtos/freertos-colibri-imx7/platform/drivers/src/uart_imx.c.obj
 .debug_loc     0x00000f41      0x4cc CMakeFiles/uart_polling.dir/home/aselsan/Desktop/IMX7/cortex_m4/freeRtos/freertos-colibri-imx7/platform/utilities/src/debug_console_imx.c.obj
 .debug_loc     0x0000140d      0x5a3 CMakeFiles/uart_polling.dir/home/aselsan/Desktop/IMX7/cortex_m4/freeRtos/freertos-colibri-imx7/examples/imx7_colibri_m4/clock_freq.c.obj
 .debug_loc     0x000019b0       0x3a CMakeFiles/uart_polling.dir/home/aselsan/Desktop/IMX7/cortex_m4/freeRtos/freertos-colibri-imx7/examples/imx7_colibri_m4/pin_mux.c.obj
 .debug_loc     0x000019ea      0x195 CMakeFiles/uart_polling.dir/home/aselsan/Desktop/IMX7/cortex_m4/freeRtos/freertos-colibri-imx7/examples/imx7_colibri_m4/driver_examples/uart_imx/uart_polling/main.c.obj

.debug_ranges   0x00000000      0x258
 .debug_ranges  0x00000000       0x18 CMakeFiles/uart_polling.dir/home/aselsan/Desktop/IMX7/cortex_m4/freeRtos/freertos-colibri-imx7/platform/devices/MCIMX7D/startup/system_MCIMX7D_M4.c.obj
 .debug_ranges  0x00000018       0x40 CMakeFiles/uart_polling.dir/home/aselsan/Desktop/IMX7/cortex_m4/freeRtos/freertos-colibri-imx7/platform/drivers/src/ccm_analog_imx7d.c.obj
 .debug_ranges  0x00000058       0x20 CMakeFiles/uart_polling.dir/home/aselsan/Desktop/IMX7/cortex_m4/freeRtos/freertos-colibri-imx7/platform/drivers/src/ccm_imx7d.c.obj
 .debug_ranges  0x00000078       0xd8 CMakeFiles/uart_polling.dir/home/aselsan/Desktop/IMX7/cortex_m4/freeRtos/freertos-colibri-imx7/platform/drivers/src/uart_imx.c.obj
 .debug_ranges  0x00000150       0x60 CMakeFiles/uart_polling.dir/home/aselsan/Desktop/IMX7/cortex_m4/freeRtos/freertos-colibri-imx7/platform/utilities/src/debug_console_imx.c.obj
 .debug_ranges  0x000001b0       0x20 CMakeFiles/uart_polling.dir/home/aselsan/Desktop/IMX7/cortex_m4/freeRtos/freertos-colibri-imx7/examples/imx7_colibri_m4/board.c.obj
 .debug_ranges  0x000001d0       0x30 CMakeFiles/uart_polling.dir/home/aselsan/Desktop/IMX7/cortex_m4/freeRtos/freertos-colibri-imx7/examples/imx7_colibri_m4/clock_freq.c.obj
 .debug_ranges  0x00000200       0x28 CMakeFiles/uart_polling.dir/home/aselsan/Desktop/IMX7/cortex_m4/freeRtos/freertos-colibri-imx7/examples/imx7_colibri_m4/pin_mux.c.obj
 .debug_ranges  0x00000228       0x10 CMakeFiles/uart_polling.dir/home/aselsan/Desktop/IMX7/cortex_m4/freeRtos/freertos-colibri-imx7/examples/imx7_colibri_m4/driver_examples/uart_imx/uart_polling/hardware_init.c.obj
 .debug_ranges  0x00000238       0x20 CMakeFiles/uart_polling.dir/home/aselsan/Desktop/IMX7/cortex_m4/freeRtos/freertos-colibri-imx7/examples/imx7_colibri_m4/driver_examples/uart_imx/uart_polling/main.c.obj

.debug_str      0x00000000     0x5fb9
 .debug_str     0x00000000      0x787 CMakeFiles/uart_polling.dir/home/aselsan/Desktop/IMX7/cortex_m4/freeRtos/freertos-colibri-imx7/platform/devices/MCIMX7D/startup/system_MCIMX7D_M4.c.obj
                                0x7c8 (size before relaxing)
 .debug_str     0x00000787      0x25a CMakeFiles/uart_polling.dir/home/aselsan/Desktop/IMX7/cortex_m4/freeRtos/freertos-colibri-imx7/platform/drivers/src/ccm_analog_imx7d.c.obj
                                0x6bd (size before relaxing)
 .debug_str     0x000009e1       0xa7 CMakeFiles/uart_polling.dir/home/aselsan/Desktop/IMX7/cortex_m4/freeRtos/freertos-colibri-imx7/platform/drivers/src/ccm_imx7d.c.obj
                                0x418 (size before relaxing)
 .debug_str     0x00000a88      0x47c CMakeFiles/uart_polling.dir/home/aselsan/Desktop/IMX7/cortex_m4/freeRtos/freertos-colibri-imx7/platform/drivers/src/uart_imx.c.obj
                                0x66d (size before relaxing)
 .debug_str     0x00000f04      0x701 CMakeFiles/uart_polling.dir/home/aselsan/Desktop/IMX7/cortex_m4/freeRtos/freertos-colibri-imx7/platform/utilities/src/debug_console_imx.c.obj
                                0xa1b (size before relaxing)
 .debug_str     0x00001605     0x1335 CMakeFiles/uart_polling.dir/home/aselsan/Desktop/IMX7/cortex_m4/freeRtos/freertos-colibri-imx7/examples/imx7_colibri_m4/board.c.obj
                               0x189b (size before relaxing)
 .debug_str     0x0000293a      0x5c4 CMakeFiles/uart_polling.dir/home/aselsan/Desktop/IMX7/cortex_m4/freeRtos/freertos-colibri-imx7/examples/imx7_colibri_m4/clock_freq.c.obj
                                0xeae (size before relaxing)
 .debug_str     0x00002efe     0x2f2d CMakeFiles/uart_polling.dir/home/aselsan/Desktop/IMX7/cortex_m4/freeRtos/freertos-colibri-imx7/examples/imx7_colibri_m4/pin_mux.c.obj
                               0x328e (size before relaxing)
 .debug_str     0x00005e2b       0xa1 CMakeFiles/uart_polling.dir/home/aselsan/Desktop/IMX7/cortex_m4/freeRtos/freertos-colibri-imx7/examples/imx7_colibri_m4/driver_examples/uart_imx/uart_polling/hardware_init.c.obj
                               0x11bb (size before relaxing)
 .debug_str     0x00005ecc       0xed CMakeFiles/uart_polling.dir/home/aselsan/Desktop/IMX7/cortex_m4/freeRtos/freertos-colibri-imx7/examples/imx7_colibri_m4/driver_examples/uart_imx/uart_polling/main.c.obj
                                0x9f0 (size before relaxing)

.comment        0x00000000       0x70
 .comment       0x00000000       0x70 CMakeFiles/uart_polling.dir/home/aselsan/Desktop/IMX7/cortex_m4/freeRtos/freertos-colibri-imx7/platform/devices/MCIMX7D/startup/system_MCIMX7D_M4.c.obj
                                 0x71 (size before relaxing)
 .comment       0x00000000       0x71 CMakeFiles/uart_polling.dir/home/aselsan/Desktop/IMX7/cortex_m4/freeRtos/freertos-colibri-imx7/platform/drivers/src/ccm_analog_imx7d.c.obj
 .comment       0x00000000       0x71 CMakeFiles/uart_polling.dir/home/aselsan/Desktop/IMX7/cortex_m4/freeRtos/freertos-colibri-imx7/platform/drivers/src/ccm_imx7d.c.obj
 .comment       0x00000000       0x71 CMakeFiles/uart_polling.dir/home/aselsan/Desktop/IMX7/cortex_m4/freeRtos/freertos-colibri-imx7/platform/drivers/src/uart_imx.c.obj
 .comment       0x00000000       0x71 CMakeFiles/uart_polling.dir/home/aselsan/Desktop/IMX7/cortex_m4/freeRtos/freertos-colibri-imx7/platform/utilities/src/debug_console_imx.c.obj
 .comment       0x00000000       0x71 CMakeFiles/uart_polling.dir/home/aselsan/Desktop/IMX7/cortex_m4/freeRtos/freertos-colibri-imx7/examples/imx7_colibri_m4/board.c.obj
 .comment       0x00000000       0x71 CMakeFiles/uart_polling.dir/home/aselsan/Desktop/IMX7/cortex_m4/freeRtos/freertos-colibri-imx7/examples/imx7_colibri_m4/clock_freq.c.obj
 .comment       0x00000000       0x71 CMakeFiles/uart_polling.dir/home/aselsan/Desktop/IMX7/cortex_m4/freeRtos/freertos-colibri-imx7/examples/imx7_colibri_m4/pin_mux.c.obj
 .comment       0x00000000       0x71 CMakeFiles/uart_polling.dir/home/aselsan/Desktop/IMX7/cortex_m4/freeRtos/freertos-colibri-imx7/examples/imx7_colibri_m4/driver_examples/uart_imx/uart_polling/hardware_init.c.obj
 .comment       0x00000000       0x71 CMakeFiles/uart_polling.dir/home/aselsan/Desktop/IMX7/cortex_m4/freeRtos/freertos-colibri-imx7/examples/imx7_colibri_m4/driver_examples/uart_imx/uart_polling/main.c.obj

.debug_frame    0x00000000     0x1054
 .debug_frame   0x00000000       0x3c CMakeFiles/uart_polling.dir/home/aselsan/Desktop/IMX7/cortex_m4/freeRtos/freertos-colibri-imx7/platform/devices/MCIMX7D/startup/system_MCIMX7D_M4.c.obj
 .debug_frame   0x0000003c       0xac CMakeFiles/uart_polling.dir/home/aselsan/Desktop/IMX7/cortex_m4/freeRtos/freertos-colibri-imx7/platform/drivers/src/ccm_analog_imx7d.c.obj
 .debug_frame   0x000000e8       0x5c CMakeFiles/uart_polling.dir/home/aselsan/Desktop/IMX7/cortex_m4/freeRtos/freertos-colibri-imx7/platform/drivers/src/ccm_imx7d.c.obj
 .debug_frame   0x00000144      0x208 CMakeFiles/uart_polling.dir/home/aselsan/Desktop/IMX7/cortex_m4/freeRtos/freertos-colibri-imx7/platform/drivers/src/uart_imx.c.obj
 .debug_frame   0x0000034c      0x1b4 CMakeFiles/uart_polling.dir/home/aselsan/Desktop/IMX7/cortex_m4/freeRtos/freertos-colibri-imx7/platform/utilities/src/debug_console_imx.c.obj
 .debug_frame   0x00000500       0x60 CMakeFiles/uart_polling.dir/home/aselsan/Desktop/IMX7/cortex_m4/freeRtos/freertos-colibri-imx7/examples/imx7_colibri_m4/board.c.obj
 .debug_frame   0x00000560       0xb0 CMakeFiles/uart_polling.dir/home/aselsan/Desktop/IMX7/cortex_m4/freeRtos/freertos-colibri-imx7/examples/imx7_colibri_m4/clock_freq.c.obj
 .debug_frame   0x00000610       0x50 CMakeFiles/uart_polling.dir/home/aselsan/Desktop/IMX7/cortex_m4/freeRtos/freertos-colibri-imx7/examples/imx7_colibri_m4/pin_mux.c.obj
 .debug_frame   0x00000660       0x2c CMakeFiles/uart_polling.dir/home/aselsan/Desktop/IMX7/cortex_m4/freeRtos/freertos-colibri-imx7/examples/imx7_colibri_m4/driver_examples/uart_imx/uart_polling/hardware_init.c.obj
 .debug_frame   0x0000068c       0x64 CMakeFiles/uart_polling.dir/home/aselsan/Desktop/IMX7/cortex_m4/freeRtos/freertos-colibri-imx7/examples/imx7_colibri_m4/driver_examples/uart_imx/uart_polling/main.c.obj
 .debug_frame   0x000006f0       0x40 /home/aselsan/Desktop/IMX7/toolchain/gcc-arm-none-eabi-4_9-2015q3/bin/../lib/gcc/arm-none-eabi/4.9.3/../../../../arm-none-eabi/lib/armv7e-m/fpu/libc_nano.a(lib_a-assert.o)
 .debug_frame   0x00000730       0x28 /home/aselsan/Desktop/IMX7/toolchain/gcc-arm-none-eabi-4_9-2015q3/bin/../lib/gcc/arm-none-eabi/4.9.3/../../../../arm-none-eabi/lib/armv7e-m/fpu/libc_nano.a(lib_a-exit.o)
 .debug_frame   0x00000758       0x64 /home/aselsan/Desktop/IMX7/toolchain/gcc-arm-none-eabi-4_9-2015q3/bin/../lib/gcc/arm-none-eabi/4.9.3/../../../../arm-none-eabi/lib/armv7e-m/fpu/libc_nano.a(lib_a-fprintf.o)
 .debug_frame   0x000007bc       0x2c /home/aselsan/Desktop/IMX7/toolchain/gcc-arm-none-eabi-4_9-2015q3/bin/../lib/gcc/arm-none-eabi/4.9.3/../../../../arm-none-eabi/lib/armv7e-m/fpu/libc_nano.a(lib_a-init.o)
 .debug_frame   0x000007e8       0x20 /home/aselsan/Desktop/IMX7/toolchain/gcc-arm-none-eabi-4_9-2015q3/bin/../lib/gcc/arm-none-eabi/4.9.3/../../../../arm-none-eabi/lib/armv7e-m/fpu/libc_nano.a(lib_a-memset.o)
 .debug_frame   0x00000808       0xb8 /home/aselsan/Desktop/IMX7/toolchain/gcc-arm-none-eabi-4_9-2015q3/bin/../lib/gcc/arm-none-eabi/4.9.3/../../../../arm-none-eabi/lib/armv7e-m/fpu/libc_nano.a(lib_a-nano-vfprintf.o)
 .debug_frame   0x000008c0       0x58 /home/aselsan/Desktop/IMX7/toolchain/gcc-arm-none-eabi-4_9-2015q3/bin/../lib/gcc/arm-none-eabi/4.9.3/../../../../arm-none-eabi/lib/armv7e-m/fpu/libc_nano.a(lib_a-nano-vfprintf_i.o)
 .debug_frame   0x00000918       0x3c /home/aselsan/Desktop/IMX7/toolchain/gcc-arm-none-eabi-4_9-2015q3/bin/../lib/gcc/arm-none-eabi/4.9.3/../../../../arm-none-eabi/lib/armv7e-m/fpu/libc_nano.a(lib_a-wbuf.o)
 .debug_frame   0x00000954       0x2c /home/aselsan/Desktop/IMX7/toolchain/gcc-arm-none-eabi-4_9-2015q3/bin/../lib/gcc/arm-none-eabi/4.9.3/../../../../arm-none-eabi/lib/armv7e-m/fpu/libc_nano.a(lib_a-wsetup.o)
 .debug_frame   0x00000980       0x28 /home/aselsan/Desktop/IMX7/toolchain/gcc-arm-none-eabi-4_9-2015q3/bin/../lib/gcc/arm-none-eabi/4.9.3/../../../../arm-none-eabi/lib/armv7e-m/fpu/libc_nano.a(lib_a-abort.o)
 .debug_frame   0x000009a8       0x68 /home/aselsan/Desktop/IMX7/toolchain/gcc-arm-none-eabi-4_9-2015q3/bin/../lib/gcc/arm-none-eabi/4.9.3/../../../../arm-none-eabi/lib/armv7e-m/fpu/libc_nano.a(lib_a-fflush.o)
 .debug_frame   0x00000a10      0x11c /home/aselsan/Desktop/IMX7/toolchain/gcc-arm-none-eabi-4_9-2015q3/bin/../lib/gcc/arm-none-eabi/4.9.3/../../../../arm-none-eabi/lib/armv7e-m/fpu/libc_nano.a(lib_a-findfp.o)
 .debug_frame   0x00000b2c       0x54 /home/aselsan/Desktop/IMX7/toolchain/gcc-arm-none-eabi-4_9-2015q3/bin/../lib/gcc/arm-none-eabi/4.9.3/../../../../arm-none-eabi/lib/armv7e-m/fpu/libc_nano.a(lib_a-fwalk.o)
 .debug_frame   0x00000b80       0x34 /home/aselsan/Desktop/IMX7/toolchain/gcc-arm-none-eabi-4_9-2015q3/bin/../lib/gcc/arm-none-eabi/4.9.3/../../../../arm-none-eabi/lib/armv7e-m/fpu/libc_nano.a(lib_a-makebuf.o)
 .debug_frame   0x00000bb4       0x28 /home/aselsan/Desktop/IMX7/toolchain/gcc-arm-none-eabi-4_9-2015q3/bin/../lib/gcc/arm-none-eabi/4.9.3/../../../../arm-none-eabi/lib/armv7e-m/fpu/libc_nano.a(lib_a-memchr.o)
 .debug_frame   0x00000bdc       0x2c /home/aselsan/Desktop/IMX7/toolchain/gcc-arm-none-eabi-4_9-2015q3/bin/../lib/gcc/arm-none-eabi/4.9.3/../../../../arm-none-eabi/lib/armv7e-m/fpu/libc_nano.a(lib_a-nano-freer.o)
 .debug_frame   0x00000c08       0x2c /home/aselsan/Desktop/IMX7/toolchain/gcc-arm-none-eabi-4_9-2015q3/bin/../lib/gcc/arm-none-eabi/4.9.3/../../../../arm-none-eabi/lib/armv7e-m/fpu/libc_nano.a(lib_a-nano-mallocr.o)
 .debug_frame   0x00000c34       0x2c /home/aselsan/Desktop/IMX7/toolchain/gcc-arm-none-eabi-4_9-2015q3/bin/../lib/gcc/arm-none-eabi/4.9.3/../../../../arm-none-eabi/lib/armv7e-m/fpu/libc_nano.a(lib_a-sbrkr.o)
 .debug_frame   0x00000c60       0xcc /home/aselsan/Desktop/IMX7/toolchain/gcc-arm-none-eabi-4_9-2015q3/bin/../lib/gcc/arm-none-eabi/4.9.3/../../../../arm-none-eabi/lib/armv7e-m/fpu/libc_nano.a(lib_a-signal.o)
 .debug_frame   0x00000d2c       0x3c /home/aselsan/Desktop/IMX7/toolchain/gcc-arm-none-eabi-4_9-2015q3/bin/../lib/gcc/arm-none-eabi/4.9.3/../../../../arm-none-eabi/lib/armv7e-m/fpu/libc_nano.a(lib_a-signalr.o)
 .debug_frame   0x00000d68       0x88 /home/aselsan/Desktop/IMX7/toolchain/gcc-arm-none-eabi-4_9-2015q3/bin/../lib/gcc/arm-none-eabi/4.9.3/../../../../arm-none-eabi/lib/armv7e-m/fpu/libc_nano.a(lib_a-stdio.o)
 .debug_frame   0x00000df0       0x2c /home/aselsan/Desktop/IMX7/toolchain/gcc-arm-none-eabi-4_9-2015q3/bin/../lib/gcc/arm-none-eabi/4.9.3/../../../../arm-none-eabi/lib/armv7e-m/fpu/libc_nano.a(lib_a-writer.o)
 .debug_frame   0x00000e1c       0x2c /home/aselsan/Desktop/IMX7/toolchain/gcc-arm-none-eabi-4_9-2015q3/bin/../lib/gcc/arm-none-eabi/4.9.3/../../../../arm-none-eabi/lib/armv7e-m/fpu/libc_nano.a(lib_a-closer.o)
 .debug_frame   0x00000e48       0x2c /home/aselsan/Desktop/IMX7/toolchain/gcc-arm-none-eabi-4_9-2015q3/bin/../lib/gcc/arm-none-eabi/4.9.3/../../../../arm-none-eabi/lib/armv7e-m/fpu/libc_nano.a(lib_a-fstatr.o)
 .debug_frame   0x00000e74       0x2c /home/aselsan/Desktop/IMX7/toolchain/gcc-arm-none-eabi-4_9-2015q3/bin/../lib/gcc/arm-none-eabi/4.9.3/../../../../arm-none-eabi/lib/armv7e-m/fpu/libc_nano.a(lib_a-isattyr.o)
 .debug_frame   0x00000ea0       0x2c /home/aselsan/Desktop/IMX7/toolchain/gcc-arm-none-eabi-4_9-2015q3/bin/../lib/gcc/arm-none-eabi/4.9.3/../../../../arm-none-eabi/lib/armv7e-m/fpu/libc_nano.a(lib_a-lseekr.o)
 .debug_frame   0x00000ecc       0x2c /home/aselsan/Desktop/IMX7/toolchain/gcc-arm-none-eabi-4_9-2015q3/bin/../lib/gcc/arm-none-eabi/4.9.3/../../../../arm-none-eabi/lib/armv7e-m/fpu/libc_nano.a(lib_a-readr.o)
 .debug_frame   0x00000ef8       0x5c /home/aselsan/Desktop/IMX7/toolchain/gcc-arm-none-eabi-4_9-2015q3/bin/../lib/gcc/arm-none-eabi/4.9.3/../../../../arm-none-eabi/lib/armv7e-m/fpu/libc_nano.a(lib_a-reent.o)
 .debug_frame   0x00000f54       0x20 /home/aselsan/Desktop/IMX7/toolchain/gcc-arm-none-eabi-4_9-2015q3/bin/../lib/gcc/arm-none-eabi/4.9.3/../../../../arm-none-eabi/lib/armv7e-m/fpu/libnosys.a(close.o)
 .debug_frame   0x00000f74       0x20 /home/aselsan/Desktop/IMX7/toolchain/gcc-arm-none-eabi-4_9-2015q3/bin/../lib/gcc/arm-none-eabi/4.9.3/../../../../arm-none-eabi/lib/armv7e-m/fpu/libnosys.a(fstat.o)
 .debug_frame   0x00000f94       0x20 /home/aselsan/Desktop/IMX7/toolchain/gcc-arm-none-eabi-4_9-2015q3/bin/../lib/gcc/arm-none-eabi/4.9.3/../../../../arm-none-eabi/lib/armv7e-m/fpu/libnosys.a(getpid.o)
 .debug_frame   0x00000fb4       0x20 /home/aselsan/Desktop/IMX7/toolchain/gcc-arm-none-eabi-4_9-2015q3/bin/../lib/gcc/arm-none-eabi/4.9.3/../../../../arm-none-eabi/lib/armv7e-m/fpu/libnosys.a(isatty.o)
 .debug_frame   0x00000fd4       0x20 /home/aselsan/Desktop/IMX7/toolchain/gcc-arm-none-eabi-4_9-2015q3/bin/../lib/gcc/arm-none-eabi/4.9.3/../../../../arm-none-eabi/lib/armv7e-m/fpu/libnosys.a(kill.o)
 .debug_frame   0x00000ff4       0x20 /home/aselsan/Desktop/IMX7/toolchain/gcc-arm-none-eabi-4_9-2015q3/bin/../lib/gcc/arm-none-eabi/4.9.3/../../../../arm-none-eabi/lib/armv7e-m/fpu/libnosys.a(lseek.o)
 .debug_frame   0x00001014       0x20 /home/aselsan/Desktop/IMX7/toolchain/gcc-arm-none-eabi-4_9-2015q3/bin/../lib/gcc/arm-none-eabi/4.9.3/../../../../arm-none-eabi/lib/armv7e-m/fpu/libnosys.a(sbrk.o)
 .debug_frame   0x00001034       0x20 /home/aselsan/Desktop/IMX7/toolchain/gcc-arm-none-eabi-4_9-2015q3/bin/../lib/gcc/arm-none-eabi/4.9.3/../../../../arm-none-eabi/lib/armv7e-m/fpu/libnosys.a(_exit.o)

.stab           0x00000000       0x9c
 .stab          0x00000000       0x24 /home/aselsan/Desktop/IMX7/toolchain/gcc-arm-none-eabi-4_9-2015q3/bin/../lib/gcc/arm-none-eabi/4.9.3/../../../../arm-none-eabi/lib/armv7e-m/fpu/libnosys.a(close.o)
 .stab          0x00000024       0x18 /home/aselsan/Desktop/IMX7/toolchain/gcc-arm-none-eabi-4_9-2015q3/bin/../lib/gcc/arm-none-eabi/4.9.3/../../../../arm-none-eabi/lib/armv7e-m/fpu/libnosys.a(fstat.o)
                                 0x24 (size before relaxing)
 .stab          0x0000003c       0x18 /home/aselsan/Desktop/IMX7/toolchain/gcc-arm-none-eabi-4_9-2015q3/bin/../lib/gcc/arm-none-eabi/4.9.3/../../../../arm-none-eabi/lib/armv7e-m/fpu/libnosys.a(getpid.o)
                                 0x24 (size before relaxing)
 .stab          0x00000054       0x18 /home/aselsan/Desktop/IMX7/toolchain/gcc-arm-none-eabi-4_9-2015q3/bin/../lib/gcc/arm-none-eabi/4.9.3/../../../../arm-none-eabi/lib/armv7e-m/fpu/libnosys.a(isatty.o)
                                 0x24 (size before relaxing)
 .stab          0x0000006c       0x18 /home/aselsan/Desktop/IMX7/toolchain/gcc-arm-none-eabi-4_9-2015q3/bin/../lib/gcc/arm-none-eabi/4.9.3/../../../../arm-none-eabi/lib/armv7e-m/fpu/libnosys.a(kill.o)
                                 0x24 (size before relaxing)
 .stab          0x00000084       0x18 /home/aselsan/Desktop/IMX7/toolchain/gcc-arm-none-eabi-4_9-2015q3/bin/../lib/gcc/arm-none-eabi/4.9.3/../../../../arm-none-eabi/lib/armv7e-m/fpu/libnosys.a(lseek.o)
                                 0x24 (size before relaxing)

.stabstr        0x00000000      0x14f
 .stabstr       0x00000000      0x14f /home/aselsan/Desktop/IMX7/toolchain/gcc-arm-none-eabi-4_9-2015q3/bin/../lib/gcc/arm-none-eabi/4.9.3/../../../../arm-none-eabi/lib/armv7e-m/fpu/libnosys.a(close.o)
