Archive member included because of file (symbol)

/home/aselsan/Desktop/IMX7/toolchain/gcc-arm-none-eabi-4_9-2015q3/bin/../lib/gcc/arm-none-eabi/4.9.3/../../../../arm-none-eabi/lib/armv7e-m/fpu/libc_nano.a(lib_a-assert.o)
                              CMakeFiles/str_echo_freertos.dir/home/aselsan/Desktop/GPT_BACKUP/freertos-colibri-imx7/platform/drivers/src/sema4.c.obj (__assert_func)
/home/aselsan/Desktop/IMX7/toolchain/gcc-arm-none-eabi-4_9-2015q3/bin/../lib/gcc/arm-none-eabi/4.9.3/../../../../arm-none-eabi/lib/armv7e-m/fpu/libc_nano.a(lib_a-exit.o)
                              /home/aselsan/Desktop/IMX7/toolchain/gcc-arm-none-eabi-4_9-2015q3/bin/../lib/gcc/arm-none-eabi/4.9.3/../../../../arm-none-eabi/lib/armv7e-m/fpu/crt0.o (exit)
/home/aselsan/Desktop/IMX7/toolchain/gcc-arm-none-eabi-4_9-2015q3/bin/../lib/gcc/arm-none-eabi/4.9.3/../../../../arm-none-eabi/lib/armv7e-m/fpu/libc_nano.a(lib_a-fprintf.o)
                              /home/aselsan/Desktop/IMX7/toolchain/gcc-arm-none-eabi-4_9-2015q3/bin/../lib/gcc/arm-none-eabi/4.9.3/../../../../arm-none-eabi/lib/armv7e-m/fpu/libc_nano.a(lib_a-assert.o) (fiprintf)
/home/aselsan/Desktop/IMX7/toolchain/gcc-arm-none-eabi-4_9-2015q3/bin/../lib/gcc/arm-none-eabi/4.9.3/../../../../arm-none-eabi/lib/armv7e-m/fpu/libc_nano.a(lib_a-impure.o)
                              /home/aselsan/Desktop/IMX7/toolchain/gcc-arm-none-eabi-4_9-2015q3/bin/../lib/gcc/arm-none-eabi/4.9.3/../../../../arm-none-eabi/lib/armv7e-m/fpu/libc_nano.a(lib_a-exit.o) (_global_impure_ptr)
/home/aselsan/Desktop/IMX7/toolchain/gcc-arm-none-eabi-4_9-2015q3/bin/../lib/gcc/arm-none-eabi/4.9.3/../../../../arm-none-eabi/lib/armv7e-m/fpu/libc_nano.a(lib_a-init.o)
                              /home/aselsan/Desktop/IMX7/toolchain/gcc-arm-none-eabi-4_9-2015q3/bin/../lib/gcc/arm-none-eabi/4.9.3/../../../../arm-none-eabi/lib/armv7e-m/fpu/crt0.o (__libc_init_array)
/home/aselsan/Desktop/IMX7/toolchain/gcc-arm-none-eabi-4_9-2015q3/bin/../lib/gcc/arm-none-eabi/4.9.3/../../../../arm-none-eabi/lib/armv7e-m/fpu/libc_nano.a(lib_a-memcpy.o)
                              CMakeFiles/str_echo_freertos.dir/home/aselsan/Desktop/GPT_BACKUP/freertos-colibri-imx7/middleware/multicore/open-amp/porting/env/freertos/rpmsg_porting.c.obj (memcpy)
/home/aselsan/Desktop/IMX7/toolchain/gcc-arm-none-eabi-4_9-2015q3/bin/../lib/gcc/arm-none-eabi/4.9.3/../../../../arm-none-eabi/lib/armv7e-m/fpu/libc_nano.a(lib_a-memset.o)
                              /home/aselsan/Desktop/IMX7/toolchain/gcc-arm-none-eabi-4_9-2015q3/bin/../lib/gcc/arm-none-eabi/4.9.3/../../../../arm-none-eabi/lib/armv7e-m/fpu/crt0.o (memset)
/home/aselsan/Desktop/IMX7/toolchain/gcc-arm-none-eabi-4_9-2015q3/bin/../lib/gcc/arm-none-eabi/4.9.3/../../../../arm-none-eabi/lib/armv7e-m/fpu/libc_nano.a(lib_a-nano-vfprintf.o)
                              /home/aselsan/Desktop/IMX7/toolchain/gcc-arm-none-eabi-4_9-2015q3/bin/../lib/gcc/arm-none-eabi/4.9.3/../../../../arm-none-eabi/lib/armv7e-m/fpu/libc_nano.a(lib_a-fprintf.o) (_vfprintf_r)
/home/aselsan/Desktop/IMX7/toolchain/gcc-arm-none-eabi-4_9-2015q3/bin/../lib/gcc/arm-none-eabi/4.9.3/../../../../arm-none-eabi/lib/armv7e-m/fpu/libc_nano.a(lib_a-nano-vfprintf_i.o)
                              /home/aselsan/Desktop/IMX7/toolchain/gcc-arm-none-eabi-4_9-2015q3/bin/../lib/gcc/arm-none-eabi/4.9.3/../../../../arm-none-eabi/lib/armv7e-m/fpu/libc_nano.a(lib_a-nano-vfprintf.o) (_printf_i)
/home/aselsan/Desktop/IMX7/toolchain/gcc-arm-none-eabi-4_9-2015q3/bin/../lib/gcc/arm-none-eabi/4.9.3/../../../../arm-none-eabi/lib/armv7e-m/fpu/libc_nano.a(lib_a-strcmp.o)
                              CMakeFiles/str_echo_freertos.dir/home/aselsan/Desktop/GPT_BACKUP/freertos-colibri-imx7/middleware/multicore/open-amp/porting/env/freertos/rpmsg_porting.c.obj (strcmp)
/home/aselsan/Desktop/IMX7/toolchain/gcc-arm-none-eabi-4_9-2015q3/bin/../lib/gcc/arm-none-eabi/4.9.3/../../../../arm-none-eabi/lib/armv7e-m/fpu/libc_nano.a(lib_a-strlen.o)
                              CMakeFiles/str_echo_freertos.dir/home/aselsan/Desktop/GPT_BACKUP/freertos-colibri-imx7/platform/utilities/src/print_scan.c.obj (strlen)
/home/aselsan/Desktop/IMX7/toolchain/gcc-arm-none-eabi-4_9-2015q3/bin/../lib/gcc/arm-none-eabi/4.9.3/../../../../arm-none-eabi/lib/armv7e-m/fpu/libc_nano.a(lib_a-strncmp.o)
                              CMakeFiles/str_echo_freertos.dir/home/aselsan/Desktop/GPT_BACKUP/freertos-colibri-imx7/middleware/multicore/open-amp/porting/env/freertos/rpmsg_porting.c.obj (strncmp)
/home/aselsan/Desktop/IMX7/toolchain/gcc-arm-none-eabi-4_9-2015q3/bin/../lib/gcc/arm-none-eabi/4.9.3/../../../../arm-none-eabi/lib/armv7e-m/fpu/libc_nano.a(lib_a-strncpy.o)
                              CMakeFiles/str_echo_freertos.dir/home/aselsan/Desktop/GPT_BACKUP/freertos-colibri-imx7/middleware/multicore/open-amp/porting/env/freertos/rpmsg_porting.c.obj (strncpy)
[...]
Memory Configuration

Name             Origin             Length             Attributes
m_interrupts     0x00000000         0x00000240         xr
m_text           0x1fff8000         0x00008000         xr
m_data           0x20000000         0x00008000         rw
*default*        0x00000000         0xffffffff

Linker script and memory map

LOAD /home/aselsan/Desktop/IMX7/toolchain/gcc-arm-none-eabi-4_9-2015q3/bin/../lib/gcc/arm-none-eabi/4.9.3/armv7e-m/fpu/crti.o
LOAD /home/aselsan/Desktop/IMX7/toolchain/gcc-arm-none-eabi-4_9-2015q3/bin/../lib/gcc/arm-none-eabi/4.9.3/armv7e-m/fpu/crtbegin.o
LOAD /home/aselsan/Desktop/IMX7/toolchain/gcc-arm-none-eabi-4_9-2015q3/bin/../lib/gcc/arm-none-eabi/4.9.3/../../../../arm-none-eabi/lib/armv7e-m/fpu/crt0.o
                0x00000400                __stack_size__ = 0x400
                0x00000200                __heap_size__ = 0x200
LOAD CMakeFiles/str_echo_freertos.dir/home/aselsan/Desktop/GPT_BACKUP/freertos-colibri-imx7/platform/drivers/src/sema4.c.obj
LOAD CMakeFiles/str_echo_freertos.dir/home/aselsan/Desktop/GPT_BACKUP/freertos-colibri-imx7/middleware/multicore/open-amp/common/hil/hil.c.obj
LOAD CMakeFiles/str_echo_freertos.dir/home/aselsan/Desktop/GPT_BACKUP/freertos-colibri-imx7/middleware/multicore/open-amp/common/llist/llist.c.obj
LOAD CMakeFiles/str_echo_freertos.dir/home/aselsan/Desktop/GPT_BACKUP/freertos-colibri-imx7/middleware/multicore/open-amp/common/shm/sh_mem.c.obj
LOAD CMakeFiles/str_echo_freertos.dir/home/aselsan/Desktop/GPT_BACKUP/freertos-colibri-imx7/middleware/multicore/open-amp/porting/config/config.c.obj
LOAD CMakeFiles/str_echo_freertos.dir/home/aselsan/Desktop/GPT_BACKUP/freertos-colibri-imx7/middleware/multicore/open-amp/porting/env/freertos/rpmsg_porting.c.obj
LOAD CMakeFiles/str_echo_freertos.dir/home/aselsan/Desktop/GPT_BACKUP/freertos-colibri-imx7/middleware/multicore/open-amp/porting/imx7d_m4/platform.c.obj
LOAD CMakeFiles/str_echo_freertos.dir/home/aselsan/Desktop/GPT_BACKUP/freertos-colibri-imx7/middleware/multicore/open-amp/porting/imx7d_m4/platform_info.c.obj
LOAD CMakeFiles/str_echo_freertos.dir/home/aselsan/Desktop/GPT_BACKUP/freertos-colibri-imx7/middleware/multicore/open-amp/rpmsg/remote_device.c.obj
LOAD CMakeFiles/str_echo_freertos.dir/home/aselsan/Desktop/GPT_BACKUP/freertos-colibri-imx7/middleware/multicore/open-amp/rpmsg/rpmsg.c.obj
LOAD CMakeFiles/str_echo_freertos.dir/home/aselsan/Desktop/GPT_BACKUP/freertos-colibri-imx7/middleware/multicore/open-amp/rpmsg/rpmsg_core.c.obj
LOAD CMakeFiles/str_echo_freertos.dir/home/aselsan/Desktop/GPT_BACKUP/freertos-colibri-imx7/middleware/multicore/open-amp/rpmsg/rpmsg_ext.c.obj
LOAD CMakeFiles/str_echo_freertos.dir/home/aselsan/Desktop/GPT_BACKUP/freertos-colibri-imx7/middleware/multicore/open-amp/rpmsg/rpmsg_rtos.c.obj
LOAD CMakeFiles/str_echo_freertos.dir/home/aselsan/Desktop/GPT_BACKUP/freertos-colibri-imx7/middleware/multicore/open-amp/virtio/virtio.c.obj
LOAD CMakeFiles/str_echo_freertos.dir/home/aselsan/Desktop/GPT_BACKUP/freertos-colibri-imx7/middleware/multicore/open-amp/virtio/virtqueue.c.obj
LOAD CMakeFiles/str_echo_freertos.dir/home/aselsan/Desktop/GPT_BACKUP/freertos-colibri-imx7/platform/devices/MCIMX7D/startup/gcc/startup_MCIMX7D_M4.S.obj
LOAD CMakeFiles/str_echo_freertos.dir/home/aselsan/Desktop/GPT_BACKUP/freertos-colibri-imx7/platform/devices/MCIMX7D/startup/system_MCIMX7D_M4.c.obj
LOAD CMakeFiles/str_echo_freertos.dir/home/aselsan/Desktop/GPT_BACKUP/freertos-colibri-imx7/platform/drivers/src/ccm_analog_imx7d.c.obj
LOAD CMakeFiles/str_echo_freertos.dir/home/aselsan/Desktop/GPT_BACKUP/freertos-colibri-imx7/platform/drivers/src/ccm_imx7d.c.obj
LOAD CMakeFiles/str_echo_freertos.dir/home/aselsan/Desktop/GPT_BACKUP/freertos-colibri-imx7/platform/drivers/src/mu_imx.c.obj
LOAD CMakeFiles/str_echo_freertos.dir/home/aselsan/Desktop/GPT_BACKUP/freertos-colibri-imx7/platform/drivers/src/rdc.c.obj
LOAD CMakeFiles/str_echo_freertos.dir/home/aselsan/Desktop/GPT_BACKUP/freertos-colibri-imx7/platform/drivers/src/rdc_semaphore.c.obj
LOAD CMakeFiles/str_echo_freertos.dir/home/aselsan/Desktop/GPT_BACKUP/freertos-colibri-imx7/platform/drivers/src/uart_imx.c.obj
LOAD CMakeFiles/str_echo_freertos.dir/home/aselsan/Desktop/GPT_BACKUP/freertos-colibri-imx7/platform/drivers/src/wdog_imx.c.obj
LOAD CMakeFiles/str_echo_freertos.dir/home/aselsan/Desktop/GPT_BACKUP/freertos-colibri-imx7/platform/drivers/src/gpt.c.obj
LOAD CMakeFiles/str_echo_freertos.dir/home/aselsan/Desktop/GPT_BACKUP/freertos-colibri-imx7/platform/drivers/src/gpio_imx.c.obj
LOAD CMakeFiles/str_echo_freertos.dir/home/aselsan/Desktop/GPT_BACKUP/freertos-colibri-imx7/platform/utilities/src/debug_console_imx.c.obj
LOAD CMakeFiles/str_echo_freertos.dir/home/aselsan/Desktop/GPT_BACKUP/freertos-colibri-imx7/platform/drivers/src/i2c_imx.c.obj
LOAD CMakeFiles/str_echo_freertos.dir/home/aselsan/Desktop/GPT_BACKUP/freertos-colibri-imx7/platform/utilities/src/print_scan.c.obj
LOAD CMakeFiles/str_echo_freertos.dir/home/aselsan/Desktop/GPT_BACKUP/freertos-colibri-imx7/rtos/FreeRTOS/Source/croutine.c.obj
LOAD CMakeFiles/str_echo_freertos.dir/home/aselsan/Desktop/GPT_BACKUP/freertos-colibri-imx7/rtos/FreeRTOS/Source/event_groups.c.obj
LOAD CMakeFiles/str_echo_freertos.dir/home/aselsan/Desktop/GPT_BACKUP/freertos-colibri-imx7/rtos/FreeRTOS/Source/list.c.obj
LOAD CMakeFiles/str_echo_freertos.dir/home/aselsan/Desktop/GPT_BACKUP/freertos-colibri-imx7/rtos/FreeRTOS/Source/portable/GCC/ARM_CM4F/port.c.obj
LOAD CMakeFiles/str_echo_freertos.dir/home/aselsan/Desktop/GPT_BACKUP/freertos-colibri-imx7/rtos/FreeRTOS/Source/portable/MemMang/heap_2.c.obj
LOAD CMakeFiles/str_echo_freertos.dir/home/aselsan/Desktop/GPT_BACKUP/freertos-colibri-imx7/rtos/FreeRTOS/Source/queue.c.obj
LOAD CMakeFiles/str_echo_freertos.dir/home/aselsan/Desktop/GPT_BACKUP/freertos-colibri-imx7/rtos/FreeRTOS/Source/tasks.c.obj
LOAD CMakeFiles/str_echo_freertos.dir/home/aselsan/Desktop/GPT_BACKUP/freertos-colibri-imx7/rtos/FreeRTOS/Source/timers.c.obj
LOAD CMakeFiles/str_echo_freertos.dir/home/aselsan/Desktop/GPT_BACKUP/freertos-colibri-imx7/examples/imx7_colibri_m4/board.c.obj
LOAD CMakeFiles/str_echo_freertos.dir/home/aselsan/Desktop/GPT_BACKUP/freertos-colibri-imx7/examples/imx7_colibri_m4/gpio_pins.c.obj
LOAD CMakeFiles/str_echo_freertos.dir/home/aselsan/Desktop/GPT_BACKUP/freertos-colibri-imx7/examples/imx7_colibri_m4/clock_freq.c.obj
LOAD CMakeFiles/str_echo_freertos.dir/home/aselsan/Desktop/GPT_BACKUP/freertos-colibri-imx7/examples/imx7_colibri_m4/pin_mux.c.obj
LOAD CMakeFiles/str_echo_freertos.dir/home/aselsan/Desktop/GPT_BACKUP/freertos-colibri-imx7/examples/imx7_colibri_m4/demo_apps/rpmsg/str_echo_freertos/hardware_init.c.obj
LOAD CMakeFiles/str_echo_freertos.dir/home/aselsan/Desktop/GPT_BACKUP/freertos-colibri-imx7/examples/imx7_colibri_m4/demo_apps/rpmsg/str_echo_freertos/str_echo_freertos.c.obj
LOAD CMakeFiles/str_echo_freertos.dir/home/aselsan/Desktop/GPT_BACKUP/freertos-colibri-imx7/examples/imx7_colibri_m4/demo_apps/rpmsg/str_echo_freertos/watchdog.c.obj
LOAD CMakeFiles/str_echo_freertos.dir/home/aselsan/Desktop/GPT_BACKUP/freertos-colibri-imx7/examples/imx7_colibri_m4/demo_apps/rpmsg/str_echo_freertos/timer.c.obj
LOAD CMakeFiles/str_echo_freertos.dir/home/aselsan/Desktop/GPT_BACKUP/freertos-colibri-imx7/examples/imx7_colibri_m4/demo_apps/rpmsg/str_echo_freertos/gpio.c.obj
LOAD CMakeFiles/str_echo_freertos.dir/home/aselsan/Desktop/GPT_BACKUP/freertos-colibri-imx7/examples/imx7_colibri_m4/demo_apps/rpmsg/str_echo_freertos/i2c.c.obj
LOAD CMakeFiles/str_echo_freertos.dir/home/aselsan/Desktop/GPT_BACKUP/freertos-colibri-imx7/examples/imx7_colibri_m4/demo_apps/rpmsg/str_echo_freertos/comm_skb.c.obj
START GROUP
LOAD /home/aselsan/Desktop/IMX7/toolchain/gcc-arm-none-eabi-4_9-2015q3/bin/../lib/gcc/arm-none-eabi/4.9.3/../../../../arm-none-eabi/lib/armv7e-m/fpu/libm.a
LOAD /home/aselsan/Desktop/IMX7/toolchain/gcc-arm-none-eabi-4_9-2015q3/bin/../lib/gcc/arm-none-eabi/4.9.3/../../../../arm-none-eabi/lib/armv7e-m/fpu/libc_nano.a
LOAD /home/aselsan/Desktop/IMX7/toolchain/gcc-arm-none-eabi-4_9-2015q3/bin/../lib/gcc/arm-none-eabi/4.9.3/armv7e-m/fpu/libgcc.a
LOAD /home/aselsan/Desktop/IMX7/toolchain/gcc-arm-none-eabi-4_9-2015q3/bin/../lib/gcc/arm-none-eabi/4.9.3/../../../../arm-none-eabi/lib/armv7e-m/fpu/libnosys.a
END GROUP
START GROUP
LOAD /home/aselsan/Desktop/IMX7/toolchain/gcc-arm-none-eabi-4_9-2015q3/bin/../lib/gcc/arm-none-eabi/4.9.3/armv7e-m/fpu/libgcc.a
LOAD /home/aselsan/Desktop/IMX7/toolchain/gcc-arm-none-eabi-4_9-2015q3/bin/../lib/gcc/arm-none-eabi/4.9.3/../../../../arm-none-eabi/lib/armv7e-m/fpu/libg_nano.a
LOAD /home/aselsan/Desktop/IMX7/toolchain/gcc-arm-none-eabi-4_9-2015q3/bin/../lib/gcc/arm-none-eabi/4.9.3/../../../../arm-none-eabi/lib/armv7e-m/fpu/libc_nano.a
END GROUP
START GROUP
LOAD /home/aselsan/Desktop/IMX7/toolchain/gcc-arm-none-eabi-4_9-2015q3/bin/../lib/gcc/arm-none-eabi/4.9.3/armv7e-m/fpu/libgcc.a
LOAD /home/aselsan/Desktop/IMX7/toolchain/gcc-arm-none-eabi-4_9-2015q3/bin/../lib/gcc/arm-none-eabi/4.9.3/../../../../arm-none-eabi/lib/armv7e-m/fpu/libc_nano.a
LOAD /home/aselsan/Desktop/IMX7/toolchain/gcc-arm-none-eabi-4_9-2015q3/bin/../lib/gcc/arm-none-eabi/4.9.3/../../../../arm-none-eabi/lib/armv7e-m/fpu/libnosys.a
END GROUP
START GROUP
LOAD /home/aselsan/Desktop/IMX7/toolchain/gcc-arm-none-eabi-4_9-2015q3/bin/../lib/gcc/arm-none-eabi/4.9.3/armv7e-m/fpu/libgcc.a
LOAD /home/aselsan/Desktop/IMX7/toolchain/gcc-arm-none-eabi-4_9-2015q3/bin/../lib/gcc/arm-none-eabi/4.9.3/../../../../arm-none-eabi/lib/armv7e-m/fpu/libc_nano.a
LOAD /home/aselsan/Desktop/IMX7/toolchain/gcc-arm-none-eabi-4_9-2015q3/bin/../lib/gcc/arm-none-eabi/4.9.3/../../../../arm-none-eabi/lib/armv7e-m/fpu/libnosys.a
END GROUP
LOAD /home/aselsan/Desktop/IMX7/toolchain/gcc-arm-none-eabi-4_9-2015q3/bin/../lib/gcc/arm-none-eabi/4.9.3/armv7e-m/fpu/crtend.o
LOAD /home/aselsan/Desktop/IMX7/toolchain/gcc-arm-none-eabi-4_9-2015q3/bin/../lib/gcc/arm-none-eabi/4.9.3/armv7e-m/fpu/crtn.o
                0x1fff8000                TCML_code = 0x1fff8000
                0x20000000                TCMU_system = 0x20000000
                0x00000000                OCRAM_S_code = 0x0
                0x00180000                OCRAM_S_system = 0x180000
                0x00900000                OCRAM_code = 0x900000
                0x20200000                OCRAM_system = 0x20200000
                0x00920000                OCRAM_EPDC_code = 0x920000
                0x20220000                OCRAM_EPDC_system = 0x20220000
                0x10000000                DDR_code = 0x10000000
                0x80000000                DDR_system = 0x80000000
                0x00000400                HEAP_SIZE = DEFINED (__heap_size__)?__heap_size__:0x400
                0x00000400                STACK_SIZE = DEFINED (__stack_size__)?__stack_size__:0x400
                0x00000000                __FLASH_START = ORIGIN (m_interrupts)
                0x20000000                __FLASH_END = (ORIGIN (m_text) + 0x8000)

.interrupts     0x00000000      0x240
                0x00000000                __VECTOR_TABLE = .
                0x00000000                . = ALIGN (0x4)
 *(.isr_vector)
 .isr_vector    0x00000000      0x240 CMakeFiles/str_echo_freertos.dir/home/aselsan/Desktop/GPT_BACKUP/freertos-colibri-imx7/platform/devices/MCIMX7D/startup/gcc/startup_MCIMX7D_M4.S.obj
                0x00000000                __isr_vector
                0x00000240                . = ALIGN (0x4)

.text           0x1fff8000     0x740c
                0x1fff8000                . = ALIGN (0x4)
 *(.text)
 .text          0x1fff8000       0x5c /home/aselsan/Desktop/IMX7/toolchain/gcc-arm-none-eabi-4_9-2015q3/bin/../lib/gcc/arm-none-eabi/4.9.3/armv7e-m/fpu/crtbegin.o
 .text          0x1fff805c       0x74 /home/aselsan/Desktop/IMX7/toolchain/gcc-arm-none-eabi-4_9-2015q3/bin/../lib/gcc/arm-none-eabi/4.9.3/../../../../arm-none-eabi/lib/armv7e-m/fpu/crt0.o
                0x1fff805c                _mainCRTStartup
                0x1fff805c                _start
 .text          0x1fff80d0       0x24 CMakeFiles/str_echo_freertos.dir/home/aselsan/Desktop/GPT_BACKUP/freertos-colibri-imx7/platform/devices/MCIMX7D/startup/gcc/startup_MCIMX7D_M4.S.obj
                0x1fff80d0                Reset_Handler
                0x1fff80f0                ENET2_MAC0_TRANS1_Handler
                0x1fff80f0                SAI3_Handler
                0x1fff80f0                DebugMon_Handler
                0x1fff80f0                USB_OH3_OTG2_1_Handler
                0x1fff80f0                GPIO3_INT31_16_Handler
                0x1fff80f0                eCSPI4_Handler
                0x1fff80f0                SIM2_Handler
                0x1fff80f0                FLEXCAN1_Handler
                0x1fff80f0                UART3_Handler
                0x1fff80f0                UART2_Handler
                0x1fff80f0                GPIO1_INT3_Handler
                0x1fff80f0                HardFault_Handler
                0x1fff80f0                SNVS_SECURITY_Handler
                0x1fff80f0                SEMA4_HS_M4_Handler
                0x1fff80f0                GPIO6_INT31_16_Handler
                0x1fff80f0                SRC_Handler
                0x1fff80f0                GPT2_Handler
                0x1fff80f0                CCM2_Handler
                0x1fff80f0                I2C1_Handler
                0x1fff80f0                CPU_CTI_Handler
                0x1fff80f0                NMI_Handler
                0x1fff80f0                SAI1_Handler
                0x1fff80f0                ENET2_MAC0_IRQ_Handler
                0x1fff80f0                KPP_Handler
                0x1fff80f0                USB_OTG1_Handler
                0x1fff80f0                MIPI_CSI_Handler
                0x1fff80f0                WDOG4_Handler
                0x1fff80f0                Reserved9_Handler
                0x1fff80f0                QSPI_Handler
                0x1fff80f0                CAAM_QUEUE_Handler
                0x1fff80f0                GPIO2_INT15_0_Handler
                0x1fff80f0                PCIE_CTRL4_Handler
                0x1fff80f0                uSDHC2_Handler
                0x1fff80f0                GPIO1_INT6_Handler
                0x1fff80f0                PCIE_CTRL_REQUEST_Handler
                0x1fff80f0                SCTR1_Handler
                0x1fff80f0                RDC_Handler
                0x1fff80f0                EPDC_Handler
                0x1fff80f0                CCM1_Handler
                0x1fff80f0                UsageFault_Handler
                0x1fff80f0                ADC1_Handler
                0x1fff80f0                GPIO1_INT0_Handler
                0x1fff80f0                Analog_brown_out_Handler
                0x1fff80f0                PXP2_Handler
                0x1fff80f0                SEMA4_HS_A7_Handler
                0x1fff80f0                RTIC_Handler
                0x1fff80f0                DefaultISR
                0x1fff80f0                GPIO6_INT15_0_Handler
                0x1fff80f0                SCTR2_Handler
                0x1fff80f0                WDOG3_Handler
                0x1fff80f0                USB_OH2_OTG_Handler
                0x1fff80f0                SAI2_Handler
                0x1fff80f0                GPIO3_INT15_0_Handler
                0x1fff80f0                FTM2_Handler
                0x1fff80f0                eCSPI1_Handler
                0x1fff80f0                GPC_Handler
                0x1fff80f0                GPIO1_INT15_0_Handler
                0x1fff80f0                UART1_Handler
                0x1fff80f0                ENET1_MAC0_TRANS2_Handler
                0x1fff80f0                eCSPI3_Handler
                0x1fff80f0                BCH_Handler
                0x1fff80f0                CAAM_ERROR_Handler
                0x1fff80f0                Analog_TempSensor_Handler
                0x1fff80f0                PXP1_Handler
                0x1fff80f0                SNVS_Handler
                0x1fff80f0                GPT4_Handler
                0x1fff80f0                GPIO5_INT15_0_Handler
                0x1fff80f0                ENET2_MAC0_TRANS2_Handler
                0x1fff80f0                GPMI_Handler
                0x1fff80f0                I2C4_Handler
                0x1fff80f0                CCM_SRC_GPC_Handler
                0x1fff80f0                CPU_Handler
                0x1fff80f0                UART4_Handler
                0x1fff80f0                GPIO1_INT1_Handler
                0x1fff80f0                uSDHC3_Handler
                0x1fff80f0                EIM_Handler
                0x1fff80f0                PWM1_Handler
                0x1fff80f0                ENET2_1588_TIMER_IRQ_Handler
                0x1fff80f0                UART6_Handler
                0x1fff80f0                GPIO1_INT4_Handler
                0x1fff80f0                GPIO1_INT31_16_Handler
                0x1fff80f0                APBHDMA_Handler
                0x1fff80f0                uSDHC1_Handler
                0x1fff80f0                DBGMON_Handler
                0x1fff80f0                UART7_Handler
                0x1fff80f0                SDMA_Handler
                0x1fff80f0                GPT1_Handler
                0x1fff80f0                PWM3_Handler
                0x1fff80f0                PCIE_CTRL2_Handler
                0x1fff80f0                MemManage_Handler
                0x1fff80f0                GPIO5_INT31_16_Handler
                0x1fff80f0                TZASC1_Handler
                0x1fff80f0                I2C2_Handler
                0x1fff80f0                DAP_Handler
                0x1fff80f0                GPIO4_INT15_0_Handler
                0x1fff80f0                CSI_Handler
                0x1fff80f0                eCSPI2_Handler
                0x1fff80f0                ENET1_1588_TIMER_Handler
                0x1fff80f0                WDOG2_Handler
                0x1fff80f0                FLEXCAN2_Handler
                0x1fff80f0                PCIE_CTRL1_Handler
                0x1fff80f0                PCIE_CTRL3_Handler
                0x1fff80f0                GPIO1_INT5_Handler
                0x1fff80f0                CAAM_WRAPPER2_Handler
                0x1fff80f0                SNVS_CONSOLIDATED_Handler
                0x1fff80f0                CAAM_WRAPPER1_Handler
                0x1fff80f0                GPIO4_INT31_16_Handler
                0x1fff80f0                GPIO1_INT2_Handler
                0x1fff80f0                LCDIF_Handler
                0x1fff80f0                UART5_Handler
                0x1fff80f0                PERFMON1_Handler
                0x1fff80f0                GPIO1_INT7_Handler
                0x1fff80f0                I2C3_Handler
                0x1fff80f0                CSU_Handler
                0x1fff80f0                MIPI_DSI_Handler
                0x1fff80f0                PWM2_Handler
                0x1fff80f0                GPR_Handler
                0x1fff80f0                SIM1_Handler
                0x1fff80f0                USB_OTG2_Handler
                0x1fff80f0                ENET1_MAC0_TRANS1_Handler
                0x1fff80f0                BusFault_Handler
                0x1fff80f0                USB_OH3_OTG2_2_Handler
                0x1fff80f0                ENET1_MAC0_Handler
                0x1fff80f0                PERFMON2_Handler
                0x1fff80f0                GPIO7_INT31_16_Handler
                0x1fff80f0                PWM4_Handler
                0x1fff80f0                GPIO2_INT31_16_Handler
                0x1fff80f0                FTM1_Handler
                0x1fff80f0                GPIO7_INT15_0_Handler
                0x1fff80f0                WDOG1_Handler
                0x1fff80f0                MU_A7_Handler
                0x1fff80f0                ADC2_Handler
                0x1fff80f0                TPR_Handler
 *(.text*)
 .text.hil_create_proc
                0x1fff80f4       0x6c CMakeFiles/str_echo_freertos.dir/home/aselsan/Desktop/GPT_BACKUP/freertos-colibri-imx7/middleware/multicore/open-amp/common/hil/hil.c.obj
                0x1fff80f4                hil_create_proc
 .text.hil_isr  0x1fff8160        0xc CMakeFiles/str_echo_freertos.dir/home/aselsan/Desktop/GPT_BACKUP/freertos-colibri-imx7/middleware/multicore/open-amp/common/hil/hil.c.obj
                0x1fff8160                hil_isr
 .text.hil_get_chnl_info
                0x1fff816c        0x8 CMakeFiles/str_echo_freertos.dir/home/aselsan/Desktop/GPT_BACKUP/freertos-colibri-imx7/middleware/multicore/open-amp/common/hil/hil.c.obj
                0x1fff816c                hil_get_chnl_info
 .text.hil_get_vring_info
                0x1fff8174        0x8 CMakeFiles/str_echo_freertos.dir/home/aselsan/Desktop/GPT_BACKUP/freertos-colibri-imx7/middleware/multicore/open-amp/common/hil/hil.c.obj
                0x1fff8174                hil_get_vring_info
 .text.hil_get_shm_info
                0x1fff817c        0x4 CMakeFiles/str_echo_freertos.dir/home/aselsan/Desktop/GPT_BACKUP/freertos-colibri-imx7/middleware/multicore/open-amp/common/hil/hil.c.obj
                0x1fff817c                hil_get_shm_info
 .text.hil_enable_vring_notifications
                0x1fff8180       0x20 CMakeFiles/str_echo_freertos.dir/home/aselsan/Desktop/GPT_BACKUP/freertos-colibri-imx7/middleware/multicore/open-amp/common/hil/hil.c.obj
                0x1fff8180                hil_enable_vring_notifications
 .text.hil_vring_notify
                0x1fff81a0       0x1c CMakeFiles/str_echo_freertos.dir/home/aselsan/Desktop/GPT_BACKUP/freertos-colibri-imx7/middleware/multicore/open-amp/common/hil/hil.c.obj
                0x1fff81a0                hil_vring_notify
 .text.hil_get_status
                0x1fff81bc        0x4 CMakeFiles/str_echo_freertos.dir/home/aselsan/Desktop/GPT_BACKUP/freertos-colibri-imx7/middleware/multicore/open-amp/common/hil/hil.c.obj
                0x1fff81bc                hil_get_status
 .text.hil_set_status
                0x1fff81c0        0x4 CMakeFiles/str_echo_freertos.dir/home/aselsan/Desktop/GPT_BACKUP/freertos-colibri-imx7/middleware/multicore/open-amp/common/hil/hil.c.obj
                0x1fff81c0                hil_set_status
 .text.add_to_list
                0x1fff81c4       0x20 CMakeFiles/str_echo_freertos.dir/home/aselsan/Desktop/GPT_BACKUP/freertos-colibri-imx7/middleware/multicore/open-amp/common/llist/llist.c.obj
                0x1fff81c4                add_to_list
 .text.remove_from_list
                0x1fff81e4       0x28 CMakeFiles/str_echo_freertos.dir/home/aselsan/Desktop/GPT_BACKUP/freertos-colibri-imx7/middleware/multicore/open-amp/common/llist/llist.c.obj
                0x1fff81e4                remove_from_list
 .text.sh_mem_create_pool
                0x1fff820c       0x94 CMakeFiles/str_echo_freertos.dir/home/aselsan/Desktop/GPT_BACKUP/freertos-colibri-imx7/middleware/multicore/open-amp/common/shm/sh_mem.c.obj
                0x1fff820c                sh_mem_create_pool
 .text.sh_mem_free_buffer
                0x1fff82a0       0x58 CMakeFiles/str_echo_freertos.dir/home/aselsan/Desktop/GPT_BACKUP/freertos-colibri-imx7/middleware/multicore/open-amp/common/shm/sh_mem.c.obj
                0x1fff82a0                sh_mem_free_buffer
 .text.sh_mem_delete_pool
                0x1fff82f8       0x18 CMakeFiles/str_echo_freertos.dir/home/aselsan/Desktop/GPT_BACKUP/freertos-colibri-imx7/middleware/multicore/open-amp/common/shm/sh_mem.c.obj
                0x1fff82f8                sh_mem_delete_pool
 .text.get_first_zero_bit
                0x1fff8310       0x50 CMakeFiles/str_echo_freertos.dir/home/aselsan/Desktop/GPT_BACKUP/freertos-colibri-imx7/middleware/multicore/open-amp/common/shm/sh_mem.c.obj
                0x1fff8310                get_first_zero_bit
 .text.sh_mem_get_buffer
                0x1fff8360       0x68 CMakeFiles/str_echo_freertos.dir/home/aselsan/Desktop/GPT_BACKUP/freertos-colibri-imx7/middleware/multicore/open-amp/common/shm/sh_mem.c.obj
                0x1fff8360                sh_mem_get_buffer
 .text.env_in_isr
                0x1fff83c8        0x8 CMakeFiles/str_echo_freertos.dir/home/aselsan/Desktop/GPT_BACKUP/freertos-colibri-imx7/middleware/multicore/open-amp/porting/env/freertos/rpmsg_porting.c.obj
                0x1fff83c8                env_in_isr
 .text.env_init
                0x1fff83d0       0x54 CMakeFiles/str_echo_freertos.dir/home/aselsan/Desktop/GPT_BACKUP/freertos-colibri-imx7/middleware/multicore/open-amp/porting/env/freertos/rpmsg_porting.c.obj
                0x1fff83d0                env_init
 .text.env_deinit
                0x1fff8424       0x54 CMakeFiles/str_echo_freertos.dir/home/aselsan/Desktop/GPT_BACKUP/freertos-colibri-imx7/middleware/multicore/open-amp/porting/env/freertos/rpmsg_porting.c.obj
                0x1fff8424                env_deinit
 .text.env_allocate_memory
                0x1fff8478        0x8 CMakeFiles/str_echo_freertos.dir/home/aselsan/Desktop/GPT_BACKUP/freertos-colibri-imx7/middleware/multicore/open-amp/porting/env/freertos/rpmsg_porting.c.obj
                0x1fff8478                env_allocate_memory
 .text.env_free_memory
                0x1fff8480        0x8 CMakeFiles/str_echo_freertos.dir/home/aselsan/Desktop/GPT_BACKUP/freertos-colibri-imx7/middleware/multicore/open-amp/porting/env/freertos/rpmsg_porting.c.obj
                0x1fff8480                env_free_memory
 .text.env_memset
                0x1fff8488        0x8 CMakeFiles/str_echo_freertos.dir/home/aselsan/Desktop/GPT_BACKUP/freertos-colibri-imx7/middleware/multicore/open-amp/porting/env/freertos/rpmsg_porting.c.obj
                0x1fff8488                env_memset
 .text.env_memcpy
                0x1fff8490        0x8 CMakeFiles/str_echo_freertos.dir/home/aselsan/Desktop/GPT_BACKUP/freertos-colibri-imx7/middleware/multicore/open-amp/porting/env/freertos/rpmsg_porting.c.obj
                0x1fff8490                env_memcpy
 .text.env_strncpy
                0x1fff8498        0x8 CMakeFiles/str_echo_freertos.dir/home/aselsan/Desktop/GPT_BACKUP/freertos-colibri-imx7/middleware/multicore/open-amp/porting/env/freertos/rpmsg_porting.c.obj
                0x1fff8498                env_strncpy
 .text.env_strncmp
                0x1fff84a0        0x8 CMakeFiles/str_echo_freertos.dir/home/aselsan/Desktop/GPT_BACKUP/freertos-colibri-imx7/middleware/multicore/open-amp/porting/env/freertos/rpmsg_porting.c.obj
                0x1fff84a0                env_strncmp
 .text.env_mb   0x1fff84a8        0x4 CMakeFiles/str_echo_freertos.dir/home/aselsan/Desktop/GPT_BACKUP/freertos-colibri-imx7/middleware/multicore/open-amp/porting/env/freertos/rpmsg_porting.c.obj
                0x1fff84a8                env_mb
 .text.env_rmb  0x1fff84ac        0x4 CMakeFiles/str_echo_freertos.dir/home/aselsan/Desktop/GPT_BACKUP/freertos-colibri-imx7/middleware/multicore/open-amp/porting/env/freertos/rpmsg_porting.c.obj
                0x1fff84ac                env_rmb
 .text.env_wmb  0x1fff84b0        0x4 CMakeFiles/str_echo_freertos.dir/home/aselsan/Desktop/GPT_BACKUP/freertos-colibri-imx7/middleware/multicore/open-amp/porting/env/freertos/rpmsg_porting.c.obj
                0x1fff84b0                env_wmb
 .text.env_map_vatopa
                0x1fff84b4        0x8 CMakeFiles/str_echo_freertos.dir/home/aselsan/Desktop/GPT_BACKUP/freertos-colibri-imx7/middleware/multicore/open-amp/porting/env/freertos/rpmsg_porting.c.obj
                0x1fff84b4                env_map_vatopa
 .text.env_map_patova
                0x1fff84bc        0x8 CMakeFiles/str_echo_freertos.dir/home/aselsan/Desktop/GPT_BACKUP/freertos-colibri-imx7/middleware/multicore/open-amp/porting/env/freertos/rpmsg_porting.c.obj
                0x1fff84bc                env_map_patova
 .text.env_create_mutex
                0x1fff84c4       0x18 CMakeFiles/str_echo_freertos.dir/home/aselsan/Desktop/GPT_BACKUP/freertos-colibri-imx7/middleware/multicore/open-amp/porting/env/freertos/rpmsg_porting.c.obj
                0x1fff84c4                env_create_mutex
 .text.env_delete_mutex
                0x1fff84dc        0x8 CMakeFiles/str_echo_freertos.dir/home/aselsan/Desktop/GPT_BACKUP/freertos-colibri-imx7/middleware/multicore/open-amp/porting/env/freertos/rpmsg_porting.c.obj
                0x1fff84dc                env_delete_mutex
 .text.env_lock_mutex
                0x1fff84e4       0x20 CMakeFiles/str_echo_freertos.dir/home/aselsan/Desktop/GPT_BACKUP/freertos-colibri-imx7/middleware/multicore/open-amp/porting/env/freertos/rpmsg_porting.c.obj
                0x1fff84e4                env_lock_mutex
 .text.env_unlock_mutex
                0x1fff8504       0x1c CMakeFiles/str_echo_freertos.dir/home/aselsan/Desktop/GPT_BACKUP/freertos-colibri-imx7/middleware/multicore/open-amp/porting/env/freertos/rpmsg_porting.c.obj
                0x1fff8504                env_unlock_mutex
 .text.env_create_sync_lock
                0x1fff8520        0x8 CMakeFiles/str_echo_freertos.dir/home/aselsan/Desktop/GPT_BACKUP/freertos-colibri-imx7/middleware/multicore/open-amp/porting/env/freertos/rpmsg_porting.c.obj
                0x1fff8520                env_create_sync_lock
 .text.env_delete_sync_lock
                0x1fff8528        0xc CMakeFiles/str_echo_freertos.dir/home/aselsan/Desktop/GPT_BACKUP/freertos-colibri-imx7/middleware/multicore/open-amp/porting/env/freertos/rpmsg_porting.c.obj
                0x1fff8528                env_delete_sync_lock
 .text.env_acquire_sync_lock
                0x1fff8534       0x48 CMakeFiles/str_echo_freertos.dir/home/aselsan/Desktop/GPT_BACKUP/freertos-colibri-imx7/middleware/multicore/open-amp/porting/env/freertos/rpmsg_porting.c.obj
                0x1fff8534                env_acquire_sync_lock
 .text.env_release_sync_lock
                0x1fff857c       0x44 CMakeFiles/str_echo_freertos.dir/home/aselsan/Desktop/GPT_BACKUP/freertos-colibri-imx7/middleware/multicore/open-amp/porting/env/freertos/rpmsg_porting.c.obj
                0x1fff857c                env_release_sync_lock
 .text.env_sleep_msec
                0x1fff85c0        0x8 CMakeFiles/str_echo_freertos.dir/home/aselsan/Desktop/GPT_BACKUP/freertos-colibri-imx7/middleware/multicore/open-amp/porting/env/freertos/rpmsg_porting.c.obj
                0x1fff85c0                env_sleep_msec
 .text.env_register_isr
                0x1fff85c8       0x38 CMakeFiles/str_echo_freertos.dir/home/aselsan/Desktop/GPT_BACKUP/freertos-colibri-imx7/middleware/multicore/open-amp/porting/env/freertos/rpmsg_porting.c.obj
                0x1fff85c8                env_register_isr
 .text.env_enable_interrupt
                0x1fff8600       0x44 CMakeFiles/str_echo_freertos.dir/home/aselsan/Desktop/GPT_BACKUP/freertos-colibri-imx7/middleware/multicore/open-amp/porting/env/freertos/rpmsg_porting.c.obj
                0x1fff8600                env_enable_interrupt
 .text.env_disable_interrupt
                0x1fff8644        0x8 CMakeFiles/str_echo_freertos.dir/home/aselsan/Desktop/GPT_BACKUP/freertos-colibri-imx7/middleware/multicore/open-amp/porting/env/freertos/rpmsg_porting.c.obj
                0x1fff8644                env_disable_interrupt
 .text.env_map_memory
                0x1fff864c       0x10 CMakeFiles/str_echo_freertos.dir/home/aselsan/Desktop/GPT_BACKUP/freertos-colibri-imx7/middleware/multicore/open-amp/porting/env/freertos/rpmsg_porting.c.obj
                0x1fff864c                env_map_memory
 .text.env_isr  0x1fff865c       0x70 CMakeFiles/str_echo_freertos.dir/home/aselsan/Desktop/GPT_BACKUP/freertos-colibri-imx7/middleware/multicore/open-amp/porting/env/freertos/rpmsg_porting.c.obj
                0x1fff865c                env_isr
 .text.env_create_queue
                0x1fff86cc       0x1c CMakeFiles/str_echo_freertos.dir/home/aselsan/Desktop/GPT_BACKUP/freertos-colibri-imx7/middleware/multicore/open-amp/porting/env/freertos/rpmsg_porting.c.obj
                0x1fff86cc                env_create_queue
 .text.env_put_queue
                0x1fff86e8       0x6c CMakeFiles/str_echo_freertos.dir/home/aselsan/Desktop/GPT_BACKUP/freertos-colibri-imx7/middleware/multicore/open-amp/porting/env/freertos/rpmsg_porting.c.obj
                0x1fff86e8                env_put_queue
 .text.env_get_queue
                0x1fff8754       0x68 CMakeFiles/str_echo_freertos.dir/home/aselsan/Desktop/GPT_BACKUP/freertos-colibri-imx7/middleware/multicore/open-amp/porting/env/freertos/rpmsg_porting.c.obj
                0x1fff8754                env_get_queue
 .text._shutdown_cpu
                0x1fff87bc       0x1c CMakeFiles/str_echo_freertos.dir/home/aselsan/Desktop/GPT_BACKUP/freertos-colibri-imx7/middleware/multicore/open-amp/porting/imx7d_m4/platform.c.obj
 .text._boot_cpu
                0x1fff87d8       0x1c CMakeFiles/str_echo_freertos.dir/home/aselsan/Desktop/GPT_BACKUP/freertos-colibri-imx7/middleware/multicore/open-amp/porting/imx7d_m4/platform.c.obj
 .text._notify  0x1fff87f4       0x14 CMakeFiles/str_echo_freertos.dir/home/aselsan/Desktop/GPT_BACKUP/freertos-colibri-imx7/middleware/multicore/open-amp/porting/imx7d_m4/platform.c.obj
 .text._enable_interrupt
                0x1fff8808       0x28 CMakeFiles/str_echo_freertos.dir/home/aselsan/Desktop/GPT_BACKUP/freertos-colibri-imx7/middleware/multicore/open-amp/porting/imx7d_m4/platform.c.obj
 .text.platform_isr
                0x1fff8830        0xc CMakeFiles/str_echo_freertos.dir/home/aselsan/Desktop/GPT_BACKUP/freertos-colibri-imx7/middleware/multicore/open-amp/porting/imx7d_m4/platform.c.obj
                0x1fff8830                platform_isr
 .text.rpmsg_handler
                0x1fff883c       0x24 CMakeFiles/str_echo_freertos.dir/home/aselsan/Desktop/GPT_BACKUP/freertos-colibri-imx7/middleware/multicore/open-amp/porting/imx7d_m4/platform.c.obj
                0x1fff883c                rpmsg_handler
 .text.platform_in_isr
                0x1fff8860       0x14 CMakeFiles/str_echo_freertos.dir/home/aselsan/Desktop/GPT_BACKUP/freertos-colibri-imx7/middleware/multicore/open-amp/porting/imx7d_m4/platform.c.obj
                0x1fff8860                platform_in_isr
 .text.platform_interrupt_enable
                0x1fff8874       0x64 CMakeFiles/str_echo_freertos.dir/home/aselsan/Desktop/GPT_BACKUP/freertos-colibri-imx7/middleware/multicore/open-amp/porting/imx7d_m4/platform.c.obj
                0x1fff8874                platform_interrupt_enable
 .text.platform_interrupt_disable
                0x1fff88d8       0x6c CMakeFiles/str_echo_freertos.dir/home/aselsan/Desktop/GPT_BACKUP/freertos-colibri-imx7/middleware/multicore/open-amp/porting/imx7d_m4/platform.c.obj
                0x1fff88d8                platform_interrupt_disable
 .text.platform_interrupt_enable_all
                0x1fff8944       0x3c CMakeFiles/str_echo_freertos.dir/home/aselsan/Desktop/GPT_BACKUP/freertos-colibri-imx7/middleware/multicore/open-amp/porting/imx7d_m4/platform.c.obj
                0x1fff8944                platform_interrupt_enable_all
 .text.platform_interrupt_disable_all
                0x1fff8980       0x38 CMakeFiles/str_echo_freertos.dir/home/aselsan/Desktop/GPT_BACKUP/freertos-colibri-imx7/middleware/multicore/open-amp/porting/imx7d_m4/platform.c.obj
                0x1fff8980                platform_interrupt_disable_all
 .text.platform_map_mem_region
                0x1fff89b8        0x4 CMakeFiles/str_echo_freertos.dir/home/aselsan/Desktop/GPT_BACKUP/freertos-colibri-imx7/middleware/multicore/open-amp/porting/imx7d_m4/platform.c.obj
                0x1fff89b8                platform_map_mem_region
 .text.platform_vatopa
                0x1fff89bc        0x4 CMakeFiles/str_echo_freertos.dir/home/aselsan/Desktop/GPT_BACKUP/freertos-colibri-imx7/middleware/multicore/open-amp/porting/imx7d_m4/platform.c.obj
                0x1fff89bc                platform_vatopa
 .text.platform_patova
                0x1fff89c0        0x4 CMakeFiles/str_echo_freertos.dir/home/aselsan/Desktop/GPT_BACKUP/freertos-colibri-imx7/middleware/multicore/open-amp/porting/imx7d_m4/platform.c.obj
                0x1fff89c0                platform_patova
 .text.platform_init
                0x1fff89c4        0x4 CMakeFiles/str_echo_freertos.dir/home/aselsan/Desktop/GPT_BACKUP/freertos-colibri-imx7/middleware/multicore/open-amp/porting/imx7d_m4/platform.c.obj
                0x1fff89c4                platform_init
 .text.platform_deinit
                0x1fff89c8        0x4 CMakeFiles/str_echo_freertos.dir/home/aselsan/Desktop/GPT_BACKUP/freertos-colibri-imx7/middleware/multicore/open-amp/porting/imx7d_m4/platform.c.obj
                0x1fff89c8                platform_deinit
 .text.platform_get_processor_info
                0x1fff89cc       0x40 CMakeFiles/str_echo_freertos.dir/home/aselsan/Desktop/GPT_BACKUP/freertos-colibri-imx7/middleware/multicore/open-amp/porting/imx7d_m4/platform_info.c.obj
                0x1fff89cc                platform_get_processor_info
 .text.rpmsg_rdev_get_status
                0x1fff8a0c        0x4 CMakeFiles/str_echo_freertos.dir/home/aselsan/Desktop/GPT_BACKUP/freertos-colibri-imx7/middleware/multicore/open-amp/rpmsg/remote_device.c.obj
                0x1fff8a0c                rpmsg_rdev_get_status
 .text.rpmsg_rdev_set_status
                0x1fff8a10        0x4 CMakeFiles/str_echo_freertos.dir/home/aselsan/Desktop/GPT_BACKUP/freertos-colibri-imx7/middleware/multicore/open-amp/rpmsg/remote_device.c.obj
                0x1fff8a10                rpmsg_rdev_set_status
 .text.rpmsg_rdev_get_feature
                0x1fff8a14        0x4 CMakeFiles/str_echo_freertos.dir/home/aselsan/Desktop/GPT_BACKUP/freertos-colibri-imx7/middleware/multicore/open-amp/rpmsg/remote_device.c.obj
                0x1fff8a14                rpmsg_rdev_get_feature
 .text.rpmsg_rdev_set_feature
                0x1fff8a18        0x8 CMakeFiles/str_echo_freertos.dir/home/aselsan/Desktop/GPT_BACKUP/freertos-colibri-imx7/middleware/multicore/open-amp/rpmsg/remote_device.c.obj
                0x1fff8a18                rpmsg_rdev_set_feature
 .text.rpmsg_rdev_negotiate_feature
                0x1fff8a20        0x4 CMakeFiles/str_echo_freertos.dir/home/aselsan/Desktop/GPT_BACKUP/freertos-colibri-imx7/middleware/multicore/open-amp/rpmsg/remote_device.c.obj
                0x1fff8a20                rpmsg_rdev_negotiate_feature
 .text.rpmsg_rdev_read_config
                0x1fff8a24        0x4 CMakeFiles/str_echo_freertos.dir/home/aselsan/Desktop/GPT_BACKUP/freertos-colibri-imx7/middleware/multicore/open-amp/rpmsg/remote_device.c.obj
                0x1fff8a24                rpmsg_rdev_read_config
 .text.rpmsg_rdev_write_config
                0x1fff8a28        0x4 CMakeFiles/str_echo_freertos.dir/home/aselsan/Desktop/GPT_BACKUP/freertos-colibri-imx7/middleware/multicore/open-amp/rpmsg/remote_device.c.obj
                0x1fff8a28                rpmsg_rdev_write_config
 .text.rpmsg_rdev_reset
                0x1fff8a2c        0x4 CMakeFiles/str_echo_freertos.dir/home/aselsan/Desktop/GPT_BACKUP/freertos-colibri-imx7/middleware/multicore/open-amp/rpmsg/remote_device.c.obj
                0x1fff8a2c                rpmsg_rdev_reset
 .text.rpmsg_rdev_init_channels
                0x1fff8a30       0x60 CMakeFiles/str_echo_freertos.dir/home/aselsan/Desktop/GPT_BACKUP/freertos-colibri-imx7/middleware/multicore/open-amp/rpmsg/remote_device.c.obj
 .text.rpmsg_rdev_create_virtqueues
                0x1fff8a90      0x110 CMakeFiles/str_echo_freertos.dir/home/aselsan/Desktop/GPT_BACKUP/freertos-colibri-imx7/middleware/multicore/open-amp/rpmsg/remote_device.c.obj
                0x1fff8a90                rpmsg_rdev_create_virtqueues
 .text.rpmsg_rdev_init
                0x1fff8ba0       0xa8 CMakeFiles/str_echo_freertos.dir/home/aselsan/Desktop/GPT_BACKUP/freertos-colibri-imx7/middleware/multicore/open-amp/rpmsg/remote_device.c.obj
                0x1fff8ba0                rpmsg_rdev_init
 .text.rpmsg_rdev_get_chnl_node_from_id
                0x1fff8c48       0x38 CMakeFiles/str_echo_freertos.dir/home/aselsan/Desktop/GPT_BACKUP/freertos-colibri-imx7/middleware/multicore/open-amp/rpmsg/remote_device.c.obj
                0x1fff8c48                rpmsg_rdev_get_chnl_node_from_id
 .text.rpmsg_rdev_get_endpoint_from_addr
                0x1fff8c80       0x34 CMakeFiles/str_echo_freertos.dir/home/aselsan/Desktop/GPT_BACKUP/freertos-colibri-imx7/middleware/multicore/open-amp/rpmsg/remote_device.c.obj
                0x1fff8c80                rpmsg_rdev_get_endpoint_from_addr
 .text.rpmsg_rdev_deinit
                0x1fff8cb4       0x78 CMakeFiles/str_echo_freertos.dir/home/aselsan/Desktop/GPT_BACKUP/freertos-colibri-imx7/middleware/multicore/open-amp/rpmsg/remote_device.c.obj
                0x1fff8cb4                rpmsg_rdev_deinit
 .text.rpmsg_rdev_notify
                0x1fff8d2c       0x2c CMakeFiles/str_echo_freertos.dir/home/aselsan/Desktop/GPT_BACKUP/freertos-colibri-imx7/middleware/multicore/open-amp/rpmsg/remote_device.c.obj
                0x1fff8d2c                rpmsg_rdev_notify
 .text.rpmsg_deinit
                0x1fff8d58       0x10 CMakeFiles/str_echo_freertos.dir/home/aselsan/Desktop/GPT_BACKUP/freertos-colibri-imx7/middleware/multicore/open-amp/rpmsg/rpmsg.c.obj
                0x1fff8d58                rpmsg_deinit
 .text.rpmsg_init
                0x1fff8d68       0x48 CMakeFiles/str_echo_freertos.dir/home/aselsan/Desktop/GPT_BACKUP/freertos-colibri-imx7/middleware/multicore/open-amp/rpmsg/rpmsg.c.obj
                0x1fff8d68                rpmsg_init
 .text.rpmsg_send_offchannel_raw
                0x1fff8db0      0x15c CMakeFiles/str_echo_freertos.dir/home/aselsan/Desktop/GPT_BACKUP/freertos-colibri-imx7/middleware/multicore/open-amp/rpmsg/rpmsg.c.obj
                0x1fff8db0                rpmsg_send_offchannel_raw
 .text.rpmsg_create_ept
                0x1fff8f0c       0x20 CMakeFiles/str_echo_freertos.dir/home/aselsan/Desktop/GPT_BACKUP/freertos-colibri-imx7/middleware/multicore/open-amp/rpmsg/rpmsg.c.obj
                0x1fff8f0c                rpmsg_create_ept
 .text.rpmsg_destroy_ept
                0x1fff8f2c       0x14 CMakeFiles/str_echo_freertos.dir/home/aselsan/Desktop/GPT_BACKUP/freertos-colibri-imx7/middleware/multicore/open-amp/rpmsg/rpmsg.c.obj
                0x1fff8f2c                rpmsg_destroy_ept
 .text._rpmsg_create_channel
                0x1fff8f40       0x64 CMakeFiles/str_echo_freertos.dir/home/aselsan/Desktop/GPT_BACKUP/freertos-colibri-imx7/middleware/multicore/open-amp/rpmsg/rpmsg_core.c.obj
                0x1fff8f40                _rpmsg_create_channel
 .text._rpmsg_delete_channel
                0x1fff8fa4       0x3c CMakeFiles/str_echo_freertos.dir/home/aselsan/Desktop/GPT_BACKUP/freertos-colibri-imx7/middleware/multicore/open-amp/rpmsg/rpmsg_core.c.obj
                0x1fff8fa4                _rpmsg_delete_channel
 .text.rpmsg_ns_callback
                0x1fff8fe0       0x80 CMakeFiles/str_echo_freertos.dir/home/aselsan/Desktop/GPT_BACKUP/freertos-colibri-imx7/middleware/multicore/open-amp/rpmsg/rpmsg_core.c.obj
                0x1fff8fe0                rpmsg_ns_callback
 .text.rpmsg_enqueue_buffer
                0x1fff9060       0x30 CMakeFiles/str_echo_freertos.dir/home/aselsan/Desktop/GPT_BACKUP/freertos-colibri-imx7/middleware/multicore/open-amp/rpmsg/rpmsg_core.c.obj
                0x1fff9060                rpmsg_enqueue_buffer
 .text.rpmsg_return_buffer
                0x1fff9090       0x30 CMakeFiles/str_echo_freertos.dir/home/aselsan/Desktop/GPT_BACKUP/freertos-colibri-imx7/middleware/multicore/open-amp/rpmsg/rpmsg_core.c.obj
                0x1fff9090                rpmsg_return_buffer
 .text.rpmsg_get_tx_buffer
                0x1fff90c0       0x38 CMakeFiles/str_echo_freertos.dir/home/aselsan/Desktop/GPT_BACKUP/freertos-colibri-imx7/middleware/multicore/open-amp/rpmsg/rpmsg_core.c.obj
                0x1fff90c0                rpmsg_get_tx_buffer
 .text.rpmsg_send_ns_message
                0x1fff90f8       0x68 CMakeFiles/str_echo_freertos.dir/home/aselsan/Desktop/GPT_BACKUP/freertos-colibri-imx7/middleware/multicore/open-amp/rpmsg/rpmsg_core.c.obj
                0x1fff90f8                rpmsg_send_ns_message
 .text.rpmsg_tx_callback
                0x1fff9160       0x38 CMakeFiles/str_echo_freertos.dir/home/aselsan/Desktop/GPT_BACKUP/freertos-colibri-imx7/middleware/multicore/open-amp/rpmsg/rpmsg_core.c.obj
 .text.rpmsg_get_rx_buffer
                0x1fff9198       0x20 CMakeFiles/str_echo_freertos.dir/home/aselsan/Desktop/GPT_BACKUP/freertos-colibri-imx7/middleware/multicore/open-amp/rpmsg/rpmsg_core.c.obj
                0x1fff9198                rpmsg_get_rx_buffer
 .text.rpmsg_rx_callback
                0x1fff91b8       0xe0 CMakeFiles/str_echo_freertos.dir/home/aselsan/Desktop/GPT_BACKUP/freertos-colibri-imx7/middleware/multicore/open-amp/rpmsg/rpmsg_core.c.obj
 .text.rpmsg_free_buffer
                0x1fff9298       0x14 CMakeFiles/str_echo_freertos.dir/home/aselsan/Desktop/GPT_BACKUP/freertos-colibri-imx7/middleware/multicore/open-amp/rpmsg/rpmsg_core.c.obj
                0x1fff9298                rpmsg_free_buffer
 .text.rpmsg_get_address
                0x1fff92ac       0x38 CMakeFiles/str_echo_freertos.dir/home/aselsan/Desktop/GPT_BACKUP/freertos-colibri-imx7/middleware/multicore/open-amp/rpmsg/rpmsg_core.c.obj
                0x1fff92ac                rpmsg_get_address
 .text.rpmsg_release_address
                0x1fff92e4       0x40 CMakeFiles/str_echo_freertos.dir/home/aselsan/Desktop/GPT_BACKUP/freertos-colibri-imx7/middleware/multicore/open-amp/rpmsg/rpmsg_core.c.obj
                0x1fff92e4                rpmsg_release_address
 .text._destroy_endpoint
                0x1fff9324       0x40 CMakeFiles/str_echo_freertos.dir/home/aselsan/Desktop/GPT_BACKUP/freertos-colibri-imx7/middleware/multicore/open-amp/rpmsg/rpmsg_core.c.obj
                0x1fff9324                _destroy_endpoint
 .text.rpmsg_is_address_set
                0x1fff9364       0x38 CMakeFiles/str_echo_freertos.dir/home/aselsan/Desktop/GPT_BACKUP/freertos-colibri-imx7/middleware/multicore/open-amp/rpmsg/rpmsg_core.c.obj
                0x1fff9364                rpmsg_is_address_set
 .text.rpmsg_set_address
                0x1fff939c       0x3c CMakeFiles/str_echo_freertos.dir/home/aselsan/Desktop/GPT_BACKUP/freertos-colibri-imx7/middleware/multicore/open-amp/rpmsg/rpmsg_core.c.obj
                0x1fff939c                rpmsg_set_address
 .text._create_endpoint
                0x1fff93d8       0xb8 CMakeFiles/str_echo_freertos.dir/home/aselsan/Desktop/GPT_BACKUP/freertos-colibri-imx7/middleware/multicore/open-amp/rpmsg/rpmsg_core.c.obj
                0x1fff93d8                _create_endpoint
 .text.rpmsg_start_ipc
                0x1fff9490       0xc4 CMakeFiles/str_echo_freertos.dir/home/aselsan/Desktop/GPT_BACKUP/freertos-colibri-imx7/middleware/multicore/open-amp/rpmsg/rpmsg_core.c.obj
                0x1fff9490                rpmsg_start_ipc
 .text.rpmsg_hold_rx_buffer
                0x1fff9554       0x14 CMakeFiles/str_echo_freertos.dir/home/aselsan/Desktop/GPT_BACKUP/freertos-colibri-imx7/middleware/multicore/open-amp/rpmsg/rpmsg_ext.c.obj
                0x1fff9554                rpmsg_hold_rx_buffer
 .text.rpmsg_release_rx_buffer
                0x1fff9568       0x30 CMakeFiles/str_echo_freertos.dir/home/aselsan/Desktop/GPT_BACKUP/freertos-colibri-imx7/middleware/multicore/open-amp/rpmsg/rpmsg_ext.c.obj
                0x1fff9568                rpmsg_release_rx_buffer
 .text.rpmsg_alloc_tx_buffer
                0x1fff9598       0x8c CMakeFiles/str_echo_freertos.dir/home/aselsan/Desktop/GPT_BACKUP/freertos-colibri-imx7/middleware/multicore/open-amp/rpmsg/rpmsg_ext.c.obj
                0x1fff9598                rpmsg_alloc_tx_buffer
 .text.rpmsg_send_offchannel_nocopy
                0x1fff9624       0x5c CMakeFiles/str_echo_freertos.dir/home/aselsan/Desktop/GPT_BACKUP/freertos-colibri-imx7/middleware/multicore/open-amp/rpmsg/rpmsg_ext.c.obj
                0x1fff9624                rpmsg_send_offchannel_nocopy
 .text.rpmsg_channel_deleted_rtos
                0x1fff9680       0x28 CMakeFiles/str_echo_freertos.dir/home/aselsan/Desktop/GPT_BACKUP/freertos-colibri-imx7/middleware/multicore/open-amp/rpmsg/rpmsg_rtos.c.obj
 .text.rpmsg_read_rtos_cb
                0x1fff96a8       0x58 CMakeFiles/str_echo_freertos.dir/home/aselsan/Desktop/GPT_BACKUP/freertos-colibri-imx7/middleware/multicore/open-amp/rpmsg/rpmsg_rtos.c.obj
 .text.rpmsg_channel_created_rtos
                0x1fff9700       0x54 CMakeFiles/str_echo_freertos.dir/home/aselsan/Desktop/GPT_BACKUP/freertos-colibri-imx7/middleware/multicore/open-amp/rpmsg/rpmsg_rtos.c.obj
 .text.rpmsg_rtos_init
                0x1fff9754       0xd0 CMakeFiles/str_echo_freertos.dir/home/aselsan/Desktop/GPT_BACKUP/freertos-colibri-imx7/middleware/multicore/open-amp/rpmsg/rpmsg_rtos.c.obj
                0x1fff9754                rpmsg_rtos_init
 .text.rpmsg_rtos_recv_nocopy
                0x1fff9824       0x58 CMakeFiles/str_echo_freertos.dir/home/aselsan/Desktop/GPT_BACKUP/freertos-colibri-imx7/middleware/multicore/open-amp/rpmsg/rpmsg_rtos.c.obj
                0x1fff9824                rpmsg_rtos_recv_nocopy
 .text.rpmsg_rtos_recv_nocopy_free
                0x1fff987c       0x2c CMakeFiles/str_echo_freertos.dir/home/aselsan/Desktop/GPT_BACKUP/freertos-colibri-imx7/middleware/multicore/open-amp/rpmsg/rpmsg_rtos.c.obj
                0x1fff987c                rpmsg_rtos_recv_nocopy_free
 .text.rpmsg_rtos_alloc_tx_buffer
                0x1fff98a8       0x28 CMakeFiles/str_echo_freertos.dir/home/aselsan/Desktop/GPT_BACKUP/freertos-colibri-imx7/middleware/multicore/open-amp/rpmsg/rpmsg_rtos.c.obj
                0x1fff98a8                rpmsg_rtos_alloc_tx_buffer
 .text.rpmsg_rtos_send_nocopy
                0x1fff98d0       0x3c CMakeFiles/str_echo_freertos.dir/home/aselsan/Desktop/GPT_BACKUP/freertos-colibri-imx7/middleware/multicore/open-amp/rpmsg/rpmsg_rtos.c.obj
                0x1fff98d0                rpmsg_rtos_send_nocopy
 .text.vq_ring_free_chain
                0x1fff990c       0x54 CMakeFiles/str_echo_freertos.dir/home/aselsan/Desktop/GPT_BACKUP/freertos-colibri-imx7/middleware/multicore/open-amp/virtio/virtqueue.c.obj
 .text.vq_ring_init
                0x1fff9960       0x48 CMakeFiles/str_echo_freertos.dir/home/aselsan/Desktop/GPT_BACKUP/freertos-colibri-imx7/middleware/multicore/open-amp/virtio/virtqueue.c.obj
 .text.vq_ring_must_notify_host
                0x1fff99a8       0x3c CMakeFiles/str_echo_freertos.dir/home/aselsan/Desktop/GPT_BACKUP/freertos-colibri-imx7/middleware/multicore/open-amp/virtio/virtqueue.c.obj
 .text.vq_ring_notify_host
                0x1fff99e4        0xc CMakeFiles/str_echo_freertos.dir/home/aselsan/Desktop/GPT_BACKUP/freertos-colibri-imx7/middleware/multicore/open-amp/virtio/virtqueue.c.obj
 .text.vq_ring_add_buffer
                0x1fff99f0       0x5c CMakeFiles/str_echo_freertos.dir/home/aselsan/Desktop/GPT_BACKUP/freertos-colibri-imx7/middleware/multicore/open-amp/virtio/virtqueue.c.obj
 .text.vq_ring_update_avail
                0x1fff9a4c       0x2c CMakeFiles/str_echo_freertos.dir/home/aselsan/Desktop/GPT_BACKUP/freertos-colibri-imx7/middleware/multicore/open-amp/virtio/virtqueue.c.obj
 .text.virtqueue_add_buffer
                0x1fff9a78       0x48 CMakeFiles/str_echo_freertos.dir/home/aselsan/Desktop/GPT_BACKUP/freertos-colibri-imx7/middleware/multicore/open-amp/virtio/virtqueue.c.obj
                0x1fff9a78                virtqueue_add_buffer
 .text.virtqueue_get_buffer
                0x1fff9ac0       0x5c CMakeFiles/str_echo_freertos.dir/home/aselsan/Desktop/GPT_BACKUP/freertos-colibri-imx7/middleware/multicore/open-amp/virtio/virtqueue.c.obj
                0x1fff9ac0                virtqueue_get_buffer
 .text.virtqueue_free
                0x1fff9b1c       0x1c CMakeFiles/str_echo_freertos.dir/home/aselsan/Desktop/GPT_BACKUP/freertos-colibri-imx7/middleware/multicore/open-amp/virtio/virtqueue.c.obj
                0x1fff9b1c                virtqueue_free
 .text.virtqueue_get_available_buffer
                0x1fff9b38       0x4c CMakeFiles/str_echo_freertos.dir/home/aselsan/Desktop/GPT_BACKUP/freertos-colibri-imx7/middleware/multicore/open-amp/virtio/virtqueue.c.obj
                0x1fff9b38                virtqueue_get_available_buffer
 .text.virtqueue_add_consumed_buffer
                0x1fff9b84       0x34 CMakeFiles/str_echo_freertos.dir/home/aselsan/Desktop/GPT_BACKUP/freertos-colibri-imx7/middleware/multicore/open-amp/virtio/virtqueue.c.obj
                0x1fff9b84                virtqueue_add_consumed_buffer
 .text.virtqueue_disable_cb
                0x1fff9bb8       0x34 CMakeFiles/str_echo_freertos.dir/home/aselsan/Desktop/GPT_BACKUP/freertos-colibri-imx7/middleware/multicore/open-amp/virtio/virtqueue.c.obj
                0x1fff9bb8                virtqueue_disable_cb
 .text.virtqueue_create
                0x1fff9bec       0x8c CMakeFiles/str_echo_freertos.dir/home/aselsan/Desktop/GPT_BACKUP/freertos-colibri-imx7/middleware/multicore/open-amp/virtio/virtqueue.c.obj
                0x1fff9bec                virtqueue_create
 .text.virtqueue_kick
                0x1fff9c78       0x20 CMakeFiles/str_echo_freertos.dir/home/aselsan/Desktop/GPT_BACKUP/freertos-colibri-imx7/middleware/multicore/open-amp/virtio/virtqueue.c.obj
                0x1fff9c78                virtqueue_kick
 .text.virtqueue_notification
                0x1fff9c98        0xc CMakeFiles/str_echo_freertos.dir/home/aselsan/Desktop/GPT_BACKUP/freertos-colibri-imx7/middleware/multicore/open-amp/virtio/virtqueue.c.obj
                0x1fff9c98                virtqueue_notification
 .text.SystemInit
                0x1fff9ca4       0xe0 CMakeFiles/str_echo_freertos.dir/home/aselsan/Desktop/GPT_BACKUP/freertos-colibri-imx7/platform/devices/MCIMX7D/startup/system_MCIMX7D_M4.c.obj
                0x1fff9ca4                SystemInit
 .text.CCM_ANALOG_GetSysPllFreq
                0x1fff9d84       0x34 CMakeFiles/str_echo_freertos.dir/home/aselsan/Desktop/GPT_BACKUP/freertos-colibri-imx7/platform/drivers/src/ccm_analog_imx7d.c.obj
                0x1fff9d84                CCM_ANALOG_GetSysPllFreq
 .text.CCM_GetRootDivider
                0x1fff9db8       0x34 CMakeFiles/str_echo_freertos.dir/home/aselsan/Desktop/GPT_BACKUP/freertos-colibri-imx7/platform/drivers/src/ccm_imx7d.c.obj
                0x1fff9db8                CCM_GetRootDivider
 .text.CCM_UpdateRoot
                0x1fff9dec       0x58 CMakeFiles/str_echo_freertos.dir/home/aselsan/Desktop/GPT_BACKUP/freertos-colibri-imx7/platform/drivers/src/ccm_imx7d.c.obj
                0x1fff9dec                CCM_UpdateRoot
 .text.MU_SendMsg
                0x1fff9e44       0x30 CMakeFiles/str_echo_freertos.dir/home/aselsan/Desktop/GPT_BACKUP/freertos-colibri-imx7/platform/drivers/src/mu_imx.c.obj
                0x1fff9e44                MU_SendMsg
 .text.MU_TryReceiveMsg
                0x1fff9e74       0x3c CMakeFiles/str_echo_freertos.dir/home/aselsan/Desktop/GPT_BACKUP/freertos-colibri-imx7/platform/drivers/src/mu_imx.c.obj
                0x1fff9e74                MU_TryReceiveMsg
 .text.UART_Deinit
                0x1fff9eb0       0x60 CMakeFiles/str_echo_freertos.dir/home/aselsan/Desktop/GPT_BACKUP/freertos-colibri-imx7/platform/drivers/src/uart_imx.c.obj
                0x1fff9eb0                UART_Deinit
 .text.UART_SetBaudRate
                0x1fff9f10       0xec CMakeFiles/str_echo_freertos.dir/home/aselsan/Desktop/GPT_BACKUP/freertos-colibri-imx7/platform/drivers/src/uart_imx.c.obj
                0x1fff9f10                UART_SetBaudRate
 .text.UART_Init
                0x1fff9ffc       0x64 CMakeFiles/str_echo_freertos.dir/home/aselsan/Desktop/GPT_BACKUP/freertos-colibri-imx7/platform/drivers/src/uart_imx.c.obj
                0x1fff9ffc                UART_Init
 .text.UART_GetStatusFlag
                0x1fffa060       0x10 CMakeFiles/str_echo_freertos.dir/home/aselsan/Desktop/GPT_BACKUP/freertos-colibri-imx7/platform/drivers/src/uart_imx.c.obj
                0x1fffa060                UART_GetStatusFlag
 .text.UART_SetModemMode
                0x1fffa070       0x44 CMakeFiles/str_echo_freertos.dir/home/aselsan/Desktop/GPT_BACKUP/freertos-colibri-imx7/platform/drivers/src/uart_imx.c.obj
                0x1fffa070                UART_SetModemMode
 .text.GPT_Init
                0x1fffa0b4       0x80 CMakeFiles/str_echo_freertos.dir/home/aselsan/Desktop/GPT_BACKUP/freertos-colibri-imx7/platform/drivers/src/gpt.c.obj
                0x1fffa0b4                GPT_Init
 .text.GPT_SetClockSource
                0x1fffa134       0x4c CMakeFiles/str_echo_freertos.dir/home/aselsan/Desktop/GPT_BACKUP/freertos-colibri-imx7/platform/drivers/src/gpt.c.obj
                0x1fffa134                GPT_SetClockSource
 .text.GPT_SetIntCmd
                0x1fffa180       0x14 CMakeFiles/str_echo_freertos.dir/home/aselsan/Desktop/GPT_BACKUP/freertos-colibri-imx7/platform/drivers/src/gpt.c.obj
                0x1fffa180                GPT_SetIntCmd
 .text.GPIO_Init
                0x1fffa194       0x94 CMakeFiles/str_echo_freertos.dir/home/aselsan/Desktop/GPT_BACKUP/freertos-colibri-imx7/platform/drivers/src/gpio_imx.c.obj
                0x1fffa194                GPIO_Init
 .text.GPIO_WritePinOutput
                0x1fffa228       0x3c CMakeFiles/str_echo_freertos.dir/home/aselsan/Desktop/GPT_BACKUP/freertos-colibri-imx7/platform/drivers/src/gpio_imx.c.obj
                0x1fffa228                GPIO_WritePinOutput
 .text.debug_putc
                0x1fffa264       0x2c CMakeFiles/str_echo_freertos.dir/home/aselsan/Desktop/GPT_BACKUP/freertos-colibri-imx7/platform/utilities/src/debug_console_imx.c.obj
 .text.UART_ReceiveDataPolling
                0x1fffa290       0x28 CMakeFiles/str_echo_freertos.dir/home/aselsan/Desktop/GPT_BACKUP/freertos-colibri-imx7/platform/utilities/src/debug_console_imx.c.obj
 .text.UART_SendDataPolling
                0x1fffa2b8       0x38 CMakeFiles/str_echo_freertos.dir/home/aselsan/Desktop/GPT_BACKUP/freertos-colibri-imx7/platform/utilities/src/debug_console_imx.c.obj
 .text.DbgConsole_Init
                0x1fffa2f0       0x5c CMakeFiles/str_echo_freertos.dir/home/aselsan/Desktop/GPT_BACKUP/freertos-colibri-imx7/platform/utilities/src/debug_console_imx.c.obj
                0x1fffa2f0                DbgConsole_Init
 .text._write   0x1fffa34c       0x38 CMakeFiles/str_echo_freertos.dir/home/aselsan/Desktop/GPT_BACKUP/freertos-colibri-imx7/platform/utilities/src/debug_console_imx.c.obj
                0x1fffa34c                _write
 .text._read    0x1fffa384       0x28 CMakeFiles/str_echo_freertos.dir/home/aselsan/Desktop/GPT_BACKUP/freertos-colibri-imx7/platform/utilities/src/debug_console_imx.c.obj
                0x1fffa384                _read
 .text.debug_printf
                0x1fffa3ac       0x38 CMakeFiles/str_echo_freertos.dir/home/aselsan/Desktop/GPT_BACKUP/freertos-colibri-imx7/platform/utilities/src/debug_console_imx.c.obj
                0x1fffa3ac                debug_printf
 .text.debug_putchar
                0x1fffa3e4       0x1c CMakeFiles/str_echo_freertos.dir/home/aselsan/Desktop/GPT_BACKUP/freertos-colibri-imx7/platform/utilities/src/debug_console_imx.c.obj
                0x1fffa3e4                debug_putchar
 .text.I2C_Deinit
                0x1fffa400       0x18 CMakeFiles/str_echo_freertos.dir/home/aselsan/Desktop/GPT_BACKUP/freertos-colibri-imx7/platform/drivers/src/i2c_imx.c.obj
                0x1fffa400                I2C_Deinit
 .text.I2C_SetBaudRate
                0x1fffa418       0x5c CMakeFiles/str_echo_freertos.dir/home/aselsan/Desktop/GPT_BACKUP/freertos-colibri-imx7/platform/drivers/src/i2c_imx.c.obj
                0x1fffa418                I2C_SetBaudRate
 .text.I2C_Init
                0x1fffa474       0x6c CMakeFiles/str_echo_freertos.dir/home/aselsan/Desktop/GPT_BACKUP/freertos-colibri-imx7/platform/drivers/src/i2c_imx.c.obj
                0x1fffa474                I2C_Init
 .text.I2C_SetAckBit
                0x1fffa4e0       0x1c CMakeFiles/str_echo_freertos.dir/home/aselsan/Desktop/GPT_BACKUP/freertos-colibri-imx7/platform/drivers/src/i2c_imx.c.obj
                0x1fffa4e0                I2C_SetAckBit
 .text.mknumstr
                0x1fffa4fc       0x7c CMakeFiles/str_echo_freertos.dir/home/aselsan/Desktop/GPT_BACKUP/freertos-colibri-imx7/platform/utilities/src/print_scan.c.obj
 .text.fput_pad
                0x1fffa578       0x28 CMakeFiles/str_echo_freertos.dir/home/aselsan/Desktop/GPT_BACKUP/freertos-colibri-imx7/platform/utilities/src/print_scan.c.obj
 .text._doprint
                0x1fffa5a0      0x524 CMakeFiles/str_echo_freertos.dir/home/aselsan/Desktop/GPT_BACKUP/freertos-colibri-imx7/platform/utilities/src/print_scan.c.obj
                0x1fffa5a0                _doprint
 .text.vListInitialise
                0x1fffaac4       0x18 CMakeFiles/str_echo_freertos.dir/home/aselsan/Desktop/GPT_BACKUP/freertos-colibri-imx7/rtos/FreeRTOS/Source/list.c.obj
                0x1fffaac4                vListInitialise
 .text.vListInitialiseItem
                0x1fffaadc        0x8 CMakeFiles/str_echo_freertos.dir/home/aselsan/Desktop/GPT_BACKUP/freertos-colibri-imx7/rtos/FreeRTOS/Source/list.c.obj
                0x1fffaadc                vListInitialiseItem
 .text.vListInsertEnd
                0x1fffaae4       0x18 CMakeFiles/str_echo_freertos.dir/home/aselsan/Desktop/GPT_BACKUP/freertos-colibri-imx7/rtos/FreeRTOS/Source/list.c.obj
                0x1fffaae4                vListInsertEnd
 .text.vListInsert
                0x1fffaafc       0x34 CMakeFiles/str_echo_freertos.dir/home/aselsan/Desktop/GPT_BACKUP/freertos-colibri-imx7/rtos/FreeRTOS/Source/list.c.obj
                0x1fffaafc                vListInsert
 .text.uxListRemove
                0x1fffab30       0x24 CMakeFiles/str_echo_freertos.dir/home/aselsan/Desktop/GPT_BACKUP/freertos-colibri-imx7/rtos/FreeRTOS/Source/list.c.obj
                0x1fffab30                uxListRemove
 .text.prvTaskExitError
                0x1fffab54       0x34 CMakeFiles/str_echo_freertos.dir/home/aselsan/Desktop/GPT_BACKUP/freertos-colibri-imx7/rtos/FreeRTOS/Source/portable/GCC/ARM_CM4F/port.c.obj
 .text.prvPortStartFirstTask
                0x1fffab88       0x20 CMakeFiles/str_echo_freertos.dir/home/aselsan/Desktop/GPT_BACKUP/freertos-colibri-imx7/rtos/FreeRTOS/Source/portable/GCC/ARM_CM4F/port.c.obj
 .text.vPortEnableVFP
                0x1fffaba8       0x14 CMakeFiles/str_echo_freertos.dir/home/aselsan/Desktop/GPT_BACKUP/freertos-colibri-imx7/rtos/FreeRTOS/Source/portable/GCC/ARM_CM4F/port.c.obj
 .text.pxPortInitialiseStack
                0x1fffabbc       0x28 CMakeFiles/str_echo_freertos.dir/home/aselsan/Desktop/GPT_BACKUP/freertos-colibri-imx7/rtos/FreeRTOS/Source/portable/GCC/ARM_CM4F/port.c.obj
                0x1fffabbc                pxPortInitialiseStack
 .text.SVC_Handler
                0x1fffabe4       0x20 CMakeFiles/str_echo_freertos.dir/home/aselsan/Desktop/GPT_BACKUP/freertos-colibri-imx7/rtos/FreeRTOS/Source/portable/GCC/ARM_CM4F/port.c.obj
                0x1fffabe4                SVC_Handler
 .text.vPortEnterCritical
                0x1fffac04       0x44 CMakeFiles/str_echo_freertos.dir/home/aselsan/Desktop/GPT_BACKUP/freertos-colibri-imx7/rtos/FreeRTOS/Source/portable/GCC/ARM_CM4F/port.c.obj
                0x1fffac04                vPortEnterCritical
 .text.vPortExitCritical
                0x1fffac48       0x2c CMakeFiles/str_echo_freertos.dir/home/aselsan/Desktop/GPT_BACKUP/freertos-colibri-imx7/rtos/FreeRTOS/Source/portable/GCC/ARM_CM4F/port.c.obj
                0x1fffac48                vPortExitCritical
 .text.PendSV_Handler
                0x1fffac74       0x60 CMakeFiles/str_echo_freertos.dir/home/aselsan/Desktop/GPT_BACKUP/freertos-colibri-imx7/rtos/FreeRTOS/Source/portable/GCC/ARM_CM4F/port.c.obj
                0x1fffac74                PendSV_Handler
 .text.SysTick_Handler
                0x1fffacd4       0x30 CMakeFiles/str_echo_freertos.dir/home/aselsan/Desktop/GPT_BACKUP/freertos-colibri-imx7/rtos/FreeRTOS/Source/portable/GCC/ARM_CM4F/port.c.obj
                0x1fffacd4                SysTick_Handler
 .text.vPortSetupTimerInterrupt
                0x1fffad04       0x18 CMakeFiles/str_echo_freertos.dir/home/aselsan/Desktop/GPT_BACKUP/freertos-colibri-imx7/rtos/FreeRTOS/Source/portable/GCC/ARM_CM4F/port.c.obj
                0x1fffad04                vPortSetupTimerInterrupt
 .text.xPortStartScheduler
                0x1fffad1c       0xec CMakeFiles/str_echo_freertos.dir/home/aselsan/Desktop/GPT_BACKUP/freertos-colibri-imx7/rtos/FreeRTOS/Source/portable/GCC/ARM_CM4F/port.c.obj
                0x1fffad1c                xPortStartScheduler
 .text.vPortValidateInterruptPriority
                0x1fffae08       0x5c CMakeFiles/str_echo_freertos.dir/home/aselsan/Desktop/GPT_BACKUP/freertos-colibri-imx7/rtos/FreeRTOS/Source/portable/GCC/ARM_CM4F/port.c.obj
                0x1fffae08                vPortValidateInterruptPriority
 .text.prvHeapInit
                0x1fffae64       0x2c CMakeFiles/str_echo_freertos.dir/home/aselsan/Desktop/GPT_BACKUP/freertos-colibri-imx7/rtos/FreeRTOS/Source/portable/MemMang/heap_2.c.obj
 .text.pvPortMalloc
                0x1fffae90       0xa4 CMakeFiles/str_echo_freertos.dir/home/aselsan/Desktop/GPT_BACKUP/freertos-colibri-imx7/rtos/FreeRTOS/Source/portable/MemMang/heap_2.c.obj
                0x1fffae90                pvPortMalloc
 .text.vPortFree
                0x1fffaf34       0x44 CMakeFiles/str_echo_freertos.dir/home/aselsan/Desktop/GPT_BACKUP/freertos-colibri-imx7/rtos/FreeRTOS/Source/portable/MemMang/heap_2.c.obj
                0x1fffaf34                vPortFree
 .text.prvIsQueueFull
                0x1fffaf78       0x20 CMakeFiles/str_echo_freertos.dir/home/aselsan/Desktop/GPT_BACKUP/freertos-colibri-imx7/rtos/FreeRTOS/Source/queue.c.obj
 .text.prvIsQueueEmpty
                0x1fffaf98       0x1c CMakeFiles/str_echo_freertos.dir/home/aselsan/Desktop/GPT_BACKUP/freertos-colibri-imx7/rtos/FreeRTOS/Source/queue.c.obj
 .text.prvCopyDataToQueue
                0x1fffafb4       0x5c CMakeFiles/str_echo_freertos.dir/home/aselsan/Desktop/GPT_BACKUP/freertos-colibri-imx7/rtos/FreeRTOS/Source/queue.c.obj
 .text.prvCopyDataFromQueue
                0x1fffb010       0x24 CMakeFiles/str_echo_freertos.dir/home/aselsan/Desktop/GPT_BACKUP/freertos-colibri-imx7/rtos/FreeRTOS/Source/queue.c.obj
 .text.prvUnlockQueue
                0x1fffb034       0x64 CMakeFiles/str_echo_freertos.dir/home/aselsan/Desktop/GPT_BACKUP/freertos-colibri-imx7/rtos/FreeRTOS/Source/queue.c.obj
 .text.xQueueGenericReset
                0x1fffb098       0x80 CMakeFiles/str_echo_freertos.dir/home/aselsan/Desktop/GPT_BACKUP/freertos-colibri-imx7/rtos/FreeRTOS/Source/queue.c.obj
                0x1fffb098                xQueueGenericReset
 .text.xQueueGenericCreate
                0x1fffb118       0x64 CMakeFiles/str_echo_freertos.dir/home/aselsan/Desktop/GPT_BACKUP/freertos-colibri-imx7/rtos/FreeRTOS/Source/queue.c.obj
                0x1fffb118                xQueueGenericCreate
 .text.xQueueCreateCountingSemaphore
                0x1fffb17c       0x54 CMakeFiles/str_echo_freertos.dir/home/aselsan/Desktop/GPT_BACKUP/freertos-colibri-imx7/rtos/FreeRTOS/Source/queue.c.obj
                0x1fffb17c                xQueueCreateCountingSemaphore
 .text.xQueueGenericSend
                0x1fffb1d0      0x15c CMakeFiles/str_echo_freertos.dir/home/aselsan/Desktop/GPT_BACKUP/freertos-colibri-imx7/rtos/FreeRTOS/Source/queue.c.obj
                0x1fffb1d0                xQueueGenericSend
 .text.xQueueGenericSendFromISR
                0x1fffb32c       0xdc CMakeFiles/str_echo_freertos.dir/home/aselsan/Desktop/GPT_BACKUP/freertos-colibri-imx7/rtos/FreeRTOS/Source/queue.c.obj
                0x1fffb32c                xQueueGenericSendFromISR
 .text.xQueueGiveFromISR
                0x1fffb408       0xb8 CMakeFiles/str_echo_freertos.dir/home/aselsan/Desktop/GPT_BACKUP/freertos-colibri-imx7/rtos/FreeRTOS/Source/queue.c.obj
                0x1fffb408                xQueueGiveFromISR
 .text.xQueueGenericReceive
                0x1fffb4c0      0x144 CMakeFiles/str_echo_freertos.dir/home/aselsan/Desktop/GPT_BACKUP/freertos-colibri-imx7/rtos/FreeRTOS/Source/queue.c.obj
                0x1fffb4c0                xQueueGenericReceive
 .text.xQueueReceiveFromISR
                0x1fffb604       0xa8 CMakeFiles/str_echo_freertos.dir/home/aselsan/Desktop/GPT_BACKUP/freertos-colibri-imx7/rtos/FreeRTOS/Source/queue.c.obj
                0x1fffb604                xQueueReceiveFromISR
 .text.vQueueUnregisterQueue
                0x1fffb6ac       0x28 CMakeFiles/str_echo_freertos.dir/home/aselsan/Desktop/GPT_BACKUP/freertos-colibri-imx7/rtos/FreeRTOS/Source/queue.c.obj
                0x1fffb6ac                vQueueUnregisterQueue
 .text.vQueueDelete
                0x1fffb6d4       0x24 CMakeFiles/str_echo_freertos.dir/home/aselsan/Desktop/GPT_BACKUP/freertos-colibri-imx7/rtos/FreeRTOS/Source/queue.c.obj
                0x1fffb6d4                vQueueDelete
 .text.prvIdleTask
                0x1fffb6f8        0x4 CMakeFiles/str_echo_freertos.dir/home/aselsan/Desktop/GPT_BACKUP/freertos-colibri-imx7/rtos/FreeRTOS/Source/tasks.c.obj
 .text.prvResetNextTaskUnblockTime
                0x1fffb6fc       0x34 CMakeFiles/str_echo_freertos.dir/home/aselsan/Desktop/GPT_BACKUP/freertos-colibri-imx7/rtos/FreeRTOS/Source/tasks.c.obj
 .text.prvAllocateTCBAndStack
                0x1fffb730       0x2c CMakeFiles/str_echo_freertos.dir/home/aselsan/Desktop/GPT_BACKUP/freertos-colibri-imx7/rtos/FreeRTOS/Source/tasks.c.obj
 .text.prvInitialiseTCBVariables
                0x1fffb75c       0x4c CMakeFiles/str_echo_freertos.dir/home/aselsan/Desktop/GPT_BACKUP/freertos-colibri-imx7/rtos/FreeRTOS/Source/tasks.c.obj
 .text.prvInitialiseTaskLists
                0x1fffb7a8       0x5c CMakeFiles/str_echo_freertos.dir/home/aselsan/Desktop/GPT_BACKUP/freertos-colibri-imx7/rtos/FreeRTOS/Source/tasks.c.obj
 .text.prvAddCurrentTaskToDelayedList
                0x1fffb804       0x54 CMakeFiles/str_echo_freertos.dir/home/aselsan/Desktop/GPT_BACKUP/freertos-colibri-imx7/rtos/FreeRTOS/Source/tasks.c.obj
 .text.xTaskGenericCreate
                0x1fffb858      0x130 CMakeFiles/str_echo_freertos.dir/home/aselsan/Desktop/GPT_BACKUP/freertos-colibri-imx7/rtos/FreeRTOS/Source/tasks.c.obj
                0x1fffb858                xTaskGenericCreate
 .text.vTaskStartScheduler
                0x1fffb988       0x74 CMakeFiles/str_echo_freertos.dir/home/aselsan/Desktop/GPT_BACKUP/freertos-colibri-imx7/rtos/FreeRTOS/Source/tasks.c.obj
                0x1fffb988                vTaskStartScheduler
 .text.vTaskSuspendAll
                0x1fffb9fc       0x10 CMakeFiles/str_echo_freertos.dir/home/aselsan/Desktop/GPT_BACKUP/freertos-colibri-imx7/rtos/FreeRTOS/Source/tasks.c.obj
                0x1fffb9fc                vTaskSuspendAll
 .text.xTaskIncrementTick
                0x1fffba0c      0x128 CMakeFiles/str_echo_freertos.dir/home/aselsan/Desktop/GPT_BACKUP/freertos-colibri-imx7/rtos/FreeRTOS/Source/tasks.c.obj
                0x1fffba0c                xTaskIncrementTick
 .text.xTaskResumeAll
                0x1fffbb34       0xf8 CMakeFiles/str_echo_freertos.dir/home/aselsan/Desktop/GPT_BACKUP/freertos-colibri-imx7/rtos/FreeRTOS/Source/tasks.c.obj
                0x1fffbb34                xTaskResumeAll
 .text.vTaskDelay
                0x1fffbc2c       0x80 CMakeFiles/str_echo_freertos.dir/home/aselsan/Desktop/GPT_BACKUP/freertos-colibri-imx7/rtos/FreeRTOS/Source/tasks.c.obj
                0x1fffbc2c                vTaskDelay
 .text.vTaskSwitchContext
                0x1fffbcac       0x98 CMakeFiles/str_echo_freertos.dir/home/aselsan/Desktop/GPT_BACKUP/freertos-colibri-imx7/rtos/FreeRTOS/Source/tasks.c.obj
                0x1fffbcac                vTaskSwitchContext
 .text.vTaskPlaceOnEventList
                0x1fffbd44       0x70 CMakeFiles/str_echo_freertos.dir/home/aselsan/Desktop/GPT_BACKUP/freertos-colibri-imx7/rtos/FreeRTOS/Source/tasks.c.obj
                0x1fffbd44                vTaskPlaceOnEventList
 .text.xTaskRemoveFromEventList
                0x1fffbdb4       0x8c CMakeFiles/str_echo_freertos.dir/home/aselsan/Desktop/GPT_BACKUP/freertos-colibri-imx7/rtos/FreeRTOS/Source/tasks.c.obj
                0x1fffbdb4                xTaskRemoveFromEventList
 .text.vTaskSetTimeOutState
                0x1fffbe40       0x2c CMakeFiles/str_echo_freertos.dir/home/aselsan/Desktop/GPT_BACKUP/freertos-colibri-imx7/rtos/FreeRTOS/Source/tasks.c.obj
                0x1fffbe40                vTaskSetTimeOutState
 .text.xTaskCheckForTimeOut
                0x1fffbe6c       0x80 CMakeFiles/str_echo_freertos.dir/home/aselsan/Desktop/GPT_BACKUP/freertos-colibri-imx7/rtos/FreeRTOS/Source/tasks.c.obj
                0x1fffbe6c                xTaskCheckForTimeOut
 .text.vTaskMissedYield
                0x1fffbeec        0xc CMakeFiles/str_echo_freertos.dir/home/aselsan/Desktop/GPT_BACKUP/freertos-colibri-imx7/rtos/FreeRTOS/Source/tasks.c.obj
                0x1fffbeec                vTaskMissedYield
 .text.BOARD_ClockInit
                0x1fffbef8       0x98 CMakeFiles/str_echo_freertos.dir/home/aselsan/Desktop/GPT_BACKUP/freertos-colibri-imx7/examples/imx7_colibri_m4/board.c.obj
                0x1fffbef8                BOARD_ClockInit
 .text.BOARD_RdcInit
                0x1fffbf90       0x10 CMakeFiles/str_echo_freertos.dir/home/aselsan/Desktop/GPT_BACKUP/freertos-colibri-imx7/examples/imx7_colibri_m4/board.c.obj
                0x1fffbf90                BOARD_RdcInit
 .text.get_i2c_clock_freq
                0x1fffbfa0       0xc8 CMakeFiles/str_echo_freertos.dir/home/aselsan/Desktop/GPT_BACKUP/freertos-colibri-imx7/examples/imx7_colibri_m4/clock_freq.c.obj
                0x1fffbfa0                get_i2c_clock_freq
 .text.get_uart_clock_freq
                0x1fffc068       0xd4 CMakeFiles/str_echo_freertos.dir/home/aselsan/Desktop/GPT_BACKUP/freertos-colibri-imx7/examples/imx7_colibri_m4/clock_freq.c.obj
                0x1fffc068                get_uart_clock_freq
 .text.configure_i2c_pins
                0x1fffc13c      0x12c CMakeFiles/str_echo_freertos.dir/home/aselsan/Desktop/GPT_BACKUP/freertos-colibri-imx7/examples/imx7_colibri_m4/pin_mux.c.obj
                0x1fffc13c                configure_i2c_pins
 .text.configure_uart_pins
                0x1fffc268       0x7c CMakeFiles/str_echo_freertos.dir/home/aselsan/Desktop/GPT_BACKUP/freertos-colibri-imx7/examples/imx7_colibri_m4/pin_mux.c.obj
                0x1fffc268                configure_uart_pins
 .text.hardware_init
                0x1fffc2e4       0xdc CMakeFiles/str_echo_freertos.dir/home/aselsan/Desktop/GPT_BACKUP/freertos-colibri-imx7/examples/imx7_colibri_m4/demo_apps/rpmsg/str_echo_freertos/hardware_init.c.obj
                0x1fffc2e4                hardware_init
 .text.main     0x1fffc3c0       0xdc CMakeFiles/str_echo_freertos.dir/home/aselsan/Desktop/GPT_BACKUP/freertos-colibri-imx7/examples/imx7_colibri_m4/demo_apps/rpmsg/str_echo_freertos/str_echo_freertos.c.obj
                0x1fffc3c0                main
 .text.MU_M4_Handler
                0x1fffc49c        0x8 CMakeFiles/str_echo_freertos.dir/home/aselsan/Desktop/GPT_BACKUP/freertos-colibri-imx7/examples/imx7_colibri_m4/demo_apps/rpmsg/str_echo_freertos/str_echo_freertos.c.obj
                0x1fffc49c                MU_M4_Handler
 .text.Hw_Timer_Init
                0x1fffc4a4       0xb8 CMakeFiles/str_echo_freertos.dir/home/aselsan/Desktop/GPT_BACKUP/freertos-colibri-imx7/examples/imx7_colibri_m4/demo_apps/rpmsg/str_echo_freertos/timer.c.obj
                0x1fffc4a4                Hw_Timer_Init
 .text.GPT3_Handler
                0x1fffc55c        0xc CMakeFiles/str_echo_freertos.dir/home/aselsan/Desktop/GPT_BACKUP/freertos-colibri-imx7/examples/imx7_colibri_m4/demo_apps/rpmsg/str_echo_freertos/timer.c.obj
                0x1fffc55c                GPT3_Handler
 .text.init_gpio
                0x1fffc568       0xd0 CMakeFiles/str_echo_freertos.dir/home/aselsan/Desktop/GPT_BACKUP/freertos-colibri-imx7/examples/imx7_colibri_m4/demo_apps/rpmsg/str_echo_freertos/gpio.c.obj
                0x1fffc568                init_gpio
 .text.read_rotary_encoder
                0x1fffc638      0x1a8 CMakeFiles/str_echo_freertos.dir/home/aselsan/Desktop/GPT_BACKUP/freertos-colibri-imx7/examples/imx7_colibri_m4/demo_apps/rpmsg/str_echo_freertos/gpio.c.obj
                0x1fffc638                read_rotary_encoder
 .text.task_ledToggle
                0x1fffc7e0       0x10 CMakeFiles/str_echo_freertos.dir/home/aselsan/Desktop/GPT_BACKUP/freertos-colibri-imx7/examples/imx7_colibri_m4/demo_apps/rpmsg/str_echo_freertos/gpio.c.obj
                0x1fffc7e0                task_ledToggle
 .text.I2C_MasterSendDataPolling
                0x1fffc7f0       0x94 CMakeFiles/str_echo_freertos.dir/home/aselsan/Desktop/GPT_BACKUP/freertos-colibri-imx7/examples/imx7_colibri_m4/demo_apps/rpmsg/str_echo_freertos/i2c.c.obj
 .text.I2C_MasterReceiveDataPolling
                0x1fffc884      0x168 CMakeFiles/str_echo_freertos.dir/home/aselsan/Desktop/GPT_BACKUP/freertos-colibri-imx7/examples/imx7_colibri_m4/demo_apps/rpmsg/str_echo_freertos/i2c.c.obj
 .text.init_tca6424
                0x1fffc9ec      0x11c CMakeFiles/str_echo_freertos.dir/home/aselsan/Desktop/GPT_BACKUP/freertos-colibri-imx7/examples/imx7_colibri_m4/demo_apps/rpmsg/str_echo_freertos/i2c.c.obj
                0x1fffc9ec                init_tca6424
 .text.read_rotary_switch
                0x1fffcb08       0xa8 CMakeFiles/str_echo_freertos.dir/home/aselsan/Desktop/GPT_BACKUP/freertos-colibri-imx7/examples/imx7_colibri_m4/demo_apps/rpmsg/str_echo_freertos/i2c.c.obj
                0x1fffcb08                read_rotary_switch
 .text.read_switches
                0x1fffcbb0       0x9c CMakeFiles/str_echo_freertos.dir/home/aselsan/Desktop/GPT_BACKUP/freertos-colibri-imx7/examples/imx7_colibri_m4/demo_apps/rpmsg/str_echo_freertos/i2c.c.obj
                0x1fffcbb0                read_switches
 .text.task_button_card_process
                0x1fffcc4c       0x14 CMakeFiles/str_echo_freertos.dir/home/aselsan/Desktop/GPT_BACKUP/freertos-colibri-imx7/examples/imx7_colibri_m4/demo_apps/rpmsg/str_echo_freertos/i2c.c.obj
                0x1fffcc4c                task_button_card_process
 .text.setPin   0x1fffcc60       0xa8 CMakeFiles/str_echo_freertos.dir/home/aselsan/Desktop/GPT_BACKUP/freertos-colibri-imx7/examples/imx7_colibri_m4/demo_apps/rpmsg/str_echo_freertos/i2c.c.obj
                0x1fffcc60                setPin
 .text.pointPreviousPlace
                0x1fffcd08       0x1c CMakeFiles/str_echo_freertos.dir/home/aselsan/Desktop/GPT_BACKUP/freertos-colibri-imx7/examples/imx7_colibri_m4/demo_apps/rpmsg/str_echo_freertos/comm_skb.c.obj
                0x1fffcd08                pointPreviousPlace
 .text.pointNextPlace
                0x1fffcd24       0x1c CMakeFiles/str_echo_freertos.dir/home/aselsan/Desktop/GPT_BACKUP/freertos-colibri-imx7/examples/imx7_colibri_m4/demo_apps/rpmsg/str_echo_freertos/comm_skb.c.obj
                0x1fffcd24                pointNextPlace
 .text.skb_comm_semaphore_init
                0x1fffcd40       0x5c CMakeFiles/str_echo_freertos.dir/home/aselsan/Desktop/GPT_BACKUP/freertos-colibri-imx7/examples/imx7_colibri_m4/demo_apps/rpmsg/str_echo_freertos/comm_skb.c.obj
                0x1fffcd40                skb_comm_semaphore_init
 .text.get_packet_from_a7_rx_buffer
                0x1fffcd9c      0x10c CMakeFiles/str_echo_freertos.dir/home/aselsan/Desktop/GPT_BACKUP/freertos-colibri-imx7/examples/imx7_colibri_m4/demo_apps/rpmsg/str_echo_freertos/comm_skb.c.obj
                0x1fffcd9c                get_packet_from_a7_rx_buffer
 .text.task_fill_skb_rx_buf
                0x1fffcea8       0x64 CMakeFiles/str_echo_freertos.dir/home/aselsan/Desktop/GPT_BACKUP/freertos-colibri-imx7/examples/imx7_colibri_m4/demo_apps/rpmsg/str_echo_freertos/comm_skb.c.obj
                0x1fffcea8                task_fill_skb_rx_buf
 .text.process_skb_packet
                0x1fffcf0c       0x90 CMakeFiles/str_echo_freertos.dir/home/aselsan/Desktop/GPT_BACKUP/freertos-colibri-imx7/examples/imx7_colibri_m4/demo_apps/rpmsg/str_echo_freertos/comm_skb.c.obj
                0x1fffcf0c                process_skb_packet
 .text.task_parse_skb_rx_buf
                0x1fffcf9c      0x260 CMakeFiles/str_echo_freertos.dir/home/aselsan/Desktop/GPT_BACKUP/freertos-colibri-imx7/examples/imx7_colibri_m4/demo_apps/rpmsg/str_echo_freertos/comm_skb.c.obj
                0x1fffcf9c                task_parse_skb_rx_buf
 .text.process_a7_packet
                0x1fffd1fc       0x90 CMakeFiles/str_echo_freertos.dir/home/aselsan/Desktop/GPT_BACKUP/freertos-colibri-imx7/examples/imx7_colibri_m4/demo_apps/rpmsg/str_echo_freertos/comm_skb.c.obj
                0x1fffd1fc                process_a7_packet
 .text.task_send_data_to_skb
                0x1fffd28c      0x2f4 CMakeFiles/str_echo_freertos.dir/home/aselsan/Desktop/GPT_BACKUP/freertos-colibri-imx7/examples/imx7_colibri_m4/demo_apps/rpmsg/str_echo_freertos/comm_skb.c.obj
                0x1fffd28c                task_send_data_to_skb
 .text.__assert_func
                0x1fffd580       0x38 /home/aselsan/Desktop/IMX7/toolchain/gcc-arm-none-eabi-4_9-2015q3/bin/../lib/gcc/arm-none-eabi/4.9.3/../../../../arm-none-eabi/lib/armv7e-m/fpu/libc_nano.a(lib_a-assert.o)
                0x1fffd580                __assert_func
 .text.exit     0x1fffd5b8       0x28 /home/aselsan/Desktop/IMX7/toolchain/gcc-arm-none-eabi-4_9-2015q3/bin/../lib/gcc/arm-none-eabi/4.9.3/../../../../arm-none-eabi/lib/armv7e-m/fpu/libc_nano.a(lib_a-exit.o)
                0x1fffd5b8                exit
 .text.fprintf  0x1fffd5e0       0x24 /home/aselsan/Desktop/IMX7/toolchain/gcc-arm-none-eabi-4_9-2015q3/bin/../lib/gcc/arm-none-eabi/4.9.3/../../../../arm-none-eabi/lib/armv7e-m/fpu/libc_nano.a(lib_a-fprintf.o)
                0x1fffd5e0                fprintf
                0x1fffd5e0                fiprintf
 .text.__libc_init_array
                0x1fffd604       0x4c /home/aselsan/Desktop/IMX7/toolchain/gcc-arm-none-eabi-4_9-2015q3/bin/../lib/gcc/arm-none-eabi/4.9.3/../../../../arm-none-eabi/lib/armv7e-m/fpu/libc_nano.a(lib_a-init.o)
                0x1fffd604                __libc_init_array
 .text.memcpy   0x1fffd650       0x16 /home/aselsan/Desktop/IMX7/toolchain/gcc-arm-none-eabi-4_9-2015q3/bin/../lib/gcc/arm-none-eabi/4.9.3/../../../../arm-none-eabi/lib/armv7e-m/fpu/libc_nano.a(lib_a-memcpy.o)
                0x1fffd650                memcpy
 .text.memset   0x1fffd666       0x10 /home/aselsan/Desktop/IMX7/toolchain/gcc-arm-none-eabi-4_9-2015q3/bin/../lib/gcc/arm-none-eabi/4.9.3/../../../../arm-none-eabi/lib/armv7e-m/fpu/libc_nano.a(lib_a-memset.o)
                0x1fffd666                memset
 .text.__sfputc_r
                0x1fffd676       0x2c /home/aselsan/Desktop/IMX7/toolchain/gcc-arm-none-eabi-4_9-2015q3/bin/../lib/gcc/arm-none-eabi/4.9.3/../../../../arm-none-eabi/lib/armv7e-m/fpu/libc_nano.a(lib_a-nano-vfprintf.o)
 .text.__sfputs_r
                0x1fffd6a2       0x24 /home/aselsan/Desktop/IMX7/toolchain/gcc-arm-none-eabi-4_9-2015q3/bin/../lib/gcc/arm-none-eabi/4.9.3/../../../../arm-none-eabi/lib/armv7e-m/fpu/libc_nano.a(lib_a-nano-vfprintf.o)
                0x1fffd6a2                __sfputs_r
 *fill*         0x1fffd6c6        0x2 
 .text._vfprintf_r
                0x1fffd6c8      0x210 /home/aselsan/Desktop/IMX7/toolchain/gcc-arm-none-eabi-4_9-2015q3/bin/../lib/gcc/arm-none-eabi/4.9.3/../../../../arm-none-eabi/lib/armv7e-m/fpu/libc_nano.a(lib_a-nano-vfprintf.o)
                0x1fffd6c8                _vfiprintf_r
                0x1fffd6c8                _vfprintf_r
 .text._printf_common
                0x1fffd8d8       0xea /home/aselsan/Desktop/IMX7/toolchain/gcc-arm-none-eabi-4_9-2015q3/bin/../lib/gcc/arm-none-eabi/4.9.3/../../../../arm-none-eabi/lib/armv7e-m/fpu/libc_nano.a(lib_a-nano-vfprintf_i.o)
                0x1fffd8d8                _printf_common
 *fill*         0x1fffd9c2        0x2 
 .text._printf_i
                0x1fffd9c4      0x240 /home/aselsan/Desktop/IMX7/toolchain/gcc-arm-none-eabi-4_9-2015q3/bin/../lib/gcc/arm-none-eabi/4.9.3/../../../../arm-none-eabi/lib/armv7e-m/fpu/libc_nano.a(lib_a-nano-vfprintf_i.o)
                0x1fffd9c4                _printf_i
 .text.strlen   0x1fffdc04       0x10 /home/aselsan/Desktop/IMX7/toolchain/gcc-arm-none-eabi-4_9-2015q3/bin/../lib/gcc/arm-none-eabi/4.9.3/../../../../arm-none-eabi/lib/armv7e-m/fpu/libc_nano.a(lib_a-strlen.o)
                0x1fffdc04                strlen
 .text.strncmp  0x1fffdc14       0x34 /home/aselsan/Desktop/IMX7/toolchain/gcc-arm-none-eabi-4_9-2015q3/bin/../lib/gcc/arm-none-eabi/4.9.3/../../../../arm-none-eabi/lib/armv7e-m/fpu/libc_nano.a(lib_a-strncmp.o)
                0x1fffdc14                strncmp
 .text.strncpy  0x1fffdc48       0x24 /home/aselsan/Desktop/IMX7/toolchain/gcc-arm-none-eabi-4_9-2015q3/bin/../lib/gcc/arm-none-eabi/4.9.3/../../../../arm-none-eabi/lib/armv7e-m/fpu/libc_nano.a(lib_a-strncpy.o)
                0x1fffdc48                strncpy
 .text.__swbuf_r
                0x1fffdc6c       0xa8 /home/aselsan/Desktop/IMX7/toolchain/gcc-arm-none-eabi-4_9-2015q3/bin/../lib/gcc/arm-none-eabi/4.9.3/../../../../arm-none-eabi/lib/armv7e-m/fpu/libc_nano.a(lib_a-wbuf.o)
                0x1fffdc6c                __swbuf_r
 .text.__swsetup_r
                0x1fffdd14       0xd8 /home/aselsan/Desktop/IMX7/toolchain/gcc-arm-none-eabi-4_9-2015q3/bin/../lib/gcc/arm-none-eabi/4.9.3/../../../../arm-none-eabi/lib/armv7e-m/fpu/libc_nano.a(lib_a-wsetup.o)
                0x1fffdd14                __swsetup_r
 .text.abort    0x1fffddec        0xe /home/aselsan/Desktop/IMX7/toolchain/gcc-arm-none-eabi-4_9-2015q3/bin/../lib/gcc/arm-none-eabi/4.9.3/../../../../arm-none-eabi/lib/armv7e-m/fpu/libc_nano.a(lib_a-abort.o)
                0x1fffddec                abort
 .text.__sflush_r
                0x1fffddfa      0x108 /home/aselsan/Desktop/IMX7/toolchain/gcc-arm-none-eabi-4_9-2015q3/bin/../lib/gcc/arm-none-eabi/4.9.3/../../../../arm-none-eabi/lib/armv7e-m/fpu/libc_nano.a(lib_a-fflush.o)
                0x1fffddfa                __sflush_r
 *fill*         0x1fffdf02        0x2 
 .text._fflush_r
                0x1fffdf04       0x54 /home/aselsan/Desktop/IMX7/toolchain/gcc-arm-none-eabi-4_9-2015q3/bin/../lib/gcc/arm-none-eabi/4.9.3/../../../../arm-none-eabi/lib/armv7e-m/fpu/libc_nano.a(lib_a-fflush.o)
                0x1fffdf04                _fflush_r
 .text._cleanup_r
                0x1fffdf58        0xc /home/aselsan/Desktop/IMX7/toolchain/gcc-arm-none-eabi-4_9-2015q3/bin/../lib/gcc/arm-none-eabi/4.9.3/../../../../arm-none-eabi/lib/armv7e-m/fpu/libc_nano.a(lib_a-findfp.o)
                0x1fffdf58                _cleanup_r
 .text.std.isra.0
                0x1fffdf64       0x48 /home/aselsan/Desktop/IMX7/toolchain/gcc-arm-none-eabi-4_9-2015q3/bin/../lib/gcc/arm-none-eabi/4.9.3/../../../../arm-none-eabi/lib/armv7e-m/fpu/libc_nano.a(lib_a-findfp.o)
 .text.__sfmoreglue
                0x1fffdfac       0x2c /home/aselsan/Desktop/IMX7/toolchain/gcc-arm-none-eabi-4_9-2015q3/bin/../lib/gcc/arm-none-eabi/4.9.3/../../../../arm-none-eabi/lib/armv7e-m/fpu/libc_nano.a(lib_a-findfp.o)
                0x1fffdfac                __sfmoreglue
 .text.__sinit  0x1fffdfd8       0x60 /home/aselsan/Desktop/IMX7/toolchain/gcc-arm-none-eabi-4_9-2015q3/bin/../lib/gcc/arm-none-eabi/4.9.3/../../../../arm-none-eabi/lib/armv7e-m/fpu/libc_nano.a(lib_a-findfp.o)
                0x1fffdfd8                __sinit
 .text.__sfp    0x1fffe038       0x74 /home/aselsan/Desktop/IMX7/toolchain/gcc-arm-none-eabi-4_9-2015q3/bin/../lib/gcc/arm-none-eabi/4.9.3/../../../../arm-none-eabi/lib/armv7e-m/fpu/libc_nano.a(lib_a-findfp.o)
                0x1fffe038                __sfp
 .text._fwalk_reent
                0x1fffe0ac       0x3c /home/aselsan/Desktop/IMX7/toolchain/gcc-arm-none-eabi-4_9-2015q3/bin/../lib/gcc/arm-none-eabi/4.9.3/../../../../arm-none-eabi/lib/armv7e-m/fpu/libc_nano.a(lib_a-fwalk.o)
                0x1fffe0ac                _fwalk_reent
 .text.__smakebuf_r
                0x1fffe0e8       0x9c /home/aselsan/Desktop/IMX7/toolchain/gcc-arm-none-eabi-4_9-2015q3/bin/../lib/gcc/arm-none-eabi/4.9.3/../../../../arm-none-eabi/lib/armv7e-m/fpu/libc_nano.a(lib_a-makebuf.o)
                0x1fffe0e8                __smakebuf_r
 .text.memchr   0x1fffe184       0x1e /home/aselsan/Desktop/IMX7/toolchain/gcc-arm-none-eabi-4_9-2015q3/bin/../lib/gcc/arm-none-eabi/4.9.3/../../../../arm-none-eabi/lib/armv7e-m/fpu/libc_nano.a(lib_a-memchr.o)
                0x1fffe184                memchr
 *fill*         0x1fffe1a2        0x2 
 .text._free_r  0x1fffe1a4       0x88 /home/aselsan/Desktop/IMX7/toolchain/gcc-arm-none-eabi-4_9-2015q3/bin/../lib/gcc/arm-none-eabi/4.9.3/../../../../arm-none-eabi/lib/armv7e-m/fpu/libc_nano.a(lib_a-nano-freer.o)
                0x1fffe1a4                _free_r
 .text._malloc_r
                0x1fffe22c       0xac /home/aselsan/Desktop/IMX7/toolchain/gcc-arm-none-eabi-4_9-2015q3/bin/../lib/gcc/arm-none-eabi/4.9.3/../../../../arm-none-eabi/lib/armv7e-m/fpu/libc_nano.a(lib_a-nano-mallocr.o)
                0x1fffe22c                _malloc_r
 .text._sbrk_r  0x1fffe2d8       0x20 /home/aselsan/Desktop/IMX7/toolchain/gcc-arm-none-eabi-4_9-2015q3/bin/../lib/gcc/arm-none-eabi/4.9.3/../../../../arm-none-eabi/lib/armv7e-m/fpu/libc_nano.a(lib_a-sbrkr.o)
                0x1fffe2d8                _sbrk_r
 .text._raise_r
                0x1fffe2f8       0x50 /home/aselsan/Desktop/IMX7/toolchain/gcc-arm-none-eabi-4_9-2015q3/bin/../lib/gcc/arm-none-eabi/4.9.3/../../../../arm-none-eabi/lib/armv7e-m/fpu/libc_nano.a(lib_a-signal.o)
                0x1fffe2f8                _raise_r
 .text.raise    0x1fffe348       0x10 /home/aselsan/Desktop/IMX7/toolchain/gcc-arm-none-eabi-4_9-2015q3/bin/../lib/gcc/arm-none-eabi/4.9.3/../../../../arm-none-eabi/lib/armv7e-m/fpu/libc_nano.a(lib_a-signal.o)
                0x1fffe348                raise
 .text._kill_r  0x1fffe358       0x24 /home/aselsan/Desktop/IMX7/toolchain/gcc-arm-none-eabi-4_9-2015q3/bin/../lib/gcc/arm-none-eabi/4.9.3/../../../../arm-none-eabi/lib/armv7e-m/fpu/libc_nano.a(lib_a-signalr.o)
                0x1fffe358                _kill_r
 .text._getpid_r
                0x1fffe37c        0x4 /home/aselsan/Desktop/IMX7/toolchain/gcc-arm-none-eabi-4_9-2015q3/bin/../lib/gcc/arm-none-eabi/4.9.3/../../../../arm-none-eabi/lib/armv7e-m/fpu/libc_nano.a(lib_a-signalr.o)
                0x1fffe37c                _getpid_r
 .text.__sread  0x1fffe380       0x22 /home/aselsan/Desktop/IMX7/toolchain/gcc-arm-none-eabi-4_9-2015q3/bin/../lib/gcc/arm-none-eabi/4.9.3/../../../../arm-none-eabi/lib/armv7e-m/fpu/libc_nano.a(lib_a-stdio.o)
                0x1fffe380                __sread
 .text.__swrite
                0x1fffe3a2       0x38 /home/aselsan/Desktop/IMX7/toolchain/gcc-arm-none-eabi-4_9-2015q3/bin/../lib/gcc/arm-none-eabi/4.9.3/../../../../arm-none-eabi/lib/armv7e-m/fpu/libc_nano.a(lib_a-stdio.o)
                0x1fffe3a2                __swrite
 .text.__sseek  0x1fffe3da       0x24 /home/aselsan/Desktop/IMX7/toolchain/gcc-arm-none-eabi-4_9-2015q3/bin/../lib/gcc/arm-none-eabi/4.9.3/../../../../arm-none-eabi/lib/armv7e-m/fpu/libc_nano.a(lib_a-stdio.o)
                0x1fffe3da                __sseek
 .text.__sclose
                0x1fffe3fe        0x8 /home/aselsan/Desktop/IMX7/toolchain/gcc-arm-none-eabi-4_9-2015q3/bin/../lib/gcc/arm-none-eabi/4.9.3/../../../../arm-none-eabi/lib/armv7e-m/fpu/libc_nano.a(lib_a-stdio.o)
                0x1fffe3fe                __sclose
 *fill*         0x1fffe406        0x2 
 .text._write_r
                0x1fffe408       0x24 /home/aselsan/Desktop/IMX7/toolchain/gcc-arm-none-eabi-4_9-2015q3/bin/../lib/gcc/arm-none-eabi/4.9.3/../../../../arm-none-eabi/lib/armv7e-m/fpu/libc_nano.a(lib_a-writer.o)
                0x1fffe408                _write_r
 .text._close_r
                0x1fffe42c       0x20 /home/aselsan/Desktop/IMX7/toolchain/gcc-arm-none-eabi-4_9-2015q3/bin/../lib/gcc/arm-none-eabi/4.9.3/../../../../arm-none-eabi/lib/armv7e-m/fpu/libc_nano.a(lib_a-closer.o)
                0x1fffe42c                _close_r
 .text._fstat_r
                0x1fffe44c       0x24 /home/aselsan/Desktop/IMX7/toolchain/gcc-arm-none-eabi-4_9-2015q3/bin/../lib/gcc/arm-none-eabi/4.9.3/../../../../arm-none-eabi/lib/armv7e-m/fpu/libc_nano.a(lib_a-fstatr.o)
                0x1fffe44c                _fstat_r
 .text._isatty_r
                0x1fffe470       0x20 /home/aselsan/Desktop/IMX7/toolchain/gcc-arm-none-eabi-4_9-2015q3/bin/../lib/gcc/arm-none-eabi/4.9.3/../../../../arm-none-eabi/lib/armv7e-m/fpu/libc_nano.a(lib_a-isattyr.o)
                0x1fffe470                _isatty_r
 .text._lseek_r
                0x1fffe490       0x24 /home/aselsan/Desktop/IMX7/toolchain/gcc-arm-none-eabi-4_9-2015q3/bin/../lib/gcc/arm-none-eabi/4.9.3/../../../../arm-none-eabi/lib/armv7e-m/fpu/libc_nano.a(lib_a-lseekr.o)
                0x1fffe490                _lseek_r
 .text._read_r  0x1fffe4b4       0x24 /home/aselsan/Desktop/IMX7/toolchain/gcc-arm-none-eabi-4_9-2015q3/bin/../lib/gcc/arm-none-eabi/4.9.3/../../../../arm-none-eabi/lib/armv7e-m/fpu/libc_nano.a(lib_a-readr.o)
                0x1fffe4b4                _read_r
 .text._close   0x1fffe4d8       0x10 /home/aselsan/Desktop/IMX7/toolchain/gcc-arm-none-eabi-4_9-2015q3/bin/../lib/gcc/arm-none-eabi/4.9.3/../../../../arm-none-eabi/lib/armv7e-m/fpu/libnosys.a(close.o)
                0x1fffe4d8                _close
 .text._fstat   0x1fffe4e8       0x10 /home/aselsan/Desktop/IMX7/toolchain/gcc-arm-none-eabi-4_9-2015q3/bin/../lib/gcc/arm-none-eabi/4.9.3/../../../../arm-none-eabi/lib/armv7e-m/fpu/libnosys.a(fstat.o)
                0x1fffe4e8                _fstat
 .text._getpid  0x1fffe4f8       0x10 /home/aselsan/Desktop/IMX7/toolchain/gcc-arm-none-eabi-4_9-2015q3/bin/../lib/gcc/arm-none-eabi/4.9.3/../../../../arm-none-eabi/lib/armv7e-m/fpu/libnosys.a(getpid.o)
                0x1fffe4f8                _getpid
 .text._isatty  0x1fffe508       0x10 /home/aselsan/Desktop/IMX7/toolchain/gcc-arm-none-eabi-4_9-2015q3/bin/../lib/gcc/arm-none-eabi/4.9.3/../../../../arm-none-eabi/lib/armv7e-m/fpu/libnosys.a(isatty.o)
                0x1fffe508                _isatty